Modules list:
-------------
main.o:
    CODE              Offs=000000  Size=00008F  Align=00001  Fill=0000
    RODATA            Offs=000000  Size=000053  Align=00001  Fill=0000
    BSS               Offs=000000  Size=000004  Align=00001  Fill=0000
die.o:
    CODE              Offs=00008F  Size=000009  Align=00001  Fill=0000
sio.o:
    CODE              Offs=000098  Size=000004  Align=00001  Fill=0000
/home/thomc/Workspace/cc65/lib/atari.lib(_directerrno.o):
    CODE              Offs=00009C  Size=00000A  Align=00001  Fill=0000
/home/thomc/Workspace/cc65/lib/atari.lib(_file.o):
    DATA              Offs=000000  Size=00001E  Align=00001  Fill=0000
/home/thomc/Workspace/cc65/lib/atari.lib(_hextab.o):
    RODATA            Offs=000053  Size=000010  Align=00001  Fill=0000
/home/thomc/Workspace/cc65/lib/atari.lib(_longminstr.o):
    RODATA            Offs=000063  Size=00000C  Align=00001  Fill=0000
/home/thomc/Workspace/cc65/lib/atari.lib(_mappederrno.o):
    CODE              Offs=0000A6  Size=000010  Align=00001  Fill=0000
/home/thomc/Workspace/cc65/lib/atari.lib(_oserror.o):
    BSS               Offs=000004  Size=000001  Align=00001  Fill=0000
/home/thomc/Workspace/cc65/lib/atari.lib(_printf.o):
    CODE              Offs=0000B6  Size=0003A5  Align=00001  Fill=0000
    BSS               Offs=000005  Size=00002B  Align=00001  Fill=0000
    DATA              Offs=00001E  Size=000003  Align=00001  Fill=0000
/home/thomc/Workspace/cc65/lib/atari.lib(_seterrno.o):
    CODE              Offs=00045B  Size=000009  Align=00001  Fill=0000
/home/thomc/Workspace/cc65/lib/atari.lib(addysp.o):
    CODE              Offs=000464  Size=00000E  Align=00001  Fill=0000
/home/thomc/Workspace/cc65/lib/atari.lib(axlong.o):
    CODE              Offs=000472  Size=00000D  Align=00001  Fill=0000
/home/thomc/Workspace/cc65/lib/atari.lib(callmain.o):
    CODE              Offs=00047F  Size=000017  Align=00001  Fill=0000
    DATA              Offs=000021  Size=000004  Align=00001  Fill=0000
/home/thomc/Workspace/cc65/lib/atari.lib(condes.o):
    CODE              Offs=000496  Size=00000C  Align=00001  Fill=0000
    DATA              Offs=000025  Size=000025  Align=00001  Fill=0000
    ONCE              Offs=000000  Size=00000C  Align=00001  Fill=0000
/home/thomc/Workspace/cc65/lib/atari.lib(crt0.o):
    BSS               Offs=000030  Size=000005  Align=00001  Fill=0000
    STARTUP           Offs=000000  Size=000063  Align=00001  Fill=0000
/home/thomc/Workspace/cc65/lib/atari.lib(ctype.o):
    RODATA            Offs=00006F  Size=000100  Align=00001  Fill=0000
/home/thomc/Workspace/cc65/lib/atari.lib(decsp4.o):
    CODE              Offs=0004A2  Size=00000D  Align=00001  Fill=0000
/home/thomc/Workspace/cc65/lib/atari.lib(decsp6.o):
    CODE              Offs=0004AF  Size=00000D  Align=00001  Fill=0000
/home/thomc/Workspace/cc65/lib/atari.lib(do_oserr.o):
    CODE              Offs=0004BC  Size=000004  Align=00001  Fill=0000
/home/thomc/Workspace/cc65/lib/atari.lib(errno.o):
    BSS               Offs=000035  Size=000002  Align=00001  Fill=0000
/home/thomc/Workspace/cc65/lib/atari.lib(exehdr.o):
    EXEHDR            Offs=000000  Size=000002  Align=00001  Fill=0000
    MAINHDR           Offs=000000  Size=000004  Align=00001  Fill=0000
/home/thomc/Workspace/cc65/lib/atari.lib(exetrailer.o):
    AUTOSTRT          Offs=000000  Size=000006  Align=00001  Fill=0000
/home/thomc/Workspace/cc65/lib/atari.lib(fdtab.o):
    DATA              Offs=00004A  Size=00002C  Align=00001  Fill=0000
/home/thomc/Workspace/cc65/lib/atari.lib(fdtoiocb.o):
    CODE              Offs=0004C0  Size=000022  Align=00001  Fill=0000
/home/thomc/Workspace/cc65/lib/atari.lib(fwrite.o):
    CODE              Offs=0004E2  Size=00007B  Align=00001  Fill=0000
    BSS               Offs=000037  Size=000002  Align=00001  Fill=0000
/home/thomc/Workspace/cc65/lib/atari.lib(incsp2.o):
    CODE              Offs=00055D  Size=000016  Align=00001  Fill=0000
/home/thomc/Workspace/cc65/lib/atari.lib(incsp6.o):
    CODE              Offs=000573  Size=000005  Align=00001  Fill=0000
/home/thomc/Workspace/cc65/lib/atari.lib(inviocb.o):
    CODE              Offs=000578  Size=000005  Align=00001  Fill=0000
/home/thomc/Workspace/cc65/lib/atari.lib(kbhit.o):
    CODE              Offs=00057D  Size=00000B  Align=00001  Fill=0000
/home/thomc/Workspace/cc65/lib/atari.lib(ldaxsp.o):
    CODE              Offs=000588  Size=000009  Align=00001  Fill=0000
/home/thomc/Workspace/cc65/lib/atari.lib(lneg.o):
    CODE              Offs=000591  Size=00001E  Align=00001  Fill=0000
/home/thomc/Workspace/cc65/lib/atari.lib(lpush.o):
    CODE              Offs=0005AF  Size=000021  Align=00001  Fill=0000
/home/thomc/Workspace/cc65/lib/atari.lib(ltoa.o):
    CODE              Offs=0005D0  Size=000095  Align=00001  Fill=0000
/home/thomc/Workspace/cc65/lib/atari.lib(mul.o):
    CODE              Offs=000665  Size=000045  Align=00001  Fill=0000
/home/thomc/Workspace/cc65/lib/atari.lib(mul8.o):
    CODE              Offs=0006AA  Size=00003A  Align=00001  Fill=0000
/home/thomc/Workspace/cc65/lib/atari.lib(oserror.o):
    CODE              Offs=0006E4  Size=00001A  Align=00001  Fill=0000
    RODATA            Offs=00016F  Size=000038  Align=00001  Fill=0000
/home/thomc/Workspace/cc65/lib/atari.lib(popptr1.o):
    CODE              Offs=0006FE  Size=00000E  Align=00001  Fill=0000
/home/thomc/Workspace/cc65/lib/atari.lib(printf.o):
    CODE              Offs=00070C  Size=000033  Align=00001  Fill=0000
    BSS               Offs=000039  Size=000001  Align=00001  Fill=0000
/home/thomc/Workspace/cc65/lib/atari.lib(push1.o):
    CODE              Offs=00073F  Size=000005  Align=00001  Fill=0000
/home/thomc/Workspace/cc65/lib/atari.lib(pushax.o):
    CODE              Offs=000744  Size=00001A  Align=00001  Fill=0000
/home/thomc/Workspace/cc65/lib/atari.lib(pushwsp.o):
    CODE              Offs=00075E  Size=00001C  Align=00001  Fill=0000
/home/thomc/Workspace/cc65/lib/atari.lib(return1.o):
    CODE              Offs=00077A  Size=000005  Align=00001  Fill=0000
/home/thomc/Workspace/cc65/lib/atari.lib(rwcommon.o):
    CODE              Offs=00077F  Size=00002D  Align=00001  Fill=0000
/home/thomc/Workspace/cc65/lib/atari.lib(strlen.o):
    CODE              Offs=0007AC  Size=000016  Align=00001  Fill=0000
/home/thomc/Workspace/cc65/lib/atari.lib(strlower.o):
    CODE              Offs=0007C2  Size=000028  Align=00001  Fill=0000
/home/thomc/Workspace/cc65/lib/atari.lib(udiv.o):
    CODE              Offs=0007EA  Size=00004F  Align=00001  Fill=0000
/home/thomc/Workspace/cc65/lib/atari.lib(vfprintf.o):
    CODE              Offs=000839  Size=000061  Align=00001  Fill=0000
    DATA              Offs=000076  Size=000008  Align=00001  Fill=0000
/home/thomc/Workspace/cc65/lib/atari.lib(write.o):
    CODE              Offs=00089A  Size=000028  Align=00001  Fill=0000
/home/thomc/Workspace/cc65/lib/atari.lib(zerobss.o):
    CODE              Offs=0008C2  Size=000023  Align=00001  Fill=0000
/home/thomc/Workspace/cc65/lib/atari.lib(zeropage.o):
    ZEROPAGE          Offs=000000  Size=00001A  Align=00001  Fill=0000


Segment list:
-------------
Name                   Start     End    Size  Align
----------------------------------------------------
AUTOSTRT              000000  000005  000006  00001
EXEHDR                000000  000001  000002  00001
MAINHDR               000000  000003  000004  00001
ZEROPAGE              0000E5  0000FE  00001A  00001
STARTUP               001D00  001D62  000063  00001
ONCE                  001D63  001D6E  00000C  00001
CODE                  001D6F  002653  0008E5  00001
RODATA                002654  0027FA  0001A7  00001
DATA                  0027FB  002878  00007E  00001
BSS                   002879  0028B2  00003A  00001


Exports list by name:
---------------------
__AUTOSTART__             000001 REA    __BSS_LOAD__              002879 RLA    
__BSS_RUN__               002879 RLA    __BSS_SIZE__              00003A REA    
__CONSTRUCTOR_COUNT__     000000 REA    __CONSTRUCTOR_TABLE__     001D6F RLA    
__DESTRUCTOR_COUNT__      000000 REA    __DESTRUCTOR_TABLE__      0027FB RLA    
__EXEHDR__                000001 REA    __LOWCODE_RUN__           001D63 RLA    
__LOWCODE_SIZE__          000000 REA    __MAIN_START__            001D00 RLA    
__RESERVED_MEMORY__       000000 REA    __STACKSIZE__             000800 REA    
__STARTUP__               000001 REA    __ctype                   0026C3 RLA    
__directerrno             001E0B RLA    __do_oserror              00222B RLA    
__errno                   0028AE RLA    __hextab                  0026A7 RLA    
__inviocb                 0022E7 RLA    __longminstr              0026B7 RLA    
__mappederrno             001E15 RLA    __oserror                 00287D RLA    
__osmaperrno              002453 RLA    __printf                  001F18 RLA    
__rwsetup                 0024EE RLA    __seterrno                0021CA RLA    
_die                      001DFE RLA    _fwrite                   002251 RLA    
_kbhit                    0022EC RLA    _ltoa                     002357 RLA    
_main                     001D6F RLA    _printf                   00247B RLA    
_siov                     001E07 RLA    _stdout                   002815 RLA    
_strlen                   00251B RLA    _strlower                 002531 RLA    
_ultoa                    002398 RLA    _vfprintf                 0025E0 RLA    
_write                    002609 RLA    addysp                    0021D4 RLA    
axlong                    0021E1 RLA    axulong                   0021E7 RLA    
callmain                  0021EE RLA    decsp4                    002211 RLA    
decsp6                    00221E RLA    donelib                   002205 RLA    
fd_index                  002845 RLA    fd_table                  002851 RLA    
fdtoiocb                  00222F RLA    incsp2                    0022D4 RLA    
incsp6                    0022E2 RLA    initlib                   001D63 RLA    
ldaxysp                   0022F9 RLA    mul8x16                   00241B RLA    
mul8x16a                  002425 RLA    negeax                    002300 RLA    
popax                     0022CC RLA    popptr1                   00246D RLA    
ptr1                      0000ED RLZ    ptr2                      0000EF RLZ    
ptr3                      0000F1 RLZ    ptr4                      0000F3 RLZ    
push1                     0024AE RLA    pusha0                    0024B5 RLA    
pushax                    0024B7 RLA    pusheax                   002327 RLA    
pushwysp                  0024CF RLA    regbank                   0000F9 RLZ    
return1                   0024E9 RLA    sp                        0000E5 RLZ    
sreg                      0000E7 RLZ    start                     001D01 RLA    
tmp1                      0000F5 RLZ    tosudivax                 00255B RLA    
tosumulax                 0023D4 RLA    zerobss                   002631 RLA    



Exports list by value:
----------------------
__RESERVED_MEMORY__       000000 REA    __DESTRUCTOR_COUNT__      000000 REA    
__CONSTRUCTOR_COUNT__     000000 REA    __LOWCODE_SIZE__          000000 REA    
__AUTOSTART__             000001 REA    __EXEHDR__                000001 REA    
__STARTUP__               000001 REA    __BSS_SIZE__              00003A REA    
sp                        0000E5 RLZ    sreg                      0000E7 RLZ    
ptr1                      0000ED RLZ    ptr2                      0000EF RLZ    
ptr3                      0000F1 RLZ    ptr4                      0000F3 RLZ    
tmp1                      0000F5 RLZ    regbank                   0000F9 RLZ    
__STACKSIZE__             000800 REA    __MAIN_START__            001D00 RLA    
start                     001D01 RLA    initlib                   001D63 RLA    
__LOWCODE_RUN__           001D63 RLA    __CONSTRUCTOR_TABLE__     001D6F RLA    
_main                     001D6F RLA    _die                      001DFE RLA    
_siov                     001E07 RLA    __directerrno             001E0B RLA    
__mappederrno             001E15 RLA    __printf                  001F18 RLA    
__seterrno                0021CA RLA    addysp                    0021D4 RLA    
axlong                    0021E1 RLA    axulong                   0021E7 RLA    
callmain                  0021EE RLA    donelib                   002205 RLA    
decsp4                    002211 RLA    decsp6                    00221E RLA    
__do_oserror              00222B RLA    fdtoiocb                  00222F RLA    
_fwrite                   002251 RLA    popax                     0022CC RLA    
incsp2                    0022D4 RLA    incsp6                    0022E2 RLA    
__inviocb                 0022E7 RLA    _kbhit                    0022EC RLA    
ldaxysp                   0022F9 RLA    negeax                    002300 RLA    
pusheax                   002327 RLA    _ltoa                     002357 RLA    
_ultoa                    002398 RLA    tosumulax                 0023D4 RLA    
mul8x16                   00241B RLA    mul8x16a                  002425 RLA    
__osmaperrno              002453 RLA    popptr1                   00246D RLA    
_printf                   00247B RLA    push1                     0024AE RLA    
pusha0                    0024B5 RLA    pushax                    0024B7 RLA    
pushwysp                  0024CF RLA    return1                   0024E9 RLA    
__rwsetup                 0024EE RLA    _strlen                   00251B RLA    
_strlower                 002531 RLA    tosudivax                 00255B RLA    
_vfprintf                 0025E0 RLA    _write                    002609 RLA    
zerobss                   002631 RLA    __hextab                  0026A7 RLA    
__longminstr              0026B7 RLA    __ctype                   0026C3 RLA    
__DESTRUCTOR_TABLE__      0027FB RLA    _stdout                   002815 RLA    
fd_index                  002845 RLA    fd_table                  002851 RLA    
__BSS_RUN__               002879 RLA    __BSS_LOAD__              002879 RLA    
__oserror                 00287D RLA    __errno                   0028AE RLA    



Imports list:
-------------
__AUTOSTART__ (exetrailer.o):
    [linker generated]        src/atari.cfg(6)
__BSS_LOAD__ ([linker generated]):
    exehdr.o                  atari/exehdr.s(4)
__BSS_RUN__ ([linker generated]):
    zerobss.o                 common/zerobss.s(8)
__BSS_SIZE__ ([linker generated]):
    zerobss.o                 common/zerobss.s(8)
__CONSTRUCTOR_COUNT__ ([linker generated]):
    condes.o                  runtime/condes.s(18)
__CONSTRUCTOR_TABLE__ ([linker generated]):
    condes.o                  runtime/condes.s(18)
__DESTRUCTOR_COUNT__ ([linker generated]):
    condes.o                  runtime/condes.s(19)
__DESTRUCTOR_TABLE__ ([linker generated]):
    condes.o                  runtime/condes.s(19)
__EXEHDR__ (exehdr.o):
    [linker generated]        src/atari.cfg(5)
__LOWCODE_RUN__ ([linker generated]):
    crt0.o                    atari/crt0.s(18)
__LOWCODE_SIZE__ ([linker generated]):
    crt0.o                    atari/crt0.s(18)
__MAIN_START__ ([linker generated]):
    exehdr.o                  atari/exehdr.s(4)
__RESERVED_MEMORY__ ([linker generated]):
    crt0.o                    atari/crt0.s(16)
    [linker generated]        src/atari.cfg(19)
__STACKSIZE__ ([linker generated]):
    [linker generated]        src/atari.cfg(19)
__STARTUP__ (crt0.o):
    main.o                    src/main.s(13)
__ctype (ctype.o):
    strlower.o                common/strlower.s(13)
__directerrno (_directerrno.o):
    inviocb.o                 /home/thomc/Workspace/cc65/asminc/errno.inc(10)
__do_oserror (do_oserr.o):
    write.o                   atari/write.s(5)
__errno (errno.o):
    _seterrno.o               /home/thomc/Workspace/cc65/asminc/errno.inc(7)
__hextab (_hextab.o):
    ltoa.o                    common/ltoa.s(10)
__inviocb (inviocb.o):
    write.o                   atari/write.s(5)
__longminstr (_longminstr.o):
    ltoa.o                    common/ltoa.s(10)
__mappederrno (_mappederrno.o):
    do_oserr.o                /home/thomc/Workspace/cc65/asminc/errno.inc(10)
__oserror (_oserror.o):
    _mappederrno.o            /home/thomc/Workspace/cc65/asminc/errno.inc(7)
    _directerrno.o            /home/thomc/Workspace/cc65/asminc/errno.inc(7)
    write.o                   atari/write.s(5)
__osmaperrno (oserror.o):
    _mappederrno.o            /home/thomc/Workspace/cc65/asminc/errno.inc(8)
__printf (_printf.o):
    vfprintf.o                common/vfprintf.s(10)
__rwsetup (rwcommon.o):
    write.o                   atari/write.s(5)
__seterrno (_seterrno.o):
    _mappederrno.o            /home/thomc/Workspace/cc65/asminc/errno.inc(9)
    _directerrno.o            /home/thomc/Workspace/cc65/asminc/errno.inc(9)
    fwrite.o                  /home/thomc/Workspace/cc65/asminc/errno.inc(9)
_die (die.o):
    main.o                    src/main.s(16)
_fwrite (fwrite.o):
    vfprintf.o                common/vfprintf.s(10)
_kbhit (kbhit.o):
    die.o                     src/die.s(13)
_ltoa (ltoa.o):
    _printf.o                 common/_printf.s(12)
_main (main.o):
    callmain.o                runtime/callmain.s(11)
_printf (printf.o):
    main.o                    src/main.s(14)
_siov (sio.o):
    main.o                    src/main.s(15)
_stdout (_file.o):
    printf.o                  common/printf.s(8)
_strlen (strlen.o):
    _printf.o                 common/_printf.s(13)
_strlower (strlower.o):
    _printf.o                 common/_printf.s(13)
_ultoa (ltoa.o):
    _printf.o                 common/_printf.s(12)
_vfprintf (vfprintf.o):
    printf.o                  common/printf.s(8)
_write (write.o):
    fwrite.o                  common/fwrite.s(10)
addysp (addysp.o):
    incsp6.o                  runtime/incsp6.s(8)
    fwrite.o                  common/fwrite.s(11)
    printf.o                  common/printf.s(8)
axlong (axlong.o):
    _printf.o                 common/_printf.s(11)
axulong (axlong.o):
    _printf.o                 common/_printf.s(11)
callmain (callmain.o):
    crt0.o                    atari/crt0.s(15)
decsp4 (decsp4.o):
    lpush.o                   runtime/lpush.s(12)
decsp6 (decsp6.o):
    _printf.o                 common/_printf.s(11)
donelib (condes.o):
    crt0.o                    atari/crt0.s(14)
fd_index (fdtab.o):
    fdtoiocb.o                atari/fdtoiocb.s(10)
fd_table (fdtab.o):
    fdtoiocb.o                atari/fdtoiocb.s(10)
fdtoiocb (fdtoiocb.o):
    rwcommon.o                atari/rwcommon.s(8)
incsp2 (incsp2.o):
    popptr1.o                 runtime/popptr1.s(8)
incsp6 (incsp6.o):
    fwrite.o                  common/fwrite.s(11)
    vfprintf.o                common/vfprintf.s(9)
initlib (condes.o):
    crt0.o                    atari/crt0.s(14)
ldaxysp (ldaxsp.o):
    fwrite.o                  common/fwrite.s(11)
mul8x16 (mul8.o):
    mul.o                     runtime/mul.s(8)
mul8x16a (mul8.o):
    mul.o                     runtime/mul.s(8)
negeax (lneg.o):
    ltoa.o                    common/ltoa.s(9)
popax (incsp2.o):
    rwcommon.o                atari/rwcommon.s(7)
    ltoa.o                    common/ltoa.s(9)
    _printf.o                 common/_printf.s(11)
popptr1 (popptr1.o):
    udiv.o                    runtime/udiv.s(9)
    mul8.o                    runtime/mul8.s(9)
    mul.o                     runtime/mul.s(9)
    ltoa.o                    common/ltoa.s(9)
ptr1 (zeropage.o):
    udiv.o                    runtime/udiv.s(10)
    strlower.o                common/strlower.s(14)
    popptr1.o                 runtime/popptr1.s(9)
    mul8.o                    runtime/mul8.s(10)
    mul.o                     runtime/mul.s(10)
    ltoa.o                    common/ltoa.s(11)
    fwrite.o                  common/fwrite.s(14)
    _printf.o                 /home/thomc/Workspace/cc65/asminc/zeropage.inc(12)
    zerobss.o                 common/zerobss.s(9)
    vfprintf.o                common/vfprintf.s(11)
    printf.o                  common/printf.s(9)
ptr2 (zeropage.o):
    strlower.o                common/strlower.s(14)
    strlen.o                  common/strlen.s(12)
    ltoa.o                    common/ltoa.s(11)
    _printf.o                 /home/thomc/Workspace/cc65/asminc/zeropage.inc(12)
ptr3 (zeropage.o):
    ltoa.o                    common/ltoa.s(11)
ptr4 (zeropage.o):
    udiv.o                    runtime/udiv.s(10)
    mul8.o                    runtime/mul8.s(10)
    mul.o                     runtime/mul.s(10)
push1 (push1.o):
    _printf.o                 common/_printf.s(11)
    vfprintf.o                common/vfprintf.s(9)
pusha0 (pushax.o):
    push1.o                   runtime/push1.s(8)
    main.o                    src/main.s(107)
pushax (pushax.o):
    fwrite.o                  common/fwrite.s(11)
    callmain.o                runtime/callmain.s(11)
    _printf.o                 common/_printf.s(11)
    printf.o                  common/printf.s(8)
    main.o                    src/main.s(107)
pusheax (lpush.o):
    _printf.o                 common/_printf.s(11)
pushwysp (pushwsp.o):
    fwrite.o                  common/fwrite.s(11)
    vfprintf.o                common/vfprintf.s(9)
regbank (zeropage.o):
    _printf.o                 /home/thomc/Workspace/cc65/asminc/zeropage.inc(14)
return1 (return1.o):
    kbhit.o                   atari/kbhit.s(8)
sp (zeropage.o):
    decsp4.o                  runtime/decsp4.s(8)
    pushwsp.o                 runtime/pushwsp.s(8)
    popptr1.o                 runtime/popptr1.s(9)
    lpush.o                   runtime/lpush.s(13)
    ldaxsp.o                  runtime/ldaxsp.s(8)
    incsp2.o                  runtime/incsp2.s(8)
    decsp6.o                  runtime/decsp6.s(8)
    addysp.o                  runtime/addysp.s(8)
    _printf.o                 /home/thomc/Workspace/cc65/asminc/zeropage.inc(11)
    vfprintf.o                common/vfprintf.s(11)
    pushax.o                  runtime/pushax.s(8)
    printf.o                  common/printf.s(9)
    crt0.o                    /home/thomc/Workspace/cc65/asminc/zeropage.inc(11)
sreg (zeropage.o):
    lneg.o                    runtime/lneg.s(11)
    udiv.o                    runtime/udiv.s(10)
    ltoa.o                    common/ltoa.s(11)
    lpush.o                   runtime/lpush.s(13)
    axlong.o                  runtime/axlong.s(9)
    _printf.o                 /home/thomc/Workspace/cc65/asminc/zeropage.inc(11)
start (crt0.o):
    exetrailer.o              atari/exetrailer.s(4)
tmp1 (zeropage.o):
    mul.o                     runtime/mul.s(10)
    ltoa.o                    common/ltoa.s(11)
    _printf.o                 /home/thomc/Workspace/cc65/asminc/zeropage.inc(13)
tosudivax (udiv.o):
    fwrite.o                  common/fwrite.s(12)
tosumulax (mul.o):
    fwrite.o                  common/fwrite.s(12)
zerobss (zerobss.o):
    crt0.o                    atari/crt0.s(15)

