Modules list:
-------------
diskulator.o:
    CODE              Offs=000000  Size=000BDF  Align=00001  Fill=0000
    RODATA            Offs=000000  Size=0001CB  Align=00001  Fill=0000
    BSS               Offs=000000  Size=000494  Align=00001  Fill=0000
    DATA              Offs=000000  Size=000102  Align=00001  Fill=0000
main.o:
    CODE              Offs=000BDF  Size=0000AE  Align=00001  Fill=0000
    DATA              Offs=000102  Size=000038  Align=00001  Fill=0000
bar.o:
    CODE              Offs=000C8D  Size=00027D  Align=00001  Fill=0000
    DATA              Offs=00013A  Size=000002  Align=00001  Fill=0000
config.o:
    CODE              Offs=000F0A  Size=0005B3  Align=00001  Fill=0000
    RODATA            Offs=0001CB  Size=000170  Align=00001  Fill=0000
    BSS               Offs=000494  Size=000102  Align=00001  Fill=0000
    DATA              Offs=00013C  Size=000003  Align=00001  Fill=0000
screen.o:
    CODE              Offs=0014BD  Size=00035D  Align=00001  Fill=0000
    RODATA            Offs=00033B  Size=000002  Align=00001  Fill=0000
    BSS               Offs=000596  Size=000008  Align=00001  Fill=0000
die.o:
    CODE              Offs=00181A  Size=000009  Align=00001  Fill=0000
crt0.o:
    BSS               Offs=00059E  Size=000005  Align=00001  Fill=0000
    STARTUP           Offs=000000  Size=000068  Align=00001  Fill=0000
sio.o:
    CODE              Offs=001823  Size=000004  Align=00001  Fill=0000
bar-setup-regs.o:
    CODE              Offs=001827  Size=00005F  Align=00001  Fill=0000
/home/thomc/Workspace/cc65/lib/atari.lib(_cursor.o):
    BSS               Offs=0005A3  Size=000001  Align=00001  Fill=0000
/home/thomc/Workspace/cc65/lib/atari.lib(_hextab.o):
    RODATA            Offs=00033D  Size=000010  Align=00001  Fill=0000
/home/thomc/Workspace/cc65/lib/atari.lib(add.o):
    CODE              Offs=001886  Size=00001C  Align=00001  Fill=0000
/home/thomc/Workspace/cc65/lib/atari.lib(addeqsp.o):
    CODE              Offs=0018A2  Size=000011  Align=00001  Fill=0000
/home/thomc/Workspace/cc65/lib/atari.lib(addysp.o):
    CODE              Offs=0018B3  Size=00000E  Align=00001  Fill=0000
/home/thomc/Workspace/cc65/lib/atari.lib(aslax4.o):
    CODE              Offs=0018C1  Size=000011  Align=00001  Fill=0000
/home/thomc/Workspace/cc65/lib/atari.lib(callmain.o):
    CODE              Offs=0018D2  Size=000017  Align=00001  Fill=0000
    DATA              Offs=00013F  Size=000004  Align=00001  Fill=0000
/home/thomc/Workspace/cc65/lib/atari.lib(cgetc.o):
    CODE              Offs=0018E9  Size=000016  Align=00001  Fill=0000
/home/thomc/Workspace/cc65/lib/atari.lib(condes.o):
    CODE              Offs=0018FF  Size=00000C  Align=00001  Fill=0000
    DATA              Offs=000143  Size=000025  Align=00001  Fill=0000
    ONCE              Offs=000000  Size=00000C  Align=00001  Fill=0000
/home/thomc/Workspace/cc65/lib/atari.lib(decsp1.o):
    CODE              Offs=00190B  Size=000009  Align=00001  Fill=0000
/home/thomc/Workspace/cc65/lib/atari.lib(decsp2.o):
    CODE              Offs=001914  Size=00000D  Align=00001  Fill=0000
/home/thomc/Workspace/cc65/lib/atari.lib(decsp4.o):
    CODE              Offs=001921  Size=00000D  Align=00001  Fill=0000
/home/thomc/Workspace/cc65/lib/atari.lib(decsp5.o):
    CODE              Offs=00192E  Size=00000D  Align=00001  Fill=0000
/home/thomc/Workspace/cc65/lib/atari.lib(decsp6.o):
    CODE              Offs=00193B  Size=00000D  Align=00001  Fill=0000
/home/thomc/Workspace/cc65/lib/atari.lib(incsp1.o):
    CODE              Offs=001948  Size=000007  Align=00001  Fill=0000
/home/thomc/Workspace/cc65/lib/atari.lib(incsp2.o):
    CODE              Offs=00194F  Size=000016  Align=00001  Fill=0000
/home/thomc/Workspace/cc65/lib/atari.lib(incsp3.o):
    CODE              Offs=001965  Size=000005  Align=00001  Fill=0000
/home/thomc/Workspace/cc65/lib/atari.lib(incsp4.o):
    CODE              Offs=00196A  Size=000005  Align=00001  Fill=0000
/home/thomc/Workspace/cc65/lib/atari.lib(incsp5.o):
    CODE              Offs=00196F  Size=000005  Align=00001  Fill=0000
/home/thomc/Workspace/cc65/lib/atari.lib(incsp8.o):
    CODE              Offs=001974  Size=000005  Align=00001  Fill=0000
/home/thomc/Workspace/cc65/lib/atari.lib(itoa.o):
    CODE              Offs=001979  Size=000094  Align=00001  Fill=0000
    RODATA            Offs=00034D  Size=000007  Align=00001  Fill=0000
/home/thomc/Workspace/cc65/lib/atari.lib(kbhit.o):
    CODE              Offs=001A0D  Size=00000B  Align=00001  Fill=0000
/home/thomc/Workspace/cc65/lib/atari.lib(memcpy.o):
    CODE              Offs=001A18  Size=00003C  Align=00001  Fill=0000
/home/thomc/Workspace/cc65/lib/atari.lib(memset.o):
    CODE              Offs=001A54  Size=00005D  Align=00001  Fill=0000
/home/thomc/Workspace/cc65/lib/atari.lib(mul40.o):
    CODE              Offs=001AB1  Size=000021  Align=00001  Fill=0000
/home/thomc/Workspace/cc65/lib/atari.lib(mul8.o):
    CODE              Offs=001AD2  Size=00003A  Align=00001  Fill=0000
/home/thomc/Workspace/cc65/lib/atari.lib(popptr1.o):
    CODE              Offs=001B0C  Size=00000E  Align=00001  Fill=0000
/home/thomc/Workspace/cc65/lib/atari.lib(pusha.o):
    CODE              Offs=001B1A  Size=000016  Align=00001  Fill=0000
/home/thomc/Workspace/cc65/lib/atari.lib(pushax.o):
    CODE              Offs=001B30  Size=00001A  Align=00001  Fill=0000
/home/thomc/Workspace/cc65/lib/atari.lib(pushwsp.o):
    CODE              Offs=001B4A  Size=00001C  Align=00001  Fill=0000
/home/thomc/Workspace/cc65/lib/atari.lib(return1.o):
    CODE              Offs=001B66  Size=000005  Align=00001  Fill=0000
/home/thomc/Workspace/cc65/lib/atari.lib(setcursor.o):
    CODE              Offs=001B6B  Size=00003A  Align=00001  Fill=0000
/home/thomc/Workspace/cc65/lib/atari.lib(staspidx.o):
    CODE              Offs=001BA5  Size=000016  Align=00001  Fill=0000
/home/thomc/Workspace/cc65/lib/atari.lib(strcpy.o):
    CODE              Offs=001BBB  Size=00001F  Align=00001  Fill=0000
/home/thomc/Workspace/cc65/lib/atari.lib(zerobss.o):
    CODE              Offs=001BDA  Size=000023  Align=00001  Fill=0000
/home/thomc/Workspace/cc65/lib/atari.lib(zeropage.o):
    ZEROPAGE          Offs=000000  Size=00001A  Align=00001  Fill=0000


Segment list:
-------------
Name                   Start     End    Size  Align
----------------------------------------------------
ZEROPAGE              0000E5  0000FE  00001A  00001
STARTUP               000700  000767  000068  00001
ONCE                  000768  000773  00000C  00001
CODE                  000774  002370  001BFD  00001
RODATA                002371  0026C4  000354  00001
DATA                  0026C5  00282C  000168  00001
BSS                   00282D  002DD0  0005A4  00001


Exports list by name:
---------------------
__BSS_RUN__               00282D RLA    __BSS_SIZE__              0005A4 REA    
__CONSTRUCTOR_COUNT__     000000 REA    __CONSTRUCTOR_TABLE__     000774 RLA    
__DESTRUCTOR_COUNT__      000000 REA    __DESTRUCTOR_TABLE__      0026C5 RLA    
__LOWCODE_RUN__           000768 RLA    __LOWCODE_SIZE__          000000 REA    
__RESERVED_MEMORY__       000000 REA    __STACKSIZE__             000800 REA    
__STARTUP__               000001 REA    __bzero                   0021C8 RLA    
__hextab                  0026AE RLA    _bar_clear                001401 RLA    
_bar_set_color            001668 RLA    _bar_setup_regs           001F9B RLA    
_bar_show                 001411 RLA    _cgetc                    00205D RLA    
_config_connect           0016D8 RLA    _config_run               00170F RLA    
_configured               00167E RLA    _die                      001F8E RLA    
_diskulator_run           000774 RLA    _dlist_ptr                002DC5 RLA    
_font_ptr                 002DC9 RLA    _kbhit                    002181 RLA    
_main                     0013EB RLA    _memcpy                   00218C RLA    
_mul40                    002225 RLA    _screen_clear             001CC9 RLA    
_screen_input             001CD9 RLA    _screen_memory            002DC7 RLA    
_screen_puts              001C31 RLA    _siov                     001F97 RLA    
_strcpy                   00232F RLA    _utoa                     00214D RLA    
_video_ptr                002DC3 RLA    addeqysp                  002018 RLA    
addysp                    002028 RLA    addysp1                   002027 RLA    
aslax4                    002035 RLA    callmain                  002046 RLA    
cursor                    002DD0 RLA    decsp1                    00207F RLA    
decsp2                    002088 RLA    decsp4                    002095 RLA    
decsp5                    0020A2 RLA    decsp6                    0020AF RLA    
donelib                   002073 RLA    incsp1                    0020BC RLA    
incsp2                    0020CB RLA    incsp3                    0020D9 RLA    
incsp4                    0020DE RLA    incsp5                    0020E3 RLA    
incsp8                    0020E8 RLA    initlib                   000768 RLA    
popax                     0020C3 RLA    popptr1                   002280 RLA    
ptr1                      0000ED RLZ    ptr2                      0000EF RLZ    
ptr3                      0000F1 RLZ    ptr4                      0000F3 RLZ    
pusha                     002292 RLA    pusha0                    0022A6 RLA    
pushax                    0022A8 RLA    pushwysp                  0022C0 RLA    
return1                   0022DA RLA    setcursor                 0022DF RLA    
sp                        0000E5 RLZ    sreg                      0000E7 RLZ    
staspidx                  002319 RLA    tmp1                      0000F5 RLZ    
tmp4                      0000F8 RLZ    tosadda0                  001FFA RLA    
tosaddax                  001FFC RLA    tosmula0                  002246 RLA    
tosumula0                 002246 RLA    zerobss                   00234E RLA    



Exports list by value:
----------------------
__LOWCODE_SIZE__          000000 REA    __DESTRUCTOR_COUNT__      000000 REA    
__RESERVED_MEMORY__       000000 REA    __CONSTRUCTOR_COUNT__     000000 REA    
__STARTUP__               000001 REA    sp                        0000E5 RLZ    
sreg                      0000E7 RLZ    ptr1                      0000ED RLZ    
ptr2                      0000EF RLZ    ptr3                      0000F1 RLZ    
ptr4                      0000F3 RLZ    tmp1                      0000F5 RLZ    
tmp4                      0000F8 RLZ    __BSS_SIZE__              0005A4 REA    
initlib                   000768 RLA    __LOWCODE_RUN__           000768 RLA    
__CONSTRUCTOR_TABLE__     000774 RLA    _diskulator_run           000774 RLA    
__STACKSIZE__             000800 REA    _main                     0013EB RLA    
_bar_clear                001401 RLA    _bar_show                 001411 RLA    
_bar_set_color            001668 RLA    _configured               00167E RLA    
_config_connect           0016D8 RLA    _config_run               00170F RLA    
_screen_puts              001C31 RLA    _screen_clear             001CC9 RLA    
_screen_input             001CD9 RLA    _die                      001F8E RLA    
_siov                     001F97 RLA    _bar_setup_regs           001F9B RLA    
tosadda0                  001FFA RLA    tosaddax                  001FFC RLA    
addeqysp                  002018 RLA    addysp1                   002027 RLA    
addysp                    002028 RLA    aslax4                    002035 RLA    
callmain                  002046 RLA    _cgetc                    00205D RLA    
donelib                   002073 RLA    decsp1                    00207F RLA    
decsp2                    002088 RLA    decsp4                    002095 RLA    
decsp5                    0020A2 RLA    decsp6                    0020AF RLA    
incsp1                    0020BC RLA    popax                     0020C3 RLA    
incsp2                    0020CB RLA    incsp3                    0020D9 RLA    
incsp4                    0020DE RLA    incsp5                    0020E3 RLA    
incsp8                    0020E8 RLA    _utoa                     00214D RLA    
_kbhit                    002181 RLA    _memcpy                   00218C RLA    
__bzero                   0021C8 RLA    _mul40                    002225 RLA    
tosmula0                  002246 RLA    tosumula0                 002246 RLA    
popptr1                   002280 RLA    pusha                     002292 RLA    
pusha0                    0022A6 RLA    pushax                    0022A8 RLA    
pushwysp                  0022C0 RLA    return1                   0022DA RLA    
setcursor                 0022DF RLA    staspidx                  002319 RLA    
_strcpy                   00232F RLA    zerobss                   00234E RLA    
__hextab                  0026AE RLA    __DESTRUCTOR_TABLE__      0026C5 RLA    
__BSS_RUN__               00282D RLA    _video_ptr                002DC3 RLA    
_dlist_ptr                002DC5 RLA    _screen_memory            002DC7 RLA    
_font_ptr                 002DC9 RLA    cursor                    002DD0 RLA    



Imports list:
-------------
__BSS_RUN__ ([linker generated]):
    zerobss.o                 common/zerobss.s(8)
__BSS_SIZE__ ([linker generated]):
    zerobss.o                 common/zerobss.s(8)
__CONSTRUCTOR_COUNT__ ([linker generated]):
    condes.o                  runtime/condes.s(18)
__CONSTRUCTOR_TABLE__ ([linker generated]):
    condes.o                  runtime/condes.s(18)
__DESTRUCTOR_COUNT__ ([linker generated]):
    condes.o                  runtime/condes.s(19)
__DESTRUCTOR_TABLE__ ([linker generated]):
    condes.o                  runtime/condes.s(19)
__LOWCODE_RUN__ ([linker generated]):
    crt0.o                    src/crt0.s(18)
__LOWCODE_SIZE__ ([linker generated]):
    crt0.o                    src/crt0.s(18)
__RESERVED_MEMORY__ ([linker generated]):
    crt0.o                    src/crt0.s(16)
    [linker generated]        src/atari.cfg(19)
__STACKSIZE__ ([linker generated]):
    [linker generated]        src/atari.cfg(19)
__STARTUP__ (crt0.o):
    main.o                    src/main.s(13)
__bzero (memset.o):
    screen.o                  src/screen.s(469)
    bar.o                     src/bar.s(413)
__hextab (_hextab.o):
    itoa.o                    common/itoa.s(10)
_bar_clear (bar.o):
    config.o                  src/config.s(23)
    main.o                    src/main.s(16)
    diskulator.o              src/diskulator.s(23)
_bar_set_color (bar.o):
    diskulator.o              src/diskulator.s(25)
_bar_setup_regs (bar-setup-regs.o):
    main.o                    src/main.s(15)
_bar_show (bar.o):
    config.o                  src/config.s(24)
    diskulator.o              src/diskulator.s(24)
_cgetc (cgetc.o):
    screen.o                  src/screen.s(14)
    config.o                  src/config.s(15)
    diskulator.o              src/diskulator.s(16)
_config_connect (config.o):
    main.o                    src/main.s(18)
_config_run (config.o):
    main.o                    src/main.s(19)
_configured (config.o):
    main.o                    src/main.s(17)
_die (die.o):
    config.o                  src/config.s(25)
    diskulator.o              src/diskulator.s(26)
_diskulator_run (diskulator.o):
    main.o                    src/main.s(20)
_dlist_ptr (screen.o):
    main.o                    src/main.s(22)
_font_ptr (screen.o):
    main.o                    src/main.s(24)
_kbhit (kbhit.o):
    die.o                     src/die.s(13)
    diskulator.o              src/diskulator.s(15)
_main (main.o):
    callmain.o                runtime/callmain.s(11)
_memcpy (memcpy.o):
    main.o                    src/main.s(14)
_mul40 (mul40.o):
    setcursor.o               atari/setcursor.s(7)
_screen_clear (screen.o):
    config.o                  src/config.s(20)
    diskulator.o              src/diskulator.s(20)
_screen_input (screen.o):
    config.o                  src/config.s(21)
    diskulator.o              src/diskulator.s(21)
_screen_memory (screen.o):
    main.o                    src/main.s(23)
_screen_puts (screen.o):
    config.o                  src/config.s(19)
    diskulator.o              src/diskulator.s(19)
_siov (sio.o):
    config.o                  src/config.s(22)
    diskulator.o              src/diskulator.s(22)
_strcpy (strcpy.o):
    config.o                  src/config.s(13)
    diskulator.o              src/diskulator.s(13)
_utoa (itoa.o):
    diskulator.o              src/diskulator.s(17)
_video_ptr (screen.o):
    main.o                    src/main.s(21)
addeqysp (addeqsp.o):
    screen.o                  src/screen.s(469)
addysp (addysp.o):
    incsp8.o                  runtime/incsp8.s(8)
    incsp5.o                  runtime/incsp5.s(8)
    incsp4.o                  runtime/incsp4.s(8)
    incsp3.o                  runtime/incsp3.s(8)
    screen.o                  src/screen.s(469)
addysp1 (addysp.o):
    itoa.o                    common/itoa.s(9)
aslax4 (aslax4.o):
    diskulator.o              src/diskulator.s(1717)
    diskulator.o              src/diskulator.s(1717)
callmain (callmain.o):
    crt0.o                    src/crt0.s(15)
cursor (_cursor.o):
    setcursor.o               atari/setcursor.s(7)
decsp1 (decsp1.o):
    screen.o                  src/screen.s(469)
    config.o                  src/config.s(964)
    config.o                  src/config.s(964)
    diskulator.o              src/diskulator.s(1717)
    diskulator.o              src/diskulator.s(1717)
    diskulator.o              src/diskulator.s(1717)
    diskulator.o              src/diskulator.s(1717)
decsp2 (decsp2.o):
    screen.o                  src/screen.s(469)
    config.o                  src/config.s(964)
    config.o                  src/config.s(964)
    config.o                  src/config.s(964)
    config.o                  src/config.s(964)
    config.o                  src/config.s(964)
    config.o                  src/config.s(964)
    config.o                  src/config.s(964)
    diskulator.o              src/diskulator.s(1717)
    diskulator.o              src/diskulator.s(1717)
    diskulator.o              src/diskulator.s(1717)
    diskulator.o              src/diskulator.s(1717)
    diskulator.o              src/diskulator.s(1717)
    diskulator.o              src/diskulator.s(1717)
decsp4 (decsp4.o):
    config.o                  src/config.s(964)
    diskulator.o              src/diskulator.s(1717)
    diskulator.o              src/diskulator.s(1717)
decsp5 (decsp5.o):
    screen.o                  src/screen.s(469)
    config.o                  src/config.s(964)
decsp6 (decsp6.o):
    diskulator.o              src/diskulator.s(1717)
donelib (condes.o):
    crt0.o                    src/crt0.s(14)
incsp1 (incsp1.o):
    config.o                  src/config.s(964)
    config.o                  src/config.s(964)
    config.o                  src/config.s(964)
    bar.o                     src/bar.s(413)
    diskulator.o              src/diskulator.s(1717)
    diskulator.o              src/diskulator.s(1717)
    diskulator.o              src/diskulator.s(1717)
incsp2 (incsp2.o):
    staspidx.o                runtime/staspidx.s(8)
    popptr1.o                 runtime/popptr1.s(8)
    config.o                  src/config.s(964)
    config.o                  src/config.s(964)
    bar.o                     src/bar.s(413)
    diskulator.o              src/diskulator.s(1717)
    diskulator.o              src/diskulator.s(1717)
incsp3 (incsp3.o):
    diskulator.o              src/diskulator.s(1717)
    diskulator.o              src/diskulator.s(1717)
incsp4 (incsp4.o):
    diskulator.o              src/diskulator.s(1717)
    diskulator.o              src/diskulator.s(1717)
    diskulator.o              src/diskulator.s(1717)
incsp5 (incsp5.o):
    screen.o                  src/screen.s(469)
    config.o                  src/config.s(964)
incsp8 (incsp8.o):
    config.o                  src/config.s(964)
initlib (condes.o):
    crt0.o                    src/crt0.s(14)
popax (incsp2.o):
    strcpy.o                  common/strcpy.s(8)
    memset.o                  common/memset.s(19)
    memcpy.o                  common/memcpy.s(14)
popptr1 (popptr1.o):
    mul8.o                    runtime/mul8.s(9)
    memcpy.o                  common/memcpy.s(14)
ptr1 (zeropage.o):
    zerobss.o                 common/zerobss.s(9)
    strcpy.o                  common/strcpy.s(9)
    staspidx.o                runtime/staspidx.s(9)
    popptr1.o                 runtime/popptr1.s(9)
    mul8.o                    runtime/mul8.s(10)
    memset.o                  common/memset.s(20)
    memcpy.o                  common/memcpy.s(15)
    screen.o                  src/screen.s(11)
    bar.o                     src/bar.s(11)
    main.o                    src/main.s(11)
    diskulator.o              src/diskulator.s(11)
ptr2 (zeropage.o):
    strcpy.o                  common/strcpy.s(9)
    memset.o                  common/memset.s(20)
    memcpy.o                  common/memcpy.s(15)
    itoa.o                    common/itoa.s(11)
ptr3 (zeropage.o):
    memset.o                  common/memset.s(20)
    memcpy.o                  common/memcpy.s(15)
    itoa.o                    common/itoa.s(11)
ptr4 (zeropage.o):
    mul8.o                    runtime/mul8.s(10)
pusha (pusha.o):
    config.o                  src/config.s(964)
    config.o                  src/config.s(964)
    config.o                  src/config.s(964)
    config.o                  src/config.s(964)
    config.o                  src/config.s(964)
    config.o                  src/config.s(964)
    bar.o                     src/bar.s(413)
    bar.o                     src/bar.s(413)
    diskulator.o              src/diskulator.s(1717)
    diskulator.o              src/diskulator.s(1717)
    diskulator.o              src/diskulator.s(1717)
    diskulator.o              src/diskulator.s(1717)
    diskulator.o              src/diskulator.s(1717)
    diskulator.o              src/diskulator.s(1717)
pusha0 (pushax.o):
    screen.o                  src/screen.s(469)
    screen.o                  src/screen.s(469)
    diskulator.o              src/diskulator.s(1717)
    diskulator.o              src/diskulator.s(1717)
    diskulator.o              src/diskulator.s(1717)
    diskulator.o              src/diskulator.s(1717)
    diskulator.o              src/diskulator.s(1717)
pushax (pushax.o):
    callmain.o                runtime/callmain.s(11)
    screen.o                  src/screen.s(469)
    screen.o                  src/screen.s(469)
    screen.o                  src/screen.s(469)
    config.o                  src/config.s(964)
    config.o                  src/config.s(964)
    bar.o                     src/bar.s(413)
    main.o                    src/main.s(188)
    diskulator.o              src/diskulator.s(1717)
    diskulator.o              src/diskulator.s(1717)
pushwysp (pushwsp.o):
    screen.o                  src/screen.s(469)
return1 (return1.o):
    kbhit.o                   atari/kbhit.s(8)
setcursor (setcursor.o):
    cgetc.o                   atari/cgetc.s(10)
sp (zeropage.o):
    staspidx.o                runtime/staspidx.s(9)
    pushwsp.o                 runtime/pushwsp.s(8)
    pushax.o                  runtime/pushax.s(8)
    pusha.o                   runtime/pusha.s(8)
    popptr1.o                 runtime/popptr1.s(9)
    memset.o                  common/memset.s(20)
    memcpy.o                  common/memcpy.s(15)
    itoa.o                    common/itoa.s(11)
    incsp2.o                  runtime/incsp2.s(8)
    incsp1.o                  runtime/incsp1.s(8)
    decsp6.o                  runtime/decsp6.s(8)
    decsp5.o                  runtime/decsp5.s(8)
    decsp4.o                  runtime/decsp4.s(8)
    decsp2.o                  runtime/decsp2.s(8)
    decsp1.o                  runtime/decsp1.s(8)
    addysp.o                  runtime/addysp.s(8)
    addeqsp.o                 runtime/addeqsp.s(8)
    add.o                     runtime/add.s(12)
    crt0.o                    /home/thomc/Workspace/cc65/asminc/zeropage.inc(11)
    screen.o                  src/screen.s(10)
    config.o                  src/config.s(10)
    bar.o                     src/bar.s(10)
    diskulator.o              src/diskulator.s(10)
sreg (zeropage.o):
    itoa.o                    common/itoa.s(11)
    screen.o                  src/screen.s(10)
staspidx (staspidx.o):
    screen.o                  src/screen.s(469)
tmp1 (zeropage.o):
    staspidx.o                runtime/staspidx.s(9)
    itoa.o                    common/itoa.s(11)
    aslax4.o                  runtime/aslax4.s(8)
    add.o                     runtime/add.s(12)
    screen.o                  src/screen.s(11)
    diskulator.o              src/diskulator.s(11)
tmp4 (zeropage.o):
    mul40.o                   common/mul40.s(16)
tosadda0 (add.o):
    screen.o                  src/screen.s(469)
tosaddax (add.o):
    screen.o                  src/screen.s(469)
    screen.o                  src/screen.s(469)
tosmula0 (mul8.o):
    diskulator.o              src/diskulator.s(1717)
    diskulator.o              src/diskulator.s(1717)
    diskulator.o              src/diskulator.s(1717)
    diskulator.o              src/diskulator.s(1717)
    diskulator.o              src/diskulator.s(1717)
tosumula0 (mul8.o):
    screen.o                  src/screen.s(469)
    screen.o                  src/screen.s(469)
zerobss (zerobss.o):
    crt0.o                    src/crt0.s(15)

