Modules list:
-------------
diskulator.o:
    CODE              Offs=000000  Size=000BFF  Align=00001  Fill=0000
    RODATA            Offs=000000  Size=0001CB  Align=00001  Fill=0000
    BSS               Offs=000000  Size=000494  Align=00001  Fill=0000
    DATA              Offs=000000  Size=000102  Align=00001  Fill=0000
main.o:
    CODE              Offs=000BFF  Size=0000AE  Align=00001  Fill=0000
    DATA              Offs=000102  Size=000038  Align=00001  Fill=0000
bar.o:
    CODE              Offs=000CAD  Size=00027D  Align=00001  Fill=0000
    DATA              Offs=00013A  Size=000002  Align=00001  Fill=0000
config.o:
    CODE              Offs=000F2A  Size=0005BB  Align=00001  Fill=0000
    RODATA            Offs=0001CB  Size=000170  Align=00001  Fill=0000
    BSS               Offs=000494  Size=000102  Align=00001  Fill=0000
    DATA              Offs=00013C  Size=000003  Align=00001  Fill=0000
screen.o:
    CODE              Offs=0014E5  Size=00035D  Align=00001  Fill=0000
    RODATA            Offs=00033B  Size=000002  Align=00001  Fill=0000
    BSS               Offs=000596  Size=000008  Align=00001  Fill=0000
die.o:
    CODE              Offs=001842  Size=000009  Align=00001  Fill=0000
crt0.o:
    BSS               Offs=00059E  Size=000005  Align=00001  Fill=0000
    STARTUP           Offs=000000  Size=000068  Align=00001  Fill=0000
sio.o:
    CODE              Offs=00184B  Size=000004  Align=00001  Fill=0000
bar-setup-regs.o:
    CODE              Offs=00184F  Size=00005F  Align=00001  Fill=0000
/home/thomc/Workspace/cc65/lib/atari.lib(_cursor.o):
    BSS               Offs=0005A3  Size=000001  Align=00001  Fill=0000
/home/thomc/Workspace/cc65/lib/atari.lib(_hextab.o):
    RODATA            Offs=00033D  Size=000010  Align=00001  Fill=0000
/home/thomc/Workspace/cc65/lib/atari.lib(add.o):
    CODE              Offs=0018AE  Size=00001C  Align=00001  Fill=0000
/home/thomc/Workspace/cc65/lib/atari.lib(addeqsp.o):
    CODE              Offs=0018CA  Size=000011  Align=00001  Fill=0000
/home/thomc/Workspace/cc65/lib/atari.lib(addysp.o):
    CODE              Offs=0018DB  Size=00000E  Align=00001  Fill=0000
/home/thomc/Workspace/cc65/lib/atari.lib(aslax4.o):
    CODE              Offs=0018E9  Size=000011  Align=00001  Fill=0000
/home/thomc/Workspace/cc65/lib/atari.lib(callmain.o):
    CODE              Offs=0018FA  Size=000017  Align=00001  Fill=0000
    DATA              Offs=00013F  Size=000004  Align=00001  Fill=0000
/home/thomc/Workspace/cc65/lib/atari.lib(cgetc.o):
    CODE              Offs=001911  Size=000016  Align=00001  Fill=0000
/home/thomc/Workspace/cc65/lib/atari.lib(condes.o):
    CODE              Offs=001927  Size=00000C  Align=00001  Fill=0000
    DATA              Offs=000143  Size=000025  Align=00001  Fill=0000
    ONCE              Offs=000000  Size=00000C  Align=00001  Fill=0000
/home/thomc/Workspace/cc65/lib/atari.lib(decsp1.o):
    CODE              Offs=001933  Size=000009  Align=00001  Fill=0000
/home/thomc/Workspace/cc65/lib/atari.lib(decsp2.o):
    CODE              Offs=00193C  Size=00000D  Align=00001  Fill=0000
/home/thomc/Workspace/cc65/lib/atari.lib(decsp4.o):
    CODE              Offs=001949  Size=00000D  Align=00001  Fill=0000
/home/thomc/Workspace/cc65/lib/atari.lib(decsp5.o):
    CODE              Offs=001956  Size=00000D  Align=00001  Fill=0000
/home/thomc/Workspace/cc65/lib/atari.lib(decsp6.o):
    CODE              Offs=001963  Size=00000D  Align=00001  Fill=0000
/home/thomc/Workspace/cc65/lib/atari.lib(incsp1.o):
    CODE              Offs=001970  Size=000007  Align=00001  Fill=0000
/home/thomc/Workspace/cc65/lib/atari.lib(incsp2.o):
    CODE              Offs=001977  Size=000016  Align=00001  Fill=0000
/home/thomc/Workspace/cc65/lib/atari.lib(incsp3.o):
    CODE              Offs=00198D  Size=000005  Align=00001  Fill=0000
/home/thomc/Workspace/cc65/lib/atari.lib(incsp4.o):
    CODE              Offs=001992  Size=000005  Align=00001  Fill=0000
/home/thomc/Workspace/cc65/lib/atari.lib(incsp5.o):
    CODE              Offs=001997  Size=000005  Align=00001  Fill=0000
/home/thomc/Workspace/cc65/lib/atari.lib(incsp8.o):
    CODE              Offs=00199C  Size=000005  Align=00001  Fill=0000
/home/thomc/Workspace/cc65/lib/atari.lib(itoa.o):
    CODE              Offs=0019A1  Size=000094  Align=00001  Fill=0000
    RODATA            Offs=00034D  Size=000007  Align=00001  Fill=0000
/home/thomc/Workspace/cc65/lib/atari.lib(kbhit.o):
    CODE              Offs=001A35  Size=00000B  Align=00001  Fill=0000
/home/thomc/Workspace/cc65/lib/atari.lib(memcpy.o):
    CODE              Offs=001A40  Size=00003C  Align=00001  Fill=0000
/home/thomc/Workspace/cc65/lib/atari.lib(memset.o):
    CODE              Offs=001A7C  Size=00005D  Align=00001  Fill=0000
/home/thomc/Workspace/cc65/lib/atari.lib(mul40.o):
    CODE              Offs=001AD9  Size=000021  Align=00001  Fill=0000
/home/thomc/Workspace/cc65/lib/atari.lib(mul8.o):
    CODE              Offs=001AFA  Size=00003A  Align=00001  Fill=0000
/home/thomc/Workspace/cc65/lib/atari.lib(popptr1.o):
    CODE              Offs=001B34  Size=00000E  Align=00001  Fill=0000
/home/thomc/Workspace/cc65/lib/atari.lib(pusha.o):
    CODE              Offs=001B42  Size=000016  Align=00001  Fill=0000
/home/thomc/Workspace/cc65/lib/atari.lib(pushax.o):
    CODE              Offs=001B58  Size=00001A  Align=00001  Fill=0000
/home/thomc/Workspace/cc65/lib/atari.lib(pushwsp.o):
    CODE              Offs=001B72  Size=00001C  Align=00001  Fill=0000
/home/thomc/Workspace/cc65/lib/atari.lib(return1.o):
    CODE              Offs=001B8E  Size=000005  Align=00001  Fill=0000
/home/thomc/Workspace/cc65/lib/atari.lib(setcursor.o):
    CODE              Offs=001B93  Size=00003A  Align=00001  Fill=0000
/home/thomc/Workspace/cc65/lib/atari.lib(staspidx.o):
    CODE              Offs=001BCD  Size=000016  Align=00001  Fill=0000
/home/thomc/Workspace/cc65/lib/atari.lib(strcpy.o):
    CODE              Offs=001BE3  Size=00001F  Align=00001  Fill=0000
/home/thomc/Workspace/cc65/lib/atari.lib(zerobss.o):
    CODE              Offs=001C02  Size=000023  Align=00001  Fill=0000
/home/thomc/Workspace/cc65/lib/atari.lib(zeropage.o):
    ZEROPAGE          Offs=000000  Size=00001A  Align=00001  Fill=0000


Segment list:
-------------
Name                   Start     End    Size  Align
----------------------------------------------------
ZEROPAGE              0000E5  0000FE  00001A  00001
STARTUP               000700  000767  000068  00001
ONCE                  000768  000773  00000C  00001
CODE                  000774  002398  001C25  00001
RODATA                002399  0026EC  000354  00001
DATA                  0026ED  002854  000168  00001
BSS                   002855  002DF8  0005A4  00001


Exports list by name:
---------------------
__BSS_RUN__               002855 RLA    __BSS_SIZE__              0005A4 REA    
__CONSTRUCTOR_COUNT__     000000 REA    __CONSTRUCTOR_TABLE__     000774 RLA    
__DESTRUCTOR_COUNT__      000000 REA    __DESTRUCTOR_TABLE__      0026ED RLA    
__LOWCODE_RUN__           000768 RLA    __LOWCODE_SIZE__          000000 REA    
__RESERVED_MEMORY__       000000 REA    __STACKSIZE__             000800 REA    
__STARTUP__               000001 REA    __bzero                   0021F0 RLA    
__hextab                  0026D6 RLA    _bar_clear                001421 RLA    
_bar_set_color            001688 RLA    _bar_setup_regs           001FC3 RLA    
_bar_show                 001431 RLA    _cgetc                    002085 RLA    
_config_connect           0016F8 RLA    _config_run               00172F RLA    
_configured               00169E RLA    _die                      001FB6 RLA    
_diskulator_run           000774 RLA    _dlist_ptr                002DED RLA    
_font_ptr                 002DF1 RLA    _kbhit                    0021A9 RLA    
_main                     00140B RLA    _memcpy                   0021B4 RLA    
_mul40                    00224D RLA    _screen_clear             001CF1 RLA    
_screen_input             001D01 RLA    _screen_memory            002DEF RLA    
_screen_puts              001C59 RLA    _siov                     001FBF RLA    
_strcpy                   002357 RLA    _utoa                     002175 RLA    
_video_ptr                002DEB RLA    addeqysp                  002040 RLA    
addysp                    002050 RLA    addysp1                   00204F RLA    
aslax4                    00205D RLA    callmain                  00206E RLA    
cursor                    002DF8 RLA    decsp1                    0020A7 RLA    
decsp2                    0020B0 RLA    decsp4                    0020BD RLA    
decsp5                    0020CA RLA    decsp6                    0020D7 RLA    
donelib                   00209B RLA    incsp1                    0020E4 RLA    
incsp2                    0020F3 RLA    incsp3                    002101 RLA    
incsp4                    002106 RLA    incsp5                    00210B RLA    
incsp8                    002110 RLA    initlib                   000768 RLA    
popax                     0020EB RLA    popptr1                   0022A8 RLA    
ptr1                      0000ED RLZ    ptr2                      0000EF RLZ    
ptr3                      0000F1 RLZ    ptr4                      0000F3 RLZ    
pusha                     0022BA RLA    pusha0                    0022CE RLA    
pushax                    0022D0 RLA    pushwysp                  0022E8 RLA    
return1                   002302 RLA    setcursor                 002307 RLA    
sp                        0000E5 RLZ    sreg                      0000E7 RLZ    
staspidx                  002341 RLA    tmp1                      0000F5 RLZ    
tmp4                      0000F8 RLZ    tosadda0                  002022 RLA    
tosaddax                  002024 RLA    tosmula0                  00226E RLA    
tosumula0                 00226E RLA    zerobss                   002376 RLA    



Exports list by value:
----------------------
__LOWCODE_SIZE__          000000 REA    __DESTRUCTOR_COUNT__      000000 REA    
__RESERVED_MEMORY__       000000 REA    __CONSTRUCTOR_COUNT__     000000 REA    
__STARTUP__               000001 REA    sp                        0000E5 RLZ    
sreg                      0000E7 RLZ    ptr1                      0000ED RLZ    
ptr2                      0000EF RLZ    ptr3                      0000F1 RLZ    
ptr4                      0000F3 RLZ    tmp1                      0000F5 RLZ    
tmp4                      0000F8 RLZ    __BSS_SIZE__              0005A4 REA    
initlib                   000768 RLA    __LOWCODE_RUN__           000768 RLA    
__CONSTRUCTOR_TABLE__     000774 RLA    _diskulator_run           000774 RLA    
__STACKSIZE__             000800 REA    _main                     00140B RLA    
_bar_clear                001421 RLA    _bar_show                 001431 RLA    
_bar_set_color            001688 RLA    _configured               00169E RLA    
_config_connect           0016F8 RLA    _config_run               00172F RLA    
_screen_puts              001C59 RLA    _screen_clear             001CF1 RLA    
_screen_input             001D01 RLA    _die                      001FB6 RLA    
_siov                     001FBF RLA    _bar_setup_regs           001FC3 RLA    
tosadda0                  002022 RLA    tosaddax                  002024 RLA    
addeqysp                  002040 RLA    addysp1                   00204F RLA    
addysp                    002050 RLA    aslax4                    00205D RLA    
callmain                  00206E RLA    _cgetc                    002085 RLA    
donelib                   00209B RLA    decsp1                    0020A7 RLA    
decsp2                    0020B0 RLA    decsp4                    0020BD RLA    
decsp5                    0020CA RLA    decsp6                    0020D7 RLA    
incsp1                    0020E4 RLA    popax                     0020EB RLA    
incsp2                    0020F3 RLA    incsp3                    002101 RLA    
incsp4                    002106 RLA    incsp5                    00210B RLA    
incsp8                    002110 RLA    _utoa                     002175 RLA    
_kbhit                    0021A9 RLA    _memcpy                   0021B4 RLA    
__bzero                   0021F0 RLA    _mul40                    00224D RLA    
tosmula0                  00226E RLA    tosumula0                 00226E RLA    
popptr1                   0022A8 RLA    pusha                     0022BA RLA    
pusha0                    0022CE RLA    pushax                    0022D0 RLA    
pushwysp                  0022E8 RLA    return1                   002302 RLA    
setcursor                 002307 RLA    staspidx                  002341 RLA    
_strcpy                   002357 RLA    zerobss                   002376 RLA    
__hextab                  0026D6 RLA    __DESTRUCTOR_TABLE__      0026ED RLA    
__BSS_RUN__               002855 RLA    _video_ptr                002DEB RLA    
_dlist_ptr                002DED RLA    _screen_memory            002DEF RLA    
_font_ptr                 002DF1 RLA    cursor                    002DF8 RLA    



Imports list:
-------------
__BSS_RUN__ ([linker generated]):
    zerobss.o                 common/zerobss.s(8)
__BSS_SIZE__ ([linker generated]):
    zerobss.o                 common/zerobss.s(8)
__CONSTRUCTOR_COUNT__ ([linker generated]):
    condes.o                  runtime/condes.s(18)
__CONSTRUCTOR_TABLE__ ([linker generated]):
    condes.o                  runtime/condes.s(18)
__DESTRUCTOR_COUNT__ ([linker generated]):
    condes.o                  runtime/condes.s(19)
__DESTRUCTOR_TABLE__ ([linker generated]):
    condes.o                  runtime/condes.s(19)
__LOWCODE_RUN__ ([linker generated]):
    crt0.o                    src/crt0.s(18)
__LOWCODE_SIZE__ ([linker generated]):
    crt0.o                    src/crt0.s(18)
__RESERVED_MEMORY__ ([linker generated]):
    crt0.o                    src/crt0.s(16)
    [linker generated]        src/atari.cfg(19)
__STACKSIZE__ ([linker generated]):
    [linker generated]        src/atari.cfg(19)
__STARTUP__ (crt0.o):
    main.o                    src/main.s(13)
__bzero (memset.o):
    screen.o                  src/screen.s(469)
    bar.o                     src/bar.s(413)
__hextab (_hextab.o):
    itoa.o                    common/itoa.s(10)
_bar_clear (bar.o):
    config.o                  src/config.s(23)
    main.o                    src/main.s(16)
    diskulator.o              src/diskulator.s(23)
_bar_set_color (bar.o):
    diskulator.o              src/diskulator.s(25)
_bar_setup_regs (bar-setup-regs.o):
    main.o                    src/main.s(15)
_bar_show (bar.o):
    config.o                  src/config.s(24)
    diskulator.o              src/diskulator.s(24)
_cgetc (cgetc.o):
    screen.o                  src/screen.s(14)
    config.o                  src/config.s(15)
    diskulator.o              src/diskulator.s(16)
_config_connect (config.o):
    main.o                    src/main.s(18)
_config_run (config.o):
    main.o                    src/main.s(19)
_configured (config.o):
    main.o                    src/main.s(17)
_die (die.o):
    config.o                  src/config.s(25)
    diskulator.o              src/diskulator.s(26)
_diskulator_run (diskulator.o):
    main.o                    src/main.s(20)
_dlist_ptr (screen.o):
    main.o                    src/main.s(22)
_font_ptr (screen.o):
    main.o                    src/main.s(24)
_kbhit (kbhit.o):
    die.o                     src/die.s(13)
    diskulator.o              src/diskulator.s(15)
_main (main.o):
    callmain.o                runtime/callmain.s(11)
_memcpy (memcpy.o):
    main.o                    src/main.s(14)
_mul40 (mul40.o):
    setcursor.o               atari/setcursor.s(7)
_screen_clear (screen.o):
    config.o                  src/config.s(20)
    diskulator.o              src/diskulator.s(20)
_screen_input (screen.o):
    config.o                  src/config.s(21)
    diskulator.o              src/diskulator.s(21)
_screen_memory (screen.o):
    main.o                    src/main.s(23)
_screen_puts (screen.o):
    config.o                  src/config.s(19)
    diskulator.o              src/diskulator.s(19)
_siov (sio.o):
    config.o                  src/config.s(22)
    diskulator.o              src/diskulator.s(22)
_strcpy (strcpy.o):
    config.o                  src/config.s(13)
    diskulator.o              src/diskulator.s(13)
_utoa (itoa.o):
    diskulator.o              src/diskulator.s(17)
_video_ptr (screen.o):
    main.o                    src/main.s(21)
addeqysp (addeqsp.o):
    screen.o                  src/screen.s(469)
addysp (addysp.o):
    incsp8.o                  runtime/incsp8.s(8)
    incsp5.o                  runtime/incsp5.s(8)
    incsp4.o                  runtime/incsp4.s(8)
    incsp3.o                  runtime/incsp3.s(8)
    screen.o                  src/screen.s(469)
addysp1 (addysp.o):
    itoa.o                    common/itoa.s(9)
aslax4 (aslax4.o):
    diskulator.o              src/diskulator.s(1733)
    diskulator.o              src/diskulator.s(1733)
callmain (callmain.o):
    crt0.o                    src/crt0.s(15)
cursor (_cursor.o):
    setcursor.o               atari/setcursor.s(7)
decsp1 (decsp1.o):
    screen.o                  src/screen.s(469)
    config.o                  src/config.s(968)
    config.o                  src/config.s(968)
    diskulator.o              src/diskulator.s(1733)
    diskulator.o              src/diskulator.s(1733)
    diskulator.o              src/diskulator.s(1733)
    diskulator.o              src/diskulator.s(1733)
decsp2 (decsp2.o):
    screen.o                  src/screen.s(469)
    config.o                  src/config.s(968)
    config.o                  src/config.s(968)
    config.o                  src/config.s(968)
    config.o                  src/config.s(968)
    config.o                  src/config.s(968)
    config.o                  src/config.s(968)
    config.o                  src/config.s(968)
    diskulator.o              src/diskulator.s(1733)
    diskulator.o              src/diskulator.s(1733)
    diskulator.o              src/diskulator.s(1733)
    diskulator.o              src/diskulator.s(1733)
    diskulator.o              src/diskulator.s(1733)
    diskulator.o              src/diskulator.s(1733)
decsp4 (decsp4.o):
    config.o                  src/config.s(968)
    diskulator.o              src/diskulator.s(1733)
    diskulator.o              src/diskulator.s(1733)
decsp5 (decsp5.o):
    screen.o                  src/screen.s(469)
    config.o                  src/config.s(968)
decsp6 (decsp6.o):
    diskulator.o              src/diskulator.s(1733)
donelib (condes.o):
    crt0.o                    src/crt0.s(14)
incsp1 (incsp1.o):
    config.o                  src/config.s(968)
    config.o                  src/config.s(968)
    config.o                  src/config.s(968)
    bar.o                     src/bar.s(413)
    diskulator.o              src/diskulator.s(1733)
    diskulator.o              src/diskulator.s(1733)
    diskulator.o              src/diskulator.s(1733)
incsp2 (incsp2.o):
    staspidx.o                runtime/staspidx.s(8)
    popptr1.o                 runtime/popptr1.s(8)
    config.o                  src/config.s(968)
    config.o                  src/config.s(968)
    bar.o                     src/bar.s(413)
    diskulator.o              src/diskulator.s(1733)
    diskulator.o              src/diskulator.s(1733)
incsp3 (incsp3.o):
    diskulator.o              src/diskulator.s(1733)
    diskulator.o              src/diskulator.s(1733)
incsp4 (incsp4.o):
    diskulator.o              src/diskulator.s(1733)
    diskulator.o              src/diskulator.s(1733)
    diskulator.o              src/diskulator.s(1733)
incsp5 (incsp5.o):
    screen.o                  src/screen.s(469)
    config.o                  src/config.s(968)
incsp8 (incsp8.o):
    config.o                  src/config.s(968)
initlib (condes.o):
    crt0.o                    src/crt0.s(14)
popax (incsp2.o):
    strcpy.o                  common/strcpy.s(8)
    memset.o                  common/memset.s(19)
    memcpy.o                  common/memcpy.s(14)
popptr1 (popptr1.o):
    mul8.o                    runtime/mul8.s(9)
    memcpy.o                  common/memcpy.s(14)
ptr1 (zeropage.o):
    zerobss.o                 common/zerobss.s(9)
    strcpy.o                  common/strcpy.s(9)
    staspidx.o                runtime/staspidx.s(9)
    popptr1.o                 runtime/popptr1.s(9)
    mul8.o                    runtime/mul8.s(10)
    memset.o                  common/memset.s(20)
    memcpy.o                  common/memcpy.s(15)
    screen.o                  src/screen.s(11)
    bar.o                     src/bar.s(11)
    main.o                    src/main.s(11)
    diskulator.o              src/diskulator.s(11)
ptr2 (zeropage.o):
    strcpy.o                  common/strcpy.s(9)
    memset.o                  common/memset.s(20)
    memcpy.o                  common/memcpy.s(15)
    itoa.o                    common/itoa.s(11)
ptr3 (zeropage.o):
    memset.o                  common/memset.s(20)
    memcpy.o                  common/memcpy.s(15)
    itoa.o                    common/itoa.s(11)
ptr4 (zeropage.o):
    mul8.o                    runtime/mul8.s(10)
pusha (pusha.o):
    config.o                  src/config.s(968)
    config.o                  src/config.s(968)
    config.o                  src/config.s(968)
    config.o                  src/config.s(968)
    config.o                  src/config.s(968)
    config.o                  src/config.s(968)
    bar.o                     src/bar.s(413)
    bar.o                     src/bar.s(413)
    diskulator.o              src/diskulator.s(1733)
    diskulator.o              src/diskulator.s(1733)
    diskulator.o              src/diskulator.s(1733)
    diskulator.o              src/diskulator.s(1733)
    diskulator.o              src/diskulator.s(1733)
    diskulator.o              src/diskulator.s(1733)
pusha0 (pushax.o):
    screen.o                  src/screen.s(469)
    screen.o                  src/screen.s(469)
    diskulator.o              src/diskulator.s(1733)
    diskulator.o              src/diskulator.s(1733)
    diskulator.o              src/diskulator.s(1733)
    diskulator.o              src/diskulator.s(1733)
    diskulator.o              src/diskulator.s(1733)
pushax (pushax.o):
    callmain.o                runtime/callmain.s(11)
    screen.o                  src/screen.s(469)
    screen.o                  src/screen.s(469)
    screen.o                  src/screen.s(469)
    config.o                  src/config.s(968)
    config.o                  src/config.s(968)
    bar.o                     src/bar.s(413)
    main.o                    src/main.s(188)
    diskulator.o              src/diskulator.s(1733)
    diskulator.o              src/diskulator.s(1733)
pushwysp (pushwsp.o):
    screen.o                  src/screen.s(469)
return1 (return1.o):
    kbhit.o                   atari/kbhit.s(8)
setcursor (setcursor.o):
    cgetc.o                   atari/cgetc.s(10)
sp (zeropage.o):
    staspidx.o                runtime/staspidx.s(9)
    pushwsp.o                 runtime/pushwsp.s(8)
    pushax.o                  runtime/pushax.s(8)
    pusha.o                   runtime/pusha.s(8)
    popptr1.o                 runtime/popptr1.s(9)
    memset.o                  common/memset.s(20)
    memcpy.o                  common/memcpy.s(15)
    itoa.o                    common/itoa.s(11)
    incsp2.o                  runtime/incsp2.s(8)
    incsp1.o                  runtime/incsp1.s(8)
    decsp6.o                  runtime/decsp6.s(8)
    decsp5.o                  runtime/decsp5.s(8)
    decsp4.o                  runtime/decsp4.s(8)
    decsp2.o                  runtime/decsp2.s(8)
    decsp1.o                  runtime/decsp1.s(8)
    addysp.o                  runtime/addysp.s(8)
    addeqsp.o                 runtime/addeqsp.s(8)
    add.o                     runtime/add.s(12)
    crt0.o                    /home/thomc/Workspace/cc65/asminc/zeropage.inc(11)
    screen.o                  src/screen.s(10)
    config.o                  src/config.s(10)
    bar.o                     src/bar.s(10)
    diskulator.o              src/diskulator.s(10)
sreg (zeropage.o):
    itoa.o                    common/itoa.s(11)
    screen.o                  src/screen.s(10)
staspidx (staspidx.o):
    screen.o                  src/screen.s(469)
tmp1 (zeropage.o):
    staspidx.o                runtime/staspidx.s(9)
    itoa.o                    common/itoa.s(11)
    aslax4.o                  runtime/aslax4.s(8)
    add.o                     runtime/add.s(12)
    screen.o                  src/screen.s(11)
    diskulator.o              src/diskulator.s(11)
tmp4 (zeropage.o):
    mul40.o                   common/mul40.s(16)
tosadda0 (add.o):
    screen.o                  src/screen.s(469)
tosaddax (add.o):
    screen.o                  src/screen.s(469)
    screen.o                  src/screen.s(469)
tosmula0 (mul8.o):
    diskulator.o              src/diskulator.s(1733)
    diskulator.o              src/diskulator.s(1733)
    diskulator.o              src/diskulator.s(1733)
    diskulator.o              src/diskulator.s(1733)
    diskulator.o              src/diskulator.s(1733)
tosumula0 (mul8.o):
    screen.o                  src/screen.s(469)
    screen.o                  src/screen.s(469)
zerobss (zerobss.o):
    crt0.o                    src/crt0.s(15)

