Modules list:
-------------
cio-get.o:
    CODE              Offs=000000  Size=000006  Align=00001  Fill=0000
cio-status.o:
    CODE              Offs=000006  Size=000006  Align=00001  Fill=0000
cio-special.o:
    CODE              Offs=00000C  Size=000006  Align=00001  Fill=0000
main.o:
    CODE              Offs=000012  Size=0000D3  Align=00001  Fill=0000
    RODATA            Offs=000000  Size=000010  Align=00001  Fill=0000
    BSS               Offs=000000  Size=000014  Align=00001  Fill=0000
    DATA              Offs=000000  Size=000004  Align=00001  Fill=0000
cio-close.o:
    CODE              Offs=0000E5  Size=000006  Align=00001  Fill=0000
cio-open.o:
    CODE              Offs=0000EB  Size=000006  Align=00001  Fill=0000
cio-put.o:
    CODE              Offs=0000F1  Size=000006  Align=00001  Fill=0000
cio-stubs.o:
    CODE              Offs=0000F7  Size=00003C  Align=00001  Fill=0000
/home/thomc/Workspace/cc65/lib/atari.lib(callmain.o):
    CODE              Offs=000133  Size=000017  Align=00001  Fill=0000
    DATA              Offs=000004  Size=000004  Align=00001  Fill=0000
/home/thomc/Workspace/cc65/lib/atari.lib(condes.o):
    CODE              Offs=00014A  Size=00000C  Align=00001  Fill=0000
    DATA              Offs=000008  Size=000025  Align=00001  Fill=0000
    ONCE              Offs=000000  Size=00000C  Align=00001  Fill=0000
/home/thomc/Workspace/cc65/lib/atari.lib(crt0.o):
    BSS               Offs=000014  Size=000005  Align=00001  Fill=0000
    STARTUP           Offs=000000  Size=000063  Align=00001  Fill=0000
/home/thomc/Workspace/cc65/lib/atari.lib(decsp1.o):
    CODE              Offs=000156  Size=000009  Align=00001  Fill=0000
/home/thomc/Workspace/cc65/lib/atari.lib(exehdr.o):
    EXEHDR            Offs=000000  Size=000002  Align=00001  Fill=0000
    MAINHDR           Offs=000000  Size=000004  Align=00001  Fill=0000
/home/thomc/Workspace/cc65/lib/atari.lib(exetrailer.o):
    AUTOSTRT          Offs=000000  Size=000006  Align=00001  Fill=0000
/home/thomc/Workspace/cc65/lib/atari.lib(incsp1.o):
    CODE              Offs=00015F  Size=000007  Align=00001  Fill=0000
/home/thomc/Workspace/cc65/lib/atari.lib(mulax3.o):
    CODE              Offs=000166  Size=000011  Align=00001  Fill=0000
/home/thomc/Workspace/cc65/lib/atari.lib(pushax.o):
    CODE              Offs=000177  Size=00001A  Align=00001  Fill=0000
/home/thomc/Workspace/cc65/lib/atari.lib(zerobss.o):
    CODE              Offs=000191  Size=000023  Align=00001  Fill=0000
/home/thomc/Workspace/cc65/lib/atari.lib(zeropage.o):
    ZEROPAGE          Offs=000000  Size=00001A  Align=00001  Fill=0000


Segment list:
-------------
Name                   Start     End    Size  Align
----------------------------------------------------
AUTOSTRT              000000  000005  000006  00001
EXEHDR                000000  000001  000002  00001
MAINHDR               000000  000003  000004  00001
ZEROPAGE              000082  00009B  00001A  00001
STARTUP               001D00  001D62  000063  00001
ONCE                  001D63  001D6E  00000C  00001
CODE                  001D6F  001F22  0001B4  00001
RODATA                001F23  001F32  000010  00001
DATA                  001F33  001F5F  00002D  00001
BSS                   001F60  001F78  000019  00001


Exports list by name:
---------------------
__AUTOSTART__             000001 REA    __BSS_LOAD__              001F60 RLA    
__BSS_RUN__               001F60 RLA    __BSS_SIZE__              000019 REA    
__CONSTRUCTOR_COUNT__     000000 REA    __CONSTRUCTOR_TABLE__     001D6F RLA    
__DESTRUCTOR_COUNT__      000000 REA    __DESTRUCTOR_TABLE__      001F33 RLA    
__EXEHDR__                000001 REA    __LOWCODE_RUN__           001D63 RLA    
__LOWCODE_SIZE__          000000 REA    __MAIN_START__            001D00 RLA    
__RESERVED_MEMORY__       000000 REA    __STACKSIZE__             000800 REA    
__STARTUP__               000001 REA    __cio_close               001E54 RLA    
__cio_get                 001D6F RLA    __cio_open                001E5A RLA    
__cio_put                 001E60 RLA    __cio_special             001D7B RLA    
__cio_status              001D75 RLA    _cio_close                001E66 RLA    
_cio_get                  001E70 RLA    _cio_open                 001E7A RLA    
_cio_put                  001E84 RLA    _cio_special              001E8E RLA    
_cio_status               001E98 RLA    _err                      001F73 RLA    
_main                     001D82 RLA    _ret                      001F72 RLA    
callmain                  001EA2 RLA    decsp1                    001EC5 RLA    
donelib                   001EB9 RLA    incsp1                    001ECE RLA    
initlib                   001D63 RLA    mulax3                    001ED5 RLA    
ptr1                      00008A RLZ    pushax                    001EEA RLA    
sp                        000082 RLZ    start                     001D01 RLA    
zerobss                   001F00 RLA    


Exports list by value:
----------------------
__RESERVED_MEMORY__       000000 REA    __CONSTRUCTOR_COUNT__     000000 REA    
__DESTRUCTOR_COUNT__      000000 REA    __LOWCODE_SIZE__          000000 REA    
__EXEHDR__                000001 REA    __STARTUP__               000001 REA    
__AUTOSTART__             000001 REA    __BSS_SIZE__              000019 REA    
sp                        000082 RLZ    ptr1                      00008A RLZ    
__STACKSIZE__             000800 REA    __MAIN_START__            001D00 RLA    
start                     001D01 RLA    __LOWCODE_RUN__           001D63 RLA    
initlib                   001D63 RLA    __CONSTRUCTOR_TABLE__     001D6F RLA    
__cio_get                 001D6F RLA    __cio_status              001D75 RLA    
__cio_special             001D7B RLA    _main                     001D82 RLA    
__cio_close               001E54 RLA    __cio_open                001E5A RLA    
__cio_put                 001E60 RLA    _cio_close                001E66 RLA    
_cio_get                  001E70 RLA    _cio_open                 001E7A RLA    
_cio_put                  001E84 RLA    _cio_special              001E8E RLA    
_cio_status               001E98 RLA    callmain                  001EA2 RLA    
donelib                   001EB9 RLA    decsp1                    001EC5 RLA    
incsp1                    001ECE RLA    mulax3                    001ED5 RLA    
pushax                    001EEA RLA    zerobss                   001F00 RLA    
__DESTRUCTOR_TABLE__      001F33 RLA    __BSS_RUN__               001F60 RLA    
__BSS_LOAD__              001F60 RLA    _ret                      001F72 RLA    
_err                      001F73 RLA    


Imports list:
-------------
__AUTOSTART__ (exetrailer.o):
    [linker generated]        src/atari.cfg(6)
__BSS_LOAD__ ([linker generated]):
    exehdr.o                  atari/exehdr.s(4)
__BSS_RUN__ ([linker generated]):
    zerobss.o                 common/zerobss.s(8)
__BSS_SIZE__ ([linker generated]):
    zerobss.o                 common/zerobss.s(8)
__CONSTRUCTOR_COUNT__ ([linker generated]):
    condes.o                  runtime/condes.s(18)
__CONSTRUCTOR_TABLE__ ([linker generated]):
    condes.o                  runtime/condes.s(18)
__DESTRUCTOR_COUNT__ ([linker generated]):
    condes.o                  runtime/condes.s(19)
__DESTRUCTOR_TABLE__ ([linker generated]):
    condes.o                  runtime/condes.s(19)
__EXEHDR__ (exehdr.o):
    [linker generated]        src/atari.cfg(5)
__LOWCODE_RUN__ ([linker generated]):
    crt0.o                    atari/crt0.s(18)
__LOWCODE_SIZE__ ([linker generated]):
    crt0.o                    atari/crt0.s(18)
__MAIN_START__ ([linker generated]):
    exehdr.o                  atari/exehdr.s(4)
__RESERVED_MEMORY__ ([linker generated]):
    crt0.o                    atari/crt0.s(16)
    [linker generated]        src/atari.cfg(19)
__STACKSIZE__ ([linker generated]):
    [linker generated]        src/atari.cfg(19)
__STARTUP__ (crt0.o):
    main.o                    src/main.s(13)
__cio_close (cio-close.o):
    cio-stubs.o               src/cio-stubs.s(7)
__cio_get (cio-get.o):
    cio-stubs.o               src/cio-stubs.s(7)
__cio_open (cio-open.o):
    cio-stubs.o               src/cio-stubs.s(7)
__cio_put (cio-put.o):
    cio-stubs.o               src/cio-stubs.s(7)
__cio_special (cio-special.o):
    cio-stubs.o               src/cio-stubs.s(7)
__cio_status (cio-status.o):
    cio-stubs.o               src/cio-stubs.s(7)
_cio_close (cio-stubs.o):
    main.o                    src/main.s(19)
_cio_get (cio-stubs.o):
    main.o                    src/main.s(20)
_cio_open (cio-stubs.o):
    main.o                    src/main.s(18)
_cio_put (cio-stubs.o):
    main.o                    src/main.s(21)
_cio_special (cio-stubs.o):
    main.o                    src/main.s(23)
_cio_status (cio-stubs.o):
    main.o                    src/main.s(22)
_err (main.o):
    cio-stubs.o               src/cio-stubs.s(6)
    cio-put.o                 src/cio-put.s(13)
    cio-open.o                src/cio-open.s(13)
    cio-close.o               src/cio-close.s(13)
    cio-special.o             src/cio-special.s(13)
    cio-status.o              src/cio-status.s(13)
    cio-get.o                 src/cio-get.s(13)
_main (main.o):
    callmain.o                runtime/callmain.s(11)
_ret (main.o):
    cio-stubs.o               src/cio-stubs.s(5)
callmain (callmain.o):
    crt0.o                    atari/crt0.s(15)
decsp1 (decsp1.o):
    main.o                    src/main.s(183)
donelib (condes.o):
    crt0.o                    atari/crt0.s(14)
incsp1 (incsp1.o):
    main.o                    src/main.s(183)
initlib (condes.o):
    crt0.o                    atari/crt0.s(14)
mulax3 (mulax3.o):
    main.o                    src/main.s(183)
ptr1 (zeropage.o):
    zerobss.o                 common/zerobss.s(9)
    mulax3.o                  runtime/mulax3.s(9)
    main.o                    src/main.s(11)
pushax (pushax.o):
    callmain.o                runtime/callmain.s(11)
sp (zeropage.o):
    pushax.o                  runtime/pushax.s(8)
    incsp1.o                  runtime/incsp1.s(8)
    decsp1.o                  runtime/decsp1.s(8)
    crt0.o                    /home/thomc/Workspace/cc65/asminc/zeropage.inc(11)
    main.o                    src/main.s(10)
start (crt0.o):
    exetrailer.o              atari/exetrailer.s(4)
zerobss (zerobss.o):
    crt0.o                    atari/crt0.s(15)

