Modules list:
-------------
cio-get.o:
    CODE              Offs=000000  Size=000021  Align=00001  Fill=0000
    BSS               Offs=000000  Size=000001  Align=00001  Fill=0000
    DATA              Offs=000000  Size=00000F  Align=00001  Fill=0000
cio-status.o:
    CODE              Offs=000021  Size=000008  Align=00001  Fill=0000
cio-special.o:
    CODE              Offs=000029  Size=000008  Align=00001  Fill=0000
main.o:
    CODE              Offs=000031  Size=0000FA  Align=00001  Fill=0000
    BSS               Offs=000001  Size=000112  Align=00001  Fill=0000
cio-close.o:
    CODE              Offs=00012B  Size=000008  Align=00001  Fill=0000
cio-open.o:
    CODE              Offs=000133  Size=00008F  Align=00001  Fill=0000
cio-put.o:
    CODE              Offs=0001C2  Size=000008  Align=00001  Fill=0000
cio-stubs.o:
    CODE              Offs=0001CA  Size=00003C  Align=00001  Fill=0000
sio.o:
    CODE              Offs=000206  Size=000004  Align=00001  Fill=0000
/home/thomc/Workspace/cc65/lib/atari.lib(add.o):
    CODE              Offs=00020A  Size=00001C  Align=00001  Fill=0000
/home/thomc/Workspace/cc65/lib/atari.lib(addeqsp.o):
    CODE              Offs=000226  Size=000011  Align=00001  Fill=0000
/home/thomc/Workspace/cc65/lib/atari.lib(callmain.o):
    CODE              Offs=000237  Size=000017  Align=00001  Fill=0000
    DATA              Offs=00000F  Size=000004  Align=00001  Fill=0000
/home/thomc/Workspace/cc65/lib/atari.lib(condes.o):
    CODE              Offs=00024E  Size=00000C  Align=00001  Fill=0000
    DATA              Offs=000013  Size=000025  Align=00001  Fill=0000
    ONCE              Offs=000000  Size=00000C  Align=00001  Fill=0000
/home/thomc/Workspace/cc65/lib/atari.lib(crt0.o):
    BSS               Offs=000113  Size=000005  Align=00001  Fill=0000
    STARTUP           Offs=000000  Size=000063  Align=00001  Fill=0000
/home/thomc/Workspace/cc65/lib/atari.lib(decax1.o):
    CODE              Offs=00025A  Size=000007  Align=00001  Fill=0000
/home/thomc/Workspace/cc65/lib/atari.lib(decsp1.o):
    CODE              Offs=000261  Size=000009  Align=00001  Fill=0000
/home/thomc/Workspace/cc65/lib/atari.lib(exehdr.o):
    EXEHDR            Offs=000000  Size=000002  Align=00001  Fill=0000
    MAINHDR           Offs=000000  Size=000004  Align=00001  Fill=0000
/home/thomc/Workspace/cc65/lib/atari.lib(exetrailer.o):
    AUTOSTRT          Offs=000000  Size=000006  Align=00001  Fill=0000
/home/thomc/Workspace/cc65/lib/atari.lib(incsp1.o):
    CODE              Offs=00026A  Size=000007  Align=00001  Fill=0000
/home/thomc/Workspace/cc65/lib/atari.lib(incsp2.o):
    CODE              Offs=000271  Size=000016  Align=00001  Fill=0000
/home/thomc/Workspace/cc65/lib/atari.lib(ldaui.o):
    CODE              Offs=000287  Size=000009  Align=00001  Fill=0000
/home/thomc/Workspace/cc65/lib/atari.lib(ldaxsp.o):
    CODE              Offs=000290  Size=000009  Align=00001  Fill=0000
/home/thomc/Workspace/cc65/lib/atari.lib(makebool.o):
    CODE              Offs=000299  Size=00002C  Align=00001  Fill=0000
/home/thomc/Workspace/cc65/lib/atari.lib(mulax3.o):
    CODE              Offs=0002C5  Size=000011  Align=00001  Fill=0000
/home/thomc/Workspace/cc65/lib/atari.lib(pushax.o):
    CODE              Offs=0002D6  Size=00001A  Align=00001  Fill=0000
/home/thomc/Workspace/cc65/lib/atari.lib(staspidx.o):
    CODE              Offs=0002F0  Size=000016  Align=00001  Fill=0000
/home/thomc/Workspace/cc65/lib/atari.lib(staxspi.o):
    CODE              Offs=000306  Size=00001B  Align=00001  Fill=0000
/home/thomc/Workspace/cc65/lib/atari.lib(strcpy.o):
    CODE              Offs=000321  Size=00001F  Align=00001  Fill=0000
/home/thomc/Workspace/cc65/lib/atari.lib(zerobss.o):
    CODE              Offs=000340  Size=000023  Align=00001  Fill=0000
/home/thomc/Workspace/cc65/lib/atari.lib(zeropage.o):
    ZEROPAGE          Offs=000000  Size=00001A  Align=00001  Fill=0000


Segment list:
-------------
Name                   Start     End    Size  Align
----------------------------------------------------
AUTOSTRT              000000  000005  000006  00001
EXEHDR                000000  000001  000002  00001
MAINHDR               000000  000003  000004  00001
ZEROPAGE              0000CB  0000E4  00001A  00001
STARTUP               001D00  001D62  000063  00001
ONCE                  001D63  001D6E  00000C  00001
CODE                  001D6F  0020D1  000363  00001
DATA                  0020D2  002109  000038  00001
BSS                   00210A  002221  000118  00001


Exports list by name:
---------------------
__AUTOSTART__             000001 REA    __BSS_LOAD__              00210A RLA    
__BSS_RUN__               00210A RLA    __BSS_SIZE__              000118 REA    
__CONSTRUCTOR_COUNT__     000000 REA    __CONSTRUCTOR_TABLE__     001D6F RLA    
__DESTRUCTOR_COUNT__      000000 REA    __DESTRUCTOR_TABLE__      0020D2 RLA    
__EXEHDR__                000001 REA    __LOWCODE_RUN__           001D63 RLA    
__LOWCODE_SIZE__          000000 REA    __MAIN_START__            001D00 RLA    
__RESERVED_MEMORY__       000000 REA    __STACKSIZE__             000800 REA    
__STARTUP__               000001 REA    __cio_close               001E9A RLA    
__cio_get                 001D6F RLA    __cio_open                001EA2 RLA    
__cio_put                 001F31 RLA    __cio_special             001D98 RLA    
__cio_status              001D90 RLA    _cio_close                001F39 RLA    
_cio_get                  001F43 RLA    _cio_open                 001F4D RLA    
_cio_put                  001F57 RLA    _cio_special              001F61 RLA    
_cio_status               001F6B RLA    _err                      00221C RLA    
_main                     001DA1 RLA    _packet                   00211B RLA    
_ret                      00221B RLA    _siov                     001F75 RLA    
_strcpy                   002090 RLA    addeqysp                  001F97 RLA    
booleq                    00200E RLA    boolult                   002027 RLA    
callmain                  001FA6 RLA    decax1                    001FC9 RLA    
decsp1                    001FD0 RLA    donelib                   001FBD RLA    
incsp1                    001FD9 RLA    incsp2                    001FE8 RLA    
initlib                   001D63 RLA    ldauidx                   001FF6 RLA    
ldaxysp                   002001 RLA    mulax3                    002034 RLA    
popax                     001FE0 RLA    ptr1                      0000D3 RLZ    
ptr2                      0000D5 RLZ    pushax                    002049 RLA    
sp                        0000CB RLZ    start                     001D01 RLA    
staspidx                  00205F RLA    staxspidx                 002075 RLA    
tmp1                      0000DB RLZ    tosaddax                  001F7B RLA    
zerobss                   0020AF RLA    


Exports list by value:
----------------------
__LOWCODE_SIZE__          000000 REA    __CONSTRUCTOR_COUNT__     000000 REA    
__DESTRUCTOR_COUNT__      000000 REA    __RESERVED_MEMORY__       000000 REA    
__AUTOSTART__             000001 REA    __EXEHDR__                000001 REA    
__STARTUP__               000001 REA    sp                        0000CB RLZ    
ptr1                      0000D3 RLZ    ptr2                      0000D5 RLZ    
tmp1                      0000DB RLZ    __BSS_SIZE__              000118 REA    
__STACKSIZE__             000800 REA    __MAIN_START__            001D00 RLA    
start                     001D01 RLA    __LOWCODE_RUN__           001D63 RLA    
initlib                   001D63 RLA    __cio_get                 001D6F RLA    
__CONSTRUCTOR_TABLE__     001D6F RLA    __cio_status              001D90 RLA    
__cio_special             001D98 RLA    _main                     001DA1 RLA    
__cio_close               001E9A RLA    __cio_open                001EA2 RLA    
__cio_put                 001F31 RLA    _cio_close                001F39 RLA    
_cio_get                  001F43 RLA    _cio_open                 001F4D RLA    
_cio_put                  001F57 RLA    _cio_special              001F61 RLA    
_cio_status               001F6B RLA    _siov                     001F75 RLA    
tosaddax                  001F7B RLA    addeqysp                  001F97 RLA    
callmain                  001FA6 RLA    donelib                   001FBD RLA    
decax1                    001FC9 RLA    decsp1                    001FD0 RLA    
incsp1                    001FD9 RLA    popax                     001FE0 RLA    
incsp2                    001FE8 RLA    ldauidx                   001FF6 RLA    
ldaxysp                   002001 RLA    booleq                    00200E RLA    
boolult                   002027 RLA    mulax3                    002034 RLA    
pushax                    002049 RLA    staspidx                  00205F RLA    
staxspidx                 002075 RLA    _strcpy                   002090 RLA    
zerobss                   0020AF RLA    __DESTRUCTOR_TABLE__      0020D2 RLA    
__BSS_LOAD__              00210A RLA    __BSS_RUN__               00210A RLA    
_packet                   00211B RLA    _ret                      00221B RLA    
_err                      00221C RLA    


Imports list:
-------------
__AUTOSTART__ (exetrailer.o):
    [linker generated]        src/atari.cfg(6)
__BSS_LOAD__ ([linker generated]):
    exehdr.o                  atari/exehdr.s(4)
__BSS_RUN__ ([linker generated]):
    zerobss.o                 common/zerobss.s(8)
__BSS_SIZE__ ([linker generated]):
    zerobss.o                 common/zerobss.s(8)
__CONSTRUCTOR_COUNT__ ([linker generated]):
    condes.o                  runtime/condes.s(18)
__CONSTRUCTOR_TABLE__ ([linker generated]):
    condes.o                  runtime/condes.s(18)
__DESTRUCTOR_COUNT__ ([linker generated]):
    condes.o                  runtime/condes.s(19)
__DESTRUCTOR_TABLE__ ([linker generated]):
    condes.o                  runtime/condes.s(19)
__EXEHDR__ (exehdr.o):
    [linker generated]        src/atari.cfg(5)
__LOWCODE_RUN__ ([linker generated]):
    crt0.o                    atari/crt0.s(18)
__LOWCODE_SIZE__ ([linker generated]):
    crt0.o                    atari/crt0.s(18)
__MAIN_START__ ([linker generated]):
    exehdr.o                  atari/exehdr.s(4)
__RESERVED_MEMORY__ ([linker generated]):
    crt0.o                    atari/crt0.s(16)
    [linker generated]        src/atari.cfg(19)
__STACKSIZE__ ([linker generated]):
    [linker generated]        src/atari.cfg(19)
__STARTUP__ (crt0.o):
    main.o                    src/main.s(13)
__cio_close (cio-close.o):
    cio-stubs.o               src/cio-stubs.s(7)
__cio_get (cio-get.o):
    cio-stubs.o               src/cio-stubs.s(7)
__cio_open (cio-open.o):
    cio-stubs.o               src/cio-stubs.s(7)
__cio_put (cio-put.o):
    cio-stubs.o               src/cio-stubs.s(7)
__cio_special (cio-special.o):
    cio-stubs.o               src/cio-stubs.s(7)
__cio_status (cio-status.o):
    cio-stubs.o               src/cio-stubs.s(7)
_cio_close (cio-stubs.o):
    main.o                    src/main.s(17)
_cio_get (cio-stubs.o):
    main.o                    src/main.s(18)
_cio_open (cio-stubs.o):
    main.o                    src/main.s(16)
_cio_put (cio-stubs.o):
    main.o                    src/main.s(19)
_cio_special (cio-stubs.o):
    main.o                    src/main.s(21)
_cio_status (cio-stubs.o):
    main.o                    src/main.s(20)
_err (main.o):
    cio-stubs.o               src/cio-stubs.s(6)
    cio-put.o                 src/cio-put.s(13)
    cio-open.o                src/cio-open.s(15)
    cio-close.o               src/cio-close.s(13)
    cio-special.o             src/cio-special.s(13)
    cio-status.o              src/cio-status.s(13)
    cio-get.o                 src/cio-get.s(13)
_main (main.o):
    callmain.o                runtime/callmain.s(11)
_packet (main.o):
    cio-open.o                src/cio-open.s(16)
_ret (main.o):
    cio-stubs.o               src/cio-stubs.s(5)
    cio-get.o                 src/cio-get.s(14)
_siov (sio.o):
    cio-open.o                src/cio-open.s(14)
_strcpy (strcpy.o):
    cio-open.o                src/cio-open.s(13)
addeqysp (addeqsp.o):
    cio-open.o                src/cio-open.s(90)
booleq (makebool.o):
    main.o                    src/main.s(166)
boolult (makebool.o):
    main.o                    src/main.s(166)
callmain (callmain.o):
    crt0.o                    atari/crt0.s(15)
decax1 (decax1.o):
    cio-open.o                src/cio-open.s(90)
    main.o                    src/main.s(166)
decsp1 (decsp1.o):
    main.o                    src/main.s(166)
donelib (condes.o):
    crt0.o                    atari/crt0.s(14)
incsp1 (incsp1.o):
    main.o                    src/main.s(166)
incsp2 (incsp2.o):
    staxspi.o                 runtime/staxspi.s(9)
    staspidx.o                runtime/staspidx.s(8)
    cio-open.o                src/cio-open.s(90)
initlib (condes.o):
    crt0.o                    atari/crt0.s(14)
ldauidx (ldaui.o):
    main.o                    src/main.s(166)
    cio-get.o                 src/cio-get.s(58)
ldaxysp (ldaxsp.o):
    cio-open.o                src/cio-open.s(90)
mulax3 (mulax3.o):
    main.o                    src/main.s(166)
popax (incsp2.o):
    strcpy.o                  common/strcpy.s(8)
ptr1 (zeropage.o):
    zerobss.o                 common/zerobss.s(9)
    strcpy.o                  common/strcpy.s(9)
    staxspi.o                 runtime/staxspi.s(10)
    staspidx.o                runtime/staspidx.s(9)
    mulax3.o                  runtime/mulax3.s(9)
    ldaui.o                   runtime/ldaui.s(8)
ptr2 (zeropage.o):
    strcpy.o                  common/strcpy.s(9)
pushax (pushax.o):
    callmain.o                runtime/callmain.s(11)
    cio-open.o                src/cio-open.s(90)
    main.o                    src/main.s(166)
sp (zeropage.o):
    staxspi.o                 runtime/staxspi.s(10)
    staspidx.o                runtime/staspidx.s(9)
    pushax.o                  runtime/pushax.s(8)
    ldaxsp.o                  runtime/ldaxsp.s(8)
    incsp2.o                  runtime/incsp2.s(8)
    incsp1.o                  runtime/incsp1.s(8)
    decsp1.o                  runtime/decsp1.s(8)
    crt0.o                    /home/thomc/Workspace/cc65/asminc/zeropage.inc(11)
    addeqsp.o                 runtime/addeqsp.s(8)
    add.o                     runtime/add.s(12)
    main.o                    src/main.s(10)
start (crt0.o):
    exetrailer.o              atari/exetrailer.s(4)
staspidx (staspidx.o):
    cio-open.o                src/cio-open.s(90)
    main.o                    src/main.s(166)
staxspidx (staxspi.o):
    main.o                    src/main.s(166)
tmp1 (zeropage.o):
    staxspi.o                 runtime/staxspi.s(10)
    staspidx.o                runtime/staspidx.s(9)
    add.o                     runtime/add.s(12)
tosaddax (add.o):
    cio-open.o                src/cio-open.s(90)
    main.o                    src/main.s(166)
zerobss (zerobss.o):
    crt0.o                    atari/crt0.s(15)

