Modules list:
-------------
cio-get.o:
    CODE              Offs=000000  Size=000001  Align=00001  Fill=0000
cio-status.o:
    CODE              Offs=000001  Size=000008  Align=00001  Fill=0000
cio-special.o:
    CODE              Offs=000009  Size=000008  Align=00001  Fill=0000
main.o:
    CODE              Offs=000011  Size=0000FA  Align=00001  Fill=0000
    BSS               Offs=000000  Size=000112  Align=00001  Fill=0000
cio-close.o:
    CODE              Offs=00010B  Size=000008  Align=00001  Fill=0000
cio-open.o:
    CODE              Offs=000113  Size=00008F  Align=00001  Fill=0000
cio-put.o:
    CODE              Offs=0001A2  Size=0000A7  Align=00001  Fill=0000
    BSS               Offs=000112  Size=000001  Align=00001  Fill=0000
cio-stubs.o:
    CODE              Offs=000249  Size=00003C  Align=00001  Fill=0000
sio.o:
    CODE              Offs=000285  Size=000004  Align=00001  Fill=0000
/home/thomc/Workspace/cc65/lib/atari.lib(add.o):
    CODE              Offs=000289  Size=00001C  Align=00001  Fill=0000
/home/thomc/Workspace/cc65/lib/atari.lib(addeqsp.o):
    CODE              Offs=0002A5  Size=000011  Align=00001  Fill=0000
/home/thomc/Workspace/cc65/lib/atari.lib(callmain.o):
    CODE              Offs=0002B6  Size=000017  Align=00001  Fill=0000
    DATA              Offs=000000  Size=000004  Align=00001  Fill=0000
/home/thomc/Workspace/cc65/lib/atari.lib(condes.o):
    CODE              Offs=0002CD  Size=00000C  Align=00001  Fill=0000
    DATA              Offs=000004  Size=000025  Align=00001  Fill=0000
    ONCE              Offs=000000  Size=00000C  Align=00001  Fill=0000
/home/thomc/Workspace/cc65/lib/atari.lib(crt0.o):
    BSS               Offs=000113  Size=000005  Align=00001  Fill=0000
    STARTUP           Offs=000000  Size=000063  Align=00001  Fill=0000
/home/thomc/Workspace/cc65/lib/atari.lib(decax1.o):
    CODE              Offs=0002D9  Size=000007  Align=00001  Fill=0000
/home/thomc/Workspace/cc65/lib/atari.lib(decsp1.o):
    CODE              Offs=0002E0  Size=000009  Align=00001  Fill=0000
/home/thomc/Workspace/cc65/lib/atari.lib(exehdr.o):
    EXEHDR            Offs=000000  Size=000002  Align=00001  Fill=0000
    MAINHDR           Offs=000000  Size=000004  Align=00001  Fill=0000
/home/thomc/Workspace/cc65/lib/atari.lib(exetrailer.o):
    AUTOSTRT          Offs=000000  Size=000006  Align=00001  Fill=0000
/home/thomc/Workspace/cc65/lib/atari.lib(incsp1.o):
    CODE              Offs=0002E9  Size=000007  Align=00001  Fill=0000
/home/thomc/Workspace/cc65/lib/atari.lib(incsp2.o):
    CODE              Offs=0002F0  Size=000016  Align=00001  Fill=0000
/home/thomc/Workspace/cc65/lib/atari.lib(ldaui.o):
    CODE              Offs=000306  Size=000009  Align=00001  Fill=0000
/home/thomc/Workspace/cc65/lib/atari.lib(ldaxsp.o):
    CODE              Offs=00030F  Size=000009  Align=00001  Fill=0000
/home/thomc/Workspace/cc65/lib/atari.lib(makebool.o):
    CODE              Offs=000318  Size=00002C  Align=00001  Fill=0000
/home/thomc/Workspace/cc65/lib/atari.lib(memset.o):
    CODE              Offs=000344  Size=00005D  Align=00001  Fill=0000
/home/thomc/Workspace/cc65/lib/atari.lib(mulax3.o):
    CODE              Offs=0003A1  Size=000011  Align=00001  Fill=0000
/home/thomc/Workspace/cc65/lib/atari.lib(pusha.o):
    CODE              Offs=0003B2  Size=000016  Align=00001  Fill=0000
/home/thomc/Workspace/cc65/lib/atari.lib(pushax.o):
    CODE              Offs=0003C8  Size=00001A  Align=00001  Fill=0000
/home/thomc/Workspace/cc65/lib/atari.lib(staspidx.o):
    CODE              Offs=0003E2  Size=000016  Align=00001  Fill=0000
/home/thomc/Workspace/cc65/lib/atari.lib(staxspi.o):
    CODE              Offs=0003F8  Size=00001B  Align=00001  Fill=0000
/home/thomc/Workspace/cc65/lib/atari.lib(strcpy.o):
    CODE              Offs=000413  Size=00001F  Align=00001  Fill=0000
/home/thomc/Workspace/cc65/lib/atari.lib(zerobss.o):
    CODE              Offs=000432  Size=000023  Align=00001  Fill=0000
/home/thomc/Workspace/cc65/lib/atari.lib(zeropage.o):
    ZEROPAGE          Offs=000000  Size=00001A  Align=00001  Fill=0000


Segment list:
-------------
Name                   Start     End    Size  Align
----------------------------------------------------
AUTOSTRT              000000  000005  000006  00001
EXEHDR                000000  000001  000002  00001
MAINHDR               000000  000003  000004  00001
ZEROPAGE              0000CB  0000E4  00001A  00001
STARTUP               001D00  001D62  000063  00001
ONCE                  001D63  001D6E  00000C  00001
CODE                  001D6F  0021C3  000455  00001
DATA                  0021C4  0021EC  000029  00001
BSS                   0021ED  002304  000118  00001


Exports list by name:
---------------------
__AUTOSTART__             000001 REA    __BSS_LOAD__              0021ED RLA    
__BSS_RUN__               0021ED RLA    __BSS_SIZE__              000118 REA    
__CONSTRUCTOR_COUNT__     000000 REA    __CONSTRUCTOR_TABLE__     001D6F RLA    
__DESTRUCTOR_COUNT__      000000 REA    __DESTRUCTOR_TABLE__      0021C4 RLA    
__EXEHDR__                000001 REA    __LOWCODE_RUN__           001D63 RLA    
__LOWCODE_SIZE__          000000 REA    __MAIN_START__            001D00 RLA    
__RESERVED_MEMORY__       000000 REA    __STACKSIZE__             000800 REA    
__STARTUP__               000001 REA    __bzero                   0020B3 RLA    
__cio_close               001E7A RLA    __cio_get                 001D6F RLA    
__cio_open                001E82 RLA    __cio_put                 001F67 RLA    
__cio_special             001D78 RLA    __cio_status              001D70 RLA    
_cio_close                001FB8 RLA    _cio_get                  001FC2 RLA    
_cio_open                 001FCC RLA    _cio_put                  001FD6 RLA    
_cio_special              001FE0 RLA    _cio_status               001FEA RLA    
_err                      0022FE RLA    _main                     001D81 RLA    
_packet                   0021FD RLA    _ret                      0022FD RLA    
_siov                     001FF4 RLA    _strcpy                   002182 RLA    
addeqysp                  002016 RLA    booleq                    00208D RLA    
boolne                    002087 RLA    boolult                   0020A6 RLA    
callmain                  002025 RLA    decax1                    002048 RLA    
decsp1                    00204F RLA    donelib                   00203C RLA    
incsp1                    002058 RLA    incsp2                    002067 RLA    
initlib                   001D63 RLA    ldauidx                   002075 RLA    
ldaxysp                   002080 RLA    mulax3                    002110 RLA    
popax                     00205F RLA    ptr1                      0000D3 RLZ    
ptr2                      0000D5 RLZ    ptr3                      0000D7 RLZ    
pusha                     002125 RLA    pushax                    00213B RLA    
sp                        0000CB RLZ    start                     001D01 RLA    
staspidx                  002151 RLA    staxspidx                 002167 RLA    
tmp1                      0000DB RLZ    tosaddax                  001FFA RLA    
zerobss                   0021A1 RLA    


Exports list by value:
----------------------
__CONSTRUCTOR_COUNT__     000000 REA    __LOWCODE_SIZE__          000000 REA    
__RESERVED_MEMORY__       000000 REA    __DESTRUCTOR_COUNT__      000000 REA    
__EXEHDR__                000001 REA    __AUTOSTART__             000001 REA    
__STARTUP__               000001 REA    sp                        0000CB RLZ    
ptr1                      0000D3 RLZ    ptr2                      0000D5 RLZ    
ptr3                      0000D7 RLZ    tmp1                      0000DB RLZ    
__BSS_SIZE__              000118 REA    __STACKSIZE__             000800 REA    
__MAIN_START__            001D00 RLA    start                     001D01 RLA    
__LOWCODE_RUN__           001D63 RLA    initlib                   001D63 RLA    
__cio_get                 001D6F RLA    __CONSTRUCTOR_TABLE__     001D6F RLA    
__cio_status              001D70 RLA    __cio_special             001D78 RLA    
_main                     001D81 RLA    __cio_close               001E7A RLA    
__cio_open                001E82 RLA    __cio_put                 001F67 RLA    
_cio_close                001FB8 RLA    _cio_get                  001FC2 RLA    
_cio_open                 001FCC RLA    _cio_put                  001FD6 RLA    
_cio_special              001FE0 RLA    _cio_status               001FEA RLA    
_siov                     001FF4 RLA    tosaddax                  001FFA RLA    
addeqysp                  002016 RLA    callmain                  002025 RLA    
donelib                   00203C RLA    decax1                    002048 RLA    
decsp1                    00204F RLA    incsp1                    002058 RLA    
popax                     00205F RLA    incsp2                    002067 RLA    
ldauidx                   002075 RLA    ldaxysp                   002080 RLA    
boolne                    002087 RLA    booleq                    00208D RLA    
boolult                   0020A6 RLA    __bzero                   0020B3 RLA    
mulax3                    002110 RLA    pusha                     002125 RLA    
pushax                    00213B RLA    staspidx                  002151 RLA    
staxspidx                 002167 RLA    _strcpy                   002182 RLA    
zerobss                   0021A1 RLA    __DESTRUCTOR_TABLE__      0021C4 RLA    
__BSS_LOAD__              0021ED RLA    __BSS_RUN__               0021ED RLA    
_packet                   0021FD RLA    _ret                      0022FD RLA    
_err                      0022FE RLA    


Imports list:
-------------
__AUTOSTART__ (exetrailer.o):
    [linker generated]        src/atari.cfg(6)
__BSS_LOAD__ ([linker generated]):
    exehdr.o                  atari/exehdr.s(4)
__BSS_RUN__ ([linker generated]):
    zerobss.o                 common/zerobss.s(8)
__BSS_SIZE__ ([linker generated]):
    zerobss.o                 common/zerobss.s(8)
__CONSTRUCTOR_COUNT__ ([linker generated]):
    condes.o                  runtime/condes.s(18)
__CONSTRUCTOR_TABLE__ ([linker generated]):
    condes.o                  runtime/condes.s(18)
__DESTRUCTOR_COUNT__ ([linker generated]):
    condes.o                  runtime/condes.s(19)
__DESTRUCTOR_TABLE__ ([linker generated]):
    condes.o                  runtime/condes.s(19)
__EXEHDR__ (exehdr.o):
    [linker generated]        src/atari.cfg(5)
__LOWCODE_RUN__ ([linker generated]):
    crt0.o                    atari/crt0.s(18)
__LOWCODE_SIZE__ ([linker generated]):
    crt0.o                    atari/crt0.s(18)
__MAIN_START__ ([linker generated]):
    exehdr.o                  atari/exehdr.s(4)
__RESERVED_MEMORY__ ([linker generated]):
    crt0.o                    atari/crt0.s(16)
    [linker generated]        src/atari.cfg(19)
__STACKSIZE__ ([linker generated]):
    [linker generated]        src/atari.cfg(19)
__STARTUP__ (crt0.o):
    main.o                    src/main.s(13)
__bzero (memset.o):
    cio-put.o                 src/cio-put.s(123)
__cio_close (cio-close.o):
    cio-stubs.o               src/cio-stubs.s(7)
__cio_get (cio-get.o):
    cio-stubs.o               src/cio-stubs.s(7)
__cio_open (cio-open.o):
    cio-stubs.o               src/cio-stubs.s(7)
__cio_put (cio-put.o):
    cio-stubs.o               src/cio-stubs.s(7)
__cio_special (cio-special.o):
    cio-stubs.o               src/cio-stubs.s(7)
__cio_status (cio-status.o):
    cio-stubs.o               src/cio-stubs.s(7)
_cio_close (cio-stubs.o):
    main.o                    src/main.s(17)
_cio_get (cio-stubs.o):
    main.o                    src/main.s(18)
_cio_open (cio-stubs.o):
    main.o                    src/main.s(16)
_cio_put (cio-stubs.o):
    main.o                    src/main.s(19)
_cio_special (cio-stubs.o):
    main.o                    src/main.s(21)
_cio_status (cio-stubs.o):
    main.o                    src/main.s(20)
_err (main.o):
    cio-stubs.o               src/cio-stubs.s(6)
    cio-put.o                 src/cio-put.s(15)
    cio-open.o                src/cio-open.s(15)
    cio-close.o               src/cio-close.s(13)
    cio-special.o             src/cio-special.s(13)
    cio-status.o              src/cio-status.s(13)
_main (main.o):
    callmain.o                runtime/callmain.s(11)
_packet (main.o):
    cio-put.o                 src/cio-put.s(16)
    cio-open.o                src/cio-open.s(16)
_ret (main.o):
    cio-stubs.o               src/cio-stubs.s(5)
_siov (sio.o):
    cio-put.o                 src/cio-put.s(14)
    cio-open.o                src/cio-open.s(14)
_strcpy (strcpy.o):
    cio-open.o                src/cio-open.s(13)
addeqysp (addeqsp.o):
    cio-open.o                src/cio-open.s(90)
booleq (makebool.o):
    main.o                    src/main.s(166)
boolne (makebool.o):
    cio-put.o                 src/cio-put.s(123)
boolult (makebool.o):
    main.o                    src/main.s(166)
callmain (callmain.o):
    crt0.o                    atari/crt0.s(15)
decax1 (decax1.o):
    cio-open.o                src/cio-open.s(90)
    main.o                    src/main.s(166)
decsp1 (decsp1.o):
    main.o                    src/main.s(166)
donelib (condes.o):
    crt0.o                    atari/crt0.s(14)
incsp1 (incsp1.o):
    cio-put.o                 src/cio-put.s(123)
    main.o                    src/main.s(166)
incsp2 (incsp2.o):
    staxspi.o                 runtime/staxspi.s(9)
    staspidx.o                runtime/staspidx.s(8)
    cio-open.o                src/cio-open.s(90)
initlib (condes.o):
    crt0.o                    atari/crt0.s(14)
ldauidx (ldaui.o):
    main.o                    src/main.s(166)
ldaxysp (ldaxsp.o):
    cio-open.o                src/cio-open.s(90)
mulax3 (mulax3.o):
    main.o                    src/main.s(166)
popax (incsp2.o):
    strcpy.o                  common/strcpy.s(8)
    memset.o                  common/memset.s(19)
ptr1 (zeropage.o):
    zerobss.o                 common/zerobss.s(9)
    strcpy.o                  common/strcpy.s(9)
    staxspi.o                 runtime/staxspi.s(10)
    staspidx.o                runtime/staspidx.s(9)
    mulax3.o                  runtime/mulax3.s(9)
    memset.o                  common/memset.s(20)
    ldaui.o                   runtime/ldaui.s(8)
ptr2 (zeropage.o):
    strcpy.o                  common/strcpy.s(9)
    memset.o                  common/memset.s(20)
ptr3 (zeropage.o):
    memset.o                  common/memset.s(20)
pusha (pusha.o):
    cio-put.o                 src/cio-put.s(123)
pushax (pushax.o):
    callmain.o                runtime/callmain.s(11)
    cio-put.o                 src/cio-put.s(123)
    cio-open.o                src/cio-open.s(90)
    main.o                    src/main.s(166)
sp (zeropage.o):
    staxspi.o                 runtime/staxspi.s(10)
    staspidx.o                runtime/staspidx.s(9)
    pushax.o                  runtime/pushax.s(8)
    pusha.o                   runtime/pusha.s(8)
    memset.o                  common/memset.s(20)
    ldaxsp.o                  runtime/ldaxsp.s(8)
    incsp2.o                  runtime/incsp2.s(8)
    incsp1.o                  runtime/incsp1.s(8)
    decsp1.o                  runtime/decsp1.s(8)
    crt0.o                    /home/thomc/Workspace/cc65/asminc/zeropage.inc(11)
    addeqsp.o                 runtime/addeqsp.s(8)
    add.o                     runtime/add.s(12)
    cio-put.o                 src/cio-put.s(10)
    main.o                    src/main.s(10)
start (crt0.o):
    exetrailer.o              atari/exetrailer.s(4)
staspidx (staspidx.o):
    cio-put.o                 src/cio-put.s(123)
    cio-open.o                src/cio-open.s(90)
    main.o                    src/main.s(166)
staxspidx (staxspi.o):
    main.o                    src/main.s(166)
tmp1 (zeropage.o):
    staxspi.o                 runtime/staxspi.s(10)
    staspidx.o                runtime/staspidx.s(9)
    add.o                     runtime/add.s(12)
tosaddax (add.o):
    cio-open.o                src/cio-open.s(90)
    main.o                    src/main.s(166)
zerobss (zerobss.o):
    crt0.o                    atari/crt0.s(15)

