Modules list:
-------------
main.o:
    CODE              Offs=000000  Size=0000D9  Align=00001  Fill=0000
    RODATA            Offs=000000  Size=000010  Align=00001  Fill=0000
    BSS               Offs=000000  Size=000016  Align=00001  Fill=0000
    DATA              Offs=000000  Size=000004  Align=00001  Fill=0000
cio_put.o:
    CODE              Offs=0000D9  Size=00000A  Align=00001  Fill=0000
cio_status.o:
    CODE              Offs=0000E3  Size=00000A  Align=00001  Fill=0000
cio_close.o:
    CODE              Offs=0000ED  Size=00000A  Align=00001  Fill=0000
cio_special.o:
    CODE              Offs=0000F7  Size=00000A  Align=00001  Fill=0000
cio_open.o:
    CODE              Offs=000101  Size=00000A  Align=00001  Fill=0000
cio_get.o:
    CODE              Offs=00010B  Size=00000A  Align=00001  Fill=0000
/home/thomc/Workspace/cc65/lib/atari.lib(callmain.o):
    CODE              Offs=000115  Size=000017  Align=00001  Fill=0000
    DATA              Offs=000004  Size=000004  Align=00001  Fill=0000
/home/thomc/Workspace/cc65/lib/atari.lib(condes.o):
    CODE              Offs=00012C  Size=00000C  Align=00001  Fill=0000
    DATA              Offs=000008  Size=000025  Align=00001  Fill=0000
    ONCE              Offs=000000  Size=00000C  Align=00001  Fill=0000
/home/thomc/Workspace/cc65/lib/atari.lib(crt0.o):
    BSS               Offs=000016  Size=000005  Align=00001  Fill=0000
    STARTUP           Offs=000000  Size=000063  Align=00001  Fill=0000
/home/thomc/Workspace/cc65/lib/atari.lib(decsp1.o):
    CODE              Offs=000138  Size=000009  Align=00001  Fill=0000
/home/thomc/Workspace/cc65/lib/atari.lib(exehdr.o):
    EXEHDR            Offs=000000  Size=000002  Align=00001  Fill=0000
    MAINHDR           Offs=000000  Size=000004  Align=00001  Fill=0000
/home/thomc/Workspace/cc65/lib/atari.lib(exetrailer.o):
    AUTOSTRT          Offs=000000  Size=000006  Align=00001  Fill=0000
/home/thomc/Workspace/cc65/lib/atari.lib(incsp1.o):
    CODE              Offs=000141  Size=000007  Align=00001  Fill=0000
/home/thomc/Workspace/cc65/lib/atari.lib(mulax3.o):
    CODE              Offs=000148  Size=000011  Align=00001  Fill=0000
/home/thomc/Workspace/cc65/lib/atari.lib(pushax.o):
    CODE              Offs=000159  Size=00001A  Align=00001  Fill=0000
/home/thomc/Workspace/cc65/lib/atari.lib(zerobss.o):
    CODE              Offs=000173  Size=000023  Align=00001  Fill=0000
/home/thomc/Workspace/cc65/lib/atari.lib(zeropage.o):
    ZEROPAGE          Offs=000000  Size=00001A  Align=00001  Fill=0000


Segment list:
-------------
Name                   Start     End    Size  Align
----------------------------------------------------
AUTOSTRT              000000  000005  000006  00001
EXEHDR                000000  000001  000002  00001
MAINHDR               000000  000003  000004  00001
ZEROPAGE              000082  00009B  00001A  00001
STARTUP               001D00  001D62  000063  00001
ONCE                  001D63  001D6E  00000C  00001
CODE                  001D6F  001F04  000196  00001
RODATA                001F05  001F14  000010  00001
DATA                  001F15  001F41  00002D  00001
BSS                   001F42  001F5C  00001B  00001


Exports list by name:
---------------------
__AUTOSTART__             000001 REA    __BSS_LOAD__              001F42 RLA    
__BSS_RUN__               001F42 RLA    __BSS_SIZE__              00001B REA    
__CONSTRUCTOR_COUNT__     000000 REA    __CONSTRUCTOR_TABLE__     001D6F RLA    
__DESTRUCTOR_COUNT__      000000 REA    __DESTRUCTOR_TABLE__      001F15 RLA    
__EXEHDR__                000001 REA    __LOWCODE_RUN__           001D63 RLA    
__LOWCODE_SIZE__          000000 REA    __MAIN_START__            001D00 RLA    
__RESERVED_MEMORY__       000000 REA    __STACKSIZE__             000800 REA    
__STARTUP__               000001 REA    __cio_close               001D70 RLA    
__cio_get                 001D71 RLA    __cio_open                001D6F RLA    
__cio_put                 001D72 RLA    __cio_special             001D74 RLA    
__cio_status              001D73 RLA    _cio_close                001E5C RLA    
_cio_get                  001E7A RLA    _cio_open                 001E70 RLA    
_cio_put                  001E48 RLA    _cio_special              001E66 RLA    
_cio_status               001E52 RLA    _err                      001F56 RLA    
_main                     001D76 RLA    _ret                      001F54 RLA    
callmain                  001E84 RLA    decsp1                    001EA7 RLA    
donelib                   001E9B RLA    incsp1                    001EB0 RLA    
initlib                   001D63 RLA    mulax3                    001EB7 RLA    
ptr1                      00008A RLZ    pushax                    001ECC RLA    
sp                        000082 RLZ    start                     001D01 RLA    
zerobss                   001EE2 RLA    


Exports list by value:
----------------------
__RESERVED_MEMORY__       000000 REA    __CONSTRUCTOR_COUNT__     000000 REA    
__DESTRUCTOR_COUNT__      000000 REA    __LOWCODE_SIZE__          000000 REA    
__EXEHDR__                000001 REA    __STARTUP__               000001 REA    
__AUTOSTART__             000001 REA    __BSS_SIZE__              00001B REA    
sp                        000082 RLZ    ptr1                      00008A RLZ    
__STACKSIZE__             000800 REA    __MAIN_START__            001D00 RLA    
start                     001D01 RLA    __LOWCODE_RUN__           001D63 RLA    
initlib                   001D63 RLA    __CONSTRUCTOR_TABLE__     001D6F RLA    
__cio_open                001D6F RLA    __cio_close               001D70 RLA    
__cio_get                 001D71 RLA    __cio_put                 001D72 RLA    
__cio_status              001D73 RLA    __cio_special             001D74 RLA    
_main                     001D76 RLA    _cio_put                  001E48 RLA    
_cio_status               001E52 RLA    _cio_close                001E5C RLA    
_cio_special              001E66 RLA    _cio_open                 001E70 RLA    
_cio_get                  001E7A RLA    callmain                  001E84 RLA    
donelib                   001E9B RLA    decsp1                    001EA7 RLA    
incsp1                    001EB0 RLA    mulax3                    001EB7 RLA    
pushax                    001ECC RLA    zerobss                   001EE2 RLA    
__DESTRUCTOR_TABLE__      001F15 RLA    __BSS_RUN__               001F42 RLA    
__BSS_LOAD__              001F42 RLA    _ret                      001F54 RLA    
_err                      001F56 RLA    


Imports list:
-------------
__AUTOSTART__ (exetrailer.o):
    [linker generated]        src/atari.cfg(6)
__BSS_LOAD__ ([linker generated]):
    exehdr.o                  atari/exehdr.s(4)
__BSS_RUN__ ([linker generated]):
    zerobss.o                 common/zerobss.s(8)
__BSS_SIZE__ ([linker generated]):
    zerobss.o                 common/zerobss.s(8)
__CONSTRUCTOR_COUNT__ ([linker generated]):
    condes.o                  runtime/condes.s(18)
__CONSTRUCTOR_TABLE__ ([linker generated]):
    condes.o                  runtime/condes.s(18)
__DESTRUCTOR_COUNT__ ([linker generated]):
    condes.o                  runtime/condes.s(19)
__DESTRUCTOR_TABLE__ ([linker generated]):
    condes.o                  runtime/condes.s(19)
__EXEHDR__ (exehdr.o):
    [linker generated]        src/atari.cfg(5)
__LOWCODE_RUN__ ([linker generated]):
    crt0.o                    atari/crt0.s(18)
__LOWCODE_SIZE__ ([linker generated]):
    crt0.o                    atari/crt0.s(18)
__MAIN_START__ ([linker generated]):
    exehdr.o                  atari/exehdr.s(4)
__RESERVED_MEMORY__ ([linker generated]):
    crt0.o                    atari/crt0.s(16)
    [linker generated]        src/atari.cfg(19)
__STACKSIZE__ ([linker generated]):
    [linker generated]        src/atari.cfg(19)
__STARTUP__ (crt0.o):
    main.o                    src/main.s(13)
__cio_close (main.o):
    cio_close.o               src/cio_close.s(7)
__cio_get (main.o):
    cio_get.o                 src/cio_get.s(7)
__cio_open (main.o):
    cio_open.o                src/cio_open.s(7)
__cio_put (main.o):
    cio_put.o                 src/cio_put.s(7)
__cio_special (main.o):
    cio_special.o             src/cio_special.s(7)
__cio_status (main.o):
    cio_status.o              src/cio_status.s(7)
_cio_close (cio_close.o):
    main.o                    src/main.s(19)
_cio_get (cio_get.o):
    main.o                    src/main.s(20)
_cio_open (cio_open.o):
    main.o                    src/main.s(18)
_cio_put (cio_put.o):
    main.o                    src/main.s(21)
_cio_special (cio_special.o):
    main.o                    src/main.s(23)
_cio_status (cio_status.o):
    main.o                    src/main.s(22)
_err (main.o):
    cio_get.o                 src/cio_get.s(6)
    cio_open.o                src/cio_open.s(6)
    cio_special.o             src/cio_special.s(6)
    cio_close.o               src/cio_close.s(6)
    cio_status.o              src/cio_status.s(6)
    cio_put.o                 src/cio_put.s(6)
_main (main.o):
    callmain.o                runtime/callmain.s(11)
_ret (main.o):
    cio_get.o                 src/cio_get.s(5)
    cio_open.o                src/cio_open.s(5)
    cio_special.o             src/cio_special.s(5)
    cio_close.o               src/cio_close.s(5)
    cio_status.o              src/cio_status.s(5)
    cio_put.o                 src/cio_put.s(5)
callmain (callmain.o):
    crt0.o                    atari/crt0.s(15)
decsp1 (decsp1.o):
    main.o                    src/main.s(273)
donelib (condes.o):
    crt0.o                    atari/crt0.s(14)
incsp1 (incsp1.o):
    main.o                    src/main.s(273)
initlib (condes.o):
    crt0.o                    atari/crt0.s(14)
mulax3 (mulax3.o):
    main.o                    src/main.s(273)
ptr1 (zeropage.o):
    zerobss.o                 common/zerobss.s(9)
    mulax3.o                  runtime/mulax3.s(9)
    main.o                    src/main.s(11)
pushax (pushax.o):
    callmain.o                runtime/callmain.s(11)
sp (zeropage.o):
    pushax.o                  runtime/pushax.s(8)
    incsp1.o                  runtime/incsp1.s(8)
    decsp1.o                  runtime/decsp1.s(8)
    crt0.o                    /home/thomc/Workspace/cc65/asminc/zeropage.inc(11)
    main.o                    src/main.s(10)
start (crt0.o):
    exetrailer.o              atari/exetrailer.s(4)
zerobss (zerobss.o):
    crt0.o                    atari/crt0.s(15)

