Modules list:
-------------
cio-get.o:
    CODE              Offs=000000  Size=000033  Align=00001  Fill=0000
    RODATA            Offs=000000  Size=00000F  Align=00001  Fill=0000
    DATA              Offs=000000  Size=000001  Align=00001  Fill=0000
cio-status.o:
    CODE              Offs=000033  Size=000008  Align=00001  Fill=0000
cio-special.o:
    CODE              Offs=00003B  Size=000008  Align=00001  Fill=0000
main.o:
    CODE              Offs=000043  Size=0000FA  Align=00001  Fill=0000
    BSS               Offs=000000  Size=000012  Align=00001  Fill=0000
    DATA              Offs=000001  Size=000002  Align=00001  Fill=0000
cio-close.o:
    CODE              Offs=00013D  Size=000008  Align=00001  Fill=0000
cio-open.o:
    CODE              Offs=000145  Size=000008  Align=00001  Fill=0000
cio-put.o:
    CODE              Offs=00014D  Size=000008  Align=00001  Fill=0000
cio-stubs.o:
    CODE              Offs=000155  Size=00003C  Align=00001  Fill=0000
/home/thomc/Workspace/cc65/lib/atari.lib(add.o):
    CODE              Offs=000191  Size=00001C  Align=00001  Fill=0000
/home/thomc/Workspace/cc65/lib/atari.lib(callmain.o):
    CODE              Offs=0001AD  Size=000017  Align=00001  Fill=0000
    DATA              Offs=000003  Size=000004  Align=00001  Fill=0000
/home/thomc/Workspace/cc65/lib/atari.lib(condes.o):
    CODE              Offs=0001C4  Size=00000C  Align=00001  Fill=0000
    DATA              Offs=000007  Size=000025  Align=00001  Fill=0000
    ONCE              Offs=000000  Size=00000C  Align=00001  Fill=0000
/home/thomc/Workspace/cc65/lib/atari.lib(crt0.o):
    BSS               Offs=000012  Size=000005  Align=00001  Fill=0000
    STARTUP           Offs=000000  Size=000063  Align=00001  Fill=0000
/home/thomc/Workspace/cc65/lib/atari.lib(decax1.o):
    CODE              Offs=0001D0  Size=000007  Align=00001  Fill=0000
/home/thomc/Workspace/cc65/lib/atari.lib(decsp1.o):
    CODE              Offs=0001D7  Size=000009  Align=00001  Fill=0000
/home/thomc/Workspace/cc65/lib/atari.lib(exehdr.o):
    EXEHDR            Offs=000000  Size=000002  Align=00001  Fill=0000
    MAINHDR           Offs=000000  Size=000004  Align=00001  Fill=0000
/home/thomc/Workspace/cc65/lib/atari.lib(exetrailer.o):
    AUTOSTRT          Offs=000000  Size=000006  Align=00001  Fill=0000
/home/thomc/Workspace/cc65/lib/atari.lib(incsp1.o):
    CODE              Offs=0001E0  Size=000007  Align=00001  Fill=0000
/home/thomc/Workspace/cc65/lib/atari.lib(incsp2.o):
    CODE              Offs=0001E7  Size=000016  Align=00001  Fill=0000
/home/thomc/Workspace/cc65/lib/atari.lib(ldaui.o):
    CODE              Offs=0001FD  Size=000009  Align=00001  Fill=0000
/home/thomc/Workspace/cc65/lib/atari.lib(makebool.o):
    CODE              Offs=000206  Size=00002C  Align=00001  Fill=0000
/home/thomc/Workspace/cc65/lib/atari.lib(mulax3.o):
    CODE              Offs=000232  Size=000011  Align=00001  Fill=0000
/home/thomc/Workspace/cc65/lib/atari.lib(pushax.o):
    CODE              Offs=000243  Size=00001A  Align=00001  Fill=0000
/home/thomc/Workspace/cc65/lib/atari.lib(staspidx.o):
    CODE              Offs=00025D  Size=000016  Align=00001  Fill=0000
/home/thomc/Workspace/cc65/lib/atari.lib(staxspi.o):
    CODE              Offs=000273  Size=00001B  Align=00001  Fill=0000
/home/thomc/Workspace/cc65/lib/atari.lib(zerobss.o):
    CODE              Offs=00028E  Size=000023  Align=00001  Fill=0000
/home/thomc/Workspace/cc65/lib/atari.lib(zeropage.o):
    ZEROPAGE          Offs=000000  Size=00001A  Align=00001  Fill=0000


Segment list:
-------------
Name                   Start     End    Size  Align
----------------------------------------------------
AUTOSTRT              000000  000005  000006  00001
EXEHDR                000000  000001  000002  00001
MAINHDR               000000  000003  000004  00001
ZEROPAGE              000082  00009B  00001A  00001
STARTUP               001D00  001D62  000063  00001
ONCE                  001D63  001D6E  00000C  00001
CODE                  001D6F  00201F  0002B1  00001
RODATA                002020  00202E  00000F  00001
DATA                  00202F  00205A  00002C  00001
BSS                   00205B  002071  000017  00001


Exports list by name:
---------------------
__AUTOSTART__             000001 REA    __BSS_LOAD__              00205B RLA    
__BSS_RUN__               00205B RLA    __BSS_SIZE__              000017 REA    
__CONSTRUCTOR_COUNT__     000000 REA    __CONSTRUCTOR_TABLE__     001D6F RLA    
__DESTRUCTOR_COUNT__      000000 REA    __DESTRUCTOR_TABLE__      00202F RLA    
__EXEHDR__                000001 REA    __LOWCODE_RUN__           001D63 RLA    
__LOWCODE_SIZE__          000000 REA    __MAIN_START__            001D00 RLA    
__RESERVED_MEMORY__       000000 REA    __STACKSIZE__             000800 REA    
__STARTUP__               000001 REA    __cio_close               001EAC RLA    
__cio_get                 001D6F RLA    __cio_open                001EB4 RLA    
__cio_put                 001EBC RLA    __cio_special             001DAA RLA    
__cio_status              001DA2 RLA    _cio_close                001EC4 RLA    
_cio_get                  001ECE RLA    _cio_open                 001ED8 RLA    
_cio_put                  001EE2 RLA    _cio_special              001EEC RLA    
_cio_status               001EF6 RLA    _err                      00206C RLA    
_main                     001DB3 RLA    _ret                      00206B RLA    
booleq                    001F7B RLA    boolult                   001F94 RLA    
callmain                  001F1C RLA    decax1                    001F3F RLA    
decsp1                    001F46 RLA    donelib                   001F33 RLA    
incsp1                    001F4F RLA    incsp2                    001F5E RLA    
initlib                   001D63 RLA    ldauidx                   001F6C RLA    
mulax3                    001FA1 RLA    ptr1                      00008A RLZ    
pushax                    001FB6 RLA    sp                        000082 RLZ    
start                     001D01 RLA    staspidx                  001FCC RLA    
staxspidx                 001FE2 RLA    tmp1                      000092 RLZ    
tosaddax                  001F02 RLA    zerobss                   001FFD RLA    



Exports list by value:
----------------------
__LOWCODE_SIZE__          000000 REA    __RESERVED_MEMORY__       000000 REA    
__CONSTRUCTOR_COUNT__     000000 REA    __DESTRUCTOR_COUNT__      000000 REA    
__STARTUP__               000001 REA    __EXEHDR__                000001 REA    
__AUTOSTART__             000001 REA    __BSS_SIZE__              000017 REA    
sp                        000082 RLZ    ptr1                      00008A RLZ    
tmp1                      000092 RLZ    __STACKSIZE__             000800 REA    
__MAIN_START__            001D00 RLA    start                     001D01 RLA    
initlib                   001D63 RLA    __LOWCODE_RUN__           001D63 RLA    
__cio_get                 001D6F RLA    __CONSTRUCTOR_TABLE__     001D6F RLA    
__cio_status              001DA2 RLA    __cio_special             001DAA RLA    
_main                     001DB3 RLA    __cio_close               001EAC RLA    
__cio_open                001EB4 RLA    __cio_put                 001EBC RLA    
_cio_close                001EC4 RLA    _cio_get                  001ECE RLA    
_cio_open                 001ED8 RLA    _cio_put                  001EE2 RLA    
_cio_special              001EEC RLA    _cio_status               001EF6 RLA    
tosaddax                  001F02 RLA    callmain                  001F1C RLA    
donelib                   001F33 RLA    decax1                    001F3F RLA    
decsp1                    001F46 RLA    incsp1                    001F4F RLA    
incsp2                    001F5E RLA    ldauidx                   001F6C RLA    
booleq                    001F7B RLA    boolult                   001F94 RLA    
mulax3                    001FA1 RLA    pushax                    001FB6 RLA    
staspidx                  001FCC RLA    staxspidx                 001FE2 RLA    
zerobss                   001FFD RLA    __DESTRUCTOR_TABLE__      00202F RLA    
__BSS_RUN__               00205B RLA    __BSS_LOAD__              00205B RLA    
_ret                      00206B RLA    _err                      00206C RLA    



Imports list:
-------------
__AUTOSTART__ (exetrailer.o):
    [linker generated]        src/atari.cfg(6)
__BSS_LOAD__ ([linker generated]):
    exehdr.o                  atari/exehdr.s(4)
__BSS_RUN__ ([linker generated]):
    zerobss.o                 common/zerobss.s(8)
__BSS_SIZE__ ([linker generated]):
    zerobss.o                 common/zerobss.s(8)
__CONSTRUCTOR_COUNT__ ([linker generated]):
    condes.o                  runtime/condes.s(18)
__CONSTRUCTOR_TABLE__ ([linker generated]):
    condes.o                  runtime/condes.s(18)
__DESTRUCTOR_COUNT__ ([linker generated]):
    condes.o                  runtime/condes.s(19)
__DESTRUCTOR_TABLE__ ([linker generated]):
    condes.o                  runtime/condes.s(19)
__EXEHDR__ (exehdr.o):
    [linker generated]        src/atari.cfg(5)
__LOWCODE_RUN__ ([linker generated]):
    crt0.o                    atari/crt0.s(18)
__LOWCODE_SIZE__ ([linker generated]):
    crt0.o                    atari/crt0.s(18)
__MAIN_START__ ([linker generated]):
    exehdr.o                  atari/exehdr.s(4)
__RESERVED_MEMORY__ ([linker generated]):
    crt0.o                    atari/crt0.s(16)
    [linker generated]        src/atari.cfg(19)
__STACKSIZE__ ([linker generated]):
    [linker generated]        src/atari.cfg(19)
__STARTUP__ (crt0.o):
    main.o                    src/main.s(13)
__cio_close (cio-close.o):
    cio-stubs.o               src/cio-stubs.s(7)
__cio_get (cio-get.o):
    cio-stubs.o               src/cio-stubs.s(7)
__cio_open (cio-open.o):
    cio-stubs.o               src/cio-stubs.s(7)
__cio_put (cio-put.o):
    cio-stubs.o               src/cio-stubs.s(7)
__cio_special (cio-special.o):
    cio-stubs.o               src/cio-stubs.s(7)
__cio_status (cio-status.o):
    cio-stubs.o               src/cio-stubs.s(7)
_cio_close (cio-stubs.o):
    main.o                    src/main.s(17)
_cio_get (cio-stubs.o):
    main.o                    src/main.s(18)
_cio_open (cio-stubs.o):
    main.o                    src/main.s(16)
_cio_put (cio-stubs.o):
    main.o                    src/main.s(19)
_cio_special (cio-stubs.o):
    main.o                    src/main.s(21)
_cio_status (cio-stubs.o):
    main.o                    src/main.s(20)
_err (main.o):
    cio-stubs.o               src/cio-stubs.s(6)
    cio-put.o                 src/cio-put.s(13)
    cio-open.o                src/cio-open.s(13)
    cio-close.o               src/cio-close.s(13)
    cio-special.o             src/cio-special.s(13)
    cio-status.o              src/cio-status.s(13)
    cio-get.o                 src/cio-get.s(13)
_main (main.o):
    callmain.o                runtime/callmain.s(11)
_ret (main.o):
    cio-stubs.o               src/cio-stubs.s(5)
    cio-get.o                 src/cio-get.s(14)
booleq (makebool.o):
    main.o                    src/main.s(169)
boolult (makebool.o):
    main.o                    src/main.s(169)
callmain (callmain.o):
    crt0.o                    atari/crt0.s(15)
decax1 (decax1.o):
    main.o                    src/main.s(169)
decsp1 (decsp1.o):
    main.o                    src/main.s(169)
donelib (condes.o):
    crt0.o                    atari/crt0.s(14)
incsp1 (incsp1.o):
    main.o                    src/main.s(169)
incsp2 (incsp2.o):
    staxspi.o                 runtime/staxspi.s(9)
    staspidx.o                runtime/staspidx.s(8)
initlib (condes.o):
    crt0.o                    atari/crt0.s(14)
ldauidx (ldaui.o):
    main.o                    src/main.s(169)
    cio-get.o                 src/cio-get.s(64)
mulax3 (mulax3.o):
    main.o                    src/main.s(169)
ptr1 (zeropage.o):
    zerobss.o                 common/zerobss.s(9)
    staxspi.o                 runtime/staxspi.s(10)
    staspidx.o                runtime/staspidx.s(9)
    mulax3.o                  runtime/mulax3.s(9)
    ldaui.o                   runtime/ldaui.s(8)
pushax (pushax.o):
    callmain.o                runtime/callmain.s(11)
    main.o                    src/main.s(169)
sp (zeropage.o):
    incsp2.o                  runtime/incsp2.s(8)
    staxspi.o                 runtime/staxspi.s(10)
    staspidx.o                runtime/staspidx.s(9)
    pushax.o                  runtime/pushax.s(8)
    incsp1.o                  runtime/incsp1.s(8)
    decsp1.o                  runtime/decsp1.s(8)
    crt0.o                    /home/thomc/Workspace/cc65/asminc/zeropage.inc(11)
    add.o                     runtime/add.s(12)
    main.o                    src/main.s(10)
start (crt0.o):
    exetrailer.o              atari/exetrailer.s(4)
staspidx (staspidx.o):
    main.o                    src/main.s(169)
staxspidx (staxspi.o):
    main.o                    src/main.s(169)
tmp1 (zeropage.o):
    staxspi.o                 runtime/staxspi.s(10)
    staspidx.o                runtime/staspidx.s(9)
    add.o                     runtime/add.s(12)
tosaddax (add.o):
    main.o                    src/main.s(169)
zerobss (zerobss.o):
    crt0.o                    atari/crt0.s(15)

