Modules list:
-------------
main.o:
    CODE              Offs=000000  Size=000119  Align=00001  Fill=0000
    RODATA            Offs=000000  Size=000089  Align=00001  Fill=0000
    BSS               Offs=000000  Size=000104  Align=00001  Fill=0000
/home/thomc/Workspace/cc65/lib/atari.lib(_directerrno.o):
    CODE              Offs=000119  Size=00000A  Align=00001  Fill=0000
/home/thomc/Workspace/cc65/lib/atari.lib(_file.o):
    DATA              Offs=000000  Size=00001E  Align=00001  Fill=0000
/home/thomc/Workspace/cc65/lib/atari.lib(_hextab.o):
    RODATA            Offs=000089  Size=000010  Align=00001  Fill=0000
/home/thomc/Workspace/cc65/lib/atari.lib(_longminstr.o):
    RODATA            Offs=000099  Size=00000C  Align=00001  Fill=0000
/home/thomc/Workspace/cc65/lib/atari.lib(_mappederrno.o):
    CODE              Offs=000123  Size=000010  Align=00001  Fill=0000
/home/thomc/Workspace/cc65/lib/atari.lib(_oserror.o):
    BSS               Offs=000104  Size=000001  Align=00001  Fill=0000
/home/thomc/Workspace/cc65/lib/atari.lib(_printf.o):
    CODE              Offs=000133  Size=0003A5  Align=00001  Fill=0000
    BSS               Offs=000105  Size=00002B  Align=00001  Fill=0000
    DATA              Offs=00001E  Size=000003  Align=00001  Fill=0000
/home/thomc/Workspace/cc65/lib/atari.lib(_seterrno.o):
    CODE              Offs=0004D8  Size=000009  Align=00001  Fill=0000
/home/thomc/Workspace/cc65/lib/atari.lib(addysp.o):
    CODE              Offs=0004E1  Size=00000E  Align=00001  Fill=0000
/home/thomc/Workspace/cc65/lib/atari.lib(axlong.o):
    CODE              Offs=0004EF  Size=00000D  Align=00001  Fill=0000
/home/thomc/Workspace/cc65/lib/atari.lib(callmain.o):
    CODE              Offs=0004FC  Size=000017  Align=00001  Fill=0000
    DATA              Offs=000021  Size=000004  Align=00001  Fill=0000
/home/thomc/Workspace/cc65/lib/atari.lib(condes.o):
    CODE              Offs=000513  Size=00000C  Align=00001  Fill=0000
    DATA              Offs=000025  Size=000025  Align=00001  Fill=0000
    ONCE              Offs=000000  Size=00000C  Align=00001  Fill=0000
/home/thomc/Workspace/cc65/lib/atari.lib(crt0.o):
    BSS               Offs=000130  Size=000005  Align=00001  Fill=0000
    STARTUP           Offs=000000  Size=000063  Align=00001  Fill=0000
/home/thomc/Workspace/cc65/lib/atari.lib(ctype.o):
    RODATA            Offs=0000A5  Size=000100  Align=00001  Fill=0000
/home/thomc/Workspace/cc65/lib/atari.lib(decsp4.o):
    CODE              Offs=00051F  Size=00000D  Align=00001  Fill=0000
/home/thomc/Workspace/cc65/lib/atari.lib(decsp6.o):
    CODE              Offs=00052C  Size=00000D  Align=00001  Fill=0000
/home/thomc/Workspace/cc65/lib/atari.lib(do_oserr.o):
    CODE              Offs=000539  Size=000004  Align=00001  Fill=0000
/home/thomc/Workspace/cc65/lib/atari.lib(errno.o):
    BSS               Offs=000135  Size=000002  Align=00001  Fill=0000
/home/thomc/Workspace/cc65/lib/atari.lib(exehdr.o):
    EXEHDR            Offs=000000  Size=000002  Align=00001  Fill=0000
    MAINHDR           Offs=000000  Size=000004  Align=00001  Fill=0000
/home/thomc/Workspace/cc65/lib/atari.lib(exetrailer.o):
    AUTOSTRT          Offs=000000  Size=000006  Align=00001  Fill=0000
/home/thomc/Workspace/cc65/lib/atari.lib(fdtab.o):
    DATA              Offs=00004A  Size=00002C  Align=00001  Fill=0000
/home/thomc/Workspace/cc65/lib/atari.lib(fdtoiocb.o):
    CODE              Offs=00053D  Size=000022  Align=00001  Fill=0000
/home/thomc/Workspace/cc65/lib/atari.lib(fwrite.o):
    CODE              Offs=00055F  Size=00007B  Align=00001  Fill=0000
    BSS               Offs=000137  Size=000002  Align=00001  Fill=0000
/home/thomc/Workspace/cc65/lib/atari.lib(incsp2.o):
    CODE              Offs=0005DA  Size=000016  Align=00001  Fill=0000
/home/thomc/Workspace/cc65/lib/atari.lib(incsp6.o):
    CODE              Offs=0005F0  Size=000005  Align=00001  Fill=0000
/home/thomc/Workspace/cc65/lib/atari.lib(inviocb.o):
    CODE              Offs=0005F5  Size=000005  Align=00001  Fill=0000
/home/thomc/Workspace/cc65/lib/atari.lib(ldaxsp.o):
    CODE              Offs=0005FA  Size=000009  Align=00001  Fill=0000
/home/thomc/Workspace/cc65/lib/atari.lib(lneg.o):
    CODE              Offs=000603  Size=00001E  Align=00001  Fill=0000
/home/thomc/Workspace/cc65/lib/atari.lib(lpush.o):
    CODE              Offs=000621  Size=000021  Align=00001  Fill=0000
/home/thomc/Workspace/cc65/lib/atari.lib(ltoa.o):
    CODE              Offs=000642  Size=000095  Align=00001  Fill=0000
/home/thomc/Workspace/cc65/lib/atari.lib(mul.o):
    CODE              Offs=0006D7  Size=000045  Align=00001  Fill=0000
/home/thomc/Workspace/cc65/lib/atari.lib(mul8.o):
    CODE              Offs=00071C  Size=00003A  Align=00001  Fill=0000
/home/thomc/Workspace/cc65/lib/atari.lib(oserror.o):
    CODE              Offs=000756  Size=00001A  Align=00001  Fill=0000
    RODATA            Offs=0001A5  Size=000038  Align=00001  Fill=0000
/home/thomc/Workspace/cc65/lib/atari.lib(popptr1.o):
    CODE              Offs=000770  Size=00000E  Align=00001  Fill=0000
/home/thomc/Workspace/cc65/lib/atari.lib(printf.o):
    CODE              Offs=00077E  Size=000033  Align=00001  Fill=0000
    BSS               Offs=000139  Size=000001  Align=00001  Fill=0000
/home/thomc/Workspace/cc65/lib/atari.lib(push1.o):
    CODE              Offs=0007B1  Size=000005  Align=00001  Fill=0000
/home/thomc/Workspace/cc65/lib/atari.lib(pushax.o):
    CODE              Offs=0007B6  Size=00001A  Align=00001  Fill=0000
/home/thomc/Workspace/cc65/lib/atari.lib(pushwsp.o):
    CODE              Offs=0007D0  Size=00001C  Align=00001  Fill=0000
/home/thomc/Workspace/cc65/lib/atari.lib(rwcommon.o):
    CODE              Offs=0007EC  Size=00002D  Align=00001  Fill=0000
/home/thomc/Workspace/cc65/lib/atari.lib(strlen.o):
    CODE              Offs=000819  Size=000016  Align=00001  Fill=0000
/home/thomc/Workspace/cc65/lib/atari.lib(strlower.o):
    CODE              Offs=00082F  Size=000028  Align=00001  Fill=0000
/home/thomc/Workspace/cc65/lib/atari.lib(udiv.o):
    CODE              Offs=000857  Size=00004F  Align=00001  Fill=0000
/home/thomc/Workspace/cc65/lib/atari.lib(vfprintf.o):
    CODE              Offs=0008A6  Size=000061  Align=00001  Fill=0000
    DATA              Offs=000076  Size=000008  Align=00001  Fill=0000
/home/thomc/Workspace/cc65/lib/atari.lib(write.o):
    CODE              Offs=000907  Size=000028  Align=00001  Fill=0000
/home/thomc/Workspace/cc65/lib/atari.lib(zerobss.o):
    CODE              Offs=00092F  Size=000023  Align=00001  Fill=0000
/home/thomc/Workspace/cc65/lib/atari.lib(zeropage.o):
    ZEROPAGE          Offs=000000  Size=00001A  Align=00001  Fill=0000


Segment list:
-------------
Name                   Start     End    Size  Align
----------------------------------------------------
AUTOSTRT              000000  000005  000006  00001
EXEHDR                000000  000001  000002  00001
MAINHDR               000000  000003  000004  00001
ZEROPAGE              000082  00009B  00001A  00001
STARTUP               002000  002062  000063  00001
ONCE                  002063  00206E  00000C  00001
CODE                  00206F  0029C0  000952  00001
RODATA                0029C1  002B9D  0001DD  00001
DATA                  002B9E  002C1B  00007E  00001
BSS                   002C1C  002D55  00013A  00001


Exports list by name:
---------------------
__AUTOSTART__             000001 REA    __BSS_LOAD__              002C1C RLA    
__BSS_RUN__               002C1C RLA    __BSS_SIZE__              00013A REA    
__CONSTRUCTOR_COUNT__     000000 REA    __CONSTRUCTOR_TABLE__     00206F RLA    
__DESTRUCTOR_COUNT__      000000 REA    __DESTRUCTOR_TABLE__      002B9E RLA    
__EXEHDR__                000001 REA    __LOWCODE_RUN__           002063 RLA    
__LOWCODE_SIZE__          000000 REA    __MAIN_START__            002000 RLA    
__RESERVED_MEMORY__       000000 REA    __STACKSIZE__             000800 REA    
__STARTUP__               000001 REA    __ctype                   002A66 RLA    
__directerrno             002188 RLA    __do_oserror              0025A8 RLA    
__errno                   002D51 RLA    __hextab                  002A4A RLA    
__inviocb                 002664 RLA    __longminstr              002A5A RLA    
__mappederrno             002192 RLA    __oserror                 002D20 RLA    
__osmaperrno              0027C5 RLA    __printf                  002295 RLA    
__rwsetup                 00285B RLA    __seterrno                002547 RLA    
_fwrite                   0025CE RLA    _ltoa                     0026C9 RLA    
_main                     00206F RLA    _printf                   0027ED RLA    
_stdout                   002BB8 RLA    _strlen                   002888 RLA    
_strlower                 00289E RLA    _ultoa                    00270A RLA    
_vfprintf                 00294D RLA    _write                    002976 RLA    
addysp                    002551 RLA    axlong                    00255E RLA    
axulong                   002564 RLA    callmain                  00256B RLA    
decsp4                    00258E RLA    decsp6                    00259B RLA    
donelib                   002582 RLA    fd_index                  002BE8 RLA    
fd_table                  002BF4 RLA    fdtoiocb                  0025AC RLA    
incsp2                    002651 RLA    incsp6                    00265F RLA    
initlib                   002063 RLA    ldaxysp                   00266B RLA    
mul8x16                   00278D RLA    mul8x16a                  002797 RLA    
negeax                    002672 RLA    popax                     002649 RLA    
popptr1                   0027DF RLA    ptr1                      00008A RLZ    
ptr2                      00008C RLZ    ptr3                      00008E RLZ    
ptr4                      000090 RLZ    push1                     002820 RLA    
pusha0                    002827 RLA    pushax                    002829 RLA    
pusheax                   002699 RLA    pushwysp                  002841 RLA    
regbank                   000096 RLZ    sp                        000082 RLZ    
sreg                      000084 RLZ    start                     002001 RLA    
tmp1                      000092 RLZ    tosudivax                 0028C8 RLA    
tosumulax                 002746 RLA    zerobss                   00299E RLA    



Exports list by value:
----------------------
__CONSTRUCTOR_COUNT__     000000 REA    __RESERVED_MEMORY__       000000 REA    
__LOWCODE_SIZE__          000000 REA    __DESTRUCTOR_COUNT__      000000 REA    
__AUTOSTART__             000001 REA    __EXEHDR__                000001 REA    
__STARTUP__               000001 REA    sp                        000082 RLZ    
sreg                      000084 RLZ    ptr1                      00008A RLZ    
ptr2                      00008C RLZ    ptr3                      00008E RLZ    
ptr4                      000090 RLZ    tmp1                      000092 RLZ    
regbank                   000096 RLZ    __BSS_SIZE__              00013A REA    
__STACKSIZE__             000800 REA    __MAIN_START__            002000 RLA    
start                     002001 RLA    __LOWCODE_RUN__           002063 RLA    
initlib                   002063 RLA    _main                     00206F RLA    
__CONSTRUCTOR_TABLE__     00206F RLA    __directerrno             002188 RLA    
__mappederrno             002192 RLA    __printf                  002295 RLA    
__seterrno                002547 RLA    addysp                    002551 RLA    
axlong                    00255E RLA    axulong                   002564 RLA    
callmain                  00256B RLA    donelib                   002582 RLA    
decsp4                    00258E RLA    decsp6                    00259B RLA    
__do_oserror              0025A8 RLA    fdtoiocb                  0025AC RLA    
_fwrite                   0025CE RLA    popax                     002649 RLA    
incsp2                    002651 RLA    incsp6                    00265F RLA    
__inviocb                 002664 RLA    ldaxysp                   00266B RLA    
negeax                    002672 RLA    pusheax                   002699 RLA    
_ltoa                     0026C9 RLA    _ultoa                    00270A RLA    
tosumulax                 002746 RLA    mul8x16                   00278D RLA    
mul8x16a                  002797 RLA    __osmaperrno              0027C5 RLA    
popptr1                   0027DF RLA    _printf                   0027ED RLA    
push1                     002820 RLA    pusha0                    002827 RLA    
pushax                    002829 RLA    pushwysp                  002841 RLA    
__rwsetup                 00285B RLA    _strlen                   002888 RLA    
_strlower                 00289E RLA    tosudivax                 0028C8 RLA    
_vfprintf                 00294D RLA    _write                    002976 RLA    
zerobss                   00299E RLA    __hextab                  002A4A RLA    
__longminstr              002A5A RLA    __ctype                   002A66 RLA    
__DESTRUCTOR_TABLE__      002B9E RLA    _stdout                   002BB8 RLA    
fd_index                  002BE8 RLA    fd_table                  002BF4 RLA    
__BSS_LOAD__              002C1C RLA    __BSS_RUN__               002C1C RLA    
__oserror                 002D20 RLA    __errno                   002D51 RLA    



Imports list:
-------------
__AUTOSTART__ (exetrailer.o):
    [linker generated]        src/atari.cfg(6)
__BSS_LOAD__ ([linker generated]):
    exehdr.o                  atari/exehdr.s(4)
__BSS_RUN__ ([linker generated]):
    zerobss.o                 common/zerobss.s(8)
__BSS_SIZE__ ([linker generated]):
    zerobss.o                 common/zerobss.s(8)
__CONSTRUCTOR_COUNT__ ([linker generated]):
    condes.o                  runtime/condes.s(18)
__CONSTRUCTOR_TABLE__ ([linker generated]):
    condes.o                  runtime/condes.s(18)
__DESTRUCTOR_COUNT__ ([linker generated]):
    condes.o                  runtime/condes.s(19)
__DESTRUCTOR_TABLE__ ([linker generated]):
    condes.o                  runtime/condes.s(19)
__EXEHDR__ (exehdr.o):
    [linker generated]        src/atari.cfg(5)
__LOWCODE_RUN__ ([linker generated]):
    crt0.o                    atari/crt0.s(18)
__LOWCODE_SIZE__ ([linker generated]):
    crt0.o                    atari/crt0.s(18)
__MAIN_START__ ([linker generated]):
    exehdr.o                  atari/exehdr.s(4)
__RESERVED_MEMORY__ ([linker generated]):
    crt0.o                    atari/crt0.s(16)
    [linker generated]        src/atari.cfg(19)
__STACKSIZE__ ([linker generated]):
    [linker generated]        src/atari.cfg(19)
__STARTUP__ (crt0.o):
    main.o                    src/main.s(13)
__ctype (ctype.o):
    strlower.o                common/strlower.s(13)
__directerrno (_directerrno.o):
    inviocb.o                 /home/thomc/Workspace/cc65/asminc/errno.inc(10)
__do_oserror (do_oserr.o):
    write.o                   atari/write.s(5)
__errno (errno.o):
    _seterrno.o               /home/thomc/Workspace/cc65/asminc/errno.inc(7)
__hextab (_hextab.o):
    ltoa.o                    common/ltoa.s(10)
__inviocb (inviocb.o):
    write.o                   atari/write.s(5)
__longminstr (_longminstr.o):
    ltoa.o                    common/ltoa.s(10)
__mappederrno (_mappederrno.o):
    do_oserr.o                /home/thomc/Workspace/cc65/asminc/errno.inc(10)
__oserror (_oserror.o):
    _mappederrno.o            /home/thomc/Workspace/cc65/asminc/errno.inc(7)
    _directerrno.o            /home/thomc/Workspace/cc65/asminc/errno.inc(7)
    write.o                   atari/write.s(5)
__osmaperrno (oserror.o):
    _mappederrno.o            /home/thomc/Workspace/cc65/asminc/errno.inc(8)
__printf (_printf.o):
    vfprintf.o                common/vfprintf.s(10)
__rwsetup (rwcommon.o):
    write.o                   atari/write.s(5)
__seterrno (_seterrno.o):
    _mappederrno.o            /home/thomc/Workspace/cc65/asminc/errno.inc(9)
    _directerrno.o            /home/thomc/Workspace/cc65/asminc/errno.inc(9)
    fwrite.o                  /home/thomc/Workspace/cc65/asminc/errno.inc(9)
_fwrite (fwrite.o):
    vfprintf.o                common/vfprintf.s(10)
_ltoa (ltoa.o):
    _printf.o                 common/_printf.s(12)
_main (main.o):
    callmain.o                runtime/callmain.s(11)
_printf (printf.o):
    main.o                    src/main.s(14)
_stdout (_file.o):
    printf.o                  common/printf.s(8)
_strlen (strlen.o):
    _printf.o                 common/_printf.s(13)
_strlower (strlower.o):
    _printf.o                 common/_printf.s(13)
_ultoa (ltoa.o):
    _printf.o                 common/_printf.s(12)
_vfprintf (vfprintf.o):
    printf.o                  common/printf.s(8)
_write (write.o):
    fwrite.o                  common/fwrite.s(10)
addysp (addysp.o):
    incsp6.o                  runtime/incsp6.s(8)
    fwrite.o                  common/fwrite.s(11)
    printf.o                  common/printf.s(8)
axlong (axlong.o):
    _printf.o                 common/_printf.s(11)
axulong (axlong.o):
    _printf.o                 common/_printf.s(11)
callmain (callmain.o):
    crt0.o                    atari/crt0.s(15)
decsp4 (decsp4.o):
    lpush.o                   runtime/lpush.s(12)
decsp6 (decsp6.o):
    _printf.o                 common/_printf.s(11)
donelib (condes.o):
    crt0.o                    atari/crt0.s(14)
fd_index (fdtab.o):
    fdtoiocb.o                atari/fdtoiocb.s(10)
fd_table (fdtab.o):
    fdtoiocb.o                atari/fdtoiocb.s(10)
fdtoiocb (fdtoiocb.o):
    rwcommon.o                atari/rwcommon.s(8)
incsp2 (incsp2.o):
    popptr1.o                 runtime/popptr1.s(8)
incsp6 (incsp6.o):
    fwrite.o                  common/fwrite.s(11)
    vfprintf.o                common/vfprintf.s(9)
initlib (condes.o):
    crt0.o                    atari/crt0.s(14)
ldaxysp (ldaxsp.o):
    fwrite.o                  common/fwrite.s(11)
mul8x16 (mul8.o):
    mul.o                     runtime/mul.s(8)
mul8x16a (mul8.o):
    mul.o                     runtime/mul.s(8)
negeax (lneg.o):
    ltoa.o                    common/ltoa.s(9)
popax (incsp2.o):
    rwcommon.o                atari/rwcommon.s(7)
    ltoa.o                    common/ltoa.s(9)
    _printf.o                 common/_printf.s(11)
popptr1 (popptr1.o):
    udiv.o                    runtime/udiv.s(9)
    mul8.o                    runtime/mul8.s(9)
    mul.o                     runtime/mul.s(9)
    ltoa.o                    common/ltoa.s(9)
ptr1 (zeropage.o):
    udiv.o                    runtime/udiv.s(10)
    strlower.o                common/strlower.s(14)
    popptr1.o                 runtime/popptr1.s(9)
    mul8.o                    runtime/mul8.s(10)
    mul.o                     runtime/mul.s(10)
    ltoa.o                    common/ltoa.s(11)
    fwrite.o                  common/fwrite.s(14)
    _printf.o                 /home/thomc/Workspace/cc65/asminc/zeropage.inc(12)
    zerobss.o                 common/zerobss.s(9)
    vfprintf.o                common/vfprintf.s(11)
    printf.o                  common/printf.s(9)
ptr2 (zeropage.o):
    strlower.o                common/strlower.s(14)
    strlen.o                  common/strlen.s(12)
    ltoa.o                    common/ltoa.s(11)
    _printf.o                 /home/thomc/Workspace/cc65/asminc/zeropage.inc(12)
ptr3 (zeropage.o):
    ltoa.o                    common/ltoa.s(11)
ptr4 (zeropage.o):
    udiv.o                    runtime/udiv.s(10)
    mul8.o                    runtime/mul8.s(10)
    mul.o                     runtime/mul.s(10)
push1 (push1.o):
    _printf.o                 common/_printf.s(11)
    vfprintf.o                common/vfprintf.s(9)
pusha0 (pushax.o):
    push1.o                   runtime/push1.s(8)
pushax (pushax.o):
    fwrite.o                  common/fwrite.s(11)
    callmain.o                runtime/callmain.s(11)
    _printf.o                 common/_printf.s(11)
    printf.o                  common/printf.s(8)
    main.o                    src/main.s(179)
pusheax (lpush.o):
    _printf.o                 common/_printf.s(11)
pushwysp (pushwsp.o):
    fwrite.o                  common/fwrite.s(11)
    vfprintf.o                common/vfprintf.s(9)
regbank (zeropage.o):
    _printf.o                 /home/thomc/Workspace/cc65/asminc/zeropage.inc(14)
sp (zeropage.o):
    decsp4.o                  runtime/decsp4.s(8)
    pushwsp.o                 runtime/pushwsp.s(8)
    popptr1.o                 runtime/popptr1.s(9)
    lpush.o                   runtime/lpush.s(13)
    ldaxsp.o                  runtime/ldaxsp.s(8)
    incsp2.o                  runtime/incsp2.s(8)
    decsp6.o                  runtime/decsp6.s(8)
    addysp.o                  runtime/addysp.s(8)
    _printf.o                 /home/thomc/Workspace/cc65/asminc/zeropage.inc(11)
    vfprintf.o                common/vfprintf.s(11)
    pushax.o                  runtime/pushax.s(8)
    printf.o                  common/printf.s(9)
    crt0.o                    /home/thomc/Workspace/cc65/asminc/zeropage.inc(11)
sreg (zeropage.o):
    lneg.o                    runtime/lneg.s(11)
    udiv.o                    runtime/udiv.s(10)
    ltoa.o                    common/ltoa.s(11)
    lpush.o                   runtime/lpush.s(13)
    axlong.o                  runtime/axlong.s(9)
    _printf.o                 /home/thomc/Workspace/cc65/asminc/zeropage.inc(11)
start (crt0.o):
    exetrailer.o              atari/exetrailer.s(4)
tmp1 (zeropage.o):
    mul.o                     runtime/mul.s(10)
    ltoa.o                    common/ltoa.s(11)
    _printf.o                 /home/thomc/Workspace/cc65/asminc/zeropage.inc(13)
tosudivax (udiv.o):
    fwrite.o                  common/fwrite.s(12)
tosumulax (mul.o):
    fwrite.o                  common/fwrite.s(12)
zerobss (zerobss.o):
    crt0.o                    atari/crt0.s(15)

