Modules list:
-------------
main.o:
    CODE              Offs=000000  Size=00006B  Align=00001  Fill=0000
    RODATA            Offs=000000  Size=000033  Align=00001  Fill=0000
    BSS               Offs=000000  Size=000004  Align=00001  Fill=0000
die.o:
    CODE              Offs=00006B  Size=000009  Align=00001  Fill=0000
sio.o:
    CODE              Offs=000074  Size=000004  Align=00001  Fill=0000
/home/thomc/Workspace/cc65/lib/atari.lib(_directerrno.o):
    CODE              Offs=000078  Size=00000A  Align=00001  Fill=0000
/home/thomc/Workspace/cc65/lib/atari.lib(_file.o):
    DATA              Offs=000000  Size=00001E  Align=00001  Fill=0000
/home/thomc/Workspace/cc65/lib/atari.lib(_hextab.o):
    RODATA            Offs=000033  Size=000010  Align=00001  Fill=0000
/home/thomc/Workspace/cc65/lib/atari.lib(_longminstr.o):
    RODATA            Offs=000043  Size=00000C  Align=00001  Fill=0000
/home/thomc/Workspace/cc65/lib/atari.lib(_mappederrno.o):
    CODE              Offs=000082  Size=000010  Align=00001  Fill=0000
/home/thomc/Workspace/cc65/lib/atari.lib(_oserror.o):
    BSS               Offs=000004  Size=000001  Align=00001  Fill=0000
/home/thomc/Workspace/cc65/lib/atari.lib(_printf.o):
    CODE              Offs=000092  Size=0003A5  Align=00001  Fill=0000
    BSS               Offs=000005  Size=00002B  Align=00001  Fill=0000
    DATA              Offs=00001E  Size=000003  Align=00001  Fill=0000
/home/thomc/Workspace/cc65/lib/atari.lib(_seterrno.o):
    CODE              Offs=000437  Size=000009  Align=00001  Fill=0000
/home/thomc/Workspace/cc65/lib/atari.lib(addysp.o):
    CODE              Offs=000440  Size=00000E  Align=00001  Fill=0000
/home/thomc/Workspace/cc65/lib/atari.lib(axlong.o):
    CODE              Offs=00044E  Size=00000D  Align=00001  Fill=0000
/home/thomc/Workspace/cc65/lib/atari.lib(callmain.o):
    CODE              Offs=00045B  Size=000017  Align=00001  Fill=0000
    DATA              Offs=000021  Size=000004  Align=00001  Fill=0000
/home/thomc/Workspace/cc65/lib/atari.lib(condes.o):
    CODE              Offs=000472  Size=00000C  Align=00001  Fill=0000
    DATA              Offs=000025  Size=000025  Align=00001  Fill=0000
    ONCE              Offs=000000  Size=00000C  Align=00001  Fill=0000
/home/thomc/Workspace/cc65/lib/atari.lib(crt0.o):
    BSS               Offs=000030  Size=000005  Align=00001  Fill=0000
    STARTUP           Offs=000000  Size=000063  Align=00001  Fill=0000
/home/thomc/Workspace/cc65/lib/atari.lib(ctype.o):
    RODATA            Offs=00004F  Size=000100  Align=00001  Fill=0000
/home/thomc/Workspace/cc65/lib/atari.lib(decsp4.o):
    CODE              Offs=00047E  Size=00000D  Align=00001  Fill=0000
/home/thomc/Workspace/cc65/lib/atari.lib(decsp6.o):
    CODE              Offs=00048B  Size=00000D  Align=00001  Fill=0000
/home/thomc/Workspace/cc65/lib/atari.lib(do_oserr.o):
    CODE              Offs=000498  Size=000004  Align=00001  Fill=0000
/home/thomc/Workspace/cc65/lib/atari.lib(errno.o):
    BSS               Offs=000035  Size=000002  Align=00001  Fill=0000
/home/thomc/Workspace/cc65/lib/atari.lib(exehdr.o):
    EXEHDR            Offs=000000  Size=000002  Align=00001  Fill=0000
    MAINHDR           Offs=000000  Size=000004  Align=00001  Fill=0000
/home/thomc/Workspace/cc65/lib/atari.lib(exetrailer.o):
    AUTOSTRT          Offs=000000  Size=000006  Align=00001  Fill=0000
/home/thomc/Workspace/cc65/lib/atari.lib(fdtab.o):
    DATA              Offs=00004A  Size=00002C  Align=00001  Fill=0000
/home/thomc/Workspace/cc65/lib/atari.lib(fdtoiocb.o):
    CODE              Offs=00049C  Size=000022  Align=00001  Fill=0000
/home/thomc/Workspace/cc65/lib/atari.lib(fwrite.o):
    CODE              Offs=0004BE  Size=00007B  Align=00001  Fill=0000
    BSS               Offs=000037  Size=000002  Align=00001  Fill=0000
/home/thomc/Workspace/cc65/lib/atari.lib(incsp2.o):
    CODE              Offs=000539  Size=000016  Align=00001  Fill=0000
/home/thomc/Workspace/cc65/lib/atari.lib(incsp6.o):
    CODE              Offs=00054F  Size=000005  Align=00001  Fill=0000
/home/thomc/Workspace/cc65/lib/atari.lib(inviocb.o):
    CODE              Offs=000554  Size=000005  Align=00001  Fill=0000
/home/thomc/Workspace/cc65/lib/atari.lib(kbhit.o):
    CODE              Offs=000559  Size=00000B  Align=00001  Fill=0000
/home/thomc/Workspace/cc65/lib/atari.lib(ldaxsp.o):
    CODE              Offs=000564  Size=000009  Align=00001  Fill=0000
/home/thomc/Workspace/cc65/lib/atari.lib(lneg.o):
    CODE              Offs=00056D  Size=00001E  Align=00001  Fill=0000
/home/thomc/Workspace/cc65/lib/atari.lib(lpush.o):
    CODE              Offs=00058B  Size=000021  Align=00001  Fill=0000
/home/thomc/Workspace/cc65/lib/atari.lib(ltoa.o):
    CODE              Offs=0005AC  Size=000095  Align=00001  Fill=0000
/home/thomc/Workspace/cc65/lib/atari.lib(mul.o):
    CODE              Offs=000641  Size=000045  Align=00001  Fill=0000
/home/thomc/Workspace/cc65/lib/atari.lib(mul8.o):
    CODE              Offs=000686  Size=00003A  Align=00001  Fill=0000
/home/thomc/Workspace/cc65/lib/atari.lib(oserror.o):
    CODE              Offs=0006C0  Size=00001A  Align=00001  Fill=0000
    RODATA            Offs=00014F  Size=000038  Align=00001  Fill=0000
/home/thomc/Workspace/cc65/lib/atari.lib(popptr1.o):
    CODE              Offs=0006DA  Size=00000E  Align=00001  Fill=0000
/home/thomc/Workspace/cc65/lib/atari.lib(printf.o):
    CODE              Offs=0006E8  Size=000033  Align=00001  Fill=0000
    BSS               Offs=000039  Size=000001  Align=00001  Fill=0000
/home/thomc/Workspace/cc65/lib/atari.lib(push1.o):
    CODE              Offs=00071B  Size=000005  Align=00001  Fill=0000
/home/thomc/Workspace/cc65/lib/atari.lib(pushax.o):
    CODE              Offs=000720  Size=00001A  Align=00001  Fill=0000
/home/thomc/Workspace/cc65/lib/atari.lib(pushwsp.o):
    CODE              Offs=00073A  Size=00001C  Align=00001  Fill=0000
/home/thomc/Workspace/cc65/lib/atari.lib(return1.o):
    CODE              Offs=000756  Size=000005  Align=00001  Fill=0000
/home/thomc/Workspace/cc65/lib/atari.lib(rwcommon.o):
    CODE              Offs=00075B  Size=00002D  Align=00001  Fill=0000
/home/thomc/Workspace/cc65/lib/atari.lib(strlen.o):
    CODE              Offs=000788  Size=000016  Align=00001  Fill=0000
/home/thomc/Workspace/cc65/lib/atari.lib(strlower.o):
    CODE              Offs=00079E  Size=000028  Align=00001  Fill=0000
/home/thomc/Workspace/cc65/lib/atari.lib(udiv.o):
    CODE              Offs=0007C6  Size=00004F  Align=00001  Fill=0000
/home/thomc/Workspace/cc65/lib/atari.lib(vfprintf.o):
    CODE              Offs=000815  Size=000061  Align=00001  Fill=0000
    DATA              Offs=000076  Size=000008  Align=00001  Fill=0000
/home/thomc/Workspace/cc65/lib/atari.lib(write.o):
    CODE              Offs=000876  Size=000028  Align=00001  Fill=0000
/home/thomc/Workspace/cc65/lib/atari.lib(zerobss.o):
    CODE              Offs=00089E  Size=000023  Align=00001  Fill=0000
/home/thomc/Workspace/cc65/lib/atari.lib(zeropage.o):
    ZEROPAGE          Offs=000000  Size=00001A  Align=00001  Fill=0000


Segment list:
-------------
Name                   Start     End    Size  Align
----------------------------------------------------
AUTOSTRT              000000  000005  000006  00001
EXEHDR                000000  000001  000002  00001
MAINHDR               000000  000003  000004  00001
ZEROPAGE              0000E5  0000FE  00001A  00001
STARTUP               001D00  001D62  000063  00001
ONCE                  001D63  001D6E  00000C  00001
CODE                  001D6F  00262F  0008C1  00001
RODATA                002630  0027B6  000187  00001
DATA                  0027B7  002834  00007E  00001
BSS                   002835  00286E  00003A  00001


Exports list by name:
---------------------
__AUTOSTART__             000001 REA    __BSS_LOAD__              002835 RLA    
__BSS_RUN__               002835 RLA    __BSS_SIZE__              00003A REA    
__CONSTRUCTOR_COUNT__     000000 REA    __CONSTRUCTOR_TABLE__     001D6F RLA    
__DESTRUCTOR_COUNT__      000000 REA    __DESTRUCTOR_TABLE__      0027B7 RLA    
__EXEHDR__                000001 REA    __LOWCODE_RUN__           001D63 RLA    
__LOWCODE_SIZE__          000000 REA    __MAIN_START__            001D00 RLA    
__RESERVED_MEMORY__       000000 REA    __STACKSIZE__             000800 REA    
__STARTUP__               000001 REA    __ctype                   00267F RLA    
__directerrno             001DE7 RLA    __do_oserror              002207 RLA    
__errno                   00286A RLA    __hextab                  002663 RLA    
__inviocb                 0022C3 RLA    __longminstr              002673 RLA    
__mappederrno             001DF1 RLA    __oserror                 002839 RLA    
__osmaperrno              00242F RLA    __printf                  001EF4 RLA    
__rwsetup                 0024CA RLA    __seterrno                0021A6 RLA    
_die                      001DDA RLA    _fwrite                   00222D RLA    
_kbhit                    0022C8 RLA    _ltoa                     002333 RLA    
_main                     001D6F RLA    _printf                   002457 RLA    
_siov                     001DE3 RLA    _stdout                   0027D1 RLA    
_strlen                   0024F7 RLA    _strlower                 00250D RLA    
_ultoa                    002374 RLA    _vfprintf                 0025BC RLA    
_write                    0025E5 RLA    addysp                    0021B0 RLA    
axlong                    0021BD RLA    axulong                   0021C3 RLA    
callmain                  0021CA RLA    decsp4                    0021ED RLA    
decsp6                    0021FA RLA    donelib                   0021E1 RLA    
fd_index                  002801 RLA    fd_table                  00280D RLA    
fdtoiocb                  00220B RLA    incsp2                    0022B0 RLA    
incsp6                    0022BE RLA    initlib                   001D63 RLA    
ldaxysp                   0022D5 RLA    mul8x16                   0023F7 RLA    
mul8x16a                  002401 RLA    negeax                    0022DC RLA    
popax                     0022A8 RLA    popptr1                   002449 RLA    
ptr1                      0000ED RLZ    ptr2                      0000EF RLZ    
ptr3                      0000F1 RLZ    ptr4                      0000F3 RLZ    
push1                     00248A RLA    pusha0                    002491 RLA    
pushax                    002493 RLA    pusheax                   002303 RLA    
pushwysp                  0024AB RLA    regbank                   0000F9 RLZ    
return1                   0024C5 RLA    sp                        0000E5 RLZ    
sreg                      0000E7 RLZ    start                     001D01 RLA    
tmp1                      0000F5 RLZ    tosudivax                 002537 RLA    
tosumulax                 0023B0 RLA    zerobss                   00260D RLA    



Exports list by value:
----------------------
__RESERVED_MEMORY__       000000 REA    __DESTRUCTOR_COUNT__      000000 REA    
__CONSTRUCTOR_COUNT__     000000 REA    __LOWCODE_SIZE__          000000 REA    
__AUTOSTART__             000001 REA    __EXEHDR__                000001 REA    
__STARTUP__               000001 REA    __BSS_SIZE__              00003A REA    
sp                        0000E5 RLZ    sreg                      0000E7 RLZ    
ptr1                      0000ED RLZ    ptr2                      0000EF RLZ    
ptr3                      0000F1 RLZ    ptr4                      0000F3 RLZ    
tmp1                      0000F5 RLZ    regbank                   0000F9 RLZ    
__STACKSIZE__             000800 REA    __MAIN_START__            001D00 RLA    
start                     001D01 RLA    initlib                   001D63 RLA    
__LOWCODE_RUN__           001D63 RLA    __CONSTRUCTOR_TABLE__     001D6F RLA    
_main                     001D6F RLA    _die                      001DDA RLA    
_siov                     001DE3 RLA    __directerrno             001DE7 RLA    
__mappederrno             001DF1 RLA    __printf                  001EF4 RLA    
__seterrno                0021A6 RLA    addysp                    0021B0 RLA    
axlong                    0021BD RLA    axulong                   0021C3 RLA    
callmain                  0021CA RLA    donelib                   0021E1 RLA    
decsp4                    0021ED RLA    decsp6                    0021FA RLA    
__do_oserror              002207 RLA    fdtoiocb                  00220B RLA    
_fwrite                   00222D RLA    popax                     0022A8 RLA    
incsp2                    0022B0 RLA    incsp6                    0022BE RLA    
__inviocb                 0022C3 RLA    _kbhit                    0022C8 RLA    
ldaxysp                   0022D5 RLA    negeax                    0022DC RLA    
pusheax                   002303 RLA    _ltoa                     002333 RLA    
_ultoa                    002374 RLA    tosumulax                 0023B0 RLA    
mul8x16                   0023F7 RLA    mul8x16a                  002401 RLA    
__osmaperrno              00242F RLA    popptr1                   002449 RLA    
_printf                   002457 RLA    push1                     00248A RLA    
pusha0                    002491 RLA    pushax                    002493 RLA    
pushwysp                  0024AB RLA    return1                   0024C5 RLA    
__rwsetup                 0024CA RLA    _strlen                   0024F7 RLA    
_strlower                 00250D RLA    tosudivax                 002537 RLA    
_vfprintf                 0025BC RLA    _write                    0025E5 RLA    
zerobss                   00260D RLA    __hextab                  002663 RLA    
__longminstr              002673 RLA    __ctype                   00267F RLA    
__DESTRUCTOR_TABLE__      0027B7 RLA    _stdout                   0027D1 RLA    
fd_index                  002801 RLA    fd_table                  00280D RLA    
__BSS_RUN__               002835 RLA    __BSS_LOAD__              002835 RLA    
__oserror                 002839 RLA    __errno                   00286A RLA    



Imports list:
-------------
__AUTOSTART__ (exetrailer.o):
    [linker generated]        src/atari.cfg(6)
__BSS_LOAD__ ([linker generated]):
    exehdr.o                  atari/exehdr.s(4)
__BSS_RUN__ ([linker generated]):
    zerobss.o                 common/zerobss.s(8)
__BSS_SIZE__ ([linker generated]):
    zerobss.o                 common/zerobss.s(8)
__CONSTRUCTOR_COUNT__ ([linker generated]):
    condes.o                  runtime/condes.s(18)
__CONSTRUCTOR_TABLE__ ([linker generated]):
    condes.o                  runtime/condes.s(18)
__DESTRUCTOR_COUNT__ ([linker generated]):
    condes.o                  runtime/condes.s(19)
__DESTRUCTOR_TABLE__ ([linker generated]):
    condes.o                  runtime/condes.s(19)
__EXEHDR__ (exehdr.o):
    [linker generated]        src/atari.cfg(5)
__LOWCODE_RUN__ ([linker generated]):
    crt0.o                    atari/crt0.s(18)
__LOWCODE_SIZE__ ([linker generated]):
    crt0.o                    atari/crt0.s(18)
__MAIN_START__ ([linker generated]):
    exehdr.o                  atari/exehdr.s(4)
__RESERVED_MEMORY__ ([linker generated]):
    crt0.o                    atari/crt0.s(16)
    [linker generated]        src/atari.cfg(19)
__STACKSIZE__ ([linker generated]):
    [linker generated]        src/atari.cfg(19)
__STARTUP__ (crt0.o):
    main.o                    src/main.s(13)
__ctype (ctype.o):
    strlower.o                common/strlower.s(13)
__directerrno (_directerrno.o):
    inviocb.o                 /home/thomc/Workspace/cc65/asminc/errno.inc(10)
__do_oserror (do_oserr.o):
    write.o                   atari/write.s(5)
__errno (errno.o):
    _seterrno.o               /home/thomc/Workspace/cc65/asminc/errno.inc(7)
__hextab (_hextab.o):
    ltoa.o                    common/ltoa.s(10)
__inviocb (inviocb.o):
    write.o                   atari/write.s(5)
__longminstr (_longminstr.o):
    ltoa.o                    common/ltoa.s(10)
__mappederrno (_mappederrno.o):
    do_oserr.o                /home/thomc/Workspace/cc65/asminc/errno.inc(10)
__oserror (_oserror.o):
    _mappederrno.o            /home/thomc/Workspace/cc65/asminc/errno.inc(7)
    _directerrno.o            /home/thomc/Workspace/cc65/asminc/errno.inc(7)
    write.o                   atari/write.s(5)
__osmaperrno (oserror.o):
    _mappederrno.o            /home/thomc/Workspace/cc65/asminc/errno.inc(8)
__printf (_printf.o):
    vfprintf.o                common/vfprintf.s(10)
__rwsetup (rwcommon.o):
    write.o                   atari/write.s(5)
__seterrno (_seterrno.o):
    _mappederrno.o            /home/thomc/Workspace/cc65/asminc/errno.inc(9)
    _directerrno.o            /home/thomc/Workspace/cc65/asminc/errno.inc(9)
    fwrite.o                  /home/thomc/Workspace/cc65/asminc/errno.inc(9)
_die (die.o):
    main.o                    src/main.s(16)
_fwrite (fwrite.o):
    vfprintf.o                common/vfprintf.s(10)
_kbhit (kbhit.o):
    die.o                     src/die.s(13)
_ltoa (ltoa.o):
    _printf.o                 common/_printf.s(12)
_main (main.o):
    callmain.o                runtime/callmain.s(11)
_printf (printf.o):
    main.o                    src/main.s(14)
_siov (sio.o):
    main.o                    src/main.s(15)
_stdout (_file.o):
    printf.o                  common/printf.s(8)
_strlen (strlen.o):
    _printf.o                 common/_printf.s(13)
_strlower (strlower.o):
    _printf.o                 common/_printf.s(13)
_ultoa (ltoa.o):
    _printf.o                 common/_printf.s(12)
_vfprintf (vfprintf.o):
    printf.o                  common/printf.s(8)
_write (write.o):
    fwrite.o                  common/fwrite.s(10)
addysp (addysp.o):
    incsp6.o                  runtime/incsp6.s(8)
    fwrite.o                  common/fwrite.s(11)
    printf.o                  common/printf.s(8)
axlong (axlong.o):
    _printf.o                 common/_printf.s(11)
axulong (axlong.o):
    _printf.o                 common/_printf.s(11)
callmain (callmain.o):
    crt0.o                    atari/crt0.s(15)
decsp4 (decsp4.o):
    lpush.o                   runtime/lpush.s(12)
decsp6 (decsp6.o):
    _printf.o                 common/_printf.s(11)
donelib (condes.o):
    crt0.o                    atari/crt0.s(14)
fd_index (fdtab.o):
    fdtoiocb.o                atari/fdtoiocb.s(10)
fd_table (fdtab.o):
    fdtoiocb.o                atari/fdtoiocb.s(10)
fdtoiocb (fdtoiocb.o):
    rwcommon.o                atari/rwcommon.s(8)
incsp2 (incsp2.o):
    popptr1.o                 runtime/popptr1.s(8)
incsp6 (incsp6.o):
    fwrite.o                  common/fwrite.s(11)
    vfprintf.o                common/vfprintf.s(9)
initlib (condes.o):
    crt0.o                    atari/crt0.s(14)
ldaxysp (ldaxsp.o):
    fwrite.o                  common/fwrite.s(11)
mul8x16 (mul8.o):
    mul.o                     runtime/mul.s(8)
mul8x16a (mul8.o):
    mul.o                     runtime/mul.s(8)
negeax (lneg.o):
    ltoa.o                    common/ltoa.s(9)
popax (incsp2.o):
    rwcommon.o                atari/rwcommon.s(7)
    ltoa.o                    common/ltoa.s(9)
    _printf.o                 common/_printf.s(11)
popptr1 (popptr1.o):
    udiv.o                    runtime/udiv.s(9)
    mul8.o                    runtime/mul8.s(9)
    mul.o                     runtime/mul.s(9)
    ltoa.o                    common/ltoa.s(9)
ptr1 (zeropage.o):
    udiv.o                    runtime/udiv.s(10)
    strlower.o                common/strlower.s(14)
    popptr1.o                 runtime/popptr1.s(9)
    mul8.o                    runtime/mul8.s(10)
    mul.o                     runtime/mul.s(10)
    ltoa.o                    common/ltoa.s(11)
    fwrite.o                  common/fwrite.s(14)
    _printf.o                 /home/thomc/Workspace/cc65/asminc/zeropage.inc(12)
    zerobss.o                 common/zerobss.s(9)
    vfprintf.o                common/vfprintf.s(11)
    printf.o                  common/printf.s(9)
ptr2 (zeropage.o):
    strlower.o                common/strlower.s(14)
    strlen.o                  common/strlen.s(12)
    ltoa.o                    common/ltoa.s(11)
    _printf.o                 /home/thomc/Workspace/cc65/asminc/zeropage.inc(12)
ptr3 (zeropage.o):
    ltoa.o                    common/ltoa.s(11)
ptr4 (zeropage.o):
    udiv.o                    runtime/udiv.s(10)
    mul8.o                    runtime/mul8.s(10)
    mul.o                     runtime/mul.s(10)
push1 (push1.o):
    _printf.o                 common/_printf.s(11)
    vfprintf.o                common/vfprintf.s(9)
pusha0 (pushax.o):
    push1.o                   runtime/push1.s(8)
    main.o                    src/main.s(91)
pushax (pushax.o):
    fwrite.o                  common/fwrite.s(11)
    callmain.o                runtime/callmain.s(11)
    _printf.o                 common/_printf.s(11)
    printf.o                  common/printf.s(8)
    main.o                    src/main.s(91)
pusheax (lpush.o):
    _printf.o                 common/_printf.s(11)
pushwysp (pushwsp.o):
    fwrite.o                  common/fwrite.s(11)
    vfprintf.o                common/vfprintf.s(9)
regbank (zeropage.o):
    _printf.o                 /home/thomc/Workspace/cc65/asminc/zeropage.inc(14)
return1 (return1.o):
    kbhit.o                   atari/kbhit.s(8)
sp (zeropage.o):
    decsp4.o                  runtime/decsp4.s(8)
    pushwsp.o                 runtime/pushwsp.s(8)
    popptr1.o                 runtime/popptr1.s(9)
    lpush.o                   runtime/lpush.s(13)
    ldaxsp.o                  runtime/ldaxsp.s(8)
    incsp2.o                  runtime/incsp2.s(8)
    decsp6.o                  runtime/decsp6.s(8)
    addysp.o                  runtime/addysp.s(8)
    _printf.o                 /home/thomc/Workspace/cc65/asminc/zeropage.inc(11)
    vfprintf.o                common/vfprintf.s(11)
    pushax.o                  runtime/pushax.s(8)
    printf.o                  common/printf.s(9)
    crt0.o                    /home/thomc/Workspace/cc65/asminc/zeropage.inc(11)
sreg (zeropage.o):
    lneg.o                    runtime/lneg.s(11)
    udiv.o                    runtime/udiv.s(10)
    ltoa.o                    common/ltoa.s(11)
    lpush.o                   runtime/lpush.s(13)
    axlong.o                  runtime/axlong.s(9)
    _printf.o                 /home/thomc/Workspace/cc65/asminc/zeropage.inc(11)
start (crt0.o):
    exetrailer.o              atari/exetrailer.s(4)
tmp1 (zeropage.o):
    mul.o                     runtime/mul.s(10)
    ltoa.o                    common/ltoa.s(11)
    _printf.o                 /home/thomc/Workspace/cc65/asminc/zeropage.inc(13)
tosudivax (udiv.o):
    fwrite.o                  common/fwrite.s(12)
tosumulax (mul.o):
    fwrite.o                  common/fwrite.s(12)
zerobss (zerobss.o):
    crt0.o                    atari/crt0.s(15)

