Modules list:
-------------
main.o:
    CODE              Offs=000000  Size=000065  Align=00001  Fill=0000
    RODATA            Offs=000000  Size=00001C  Align=00001  Fill=0000
err.o:
    CODE              Offs=000065  Size=000023  Align=00001  Fill=0000
    RODATA            Offs=00001C  Size=000030  Align=00001  Fill=0000
conio.o:
    CODE              Offs=000088  Size=0000B6  Align=00001  Fill=0000
cio.o:
    CODE              Offs=00013E  Size=000006  Align=00001  Fill=0000
sio.o:
    CODE              Offs=000144  Size=000004  Align=00001  Fill=0000
/home/thomc/Workspace/cc65/lib/atari.lib(addysp.o):
    CODE              Offs=000148  Size=00000E  Align=00001  Fill=0000
/home/thomc/Workspace/cc65/lib/atari.lib(callmain.o):
    CODE              Offs=000156  Size=000017  Align=00001  Fill=0000
    DATA              Offs=000000  Size=000004  Align=00001  Fill=0000
/home/thomc/Workspace/cc65/lib/atari.lib(condes.o):
    CODE              Offs=00016D  Size=00000C  Align=00001  Fill=0000
    DATA              Offs=000004  Size=000025  Align=00001  Fill=0000
    ONCE              Offs=000000  Size=00000C  Align=00001  Fill=0000
/home/thomc/Workspace/cc65/lib/atari.lib(crt0.o):
    BSS               Offs=000000  Size=000005  Align=00001  Fill=0000
    STARTUP           Offs=000000  Size=000063  Align=00001  Fill=0000
/home/thomc/Workspace/cc65/lib/atari.lib(decsp1.o):
    CODE              Offs=000179  Size=000009  Align=00001  Fill=0000
/home/thomc/Workspace/cc65/lib/atari.lib(exehdr.o):
    EXEHDR            Offs=000000  Size=000002  Align=00001  Fill=0000
    MAINHDR           Offs=000000  Size=000004  Align=00001  Fill=0000
/home/thomc/Workspace/cc65/lib/atari.lib(exetrailer.o):
    AUTOSTRT          Offs=000000  Size=000006  Align=00001  Fill=0000
/home/thomc/Workspace/cc65/lib/atari.lib(incsp2.o):
    CODE              Offs=000182  Size=000016  Align=00001  Fill=0000
/home/thomc/Workspace/cc65/lib/atari.lib(incsp4.o):
    CODE              Offs=000198  Size=000005  Align=00001  Fill=0000
/home/thomc/Workspace/cc65/lib/atari.lib(ldaxsp.o):
    CODE              Offs=00019D  Size=000009  Align=00001  Fill=0000
/home/thomc/Workspace/cc65/lib/atari.lib(pusha.o):
    CODE              Offs=0001A6  Size=000016  Align=00001  Fill=0000
/home/thomc/Workspace/cc65/lib/atari.lib(pushax.o):
    CODE              Offs=0001BC  Size=00001A  Align=00001  Fill=0000
/home/thomc/Workspace/cc65/lib/atari.lib(strlen.o):
    CODE              Offs=0001D6  Size=000016  Align=00001  Fill=0000
/home/thomc/Workspace/cc65/lib/atari.lib(zerobss.o):
    CODE              Offs=0001EC  Size=000023  Align=00001  Fill=0000
/home/thomc/Workspace/cc65/lib/atari.lib(zeropage.o):
    ZEROPAGE          Offs=000000  Size=00001A  Align=00001  Fill=0000


Segment list:
-------------
Name                   Start     End    Size  Align
----------------------------------------------------
AUTOSTRT              000000  000005  000006  00001
EXEHDR                000000  000001  000002  00001
MAINHDR               000000  000003  000004  00001
ZEROPAGE              000082  00009B  00001A  00001
STARTUP               004000  004062  000063  00001
ONCE                  004063  00406E  00000C  00001
CODE                  00406F  00427D  00020F  00001
RODATA                00427E  0042C9  00004C  00001
DATA                  0042CA  0042F2  000029  00001
BSS                   0042F3  0042F7  000005  00001


Exports list by name:
---------------------
__AUTOSTART__             000001 REA    __BSS_LOAD__              0042F3 RLA    
__BSS_RUN__               0042F3 RLA    __BSS_SIZE__              000005 REA    
__CONSTRUCTOR_COUNT__     000000 REA    __CONSTRUCTOR_TABLE__     00406F RLA    
__DESTRUCTOR_COUNT__      000000 REA    __DESTRUCTOR_TABLE__      0042CA RLA    
__EXEHDR__                000001 REA    __LOWCODE_RUN__           004063 RLA    
__LOWCODE_SIZE__          000000 REA    __MAIN_START__            004000 RLA    
__RESERVED_MEMORY__       000000 REA    __STACKSIZE__             000800 REA    
__STARTUP__               000001 REA    _ciov                     0041AD RLA    
_err_sio                  0040D4 RLA    _exit                     004041 RLA    
_main                     0040B3 RLA    _print                    0040F7 RLA    
_siov                     0041B3 RLA    _strlen                   004245 RLA    
addysp                    0041B8 RLA    callmain                  0041C5 RLA    
decsp1                    0041E8 RLA    donelib                   0041DC RLA    
incsp2                    0041F9 RLA    incsp4                    004207 RLA    
initlib                   004063 RLA    ldax0sp                   00420C RLA    
ldaxysp                   00420E RLA    ptr1                      00008A RLZ    
ptr2                      00008C RLZ    pusha                     004219 RLA    
pushax                    00422F RLA    sp                        000082 RLZ    
start                     004001 RLA    zerobss                   00425B RLA    



Exports list by value:
----------------------
__RESERVED_MEMORY__       000000 REA    __CONSTRUCTOR_COUNT__     000000 REA    
__DESTRUCTOR_COUNT__      000000 REA    __LOWCODE_SIZE__          000000 REA    
__EXEHDR__                000001 REA    __AUTOSTART__             000001 REA    
__STARTUP__               000001 REA    __BSS_SIZE__              000005 REA    
sp                        000082 RLZ    ptr1                      00008A RLZ    
ptr2                      00008C RLZ    __STACKSIZE__             000800 REA    
__MAIN_START__            004000 RLA    start                     004001 RLA    
_exit                     004041 RLA    initlib                   004063 RLA    
__LOWCODE_RUN__           004063 RLA    __CONSTRUCTOR_TABLE__     00406F RLA    
_main                     0040B3 RLA    _err_sio                  0040D4 RLA    
_print                    0040F7 RLA    _ciov                     0041AD RLA    
_siov                     0041B3 RLA    addysp                    0041B8 RLA    
callmain                  0041C5 RLA    donelib                   0041DC RLA    
decsp1                    0041E8 RLA    incsp2                    0041F9 RLA    
incsp4                    004207 RLA    ldax0sp                   00420C RLA    
ldaxysp                   00420E RLA    pusha                     004219 RLA    
pushax                    00422F RLA    _strlen                   004245 RLA    
zerobss                   00425B RLA    __DESTRUCTOR_TABLE__      0042CA RLA    
__BSS_RUN__               0042F3 RLA    __BSS_LOAD__              0042F3 RLA    



Imports list:
-------------
__AUTOSTART__ (exetrailer.o):
    [linker generated]        src/atari.cfg(6)
__BSS_LOAD__ ([linker generated]):
    exehdr.o                  atari/exehdr.s(4)
__BSS_RUN__ ([linker generated]):
    zerobss.o                 common/zerobss.s(8)
__BSS_SIZE__ ([linker generated]):
    zerobss.o                 common/zerobss.s(8)
__CONSTRUCTOR_COUNT__ ([linker generated]):
    condes.o                  runtime/condes.s(18)
__CONSTRUCTOR_TABLE__ ([linker generated]):
    condes.o                  runtime/condes.s(18)
__DESTRUCTOR_COUNT__ ([linker generated]):
    condes.o                  runtime/condes.s(19)
__DESTRUCTOR_TABLE__ ([linker generated]):
    condes.o                  runtime/condes.s(19)
__EXEHDR__ (exehdr.o):
    [linker generated]        src/atari.cfg(5)
__LOWCODE_RUN__ ([linker generated]):
    crt0.o                    atari/crt0.s(18)
__LOWCODE_SIZE__ ([linker generated]):
    crt0.o                    atari/crt0.s(18)
__MAIN_START__ ([linker generated]):
    exehdr.o                  atari/exehdr.s(4)
__RESERVED_MEMORY__ ([linker generated]):
    crt0.o                    atari/crt0.s(16)
    [linker generated]        src/atari.cfg(19)
__STACKSIZE__ ([linker generated]):
    [linker generated]        src/atari.cfg(19)
__STARTUP__ (crt0.o):
    main.o                    src/main.s(13)
_ciov (cio.o):
    conio.o                   src/conio.s(14)
_err_sio (err.o):
    main.o                    src/main.s(17)
_exit (crt0.o):
    main.o                    src/main.s(14)
_main (main.o):
    callmain.o                runtime/callmain.s(11)
_print (conio.o):
    err.o                     src/err.s(13)
    main.o                    src/main.s(16)
_siov (sio.o):
    main.o                    src/main.s(15)
_strlen (strlen.o):
    conio.o                   src/conio.s(13)
addysp (addysp.o):
    incsp4.o                  runtime/incsp4.s(8)
callmain (callmain.o):
    crt0.o                    atari/crt0.s(15)
decsp1 (decsp1.o):
    conio.o                   src/conio.s(136)
donelib (condes.o):
    crt0.o                    atari/crt0.s(14)
incsp2 (incsp2.o):
    conio.o                   src/conio.s(136)
incsp4 (incsp4.o):
    conio.o                   src/conio.s(136)
    conio.o                   src/conio.s(136)
initlib (condes.o):
    crt0.o                    atari/crt0.s(14)
ldax0sp (ldaxsp.o):
    conio.o                   src/conio.s(136)
    conio.o                   src/conio.s(136)
ldaxysp (ldaxsp.o):
    conio.o                   src/conio.s(136)
    conio.o                   src/conio.s(136)
ptr1 (zeropage.o):
    zerobss.o                 common/zerobss.s(9)
    conio.o                   src/conio.s(11)
ptr2 (zeropage.o):
    strlen.o                  common/strlen.s(12)
pusha (pusha.o):
    conio.o                   src/conio.s(136)
pushax (pushax.o):
    callmain.o                runtime/callmain.s(11)
    conio.o                   src/conio.s(136)
    conio.o                   src/conio.s(136)
sp (zeropage.o):
    addysp.o                  runtime/addysp.s(8)
    pushax.o                  runtime/pushax.s(8)
    pusha.o                   runtime/pusha.s(8)
    ldaxsp.o                  runtime/ldaxsp.s(8)
    incsp2.o                  runtime/incsp2.s(8)
    decsp1.o                  runtime/decsp1.s(8)
    crt0.o                    /home/thomc/Workspace/cc65/asminc/zeropage.inc(11)
    conio.o                   src/conio.s(10)
start (crt0.o):
    exetrailer.o              atari/exetrailer.s(4)
zerobss (zerobss.o):
    crt0.o                    atari/crt0.s(15)

