Modules list:
-------------
bar.o:
    CODE              Offs=000000  Size=000267  Align=00001  Fill=0000
    DATA              Offs=000000  Size=000002  Align=00001  Fill=0000
main.o:
    CODE              Offs=000267  Size=00000E  Align=00001  Fill=0000
config.o:
    CODE              Offs=000275  Size=000547  Align=00001  Fill=0000
    RODATA            Offs=000000  Size=0000AC  Align=00001  Fill=0000
    BSS               Offs=000000  Size=000103  Align=00001  Fill=0000
    DATA              Offs=000002  Size=000039  Align=00001  Fill=0000
screen.o:
    CODE              Offs=0007BC  Size=0000A8  Align=00001  Fill=0000
    BSS               Offs=000103  Size=000008  Align=00001  Fill=0000
die.o:
    CODE              Offs=000864  Size=000009  Align=00001  Fill=0000
crt0.o:
    BSS               Offs=00010B  Size=000005  Align=00001  Fill=0000
    STARTUP           Offs=000000  Size=000068  Align=00001  Fill=0000
sio.o:
    CODE              Offs=00086D  Size=000004  Align=00001  Fill=0000
bar-setup-regs.o:
    CODE              Offs=000871  Size=00005F  Align=00001  Fill=0000
/home/thomc/Workspace/cc65/lib/atari.lib(_cursor.o):
    BSS               Offs=000110  Size=000001  Align=00001  Fill=0000
/home/thomc/Workspace/cc65/lib/atari.lib(add.o):
    CODE              Offs=0008D0  Size=00001C  Align=00001  Fill=0000
/home/thomc/Workspace/cc65/lib/atari.lib(addeqsp.o):
    CODE              Offs=0008EC  Size=000011  Align=00001  Fill=0000
/home/thomc/Workspace/cc65/lib/atari.lib(addysp.o):
    CODE              Offs=0008FD  Size=00000E  Align=00001  Fill=0000
/home/thomc/Workspace/cc65/lib/atari.lib(callmain.o):
    CODE              Offs=00090B  Size=000017  Align=00001  Fill=0000
    DATA              Offs=00003B  Size=000004  Align=00001  Fill=0000
/home/thomc/Workspace/cc65/lib/atari.lib(cgetc.o):
    CODE              Offs=000922  Size=000016  Align=00001  Fill=0000
/home/thomc/Workspace/cc65/lib/atari.lib(condes.o):
    CODE              Offs=000938  Size=00000C  Align=00001  Fill=0000
    DATA              Offs=00003F  Size=000025  Align=00001  Fill=0000
    ONCE              Offs=000000  Size=00000C  Align=00001  Fill=0000
/home/thomc/Workspace/cc65/lib/atari.lib(decsp1.o):
    CODE              Offs=000944  Size=000009  Align=00001  Fill=0000
/home/thomc/Workspace/cc65/lib/atari.lib(decsp2.o):
    CODE              Offs=00094D  Size=00000D  Align=00001  Fill=0000
/home/thomc/Workspace/cc65/lib/atari.lib(decsp4.o):
    CODE              Offs=00095A  Size=00000D  Align=00001  Fill=0000
/home/thomc/Workspace/cc65/lib/atari.lib(decsp7.o):
    CODE              Offs=000967  Size=00000D  Align=00001  Fill=0000
/home/thomc/Workspace/cc65/lib/atari.lib(incsp1.o):
    CODE              Offs=000974  Size=000007  Align=00001  Fill=0000
/home/thomc/Workspace/cc65/lib/atari.lib(incsp2.o):
    CODE              Offs=00097B  Size=000016  Align=00001  Fill=0000
/home/thomc/Workspace/cc65/lib/atari.lib(incsp5.o):
    CODE              Offs=000991  Size=000005  Align=00001  Fill=0000
/home/thomc/Workspace/cc65/lib/atari.lib(incsp7.o):
    CODE              Offs=000996  Size=000005  Align=00001  Fill=0000
/home/thomc/Workspace/cc65/lib/atari.lib(kbhit.o):
    CODE              Offs=00099B  Size=00000B  Align=00001  Fill=0000
/home/thomc/Workspace/cc65/lib/atari.lib(memcpy.o):
    CODE              Offs=0009A6  Size=00003C  Align=00001  Fill=0000
/home/thomc/Workspace/cc65/lib/atari.lib(memset.o):
    CODE              Offs=0009E2  Size=00005D  Align=00001  Fill=0000
/home/thomc/Workspace/cc65/lib/atari.lib(mul40.o):
    CODE              Offs=000A3F  Size=000021  Align=00001  Fill=0000
/home/thomc/Workspace/cc65/lib/atari.lib(mul8.o):
    CODE              Offs=000A60  Size=00003A  Align=00001  Fill=0000
/home/thomc/Workspace/cc65/lib/atari.lib(popptr1.o):
    CODE              Offs=000A9A  Size=00000E  Align=00001  Fill=0000
/home/thomc/Workspace/cc65/lib/atari.lib(pusha.o):
    CODE              Offs=000AA8  Size=000016  Align=00001  Fill=0000
/home/thomc/Workspace/cc65/lib/atari.lib(pushax.o):
    CODE              Offs=000ABE  Size=00001A  Align=00001  Fill=0000
/home/thomc/Workspace/cc65/lib/atari.lib(return1.o):
    CODE              Offs=000AD8  Size=000005  Align=00001  Fill=0000
/home/thomc/Workspace/cc65/lib/atari.lib(setcursor.o):
    CODE              Offs=000ADD  Size=00003A  Align=00001  Fill=0000
/home/thomc/Workspace/cc65/lib/atari.lib(strcpy.o):
    CODE              Offs=000B17  Size=00001F  Align=00001  Fill=0000
/home/thomc/Workspace/cc65/lib/atari.lib(zerobss.o):
    CODE              Offs=000B36  Size=000023  Align=00001  Fill=0000
/home/thomc/Workspace/cc65/lib/atari.lib(zeropage.o):
    ZEROPAGE          Offs=000000  Size=00001A  Align=00001  Fill=0000


Segment list:
-------------
Name                   Start     End    Size  Align
----------------------------------------------------
ZEROPAGE              0000E5  0000FE  00001A  00001
STARTUP               000700  000767  000068  00001
ONCE                  000768  000773  00000C  00001
CODE                  000774  0012CC  000B59  00001
RODATA                0012CD  001378  0000AC  00001
DATA                  001379  0013DC  000064  00001
BSS                   0013DD  0014ED  000111  00001


Exports list by name:
---------------------
__BSS_RUN__               0013DD RLA    __BSS_SIZE__              000111 REA    
__CONSTRUCTOR_COUNT__     000000 REA    __CONSTRUCTOR_TABLE__     000774 RLA    
__DESTRUCTOR_COUNT__      000000 REA    __DESTRUCTOR_TABLE__      001379 RLA    
__LOWCODE_RUN__           000768 RLA    __LOWCODE_SIZE__          000000 REA    
__RESERVED_MEMORY__       000000 REA    __STACKSIZE__             000800 REA    
__STARTUP__               000001 REA    __bzero                   001156 RLA    
_bar_clear                000774 RLA    _bar_setup_regs           000FE5 RLA    
_bar_show                 000784 RLA    _cgetc                    001096 RLA    
_config_run               000A3C RLA    _configured               0009E9 RLA    
_die                      000FD8 RLA    _dlist_ptr                0014E2 RLA    
_font_ptr                 0014E6 RLA    _kbhit                    00110F RLA    
_main                     0009DB RLA    _memcpy                   00111A RLA    
_mul40                    0011B3 RLA    _screen_clear             000FC8 RLA    
_screen_memory            0014E4 RLA    _screen_puts              000F30 RLA    
_siov                     000FE1 RLA    _strcpy                   00128B RLA    
_video_ptr                0014E0 RLA    addeqysp                  001062 RLA    
addysp                    001072 RLA    callmain                  00107F RLA    
cursor                    0014ED RLA    decsp1                    0010B8 RLA    
decsp2                    0010C1 RLA    decsp4                    0010CE RLA    
decsp7                    0010DB RLA    donelib                   0010AC RLA    
incsp1                    0010E8 RLA    incsp2                    0010F7 RLA    
incsp5                    001105 RLA    incsp7                    00110A RLA    
initlib                   000768 RLA    popax                     0010EF RLA    
popptr1                   00120E RLA    ptr1                      0000ED RLZ    
ptr2                      0000EF RLZ    ptr3                      0000F1 RLZ    
ptr4                      0000F3 RLZ    pusha                     001220 RLA    
pusha0                    001234 RLA    pushax                    001236 RLA    
return1                   00124C RLA    setcursor                 001251 RLA    
sp                        0000E5 RLZ    sreg                      0000E7 RLZ    
tmp1                      0000F5 RLZ    tmp4                      0000F8 RLZ    
tosaddax                  001046 RLA    tosumula0                 0011D4 RLA    
zerobss                   0012AA RLA    


Exports list by value:
----------------------
__RESERVED_MEMORY__       000000 REA    __DESTRUCTOR_COUNT__      000000 REA    
__CONSTRUCTOR_COUNT__     000000 REA    __LOWCODE_SIZE__          000000 REA    
__STARTUP__               000001 REA    sp                        0000E5 RLZ    
sreg                      0000E7 RLZ    ptr1                      0000ED RLZ    
ptr2                      0000EF RLZ    ptr3                      0000F1 RLZ    
ptr4                      0000F3 RLZ    tmp1                      0000F5 RLZ    
tmp4                      0000F8 RLZ    __BSS_SIZE__              000111 REA    
initlib                   000768 RLA    __LOWCODE_RUN__           000768 RLA    
_bar_clear                000774 RLA    __CONSTRUCTOR_TABLE__     000774 RLA    
_bar_show                 000784 RLA    __STACKSIZE__             000800 REA    
_main                     0009DB RLA    _configured               0009E9 RLA    
_config_run               000A3C RLA    _screen_puts              000F30 RLA    
_screen_clear             000FC8 RLA    _die                      000FD8 RLA    
_siov                     000FE1 RLA    _bar_setup_regs           000FE5 RLA    
tosaddax                  001046 RLA    addeqysp                  001062 RLA    
addysp                    001072 RLA    callmain                  00107F RLA    
_cgetc                    001096 RLA    donelib                   0010AC RLA    
decsp1                    0010B8 RLA    decsp2                    0010C1 RLA    
decsp4                    0010CE RLA    decsp7                    0010DB RLA    
incsp1                    0010E8 RLA    popax                     0010EF RLA    
incsp2                    0010F7 RLA    incsp5                    001105 RLA    
incsp7                    00110A RLA    _kbhit                    00110F RLA    
_memcpy                   00111A RLA    __bzero                   001156 RLA    
_mul40                    0011B3 RLA    tosumula0                 0011D4 RLA    
popptr1                   00120E RLA    pusha                     001220 RLA    
pusha0                    001234 RLA    pushax                    001236 RLA    
return1                   00124C RLA    setcursor                 001251 RLA    
_strcpy                   00128B RLA    zerobss                   0012AA RLA    
__DESTRUCTOR_TABLE__      001379 RLA    __BSS_RUN__               0013DD RLA    
_video_ptr                0014E0 RLA    _dlist_ptr                0014E2 RLA    
_screen_memory            0014E4 RLA    _font_ptr                 0014E6 RLA    
cursor                    0014ED RLA    


Imports list:
-------------
__BSS_RUN__ ([linker generated]):
    zerobss.o                 common/zerobss.s(8)
__BSS_SIZE__ ([linker generated]):
    zerobss.o                 common/zerobss.s(8)
__CONSTRUCTOR_COUNT__ ([linker generated]):
    condes.o                  runtime/condes.s(18)
__CONSTRUCTOR_TABLE__ ([linker generated]):
    condes.o                  runtime/condes.s(18)
__DESTRUCTOR_COUNT__ ([linker generated]):
    condes.o                  runtime/condes.s(19)
__DESTRUCTOR_TABLE__ ([linker generated]):
    condes.o                  runtime/condes.s(19)
__LOWCODE_RUN__ ([linker generated]):
    crt0.o                    src/crt0.s(18)
__LOWCODE_SIZE__ ([linker generated]):
    crt0.o                    src/crt0.s(18)
__RESERVED_MEMORY__ ([linker generated]):
    crt0.o                    src/crt0.s(16)
    [linker generated]        src/atari.cfg(19)
__STACKSIZE__ ([linker generated]):
    [linker generated]        src/atari.cfg(19)
__STARTUP__ (crt0.o):
    main.o                    src/main.s(13)
__bzero (memset.o):
    screen.o                  src/screen.s(138)
    bar.o                     src/bar.s(391)
_bar_clear (bar.o):
    config.o                  src/config.s(23)
_bar_setup_regs (bar-setup-regs.o):
    config.o                  src/config.s(22)
_bar_show (bar.o):
    config.o                  src/config.s(24)
_cgetc (cgetc.o):
    config.o                  src/config.s(16)
_config_run (config.o):
    main.o                    src/main.s(15)
_configured (config.o):
    main.o                    src/main.s(14)
_die (die.o):
    config.o                  src/config.s(25)
_dlist_ptr (screen.o):
    config.o                  src/config.s(29)
_font_ptr (screen.o):
    config.o                  src/config.s(31)
_kbhit (kbhit.o):
    die.o                     src/die.s(13)
_main (main.o):
    callmain.o                runtime/callmain.s(11)
_memcpy (memcpy.o):
    config.o                  src/config.s(14)
_mul40 (mul40.o):
    setcursor.o               atari/setcursor.s(7)
_screen_clear (screen.o):
    config.o                  src/config.s(20)
_screen_memory (screen.o):
    config.o                  src/config.s(30)
_screen_puts (screen.o):
    config.o                  src/config.s(19)
_siov (sio.o):
    config.o                  src/config.s(21)
_strcpy (strcpy.o):
    config.o                  src/config.s(13)
_video_ptr (screen.o):
    config.o                  src/config.s(28)
addeqysp (addeqsp.o):
    screen.o                  src/screen.s(138)
addysp (addysp.o):
    incsp7.o                  runtime/incsp7.s(8)
    incsp5.o                  runtime/incsp5.s(8)
callmain (callmain.o):
    crt0.o                    src/crt0.s(15)
cursor (_cursor.o):
    setcursor.o               atari/setcursor.s(7)
decsp1 (decsp1.o):
    screen.o                  src/screen.s(138)
    config.o                  src/config.s(919)
decsp2 (decsp2.o):
    config.o                  src/config.s(919)
    config.o                  src/config.s(919)
    config.o                  src/config.s(919)
    config.o                  src/config.s(919)
decsp4 (decsp4.o):
    config.o                  src/config.s(919)
decsp7 (decsp7.o):
    config.o                  src/config.s(919)
donelib (condes.o):
    crt0.o                    src/crt0.s(14)
incsp1 (incsp1.o):
    config.o                  src/config.s(919)
    config.o                  src/config.s(919)
    config.o                  src/config.s(919)
incsp2 (incsp2.o):
    popptr1.o                 runtime/popptr1.s(8)
    config.o                  src/config.s(919)
    config.o                  src/config.s(919)
    bar.o                     src/bar.s(391)
incsp5 (incsp5.o):
    screen.o                  src/screen.s(138)
    config.o                  src/config.s(919)
incsp7 (incsp7.o):
    config.o                  src/config.s(919)
initlib (condes.o):
    crt0.o                    src/crt0.s(14)
popax (incsp2.o):
    strcpy.o                  common/strcpy.s(8)
    memset.o                  common/memset.s(19)
    memcpy.o                  common/memcpy.s(14)
popptr1 (popptr1.o):
    mul8.o                    runtime/mul8.s(9)
    memcpy.o                  common/memcpy.s(14)
ptr1 (zeropage.o):
    zerobss.o                 common/zerobss.s(9)
    strcpy.o                  common/strcpy.s(9)
    popptr1.o                 runtime/popptr1.s(9)
    mul8.o                    runtime/mul8.s(10)
    memset.o                  common/memset.s(20)
    memcpy.o                  common/memcpy.s(15)
    screen.o                  src/screen.s(11)
    config.o                  src/config.s(11)
    bar.o                     src/bar.s(11)
ptr2 (zeropage.o):
    strcpy.o                  common/strcpy.s(9)
    memset.o                  common/memset.s(20)
    memcpy.o                  common/memcpy.s(15)
ptr3 (zeropage.o):
    memset.o                  common/memset.s(20)
    memcpy.o                  common/memcpy.s(15)
ptr4 (zeropage.o):
    mul8.o                    runtime/mul8.s(10)
pusha (pusha.o):
    config.o                  src/config.s(919)
    config.o                  src/config.s(919)
    config.o                  src/config.s(919)
    config.o                  src/config.s(919)
    config.o                  src/config.s(919)
    bar.o                     src/bar.s(391)
pusha0 (pushax.o):
    screen.o                  src/screen.s(138)
pushax (pushax.o):
    callmain.o                runtime/callmain.s(11)
    screen.o                  src/screen.s(138)
    screen.o                  src/screen.s(138)
    config.o                  src/config.s(919)
    config.o                  src/config.s(919)
    config.o                  src/config.s(919)
    bar.o                     src/bar.s(391)
return1 (return1.o):
    kbhit.o                   atari/kbhit.s(8)
setcursor (setcursor.o):
    cgetc.o                   atari/cgetc.s(10)
sp (zeropage.o):
    addysp.o                  runtime/addysp.s(8)
    pushax.o                  runtime/pushax.s(8)
    pusha.o                   runtime/pusha.s(8)
    popptr1.o                 runtime/popptr1.s(9)
    memset.o                  common/memset.s(20)
    memcpy.o                  common/memcpy.s(15)
    incsp2.o                  runtime/incsp2.s(8)
    incsp1.o                  runtime/incsp1.s(8)
    decsp7.o                  runtime/decsp7.s(8)
    decsp4.o                  runtime/decsp4.s(8)
    decsp2.o                  runtime/decsp2.s(8)
    decsp1.o                  runtime/decsp1.s(8)
    addeqsp.o                 runtime/addeqsp.s(8)
    add.o                     runtime/add.s(12)
    crt0.o                    /home/thomc/Workspace/cc65/asminc/zeropage.inc(11)
    screen.o                  src/screen.s(10)
    config.o                  src/config.s(10)
    bar.o                     src/bar.s(10)
sreg (zeropage.o):
    screen.o                  src/screen.s(10)
tmp1 (zeropage.o):
    add.o                     runtime/add.s(12)
tmp4 (zeropage.o):
    mul40.o                   common/mul40.s(16)
tosaddax (add.o):
    screen.o                  src/screen.s(138)
tosumula0 (mul8.o):
    screen.o                  src/screen.s(138)
zerobss (zerobss.o):
    crt0.o                    src/crt0.s(15)

