Modules list:
-------------
main.o:
    CODE              Offs=000000  Size=000520  Align=00001  Fill=0000
    RODATA            Offs=000000  Size=000044  Align=00001  Fill=0000
    BSS               Offs=000000  Size=00430F  Align=00001  Fill=0000
    DATA              Offs=000000  Size=000002  Align=00001  Fill=0000
err.o:
    CODE              Offs=000520  Size=000023  Align=00001  Fill=0000
    RODATA            Offs=000044  Size=000030  Align=00001  Fill=0000
nsio.o:
    CODE              Offs=000543  Size=00013A  Align=00001  Fill=0000
blockio.o:
    CODE              Offs=00067D  Size=0001B1  Align=00001  Fill=0000
conio.o:
    CODE              Offs=00082E  Size=000070  Align=00001  Fill=0000
cio.o:
    CODE              Offs=00089E  Size=000012  Align=00001  Fill=0000
sio.o:
    CODE              Offs=0008B0  Size=000004  Align=00001  Fill=0000
/home/thomc/Workspace/cc65/lib/atari.lib(_hextab.o):
    RODATA            Offs=000074  Size=000010  Align=00001  Fill=0000
/home/thomc/Workspace/cc65/lib/atari.lib(addysp.o):
    CODE              Offs=0008B4  Size=00000E  Align=00001  Fill=0000
/home/thomc/Workspace/cc65/lib/atari.lib(aslax4.o):
    CODE              Offs=0008C2  Size=000011  Align=00001  Fill=0000
/home/thomc/Workspace/cc65/lib/atari.lib(callmain.o):
    CODE              Offs=0008D3  Size=000017  Align=00001  Fill=0000
    DATA              Offs=000002  Size=000004  Align=00001  Fill=0000
/home/thomc/Workspace/cc65/lib/atari.lib(condes.o):
    CODE              Offs=0008EA  Size=00000C  Align=00001  Fill=0000
    DATA              Offs=000006  Size=000025  Align=00001  Fill=0000
    ONCE              Offs=000000  Size=00000C  Align=00001  Fill=0000
/home/thomc/Workspace/cc65/lib/atari.lib(crt0.o):
    BSS               Offs=00430F  Size=000005  Align=00001  Fill=0000
    STARTUP           Offs=000000  Size=000063  Align=00001  Fill=0000
/home/thomc/Workspace/cc65/lib/atari.lib(decax1.o):
    CODE              Offs=0008F6  Size=000007  Align=00001  Fill=0000
/home/thomc/Workspace/cc65/lib/atari.lib(decaxy.o):
    CODE              Offs=0008FD  Size=000009  Align=00001  Fill=0000
/home/thomc/Workspace/cc65/lib/atari.lib(decsp3.o):
    CODE              Offs=000906  Size=00000D  Align=00001  Fill=0000
/home/thomc/Workspace/cc65/lib/atari.lib(dosdetect.o):
    DATA              Offs=00002B  Size=000001  Align=00001  Fill=0000
    ONCE              Offs=00000C  Size=00004B  Align=00001  Fill=0000
/home/thomc/Workspace/cc65/lib/atari.lib(exehdr.o):
    EXEHDR            Offs=000000  Size=000002  Align=00001  Fill=0000
    MAINHDR           Offs=000000  Size=000004  Align=00001  Fill=0000
/home/thomc/Workspace/cc65/lib/atari.lib(exetrailer.o):
    AUTOSTRT          Offs=000000  Size=000006  Align=00001  Fill=0000
/home/thomc/Workspace/cc65/lib/atari.lib(getargs.o):
    ONCE              Offs=000057  Size=0000A0  Align=00001  Fill=0000
    INIT              Offs=000000  Size=000063  Align=00001  Fill=0000
/home/thomc/Workspace/cc65/lib/atari.lib(icmp.o):
    CODE              Offs=000913  Size=00002E  Align=00001  Fill=0000
/home/thomc/Workspace/cc65/lib/atari.lib(incax1.o):
    CODE              Offs=000941  Size=000007  Align=00001  Fill=0000
/home/thomc/Workspace/cc65/lib/atari.lib(incsp1.o):
    CODE              Offs=000948  Size=000007  Align=00001  Fill=0000
/home/thomc/Workspace/cc65/lib/atari.lib(incsp2.o):
    CODE              Offs=00094F  Size=000016  Align=00001  Fill=0000
/home/thomc/Workspace/cc65/lib/atari.lib(incsp3.o):
    CODE              Offs=000965  Size=000005  Align=00001  Fill=0000
/home/thomc/Workspace/cc65/lib/atari.lib(incsp4.o):
    CODE              Offs=00096A  Size=000005  Align=00001  Fill=0000
/home/thomc/Workspace/cc65/lib/atari.lib(incsp5.o):
    CODE              Offs=00096F  Size=000005  Align=00001  Fill=0000
/home/thomc/Workspace/cc65/lib/atari.lib(incsp6.o):
    CODE              Offs=000974  Size=000005  Align=00001  Fill=0000
/home/thomc/Workspace/cc65/lib/atari.lib(incsp7.o):
    CODE              Offs=000979  Size=000005  Align=00001  Fill=0000
/home/thomc/Workspace/cc65/lib/atari.lib(itoa.o):
    CODE              Offs=00097E  Size=000094  Align=00001  Fill=0000
    RODATA            Offs=000084  Size=000007  Align=00001  Fill=0000
/home/thomc/Workspace/cc65/lib/atari.lib(ldaxi.o):
    CODE              Offs=000A12  Size=00000D  Align=00001  Fill=0000
/home/thomc/Workspace/cc65/lib/atari.lib(ldaxsp.o):
    CODE              Offs=000A1F  Size=000009  Align=00001  Fill=0000
/home/thomc/Workspace/cc65/lib/atari.lib(makebool.o):
    CODE              Offs=000A28  Size=00002C  Align=00001  Fill=0000
/home/thomc/Workspace/cc65/lib/atari.lib(pusha.o):
    CODE              Offs=000A54  Size=000016  Align=00001  Fill=0000
/home/thomc/Workspace/cc65/lib/atari.lib(pushax.o):
    CODE              Offs=000A6A  Size=00001A  Align=00001  Fill=0000
/home/thomc/Workspace/cc65/lib/atari.lib(pushwsp.o):
    CODE              Offs=000A84  Size=00001C  Align=00001  Fill=0000
/home/thomc/Workspace/cc65/lib/atari.lib(regswap2.o):
    CODE              Offs=000AA0  Size=000016  Align=00001  Fill=0000
/home/thomc/Workspace/cc65/lib/atari.lib(staxsp.o):
    CODE              Offs=000AB6  Size=00000B  Align=00001  Fill=0000
/home/thomc/Workspace/cc65/lib/atari.lib(strcat.o):
    CODE              Offs=000AC1  Size=000031  Align=00001  Fill=0000
/home/thomc/Workspace/cc65/lib/atari.lib(strchr.o):
    CODE              Offs=000AF2  Size=000027  Align=00001  Fill=0000
/home/thomc/Workspace/cc65/lib/atari.lib(strcpy.o):
    CODE              Offs=000B19  Size=00001F  Align=00001  Fill=0000
/home/thomc/Workspace/cc65/lib/atari.lib(strlen.o):
    CODE              Offs=000B38  Size=000016  Align=00001  Fill=0000
/home/thomc/Workspace/cc65/lib/atari.lib(strtok.o):
    CODE              Offs=000B4E  Size=0000CB  Align=00001  Fill=0000
    DATA              Offs=00002C  Size=000002  Align=00001  Fill=0000
/home/thomc/Workspace/cc65/lib/atari.lib(zerobss.o):
    CODE              Offs=000C19  Size=000023  Align=00001  Fill=0000
/home/thomc/Workspace/cc65/lib/atari.lib(zeropage.o):
    ZEROPAGE          Offs=000000  Size=00001A  Align=00001  Fill=0000


Segment list:
-------------
Name                   Start     End    Size  Align
----------------------------------------------------
AUTOSTRT              000000  000005  000006  00001
EXEHDR                000000  000001  000002  00001
MAINHDR               000000  000003  000004  00001
ZEROPAGE              000082  00009B  00001A  00001
STARTUP               003400  003462  000063  00001
ONCE                  003463  00355D  0000FB  00001
CODE                  00355E  004199  000C3C  00001
RODATA                00419A  004224  00008B  00001
DATA                  004225  004252  00002E  00001
INIT                  004253  0042B5  000063  00001
BSS                   0042B6  0085C9  004314  00001


Exports list by name:
---------------------
__AUTOSTART__             000001 REA    __BSS_LOAD__              0042B6 RLA    
__BSS_RUN__               0042B6 RLA    __BSS_SIZE__              004314 REA    
__CONSTRUCTOR_COUNT__     000002 REA    __CONSTRUCTOR_TABLE__     00355A RLA    
__DESTRUCTOR_COUNT__      000000 REA    __DESTRUCTOR_TABLE__      004225 RLA    
__EXEHDR__                000001 REA    __LOWCODE_RUN__           003463 RLA    
__LOWCODE_SIZE__          000000 REA    __MAIN_START__            003400 RLA    
__RESERVED_MEMORY__       000000 REA    __STACKSIZE__             000800 REA    
__STARTUP__               000001 REA    __argc                    004227 RLA    
__argv                    004229 RLA    __dos_type                004250 RLA    
__hextab                  00420E RLA    _ciov                     003DFC RLA    
_close                    003C73 RLA    _dciov                    003E02 RLA    
_get                      003C9E RLA    _get_line                 003DD9 RLA    
_itoa                     003EFA RLA    _main                     003994 RLA    
_nclose                   003AE2 RLA    _nopen                    003AA1 RLA    
_nread                    003B18 RLA    _nstatus                  003B9C RLA    
_nwrite                   003B5A RLA    _open                     003BDB RLA    
_print                    003D8C RLA    _put                      003D15 RLA    
_siov                     003E0E RLA    _strcat                   00401F RLA    
_strchr                   004050 RLA    _strcpy                   004077 RLA    
_strlen                   004096 RLA    _strtok                   0040AC RLA    
_yvar                     0042B6 RLA    addysp                    003E13 RLA    
addysp1                   003E12 RLA    aslax4                    003E20 RLA    
booleq                    003F8C RLA    callmain                  003E31 RLA    
decax1                    003E54 RLA    decaxy                    003E5B RLA    
decsp3                    003E64 RLA    detect                    00346F  LAI   
donelib                   003E48 RLA    incax1                    003E9F RLA    
incsp1                    003EA6 RLA    incsp2                    003EB5 RLA    
incsp3                    003EC3 RLA    incsp4                    003EC8 RLA    
incsp5                    003ECD RLA    incsp6                    003ED2 RLA    
incsp7                    003ED7 RLA    initlib                   003463 RLA    
initmainargs              0034BB RLAI   ldax0sp                   003F7D RLA    
ldaxi                     003F70 RLA    ldaxysp                   003F7F RLA    
popax                     003EAD RLA    ptr1                      00008A RLZ    
ptr2                      00008C RLZ    ptr3                      00008E RLZ    
push0                     003FC8 RLA    pusha                     003FB6 RLA    
pusha0                    003FCA RLA    pushax                    003FCC RLA    
pushw0sp                  003FE2 RLA    pushwysp                  003FE4 RLA    
regbank                   000096 RLZ    regswap2                  003FFE RLA    
sp                        000082 RLZ    sreg                      000084 RLZ    
start                     003401 RLA    stax0sp                   004014 RLA    
tmp1                      000092 RLZ    tmp3                      000094 RLZ    
tosicmp                   003E73 RLA    zerobss                   004177 RLA    



Exports list by value:
----------------------
__RESERVED_MEMORY__       000000 REA    __DESTRUCTOR_COUNT__      000000 REA    
__LOWCODE_SIZE__          000000 REA    __STARTUP__               000001 REA    
__EXEHDR__                000001 REA    __AUTOSTART__             000001 REA    
__CONSTRUCTOR_COUNT__     000002 REA    sp                        000082 RLZ    
sreg                      000084 RLZ    ptr1                      00008A RLZ    
ptr2                      00008C RLZ    ptr3                      00008E RLZ    
tmp1                      000092 RLZ    tmp3                      000094 RLZ    
regbank                   000096 RLZ    __STACKSIZE__             000800 REA    
__MAIN_START__            003400 RLA    start                     003401 RLA    
initlib                   003463 RLA    __LOWCODE_RUN__           003463 RLA    
detect                    00346F  LAI   initmainargs              0034BB RLAI   
__CONSTRUCTOR_TABLE__     00355A RLA    _main                     003994 RLA    
_nopen                    003AA1 RLA    _nclose                   003AE2 RLA    
_nread                    003B18 RLA    _nwrite                   003B5A RLA    
_nstatus                  003B9C RLA    _open                     003BDB RLA    
_close                    003C73 RLA    _get                      003C9E RLA    
_put                      003D15 RLA    _print                    003D8C RLA    
_get_line                 003DD9 RLA    _ciov                     003DFC RLA    
_dciov                    003E02 RLA    _siov                     003E0E RLA    
addysp1                   003E12 RLA    addysp                    003E13 RLA    
aslax4                    003E20 RLA    callmain                  003E31 RLA    
donelib                   003E48 RLA    decax1                    003E54 RLA    
decaxy                    003E5B RLA    decsp3                    003E64 RLA    
tosicmp                   003E73 RLA    incax1                    003E9F RLA    
incsp1                    003EA6 RLA    popax                     003EAD RLA    
incsp2                    003EB5 RLA    incsp3                    003EC3 RLA    
incsp4                    003EC8 RLA    incsp5                    003ECD RLA    
incsp6                    003ED2 RLA    incsp7                    003ED7 RLA    
_itoa                     003EFA RLA    ldaxi                     003F70 RLA    
ldax0sp                   003F7D RLA    ldaxysp                   003F7F RLA    
booleq                    003F8C RLA    pusha                     003FB6 RLA    
push0                     003FC8 RLA    pusha0                    003FCA RLA    
pushax                    003FCC RLA    pushw0sp                  003FE2 RLA    
pushwysp                  003FE4 RLA    regswap2                  003FFE RLA    
stax0sp                   004014 RLA    _strcat                   00401F RLA    
_strchr                   004050 RLA    _strcpy                   004077 RLA    
_strlen                   004096 RLA    _strtok                   0040AC RLA    
zerobss                   004177 RLA    __hextab                  00420E RLA    
__DESTRUCTOR_TABLE__      004225 RLA    __argc                    004227 RLA    
__argv                    004229 RLA    __dos_type                004250 RLA    
_yvar                     0042B6 RLA    __BSS_LOAD__              0042B6 RLA    
__BSS_RUN__               0042B6 RLA    __BSS_SIZE__              004314 REA    



Imports list:
-------------
__AUTOSTART__ (exetrailer.o):
    [linker generated]        src/atari.cfg(6)
__BSS_LOAD__ ([linker generated]):
    exehdr.o                  atari/exehdr.s(4)
__BSS_RUN__ ([linker generated]):
    zerobss.o                 common/zerobss.s(8)
__BSS_SIZE__ ([linker generated]):
    zerobss.o                 common/zerobss.s(8)
__CONSTRUCTOR_COUNT__ ([linker generated]):
    condes.o                  runtime/condes.s(18)
__CONSTRUCTOR_TABLE__ ([linker generated]):
    condes.o                  runtime/condes.s(18)
__DESTRUCTOR_COUNT__ ([linker generated]):
    condes.o                  runtime/condes.s(19)
__DESTRUCTOR_TABLE__ ([linker generated]):
    condes.o                  runtime/condes.s(19)
__EXEHDR__ (exehdr.o):
    [linker generated]        src/atari.cfg(5)
__LOWCODE_RUN__ ([linker generated]):
    crt0.o                    atari/crt0.s(18)
__LOWCODE_SIZE__ ([linker generated]):
    crt0.o                    atari/crt0.s(18)
__MAIN_START__ ([linker generated]):
    exehdr.o                  atari/exehdr.s(4)
__RESERVED_MEMORY__ ([linker generated]):
    crt0.o                    atari/crt0.s(16)
    [linker generated]        src/atari.cfg(19)
__STACKSIZE__ ([linker generated]):
    [linker generated]        src/atari.cfg(19)
__STARTUP__ (crt0.o):
    main.o                    src/main.s(13)
__argc (callmain.o):
    getargs.o                 atari/getargs.s(17)
__argv (callmain.o):
    getargs.o                 atari/getargs.s(17)
__dos_type (dosdetect.o):
    getargs.o                 atari/getargs.s(19)
__hextab (_hextab.o):
    itoa.o                    common/itoa.s(10)
_ciov (cio.o):
    conio.o                   src/conio.s(14)
_close (blockio.o):
    main.o                    src/main.s(29)
_dciov (cio.o):
    blockio.o                 src/blockio.s(17)
_get (blockio.o):
    main.o                    src/main.s(30)
_get_line (conio.o):
    main.o                    src/main.s(22)
_itoa (itoa.o):
    main.o                    src/main.s(20)
_main (main.o):
    callmain.o                runtime/callmain.s(11)
_nclose (nsio.o):
    main.o                    src/main.s(24)
_nopen (nsio.o):
    main.o                    src/main.s(23)
_nread (nsio.o):
    main.o                    src/main.s(25)
_nstatus (nsio.o):
    main.o                    src/main.s(27)
_nwrite (nsio.o):
    main.o                    src/main.s(26)
_open (blockio.o):
    main.o                    src/main.s(28)
_print (conio.o):
    err.o                     src/err.s(13)
    main.o                    src/main.s(21)
_put (blockio.o):
    main.o                    src/main.s(31)
_siov (sio.o):
    nsio.o                    src/nsio.s(13)
_strcat (strcat.o):
    main.o                    src/main.s(15)
_strchr (strchr.o):
    strtok.o                  ../libwrk/atari/strtok.s(13)
    main.o                    src/main.s(16)
_strcpy (strcpy.o):
    main.o                    src/main.s(17)
_strlen (strlen.o):
    conio.o                   src/conio.s(13)
_strtok (strtok.o):
    main.o                    src/main.s(19)
_yvar (main.o):
    cio.o                     src/cio.s(4)
addysp (addysp.o):
    incsp7.o                  runtime/incsp7.s(8)
    incsp6.o                  runtime/incsp6.s(8)
    incsp5.o                  runtime/incsp5.s(8)
    incsp4.o                  runtime/incsp4.s(8)
    incsp3.o                  runtime/incsp3.s(8)
addysp1 (addysp.o):
    itoa.o                    common/itoa.s(9)
aslax4 (aslax4.o):
    blockio.o                 src/blockio.s(286)
    blockio.o                 src/blockio.s(286)
    blockio.o                 src/blockio.s(286)
    blockio.o                 src/blockio.s(286)
booleq (makebool.o):
    main.o                    src/main.s(776)
callmain (callmain.o):
    crt0.o                    atari/crt0.s(15)
decax1 (decax1.o):
    main.o                    src/main.s(776)
decaxy (decaxy.o):
    main.o                    src/main.s(776)
decsp3 (decsp3.o):
    strtok.o                  ../libwrk/atari/strtok.s(127)
donelib (condes.o):
    crt0.o                    atari/crt0.s(14)
incax1 (incax1.o):
    strtok.o                  ../libwrk/atari/strtok.s(127)
    main.o                    src/main.s(776)
incsp1 (incsp1.o):
    conio.o                   src/conio.s(98)
    blockio.o                 src/blockio.s(286)
    nsio.o                    src/nsio.s(206)
    nsio.o                    src/nsio.s(206)
    main.o                    src/main.s(776)
    main.o                    src/main.s(776)
incsp2 (incsp2.o):
    main.o                    src/main.s(776)
    main.o                    src/main.s(776)
incsp3 (incsp3.o):
    conio.o                   src/conio.s(98)
incsp4 (incsp4.o):
    conio.o                   src/conio.s(98)
    nsio.o                    src/nsio.s(206)
    main.o                    src/main.s(776)
incsp5 (incsp5.o):
    blockio.o                 src/blockio.s(286)
    blockio.o                 src/blockio.s(286)
    nsio.o                    src/nsio.s(206)
    nsio.o                    src/nsio.s(206)
incsp6 (incsp6.o):
    blockio.o                 src/blockio.s(286)
incsp7 (incsp7.o):
    strtok.o                  ../libwrk/atari/strtok.s(127)
initlib (condes.o):
    crt0.o                    atari/crt0.s(14)
initmainargs (getargs.o):
    main.o                    src/main.s(14)
ldax0sp (ldaxsp.o):
    strtok.o                  ../libwrk/atari/strtok.s(127)
    conio.o                   src/conio.s(98)
    blockio.o                 src/blockio.s(286)
    blockio.o                 src/blockio.s(286)
    blockio.o                 src/blockio.s(286)
    nsio.o                    src/nsio.s(206)
    nsio.o                    src/nsio.s(206)
ldaxi (ldaxi.o):
    main.o                    src/main.s(776)
ldaxysp (ldaxsp.o):
    conio.o                   src/conio.s(98)
    conio.o                   src/conio.s(98)
    blockio.o                 src/blockio.s(286)
    blockio.o                 src/blockio.s(286)
    blockio.o                 src/blockio.s(286)
    nsio.o                    src/nsio.s(206)
    nsio.o                    src/nsio.s(206)
    nsio.o                    src/nsio.s(206)
    main.o                    src/main.s(776)
popax (incsp2.o):
    strcpy.o                  common/strcpy.s(8)
    strchr.o                  common/strchr.s(9)
    strcat.o                  common/strcat.s(9)
ptr1 (zeropage.o):
    zerobss.o                 common/zerobss.s(9)
    strcpy.o                  common/strcpy.s(9)
    strchr.o                  common/strchr.s(10)
    strcat.o                  common/strcat.s(10)
    ldaxi.o                   runtime/ldaxi.s(8)
    getargs.o                 atari/getargs.s(18)
    blockio.o                 src/blockio.s(11)
    main.o                    src/main.s(11)
ptr2 (zeropage.o):
    strlen.o                  common/strlen.s(12)
    strcpy.o                  common/strcpy.s(9)
    strcat.o                  common/strcat.s(10)
    itoa.o                    common/itoa.s(11)
ptr3 (zeropage.o):
    itoa.o                    common/itoa.s(11)
push0 (pushax.o):
    main.o                    src/main.s(776)
pusha (pusha.o):
    conio.o                   src/conio.s(98)
    conio.o                   src/conio.s(98)
    blockio.o                 src/blockio.s(286)
    nsio.o                    src/nsio.s(206)
    nsio.o                    src/nsio.s(206)
    nsio.o                    src/nsio.s(206)
    main.o                    src/main.s(776)
    main.o                    src/main.s(776)
    main.o                    src/main.s(776)
    main.o                    src/main.s(776)
    main.o                    src/main.s(776)
pusha0 (pushax.o):
    main.o                    src/main.s(776)
    main.o                    src/main.s(776)
pushax (pushax.o):
    callmain.o                runtime/callmain.s(11)
    strtok.o                  ../libwrk/atari/strtok.s(127)
    conio.o                   src/conio.s(98)
    blockio.o                 src/blockio.s(286)
    blockio.o                 src/blockio.s(286)
    blockio.o                 src/blockio.s(286)
    nsio.o                    src/nsio.s(206)
    nsio.o                    src/nsio.s(206)
    main.o                    src/main.s(776)
    main.o                    src/main.s(776)
    main.o                    src/main.s(776)
    main.o                    src/main.s(776)
    main.o                    src/main.s(776)
    main.o                    src/main.s(776)
    main.o                    src/main.s(776)
pushw0sp (pushwsp.o):
    main.o                    src/main.s(776)
    main.o                    src/main.s(776)
pushwysp (pushwsp.o):
    strtok.o                  ../libwrk/atari/strtok.s(127)
regbank (zeropage.o):
    regswap2.o                runtime/regswap2.s(8)
    strtok.o                  ../libwrk/atari/strtok.s(10)
regswap2 (regswap2.o):
    strtok.o                  ../libwrk/atari/strtok.s(127)
sp (zeropage.o):
    staxsp.o                  runtime/staxsp.s(8)
    regswap2.o                runtime/regswap2.s(8)
    decsp3.o                  runtime/decsp3.s(8)
    addysp.o                  runtime/addysp.s(8)
    strtok.o                  ../libwrk/atari/strtok.s(10)
    pushwsp.o                 runtime/pushwsp.s(8)
    pushax.o                  runtime/pushax.s(8)
    pusha.o                   runtime/pusha.s(8)
    ldaxsp.o                  runtime/ldaxsp.s(8)
    itoa.o                    common/itoa.s(11)
    incsp2.o                  runtime/incsp2.s(8)
    incsp1.o                  runtime/incsp1.s(8)
    icmp.o                    runtime/icmp.s(9)
    crt0.o                    /home/thomc/Workspace/cc65/asminc/zeropage.inc(11)
    conio.o                   src/conio.s(10)
    blockio.o                 src/blockio.s(10)
    nsio.o                    src/nsio.s(10)
    main.o                    src/main.s(10)
sreg (zeropage.o):
    itoa.o                    common/itoa.s(11)
    icmp.o                    runtime/icmp.s(9)
start (crt0.o):
    exetrailer.o              atari/exetrailer.s(4)
stax0sp (staxsp.o):
    strtok.o                  ../libwrk/atari/strtok.s(127)
tmp1 (zeropage.o):
    strchr.o                  common/strchr.s(10)
    itoa.o                    common/itoa.s(11)
    decaxy.o                  runtime/decaxy.s(8)
    aslax4.o                  runtime/aslax4.s(8)
tmp3 (zeropage.o):
    strcat.o                  common/strcat.s(10)
tosicmp (icmp.o):
    main.o                    src/main.s(776)
zerobss (zerobss.o):
    crt0.o                    atari/crt0.s(15)

