Modules list:
-------------
main.o:
    CODE              Offs=000000  Size=00000A  Align=00001  Fill=0000
err.o:
    CODE              Offs=00000A  Size=000023  Align=00001  Fill=0000
    RODATA            Offs=000000  Size=000030  Align=00001  Fill=0000
nsio.o:
    CODE              Offs=00002D  Size=000196  Align=00001  Fill=0000
conio.o:
    CODE              Offs=0001C3  Size=000073  Align=00001  Fill=0000
cio.o:
    CODE              Offs=000236  Size=000006  Align=00001  Fill=0000
sio.o:
    CODE              Offs=00023C  Size=000004  Align=00001  Fill=0000
/home/thomc/Workspace/cc65/lib/atari.lib(addysp.o):
    CODE              Offs=000240  Size=00000E  Align=00001  Fill=0000
/home/thomc/Workspace/cc65/lib/atari.lib(callmain.o):
    CODE              Offs=00024E  Size=000017  Align=00001  Fill=0000
    DATA              Offs=000000  Size=000004  Align=00001  Fill=0000
/home/thomc/Workspace/cc65/lib/atari.lib(condes.o):
    CODE              Offs=000265  Size=00000C  Align=00001  Fill=0000
    DATA              Offs=000004  Size=000025  Align=00001  Fill=0000
    ONCE              Offs=000000  Size=00000C  Align=00001  Fill=0000
/home/thomc/Workspace/cc65/lib/atari.lib(crt0.o):
    BSS               Offs=000000  Size=000005  Align=00001  Fill=0000
    STARTUP           Offs=000000  Size=000063  Align=00001  Fill=0000
/home/thomc/Workspace/cc65/lib/atari.lib(dosdetect.o):
    DATA              Offs=000029  Size=000001  Align=00001  Fill=0000
    ONCE              Offs=00000C  Size=00004B  Align=00001  Fill=0000
/home/thomc/Workspace/cc65/lib/atari.lib(exehdr.o):
    EXEHDR            Offs=000000  Size=000002  Align=00001  Fill=0000
    MAINHDR           Offs=000000  Size=000004  Align=00001  Fill=0000
/home/thomc/Workspace/cc65/lib/atari.lib(exetrailer.o):
    AUTOSTRT          Offs=000000  Size=000006  Align=00001  Fill=0000
/home/thomc/Workspace/cc65/lib/atari.lib(getargs.o):
    ONCE              Offs=000057  Size=0000A0  Align=00001  Fill=0000
    INIT              Offs=000000  Size=000063  Align=00001  Fill=0000
/home/thomc/Workspace/cc65/lib/atari.lib(incsp1.o):
    CODE              Offs=000271  Size=000007  Align=00001  Fill=0000
/home/thomc/Workspace/cc65/lib/atari.lib(incsp2.o):
    CODE              Offs=000278  Size=000016  Align=00001  Fill=0000
/home/thomc/Workspace/cc65/lib/atari.lib(incsp3.o):
    CODE              Offs=00028E  Size=000005  Align=00001  Fill=0000
/home/thomc/Workspace/cc65/lib/atari.lib(incsp4.o):
    CODE              Offs=000293  Size=000005  Align=00001  Fill=0000
/home/thomc/Workspace/cc65/lib/atari.lib(incsp5.o):
    CODE              Offs=000298  Size=000005  Align=00001  Fill=0000
/home/thomc/Workspace/cc65/lib/atari.lib(ldaxsp.o):
    CODE              Offs=00029D  Size=000009  Align=00001  Fill=0000
/home/thomc/Workspace/cc65/lib/atari.lib(leaaxsp.o):
    CODE              Offs=0002A6  Size=00000C  Align=00001  Fill=0000
/home/thomc/Workspace/cc65/lib/atari.lib(pusha.o):
    CODE              Offs=0002B2  Size=000016  Align=00001  Fill=0000
/home/thomc/Workspace/cc65/lib/atari.lib(pushax.o):
    CODE              Offs=0002C8  Size=00001A  Align=00001  Fill=0000
/home/thomc/Workspace/cc65/lib/atari.lib(strlen.o):
    CODE              Offs=0002E2  Size=000016  Align=00001  Fill=0000
/home/thomc/Workspace/cc65/lib/atari.lib(zerobss.o):
    CODE              Offs=0002F8  Size=000023  Align=00001  Fill=0000
/home/thomc/Workspace/cc65/lib/atari.lib(zeropage.o):
    ZEROPAGE          Offs=000000  Size=00001A  Align=00001  Fill=0000


Segment list:
-------------
Name                   Start     End    Size  Align
----------------------------------------------------
AUTOSTRT              000000  000005  000006  00001
EXEHDR                000000  000001  000002  00001
MAINHDR               000000  000003  000004  00001
ZEROPAGE              000082  00009B  00001A  00001
STARTUP               004000  004062  000063  00001
ONCE                  004063  00415D  0000FB  00001
CODE                  00415E  004478  00031B  00001
RODATA                004479  0044A8  000030  00001
DATA                  0044A9  0044D2  00002A  00001
INIT                  0044D3  004535  000063  00001
BSS                   004536  00453A  000005  00001


Exports list by name:
---------------------
__AUTOSTART__             000001 REA    __BSS_LOAD__              004536 RLA    
__BSS_RUN__               004536 RLA    __BSS_SIZE__              000005 REA    
__CONSTRUCTOR_COUNT__     000002 REA    __CONSTRUCTOR_TABLE__     00415A RLA    
__DESTRUCTOR_COUNT__      000000 REA    __DESTRUCTOR_TABLE__      0044A9 RLA    
__EXEHDR__                000001 REA    __LOWCODE_RUN__           004063 RLA    
__LOWCODE_SIZE__          000000 REA    __MAIN_START__            004000 RLA    
__RESERVED_MEMORY__       000000 REA    __STACKSIZE__             000800 REA    
__STARTUP__               000001 REA    __argc                    0044A9 RLA    
__argv                    0044AB RLA    __dos_type                0044D2 RLA    
_ciov                     004394 RLA    _err_sio                  004168 RLA    
_exit                     004041 RLA    _main                     00415E RLA    
_print                    004321 RLA    _siov                     00439A RLA    
_strlen                   004440 RLA    addysp                    00439F RLA    
callmain                  0043AC RLA    detect                    00406F  LAI   
donelib                   0043C3 RLA    incsp1                    0043CF RLA    
incsp2                    0043DE RLA    incsp3                    0043EC RLA    
incsp4                    0043F1 RLA    incsp5                    0043F6 RLA    
initlib                   004063 RLA    initmainargs              0040BB RLAI   
ldax0sp                   0043FB RLA    ldaxysp                   0043FD RLA    
leaa0sp                   004404 RLA    ptr1                      00008A RLZ    
ptr2                      00008C RLZ    pusha                     004414 RLA    
pushax                    00442A RLA    sp                        000082 RLZ    
start                     004001 RLA    zerobss                   004456 RLA    



Exports list by value:
----------------------
__DESTRUCTOR_COUNT__      000000 REA    __LOWCODE_SIZE__          000000 REA    
__RESERVED_MEMORY__       000000 REA    __EXEHDR__                000001 REA    
__AUTOSTART__             000001 REA    __STARTUP__               000001 REA    
__CONSTRUCTOR_COUNT__     000002 REA    __BSS_SIZE__              000005 REA    
sp                        000082 RLZ    ptr1                      00008A RLZ    
ptr2                      00008C RLZ    __STACKSIZE__             000800 REA    
__MAIN_START__            004000 RLA    start                     004001 RLA    
_exit                     004041 RLA    __LOWCODE_RUN__           004063 RLA    
initlib                   004063 RLA    detect                    00406F  LAI   
initmainargs              0040BB RLAI   __CONSTRUCTOR_TABLE__     00415A RLA    
_main                     00415E RLA    _err_sio                  004168 RLA    
_print                    004321 RLA    _ciov                     004394 RLA    
_siov                     00439A RLA    addysp                    00439F RLA    
callmain                  0043AC RLA    donelib                   0043C3 RLA    
incsp1                    0043CF RLA    incsp2                    0043DE RLA    
incsp3                    0043EC RLA    incsp4                    0043F1 RLA    
incsp5                    0043F6 RLA    ldax0sp                   0043FB RLA    
ldaxysp                   0043FD RLA    leaa0sp                   004404 RLA    
pusha                     004414 RLA    pushax                    00442A RLA    
_strlen                   004440 RLA    zerobss                   004456 RLA    
__argc                    0044A9 RLA    __DESTRUCTOR_TABLE__      0044A9 RLA    
__argv                    0044AB RLA    __dos_type                0044D2 RLA    
__BSS_RUN__               004536 RLA    __BSS_LOAD__              004536 RLA    



Imports list:
-------------
__AUTOSTART__ (exetrailer.o):
    [linker generated]        src/atari.cfg(6)
__BSS_LOAD__ ([linker generated]):
    exehdr.o                  atari/exehdr.s(4)
__BSS_RUN__ ([linker generated]):
    zerobss.o                 common/zerobss.s(8)
__BSS_SIZE__ ([linker generated]):
    zerobss.o                 common/zerobss.s(8)
__CONSTRUCTOR_COUNT__ ([linker generated]):
    condes.o                  runtime/condes.s(18)
__CONSTRUCTOR_TABLE__ ([linker generated]):
    condes.o                  runtime/condes.s(18)
__DESTRUCTOR_COUNT__ ([linker generated]):
    condes.o                  runtime/condes.s(19)
__DESTRUCTOR_TABLE__ ([linker generated]):
    condes.o                  runtime/condes.s(19)
__EXEHDR__ (exehdr.o):
    [linker generated]        src/atari.cfg(5)
__LOWCODE_RUN__ ([linker generated]):
    crt0.o                    atari/crt0.s(18)
__LOWCODE_SIZE__ ([linker generated]):
    crt0.o                    atari/crt0.s(18)
__MAIN_START__ ([linker generated]):
    exehdr.o                  atari/exehdr.s(4)
__RESERVED_MEMORY__ ([linker generated]):
    crt0.o                    atari/crt0.s(16)
    [linker generated]        src/atari.cfg(19)
__STACKSIZE__ ([linker generated]):
    [linker generated]        src/atari.cfg(19)
__STARTUP__ (crt0.o):
    main.o                    src/main.s(13)
__argc (callmain.o):
    getargs.o                 atari/getargs.s(17)
__argv (callmain.o):
    getargs.o                 atari/getargs.s(17)
__dos_type (dosdetect.o):
    getargs.o                 atari/getargs.s(19)
_ciov (cio.o):
    conio.o                   src/conio.s(14)
_err_sio (err.o):
    nsio.o                    src/nsio.s(15)
_exit (crt0.o):
    nsio.o                    src/nsio.s(13)
_main (main.o):
    callmain.o                runtime/callmain.s(11)
_print (conio.o):
    err.o                     src/err.s(13)
_siov (sio.o):
    nsio.o                    src/nsio.s(14)
_strlen (strlen.o):
    conio.o                   src/conio.s(13)
addysp (addysp.o):
    incsp5.o                  runtime/incsp5.s(8)
    incsp4.o                  runtime/incsp4.s(8)
    incsp3.o                  runtime/incsp3.s(8)
callmain (callmain.o):
    crt0.o                    atari/crt0.s(15)
donelib (condes.o):
    crt0.o                    atari/crt0.s(14)
incsp1 (incsp1.o):
    nsio.o                    src/nsio.s(244)
    nsio.o                    src/nsio.s(244)
incsp2 (incsp2.o):
    conio.o                   src/conio.s(99)
incsp3 (incsp3.o):
    conio.o                   src/conio.s(99)
    nsio.o                    src/nsio.s(244)
incsp4 (incsp4.o):
    conio.o                   src/conio.s(99)
    main.o                    src/main.s(34)
incsp5 (incsp5.o):
    nsio.o                    src/nsio.s(244)
    nsio.o                    src/nsio.s(244)
initlib (condes.o):
    crt0.o                    atari/crt0.s(14)
initmainargs (getargs.o):
    main.o                    src/main.s(14)
ldax0sp (ldaxsp.o):
    conio.o                   src/conio.s(99)
    conio.o                   src/conio.s(99)
    nsio.o                    src/nsio.s(244)
    nsio.o                    src/nsio.s(244)
ldaxysp (ldaxsp.o):
    conio.o                   src/conio.s(99)
    conio.o                   src/conio.s(99)
leaa0sp (leaaxsp.o):
    nsio.o                    src/nsio.s(244)
    nsio.o                    src/nsio.s(244)
ptr1 (zeropage.o):
    zerobss.o                 common/zerobss.s(9)
    getargs.o                 atari/getargs.s(18)
ptr2 (zeropage.o):
    strlen.o                  common/strlen.s(12)
pusha (pusha.o):
    conio.o                   src/conio.s(99)
    nsio.o                    src/nsio.s(244)
    nsio.o                    src/nsio.s(244)
pushax (pushax.o):
    callmain.o                runtime/callmain.s(11)
    conio.o                   src/conio.s(99)
    conio.o                   src/conio.s(99)
    nsio.o                    src/nsio.s(244)
    nsio.o                    src/nsio.s(244)
    nsio.o                    src/nsio.s(244)
sp (zeropage.o):
    addysp.o                  runtime/addysp.s(8)
    pushax.o                  runtime/pushax.s(8)
    pusha.o                   runtime/pusha.s(8)
    leaaxsp.o                 runtime/leaaxsp.s(8)
    ldaxsp.o                  runtime/ldaxsp.s(8)
    incsp2.o                  runtime/incsp2.s(8)
    incsp1.o                  runtime/incsp1.s(8)
    crt0.o                    /home/thomc/Workspace/cc65/asminc/zeropage.inc(11)
    conio.o                   src/conio.s(10)
    nsio.o                    src/nsio.s(10)
start (crt0.o):
    exetrailer.o              atari/exetrailer.s(4)
zerobss (zerobss.o):
    crt0.o                    atari/crt0.s(15)

