Modules list:
-------------
main.o:
    CODE              Offs=000000  Size=0002E6  Align=00001  Fill=0000
    RODATA            Offs=000000  Size=000097  Align=00001  Fill=0000
    BSS               Offs=000000  Size=000128  Align=00001  Fill=0000
    DATA              Offs=000000  Size=000100  Align=00001  Fill=0000
err.o:
    CODE              Offs=0002E6  Size=000023  Align=00001  Fill=0000
    RODATA            Offs=000097  Size=000030  Align=00001  Fill=0000
conio.o:
    CODE              Offs=000309  Size=000073  Align=00001  Fill=0000
cio.o:
    CODE              Offs=00037C  Size=000006  Align=00001  Fill=0000
sio.o:
    CODE              Offs=000382  Size=000004  Align=00001  Fill=0000
/home/thomc/Workspace/cc65/lib/atari.lib(addysp.o):
    CODE              Offs=000386  Size=00000E  Align=00001  Fill=0000
/home/thomc/Workspace/cc65/lib/atari.lib(aslax1.o):
    CODE              Offs=000394  Size=000008  Align=00001  Fill=0000
/home/thomc/Workspace/cc65/lib/atari.lib(aslax4.o):
    CODE              Offs=00039C  Size=000011  Align=00001  Fill=0000
/home/thomc/Workspace/cc65/lib/atari.lib(callmain.o):
    CODE              Offs=0003AD  Size=000017  Align=00001  Fill=0000
    DATA              Offs=000100  Size=000004  Align=00001  Fill=0000
/home/thomc/Workspace/cc65/lib/atari.lib(condes.o):
    CODE              Offs=0003C4  Size=00000C  Align=00001  Fill=0000
    DATA              Offs=000104  Size=000025  Align=00001  Fill=0000
    ONCE              Offs=000000  Size=00000C  Align=00001  Fill=0000
/home/thomc/Workspace/cc65/lib/atari.lib(crt0.o):
    BSS               Offs=000128  Size=000005  Align=00001  Fill=0000
    STARTUP           Offs=000000  Size=000063  Align=00001  Fill=0000
/home/thomc/Workspace/cc65/lib/atari.lib(decaxy.o):
    CODE              Offs=0003D0  Size=000009  Align=00001  Fill=0000
/home/thomc/Workspace/cc65/lib/atari.lib(dosdetect.o):
    DATA              Offs=000129  Size=000001  Align=00001  Fill=0000
    ONCE              Offs=00000C  Size=00004B  Align=00001  Fill=0000
/home/thomc/Workspace/cc65/lib/atari.lib(exehdr.o):
    EXEHDR            Offs=000000  Size=000002  Align=00001  Fill=0000
    MAINHDR           Offs=000000  Size=000004  Align=00001  Fill=0000
/home/thomc/Workspace/cc65/lib/atari.lib(exetrailer.o):
    AUTOSTRT          Offs=000000  Size=000006  Align=00001  Fill=0000
/home/thomc/Workspace/cc65/lib/atari.lib(getargs.o):
    ONCE              Offs=000057  Size=0000A0  Align=00001  Fill=0000
    INIT              Offs=000000  Size=000063  Align=00001  Fill=0000
/home/thomc/Workspace/cc65/lib/atari.lib(incsp1.o):
    CODE              Offs=0003D9  Size=000007  Align=00001  Fill=0000
/home/thomc/Workspace/cc65/lib/atari.lib(incsp2.o):
    CODE              Offs=0003E0  Size=000016  Align=00001  Fill=0000
/home/thomc/Workspace/cc65/lib/atari.lib(incsp3.o):
    CODE              Offs=0003F6  Size=000005  Align=00001  Fill=0000
/home/thomc/Workspace/cc65/lib/atari.lib(incsp4.o):
    CODE              Offs=0003FB  Size=000005  Align=00001  Fill=0000
/home/thomc/Workspace/cc65/lib/atari.lib(incsp5.o):
    CODE              Offs=000400  Size=000005  Align=00001  Fill=0000
/home/thomc/Workspace/cc65/lib/atari.lib(is_cmdline_dos.o):
    CODE              Offs=000405  Size=000009  Align=00001  Fill=0000
/home/thomc/Workspace/cc65/lib/atari.lib(ldaxi.o):
    CODE              Offs=00040E  Size=00000D  Align=00001  Fill=0000
/home/thomc/Workspace/cc65/lib/atari.lib(ldaxsp.o):
    CODE              Offs=00041B  Size=000009  Align=00001  Fill=0000
/home/thomc/Workspace/cc65/lib/atari.lib(pusha.o):
    CODE              Offs=000424  Size=000016  Align=00001  Fill=0000
/home/thomc/Workspace/cc65/lib/atari.lib(pushax.o):
    CODE              Offs=00043A  Size=00001A  Align=00001  Fill=0000
/home/thomc/Workspace/cc65/lib/atari.lib(strlen.o):
    CODE              Offs=000454  Size=000016  Align=00001  Fill=0000
/home/thomc/Workspace/cc65/lib/atari.lib(zerobss.o):
    CODE              Offs=00046A  Size=000023  Align=00001  Fill=0000
/home/thomc/Workspace/cc65/lib/atari.lib(zeropage.o):
    ZEROPAGE          Offs=000000  Size=00001A  Align=00001  Fill=0000


Segment list:
-------------
Name                   Start     End    Size  Align
----------------------------------------------------
AUTOSTRT              000000  000005  000006  00001
EXEHDR                000000  000001  000002  00001
MAINHDR               000000  000003  000004  00001
ZEROPAGE              000082  00009B  00001A  00001
STARTUP               004000  004062  000063  00001
ONCE                  004063  00415D  0000FB  00001
CODE                  00415E  0045EA  00048D  00001
RODATA                0045EB  0046B1  0000C7  00001
DATA                  0046B2  0047DB  00012A  00001
INIT                  0047DC  00483E  000063  00001
BSS                   00483F  00496B  00012D  00001


Exports list by name:
---------------------
__AUTOSTART__             000001 REA    __BSS_LOAD__              00483F RLA    
__BSS_RUN__               00483F RLA    __BSS_SIZE__              00012D REA    
__CONSTRUCTOR_COUNT__     000002 REA    __CONSTRUCTOR_TABLE__     00415A RLA    
__DESTRUCTOR_COUNT__      000000 REA    __DESTRUCTOR_TABLE__      0046B2 RLA    
__EXEHDR__                000001 REA    __LOWCODE_RUN__           004063 RLA    
__LOWCODE_SIZE__          000000 REA    __MAIN_START__            004000 RLA    
__RESERVED_MEMORY__       000000 REA    __STACKSIZE__             000800 REA    
__STARTUP__               000001 REA    __argc                    0047B2 RLA    
__argv                    0047B4 RLA    __dos_type                0047DB RLA    
__is_cmdline_dos          004563 RLA    _ciov                     0044DA RLA    
_err_sio                  004444 RLA    _exit                     004041 RLA    
_get_line                 0044B7 RLA    _main                     004314 RLA    
_print                    004467 RLA    _siov                     0044E0 RLA    
_strlen                   0045B2 RLA    addysp                    0044E5 RLA    
aslax1                    0044F2 RLA    aslax4                    0044FA RLA    
callmain                  00450B RLA    decaxy                    00452E RLA    
detect                    00406F  LAI   donelib                   004522 RLA    
incsp1                    004537 RLA    incsp2                    004546 RLA    
incsp3                    004554 RLA    incsp4                    004559 RLA    
incsp5                    00455E RLA    initlib                   004063 RLA    
initmainargs              0040BB RLAI   ldax0sp                   004579 RLA    
ldaxi                     00456C RLA    ldaxidx                   00456E RLA    
ldaxysp                   00457B RLA    ptr1                      00008A RLZ    
ptr2                      00008C RLZ    pusha                     004586 RLA    
pushax                    00459C RLA    sp                        000082 RLZ    
start                     004001 RLA    tmp1                      000092 RLZ    
zerobss                   0045C8 RLA    


Exports list by value:
----------------------
__DESTRUCTOR_COUNT__      000000 REA    __RESERVED_MEMORY__       000000 REA    
__LOWCODE_SIZE__          000000 REA    __AUTOSTART__             000001 REA    
__EXEHDR__                000001 REA    __STARTUP__               000001 REA    
__CONSTRUCTOR_COUNT__     000002 REA    sp                        000082 RLZ    
ptr1                      00008A RLZ    ptr2                      00008C RLZ    
tmp1                      000092 RLZ    __BSS_SIZE__              00012D REA    
__STACKSIZE__             000800 REA    __MAIN_START__            004000 RLA    
start                     004001 RLA    _exit                     004041 RLA    
initlib                   004063 RLA    __LOWCODE_RUN__           004063 RLA    
detect                    00406F  LAI   initmainargs              0040BB RLAI   
__CONSTRUCTOR_TABLE__     00415A RLA    _main                     004314 RLA    
_err_sio                  004444 RLA    _print                    004467 RLA    
_get_line                 0044B7 RLA    _ciov                     0044DA RLA    
_siov                     0044E0 RLA    addysp                    0044E5 RLA    
aslax1                    0044F2 RLA    aslax4                    0044FA RLA    
callmain                  00450B RLA    donelib                   004522 RLA    
decaxy                    00452E RLA    incsp1                    004537 RLA    
incsp2                    004546 RLA    incsp3                    004554 RLA    
incsp4                    004559 RLA    incsp5                    00455E RLA    
__is_cmdline_dos          004563 RLA    ldaxi                     00456C RLA    
ldaxidx                   00456E RLA    ldax0sp                   004579 RLA    
ldaxysp                   00457B RLA    pusha                     004586 RLA    
pushax                    00459C RLA    _strlen                   0045B2 RLA    
zerobss                   0045C8 RLA    __DESTRUCTOR_TABLE__      0046B2 RLA    
__argc                    0047B2 RLA    __argv                    0047B4 RLA    
__dos_type                0047DB RLA    __BSS_RUN__               00483F RLA    
__BSS_LOAD__              00483F RLA    


Imports list:
-------------
__AUTOSTART__ (exetrailer.o):
    [linker generated]        src/atari.cfg(6)
__BSS_LOAD__ ([linker generated]):
    exehdr.o                  atari/exehdr.s(4)
__BSS_RUN__ ([linker generated]):
    zerobss.o                 common/zerobss.s(8)
__BSS_SIZE__ ([linker generated]):
    zerobss.o                 common/zerobss.s(8)
__CONSTRUCTOR_COUNT__ ([linker generated]):
    condes.o                  runtime/condes.s(18)
__CONSTRUCTOR_TABLE__ ([linker generated]):
    condes.o                  runtime/condes.s(18)
__DESTRUCTOR_COUNT__ ([linker generated]):
    condes.o                  runtime/condes.s(19)
__DESTRUCTOR_TABLE__ ([linker generated]):
    condes.o                  runtime/condes.s(19)
__EXEHDR__ (exehdr.o):
    [linker generated]        src/atari.cfg(5)
__LOWCODE_RUN__ ([linker generated]):
    crt0.o                    atari/crt0.s(18)
__LOWCODE_SIZE__ ([linker generated]):
    crt0.o                    atari/crt0.s(18)
__MAIN_START__ ([linker generated]):
    exehdr.o                  atari/exehdr.s(4)
__RESERVED_MEMORY__ ([linker generated]):
    crt0.o                    atari/crt0.s(16)
    [linker generated]        src/atari.cfg(19)
__STACKSIZE__ ([linker generated]):
    [linker generated]        src/atari.cfg(19)
__STARTUP__ (crt0.o):
    main.o                    src/main.s(13)
__argc (callmain.o):
    getargs.o                 atari/getargs.s(17)
__argv (callmain.o):
    getargs.o                 atari/getargs.s(17)
__dos_type (dosdetect.o):
    is_cmdline_dos.o          atari/is_cmdline_dos.s(10)
    getargs.o                 atari/getargs.s(19)
__is_cmdline_dos (is_cmdline_dos.o):
    main.o                    src/main.s(15)
_ciov (cio.o):
    conio.o                   src/conio.s(14)
_err_sio (err.o):
    main.o                    src/main.s(21)
_exit (crt0.o):
    main.o                    src/main.s(17)
_get_line (conio.o):
    main.o                    src/main.s(20)
_main (main.o):
    callmain.o                runtime/callmain.s(11)
_print (conio.o):
    err.o                     src/err.s(13)
    main.o                    src/main.s(19)
_siov (sio.o):
    main.o                    src/main.s(18)
_strlen (strlen.o):
    conio.o                   src/conio.s(13)
addysp (addysp.o):
    incsp5.o                  runtime/incsp5.s(8)
    incsp4.o                  runtime/incsp4.s(8)
    incsp3.o                  runtime/incsp3.s(8)
aslax1 (aslax1.o):
    main.o                    src/main.s(492)
    main.o                    src/main.s(492)
aslax4 (aslax4.o):
    main.o                    src/main.s(492)
    main.o                    src/main.s(492)
callmain (callmain.o):
    crt0.o                    atari/crt0.s(15)
decaxy (decaxy.o):
    main.o                    src/main.s(492)
donelib (condes.o):
    crt0.o                    atari/crt0.s(14)
incsp1 (incsp1.o):
    main.o                    src/main.s(492)
    main.o                    src/main.s(492)
    main.o                    src/main.s(492)
incsp2 (incsp2.o):
    conio.o                   src/conio.s(99)
    main.o                    src/main.s(492)
    main.o                    src/main.s(492)
incsp3 (incsp3.o):
    conio.o                   src/conio.s(99)
incsp4 (incsp4.o):
    conio.o                   src/conio.s(99)
incsp5 (incsp5.o):
    main.o                    src/main.s(492)
initlib (condes.o):
    crt0.o                    atari/crt0.s(14)
initmainargs (getargs.o):
    main.o                    src/main.s(14)
ldax0sp (ldaxsp.o):
    conio.o                   src/conio.s(99)
    conio.o                   src/conio.s(99)
    main.o                    src/main.s(492)
    main.o                    src/main.s(492)
ldaxi (ldaxi.o):
    main.o                    src/main.s(492)
ldaxidx (ldaxi.o):
    main.o                    src/main.s(492)
ldaxysp (ldaxsp.o):
    conio.o                   src/conio.s(99)
    conio.o                   src/conio.s(99)
    main.o                    src/main.s(492)
ptr1 (zeropage.o):
    zerobss.o                 common/zerobss.s(9)
    ldaxi.o                   runtime/ldaxi.s(8)
    getargs.o                 atari/getargs.s(18)
    main.o                    src/main.s(11)
ptr2 (zeropage.o):
    strlen.o                  common/strlen.s(12)
pusha (pusha.o):
    conio.o                   src/conio.s(99)
    main.o                    src/main.s(492)
    main.o                    src/main.s(492)
    main.o                    src/main.s(492)
    main.o                    src/main.s(492)
    main.o                    src/main.s(492)
pushax (pushax.o):
    callmain.o                runtime/callmain.s(11)
    conio.o                   src/conio.s(99)
    conio.o                   src/conio.s(99)
    main.o                    src/main.s(492)
    main.o                    src/main.s(492)
sp (zeropage.o):
    addysp.o                  runtime/addysp.s(8)
    pushax.o                  runtime/pushax.s(8)
    pusha.o                   runtime/pusha.s(8)
    ldaxsp.o                  runtime/ldaxsp.s(8)
    incsp2.o                  runtime/incsp2.s(8)
    incsp1.o                  runtime/incsp1.s(8)
    crt0.o                    /home/thomc/Workspace/cc65/asminc/zeropage.inc(11)
    conio.o                   src/conio.s(10)
    main.o                    src/main.s(10)
start (crt0.o):
    exetrailer.o              atari/exetrailer.s(4)
tmp1 (zeropage.o):
    decaxy.o                  runtime/decaxy.s(8)
    aslax4.o                  runtime/aslax4.s(8)
    aslax1.o                  runtime/aslax1.s(8)
zerobss (zerobss.o):
    crt0.o                    atari/crt0.s(15)

