Modules list:
-------------
main.o:
    CODE              Offs=000000  Size=0002B2  Align=00001  Fill=0000
    RODATA            Offs=000000  Size=00007D  Align=00001  Fill=0000
    BSS               Offs=000000  Size=000076  Align=00001  Fill=0000
err.o:
    CODE              Offs=0002B2  Size=000023  Align=00001  Fill=0000
    RODATA            Offs=00007D  Size=000030  Align=00001  Fill=0000
conio.o:
    CODE              Offs=0002D5  Size=000050  Align=00001  Fill=0000
cio.o:
    CODE              Offs=000325  Size=000004  Align=00001  Fill=0000
sio.o:
    CODE              Offs=000329  Size=000004  Align=00001  Fill=0000
/home/thomc/Workspace/cc65/lib/atari.lib(_hextab.o):
    RODATA            Offs=0000AD  Size=000010  Align=00001  Fill=0000
/home/thomc/Workspace/cc65/lib/atari.lib(addysp.o):
    CODE              Offs=00032D  Size=00000E  Align=00001  Fill=0000
/home/thomc/Workspace/cc65/lib/atari.lib(callmain.o):
    CODE              Offs=00033B  Size=000017  Align=00001  Fill=0000
    DATA              Offs=000000  Size=000004  Align=00001  Fill=0000
/home/thomc/Workspace/cc65/lib/atari.lib(condes.o):
    CODE              Offs=000352  Size=00000C  Align=00001  Fill=0000
    DATA              Offs=000004  Size=000025  Align=00001  Fill=0000
    ONCE              Offs=000000  Size=00000C  Align=00001  Fill=0000
/home/thomc/Workspace/cc65/lib/atari.lib(crt0.o):
    BSS               Offs=000076  Size=000005  Align=00001  Fill=0000
    STARTUP           Offs=000000  Size=000063  Align=00001  Fill=0000
/home/thomc/Workspace/cc65/lib/atari.lib(decsp3.o):
    CODE              Offs=00035E  Size=00000D  Align=00001  Fill=0000
/home/thomc/Workspace/cc65/lib/atari.lib(decsp4.o):
    CODE              Offs=00036B  Size=00000D  Align=00001  Fill=0000
/home/thomc/Workspace/cc65/lib/atari.lib(exehdr.o):
    EXEHDR            Offs=000000  Size=000002  Align=00001  Fill=0000
    MAINHDR           Offs=000000  Size=000004  Align=00001  Fill=0000
/home/thomc/Workspace/cc65/lib/atari.lib(exetrailer.o):
    AUTOSTRT          Offs=000000  Size=000006  Align=00001  Fill=0000
/home/thomc/Workspace/cc65/lib/atari.lib(incsp2.o):
    CODE              Offs=000378  Size=000016  Align=00001  Fill=0000
/home/thomc/Workspace/cc65/lib/atari.lib(incsp4.o):
    CODE              Offs=00038E  Size=000005  Align=00001  Fill=0000
/home/thomc/Workspace/cc65/lib/atari.lib(incsp5.o):
    CODE              Offs=000393  Size=000005  Align=00001  Fill=0000
/home/thomc/Workspace/cc65/lib/atari.lib(incsp6.o):
    CODE              Offs=000398  Size=000005  Align=00001  Fill=0000
/home/thomc/Workspace/cc65/lib/atari.lib(itoa.o):
    CODE              Offs=00039D  Size=000094  Align=00001  Fill=0000
    RODATA            Offs=0000BD  Size=000007  Align=00001  Fill=0000
/home/thomc/Workspace/cc65/lib/atari.lib(ldaxsp.o):
    CODE              Offs=000431  Size=000009  Align=00001  Fill=0000
/home/thomc/Workspace/cc65/lib/atari.lib(leaaxsp.o):
    CODE              Offs=00043A  Size=00000C  Align=00001  Fill=0000
/home/thomc/Workspace/cc65/lib/atari.lib(pushax.o):
    CODE              Offs=000446  Size=00001A  Align=00001  Fill=0000
/home/thomc/Workspace/cc65/lib/atari.lib(strlen.o):
    CODE              Offs=000460  Size=000016  Align=00001  Fill=0000
/home/thomc/Workspace/cc65/lib/atari.lib(zerobss.o):
    CODE              Offs=000476  Size=000023  Align=00001  Fill=0000
/home/thomc/Workspace/cc65/lib/atari.lib(zeropage.o):
    ZEROPAGE          Offs=000000  Size=00001A  Align=00001  Fill=0000


Segment list:
-------------
Name                   Start     End    Size  Align
----------------------------------------------------
AUTOSTRT              000000  000005  000006  00001
EXEHDR                000000  000001  000002  00001
MAINHDR               000000  000003  000004  00001
ZEROPAGE              000082  00009B  00001A  00001
STARTUP               004000  004062  000063  00001
ONCE                  004063  00406E  00000C  00001
CODE                  00406F  004507  000499  00001
RODATA                004508  0045CB  0000C4  00001
DATA                  0045CC  0045F4  000029  00001
BSS                   0045F5  00466F  00007B  00001


Exports list by name:
---------------------
__AUTOSTART__             000001 REA    __BSS_LOAD__              0045F5 RLA    
__BSS_RUN__               0045F5 RLA    __BSS_SIZE__              00007B REA    
__CONSTRUCTOR_COUNT__     000000 REA    __CONSTRUCTOR_TABLE__     00406F RLA    
__DESTRUCTOR_COUNT__      000000 REA    __DESTRUCTOR_TABLE__      0045CC RLA    
__EXEHDR__                000001 REA    __LOWCODE_RUN__           004063 RLA    
__LOWCODE_SIZE__          000000 REA    __MAIN_START__            004000 RLA    
__RESERVED_MEMORY__       000000 REA    __STACKSIZE__             000800 REA    
__STARTUP__               000001 REA    __hextab                  0045B5 RLA    
_ciov                     004394 RLA    _err_sio                  004321 RLA    
_exit                     004041 RLA    _itoa                     00442A RLA    
_main                     004280 RLA    _print                    004344 RLA    
_siov                     004398 RLA    _strlen                   0044CF RLA    
addysp                    00439D RLA    addysp1                   00439C RLA    
callmain                  0043AA RLA    decsp3                    0043CD RLA    
decsp4                    0043DA RLA    donelib                   0043C1 RLA    
incsp2                    0043EF RLA    incsp4                    0043FD RLA    
incsp5                    004402 RLA    incsp6                    004407 RLA    
initlib                   004063 RLA    ldax0sp                   0044A0 RLA    
ldaxysp                   0044A2 RLA    leaa0sp                   0044A9 RLA    
ptr1                      00008A RLZ    ptr2                      00008C RLZ    
ptr3                      00008E RLZ    pusha0                    0044B7 RLA    
pushax                    0044B9 RLA    sp                        000082 RLZ    
sreg                      000084 RLZ    start                     004001 RLA    
tmp1                      000092 RLZ    zerobss                   0044E5 RLA    



Exports list by value:
----------------------
__CONSTRUCTOR_COUNT__     000000 REA    __RESERVED_MEMORY__       000000 REA    
__LOWCODE_SIZE__          000000 REA    __DESTRUCTOR_COUNT__      000000 REA    
__AUTOSTART__             000001 REA    __STARTUP__               000001 REA    
__EXEHDR__                000001 REA    __BSS_SIZE__              00007B REA    
sp                        000082 RLZ    sreg                      000084 RLZ    
ptr1                      00008A RLZ    ptr2                      00008C RLZ    
ptr3                      00008E RLZ    tmp1                      000092 RLZ    
__STACKSIZE__             000800 REA    __MAIN_START__            004000 RLA    
start                     004001 RLA    _exit                     004041 RLA    
initlib                   004063 RLA    __LOWCODE_RUN__           004063 RLA    
__CONSTRUCTOR_TABLE__     00406F RLA    _main                     004280 RLA    
_err_sio                  004321 RLA    _print                    004344 RLA    
_ciov                     004394 RLA    _siov                     004398 RLA    
addysp1                   00439C RLA    addysp                    00439D RLA    
callmain                  0043AA RLA    donelib                   0043C1 RLA    
decsp3                    0043CD RLA    decsp4                    0043DA RLA    
incsp2                    0043EF RLA    incsp4                    0043FD RLA    
incsp5                    004402 RLA    incsp6                    004407 RLA    
_itoa                     00442A RLA    ldax0sp                   0044A0 RLA    
ldaxysp                   0044A2 RLA    leaa0sp                   0044A9 RLA    
pusha0                    0044B7 RLA    pushax                    0044B9 RLA    
_strlen                   0044CF RLA    zerobss                   0044E5 RLA    
__hextab                  0045B5 RLA    __DESTRUCTOR_TABLE__      0045CC RLA    
__BSS_RUN__               0045F5 RLA    __BSS_LOAD__              0045F5 RLA    



Imports list:
-------------
__AUTOSTART__ (exetrailer.o):
    [linker generated]        src/atari.cfg(6)
__BSS_LOAD__ ([linker generated]):
    exehdr.o                  atari/exehdr.s(4)
__BSS_RUN__ ([linker generated]):
    zerobss.o                 common/zerobss.s(8)
__BSS_SIZE__ ([linker generated]):
    zerobss.o                 common/zerobss.s(8)
__CONSTRUCTOR_COUNT__ ([linker generated]):
    condes.o                  runtime/condes.s(18)
__CONSTRUCTOR_TABLE__ ([linker generated]):
    condes.o                  runtime/condes.s(18)
__DESTRUCTOR_COUNT__ ([linker generated]):
    condes.o                  runtime/condes.s(19)
__DESTRUCTOR_TABLE__ ([linker generated]):
    condes.o                  runtime/condes.s(19)
__EXEHDR__ (exehdr.o):
    [linker generated]        src/atari.cfg(5)
__LOWCODE_RUN__ ([linker generated]):
    crt0.o                    atari/crt0.s(18)
__LOWCODE_SIZE__ ([linker generated]):
    crt0.o                    atari/crt0.s(18)
__MAIN_START__ ([linker generated]):
    exehdr.o                  atari/exehdr.s(4)
__RESERVED_MEMORY__ ([linker generated]):
    crt0.o                    atari/crt0.s(16)
    [linker generated]        src/atari.cfg(19)
__STACKSIZE__ ([linker generated]):
    [linker generated]        src/atari.cfg(19)
__STARTUP__ (crt0.o):
    main.o                    src/main.s(13)
__hextab (_hextab.o):
    itoa.o                    common/itoa.s(10)
_ciov (cio.o):
    conio.o                   src/conio.s(14)
_err_sio (err.o):
    main.o                    src/main.s(18)
_exit (crt0.o):
    main.o                    src/main.s(14)
_itoa (itoa.o):
    main.o                    src/main.s(15)
_main (main.o):
    callmain.o                runtime/callmain.s(11)
_print (conio.o):
    err.o                     src/err.s(13)
    main.o                    src/main.s(17)
_siov (sio.o):
    main.o                    src/main.s(16)
_strlen (strlen.o):
    conio.o                   src/conio.s(13)
addysp (addysp.o):
    incsp6.o                  runtime/incsp6.s(8)
    incsp5.o                  runtime/incsp5.s(8)
    incsp4.o                  runtime/incsp4.s(8)
addysp1 (addysp.o):
    itoa.o                    common/itoa.s(9)
callmain (callmain.o):
    crt0.o                    atari/crt0.s(15)
decsp3 (decsp3.o):
    main.o                    src/main.s(415)
decsp4 (decsp4.o):
    main.o                    src/main.s(415)
donelib (condes.o):
    crt0.o                    atari/crt0.s(14)
incsp2 (incsp2.o):
    conio.o                   src/conio.s(72)
incsp4 (incsp4.o):
    conio.o                   src/conio.s(72)
incsp5 (incsp5.o):
    main.o                    src/main.s(415)
incsp6 (incsp6.o):
    main.o                    src/main.s(415)
initlib (condes.o):
    crt0.o                    atari/crt0.s(14)
ldax0sp (ldaxsp.o):
    conio.o                   src/conio.s(72)
    conio.o                   src/conio.s(72)
ldaxysp (ldaxsp.o):
    conio.o                   src/conio.s(72)
    main.o                    src/main.s(415)
    main.o                    src/main.s(415)
leaa0sp (leaaxsp.o):
    main.o                    src/main.s(415)
    main.o                    src/main.s(415)
ptr1 (zeropage.o):
    zerobss.o                 common/zerobss.s(9)
    main.o                    src/main.s(11)
ptr2 (zeropage.o):
    strlen.o                  common/strlen.s(12)
    itoa.o                    common/itoa.s(11)
ptr3 (zeropage.o):
    itoa.o                    common/itoa.s(11)
pusha0 (pushax.o):
    main.o                    src/main.s(415)
    main.o                    src/main.s(415)
pushax (pushax.o):
    callmain.o                runtime/callmain.s(11)
    conio.o                   src/conio.s(72)
    conio.o                   src/conio.s(72)
    main.o                    src/main.s(415)
    main.o                    src/main.s(415)
sp (zeropage.o):
    addysp.o                  runtime/addysp.s(8)
    pushax.o                  runtime/pushax.s(8)
    leaaxsp.o                 runtime/leaaxsp.s(8)
    ldaxsp.o                  runtime/ldaxsp.s(8)
    itoa.o                    common/itoa.s(11)
    incsp2.o                  runtime/incsp2.s(8)
    decsp4.o                  runtime/decsp4.s(8)
    decsp3.o                  runtime/decsp3.s(8)
    crt0.o                    /home/thomc/Workspace/cc65/asminc/zeropage.inc(11)
    main.o                    src/main.s(10)
sreg (zeropage.o):
    itoa.o                    common/itoa.s(11)
start (crt0.o):
    exetrailer.o              atari/exetrailer.s(4)
tmp1 (zeropage.o):
    itoa.o                    common/itoa.s(11)
zerobss (zerobss.o):
    crt0.o                    atari/crt0.s(15)

