Modules list:
-------------
main.o:
    CODE              Offs=000000  Size=0002CB  Align=00001  Fill=0000
    RODATA            Offs=000000  Size=000099  Align=00001  Fill=0000
    BSS               Offs=000000  Size=000175  Align=00001  Fill=0000
err.o:
    CODE              Offs=0002CB  Size=000023  Align=00001  Fill=0000
    RODATA            Offs=000099  Size=000030  Align=00001  Fill=0000
conio.o:
    CODE              Offs=0002EE  Size=0000B6  Align=00001  Fill=0000
cio.o:
    CODE              Offs=0003A4  Size=000006  Align=00001  Fill=0000
sio.o:
    CODE              Offs=0003AA  Size=000004  Align=00001  Fill=0000
/home/thomc/Workspace/cc65/lib/atari.lib(_hextab.o):
    RODATA            Offs=0000C9  Size=000010  Align=00001  Fill=0000
/home/thomc/Workspace/cc65/lib/atari.lib(addysp.o):
    CODE              Offs=0003AE  Size=00000E  Align=00001  Fill=0000
/home/thomc/Workspace/cc65/lib/atari.lib(callmain.o):
    CODE              Offs=0003BC  Size=000017  Align=00001  Fill=0000
    DATA              Offs=000000  Size=000004  Align=00001  Fill=0000
/home/thomc/Workspace/cc65/lib/atari.lib(condes.o):
    CODE              Offs=0003D3  Size=00000C  Align=00001  Fill=0000
    DATA              Offs=000004  Size=000025  Align=00001  Fill=0000
    ONCE              Offs=000000  Size=00000C  Align=00001  Fill=0000
/home/thomc/Workspace/cc65/lib/atari.lib(crt0.o):
    BSS               Offs=000175  Size=000005  Align=00001  Fill=0000
    STARTUP           Offs=000000  Size=000063  Align=00001  Fill=0000
/home/thomc/Workspace/cc65/lib/atari.lib(decsp1.o):
    CODE              Offs=0003DF  Size=000009  Align=00001  Fill=0000
/home/thomc/Workspace/cc65/lib/atari.lib(decsp3.o):
    CODE              Offs=0003E8  Size=00000D  Align=00001  Fill=0000
/home/thomc/Workspace/cc65/lib/atari.lib(decsp4.o):
    CODE              Offs=0003F5  Size=00000D  Align=00001  Fill=0000
/home/thomc/Workspace/cc65/lib/atari.lib(dosdetect.o):
    DATA              Offs=000029  Size=000001  Align=00001  Fill=0000
    ONCE              Offs=00000C  Size=00004B  Align=00001  Fill=0000
/home/thomc/Workspace/cc65/lib/atari.lib(exehdr.o):
    EXEHDR            Offs=000000  Size=000002  Align=00001  Fill=0000
    MAINHDR           Offs=000000  Size=000004  Align=00001  Fill=0000
/home/thomc/Workspace/cc65/lib/atari.lib(exetrailer.o):
    AUTOSTRT          Offs=000000  Size=000006  Align=00001  Fill=0000
/home/thomc/Workspace/cc65/lib/atari.lib(incsp2.o):
    CODE              Offs=000402  Size=000016  Align=00001  Fill=0000
/home/thomc/Workspace/cc65/lib/atari.lib(incsp4.o):
    CODE              Offs=000418  Size=000005  Align=00001  Fill=0000
/home/thomc/Workspace/cc65/lib/atari.lib(incsp5.o):
    CODE              Offs=00041D  Size=000005  Align=00001  Fill=0000
/home/thomc/Workspace/cc65/lib/atari.lib(incsp6.o):
    CODE              Offs=000422  Size=000005  Align=00001  Fill=0000
/home/thomc/Workspace/cc65/lib/atari.lib(is_cmdline_dos.o):
    CODE              Offs=000427  Size=000009  Align=00001  Fill=0000
/home/thomc/Workspace/cc65/lib/atari.lib(itoa.o):
    CODE              Offs=000430  Size=000094  Align=00001  Fill=0000
    RODATA            Offs=0000D9  Size=000007  Align=00001  Fill=0000
/home/thomc/Workspace/cc65/lib/atari.lib(ldaxsp.o):
    CODE              Offs=0004C4  Size=000009  Align=00001  Fill=0000
/home/thomc/Workspace/cc65/lib/atari.lib(leaaxsp.o):
    CODE              Offs=0004CD  Size=00000C  Align=00001  Fill=0000
/home/thomc/Workspace/cc65/lib/atari.lib(pusha.o):
    CODE              Offs=0004D9  Size=000016  Align=00001  Fill=0000
/home/thomc/Workspace/cc65/lib/atari.lib(pushax.o):
    CODE              Offs=0004EF  Size=00001A  Align=00001  Fill=0000
/home/thomc/Workspace/cc65/lib/atari.lib(strlen.o):
    CODE              Offs=000509  Size=000016  Align=00001  Fill=0000
/home/thomc/Workspace/cc65/lib/atari.lib(zerobss.o):
    CODE              Offs=00051F  Size=000023  Align=00001  Fill=0000
/home/thomc/Workspace/cc65/lib/atari.lib(zeropage.o):
    ZEROPAGE          Offs=000000  Size=00001A  Align=00001  Fill=0000


Segment list:
-------------
Name                   Start     End    Size  Align
----------------------------------------------------
AUTOSTRT              000000  000005  000006  00001
EXEHDR                000000  000001  000002  00001
MAINHDR               000000  000003  000004  00001
ZEROPAGE              000082  00009B  00001A  00001
STARTUP               004000  004062  000063  00001
ONCE                  004063  0040BB  000059  00001
CODE                  0040BC  0045FD  000542  00001
RODATA                0045FE  0046DD  0000E0  00001
DATA                  0046DE  004707  00002A  00001
BSS                   004708  004881  00017A  00001


Exports list by name:
---------------------
__AUTOSTART__             000001 REA    __BSS_LOAD__              004708 RLA    
__BSS_RUN__               004708 RLA    __BSS_SIZE__              00017A REA    
__CONSTRUCTOR_COUNT__     000001 REA    __CONSTRUCTOR_TABLE__     0040BA RLA    
__DESTRUCTOR_COUNT__      000000 REA    __DESTRUCTOR_TABLE__      0046DE RLA    
__EXEHDR__                000001 REA    __LOWCODE_RUN__           004063 RLA    
__LOWCODE_SIZE__          000000 REA    __MAIN_START__            004000 RLA    
__RESERVED_MEMORY__       000000 REA    __STACKSIZE__             000800 REA    
__STARTUP__               000001 REA    __dos_type                004707 RLA    
__hextab                  0046C7 RLA    __is_cmdline_dos          0044E3 RLA    
_ciov                     004460 RLA    _err_sio                  004387 RLA    
_exit                     004041 RLA    _get_line                 0043FA RLA    
_itoa                     00450A RLA    _main                     0042CD RLA    
_print                    0043AA RLA    _siov                     004466 RLA    
_strlen                   0045C5 RLA    addysp                    00446B RLA    
addysp1                   00446A RLA    callmain                  004478 RLA    
decsp1                    00449B RLA    decsp3                    0044A4 RLA    
decsp4                    0044B1 RLA    detect                    00406F  LAI   
donelib                   00448F RLA    incsp2                    0044C6 RLA    
incsp4                    0044D4 RLA    incsp5                    0044D9 RLA    
incsp6                    0044DE RLA    initlib                   004063 RLA    
ldax0sp                   004580 RLA    ldaxysp                   004582 RLA    
leaa0sp                   004589 RLA    ptr1                      00008A RLZ    
ptr2                      00008C RLZ    ptr3                      00008E RLZ    
pusha                     004599 RLA    pusha0                    0045AD RLA    
pushax                    0045AF RLA    sp                        000082 RLZ    
sreg                      000084 RLZ    start                     004001 RLA    
tmp1                      000092 RLZ    zerobss                   0045DB RLA    



Exports list by value:
----------------------
__DESTRUCTOR_COUNT__      000000 REA    __LOWCODE_SIZE__          000000 REA    
__RESERVED_MEMORY__       000000 REA    __CONSTRUCTOR_COUNT__     000001 REA    
__AUTOSTART__             000001 REA    __STARTUP__               000001 REA    
__EXEHDR__                000001 REA    sp                        000082 RLZ    
sreg                      000084 RLZ    ptr1                      00008A RLZ    
ptr2                      00008C RLZ    ptr3                      00008E RLZ    
tmp1                      000092 RLZ    __BSS_SIZE__              00017A REA    
__STACKSIZE__             000800 REA    __MAIN_START__            004000 RLA    
start                     004001 RLA    _exit                     004041 RLA    
__LOWCODE_RUN__           004063 RLA    initlib                   004063 RLA    
detect                    00406F  LAI   __CONSTRUCTOR_TABLE__     0040BA RLA    
_main                     0042CD RLA    _err_sio                  004387 RLA    
_print                    0043AA RLA    _get_line                 0043FA RLA    
_ciov                     004460 RLA    _siov                     004466 RLA    
addysp1                   00446A RLA    addysp                    00446B RLA    
callmain                  004478 RLA    donelib                   00448F RLA    
decsp1                    00449B RLA    decsp3                    0044A4 RLA    
decsp4                    0044B1 RLA    incsp2                    0044C6 RLA    
incsp4                    0044D4 RLA    incsp5                    0044D9 RLA    
incsp6                    0044DE RLA    __is_cmdline_dos          0044E3 RLA    
_itoa                     00450A RLA    ldax0sp                   004580 RLA    
ldaxysp                   004582 RLA    leaa0sp                   004589 RLA    
pusha                     004599 RLA    pusha0                    0045AD RLA    
pushax                    0045AF RLA    _strlen                   0045C5 RLA    
zerobss                   0045DB RLA    __hextab                  0046C7 RLA    
__DESTRUCTOR_TABLE__      0046DE RLA    __dos_type                004707 RLA    
__BSS_LOAD__              004708 RLA    __BSS_RUN__               004708 RLA    



Imports list:
-------------
__AUTOSTART__ (exetrailer.o):
    [linker generated]        src/atari.cfg(6)
__BSS_LOAD__ ([linker generated]):
    exehdr.o                  atari/exehdr.s(4)
__BSS_RUN__ ([linker generated]):
    zerobss.o                 common/zerobss.s(8)
__BSS_SIZE__ ([linker generated]):
    zerobss.o                 common/zerobss.s(8)
__CONSTRUCTOR_COUNT__ ([linker generated]):
    condes.o                  runtime/condes.s(18)
__CONSTRUCTOR_TABLE__ ([linker generated]):
    condes.o                  runtime/condes.s(18)
__DESTRUCTOR_COUNT__ ([linker generated]):
    condes.o                  runtime/condes.s(19)
__DESTRUCTOR_TABLE__ ([linker generated]):
    condes.o                  runtime/condes.s(19)
__EXEHDR__ (exehdr.o):
    [linker generated]        src/atari.cfg(5)
__LOWCODE_RUN__ ([linker generated]):
    crt0.o                    atari/crt0.s(18)
__LOWCODE_SIZE__ ([linker generated]):
    crt0.o                    atari/crt0.s(18)
__MAIN_START__ ([linker generated]):
    exehdr.o                  atari/exehdr.s(4)
__RESERVED_MEMORY__ ([linker generated]):
    crt0.o                    atari/crt0.s(16)
    [linker generated]        src/atari.cfg(19)
__STACKSIZE__ ([linker generated]):
    [linker generated]        src/atari.cfg(19)
__STARTUP__ (crt0.o):
    main.o                    src/main.s(13)
__dos_type (dosdetect.o):
    is_cmdline_dos.o          atari/is_cmdline_dos.s(10)
__hextab (_hextab.o):
    itoa.o                    common/itoa.s(10)
__is_cmdline_dos (is_cmdline_dos.o):
    main.o                    src/main.s(14)
_ciov (cio.o):
    conio.o                   src/conio.s(14)
_err_sio (err.o):
    main.o                    src/main.s(20)
_exit (crt0.o):
    main.o                    src/main.s(15)
_get_line (conio.o):
    main.o                    src/main.s(19)
_itoa (itoa.o):
    main.o                    src/main.s(16)
_main (main.o):
    callmain.o                runtime/callmain.s(11)
_print (conio.o):
    err.o                     src/err.s(13)
    main.o                    src/main.s(18)
_siov (sio.o):
    main.o                    src/main.s(17)
_strlen (strlen.o):
    conio.o                   src/conio.s(13)
addysp (addysp.o):
    incsp6.o                  runtime/incsp6.s(8)
    incsp5.o                  runtime/incsp5.s(8)
    incsp4.o                  runtime/incsp4.s(8)
addysp1 (addysp.o):
    itoa.o                    common/itoa.s(9)
callmain (callmain.o):
    crt0.o                    atari/crt0.s(15)
decsp1 (decsp1.o):
    conio.o                   src/conio.s(136)
decsp3 (decsp3.o):
    main.o                    src/main.s(433)
decsp4 (decsp4.o):
    main.o                    src/main.s(433)
donelib (condes.o):
    crt0.o                    atari/crt0.s(14)
incsp2 (incsp2.o):
    conio.o                   src/conio.s(136)
incsp4 (incsp4.o):
    conio.o                   src/conio.s(136)
    conio.o                   src/conio.s(136)
incsp5 (incsp5.o):
    main.o                    src/main.s(433)
incsp6 (incsp6.o):
    main.o                    src/main.s(433)
initlib (condes.o):
    crt0.o                    atari/crt0.s(14)
ldax0sp (ldaxsp.o):
    conio.o                   src/conio.s(136)
    conio.o                   src/conio.s(136)
ldaxysp (ldaxsp.o):
    conio.o                   src/conio.s(136)
    conio.o                   src/conio.s(136)
    main.o                    src/main.s(433)
    main.o                    src/main.s(433)
leaa0sp (leaaxsp.o):
    main.o                    src/main.s(433)
    main.o                    src/main.s(433)
ptr1 (zeropage.o):
    zerobss.o                 common/zerobss.s(9)
    conio.o                   src/conio.s(11)
    main.o                    src/main.s(11)
ptr2 (zeropage.o):
    strlen.o                  common/strlen.s(12)
    itoa.o                    common/itoa.s(11)
ptr3 (zeropage.o):
    itoa.o                    common/itoa.s(11)
pusha (pusha.o):
    conio.o                   src/conio.s(136)
pusha0 (pushax.o):
    main.o                    src/main.s(433)
    main.o                    src/main.s(433)
pushax (pushax.o):
    callmain.o                runtime/callmain.s(11)
    conio.o                   src/conio.s(136)
    conio.o                   src/conio.s(136)
    main.o                    src/main.s(433)
    main.o                    src/main.s(433)
    main.o                    src/main.s(433)
sp (zeropage.o):
    addysp.o                  runtime/addysp.s(8)
    pushax.o                  runtime/pushax.s(8)
    pusha.o                   runtime/pusha.s(8)
    leaaxsp.o                 runtime/leaaxsp.s(8)
    ldaxsp.o                  runtime/ldaxsp.s(8)
    itoa.o                    common/itoa.s(11)
    incsp2.o                  runtime/incsp2.s(8)
    decsp4.o                  runtime/decsp4.s(8)
    decsp3.o                  runtime/decsp3.s(8)
    decsp1.o                  runtime/decsp1.s(8)
    crt0.o                    /home/thomc/Workspace/cc65/asminc/zeropage.inc(11)
    conio.o                   src/conio.s(10)
    main.o                    src/main.s(10)
sreg (zeropage.o):
    itoa.o                    common/itoa.s(11)
start (crt0.o):
    exetrailer.o              atari/exetrailer.s(4)
tmp1 (zeropage.o):
    itoa.o                    common/itoa.s(11)
zerobss (zerobss.o):
    crt0.o                    atari/crt0.s(15)

