Modules list:
-------------
main.o:
    CODE              Offs=000000  Size=000188  Align=00001  Fill=0000
    RODATA            Offs=000000  Size=000080  Align=00001  Fill=0000
    BSS               Offs=000000  Size=0000B0  Align=00001  Fill=0000
err.o:
    CODE              Offs=000188  Size=000023  Align=00001  Fill=0000
    RODATA            Offs=000080  Size=000030  Align=00001  Fill=0000
conio.o:
    CODE              Offs=0001AB  Size=0000B6  Align=00001  Fill=0000
cio.o:
    CODE              Offs=000261  Size=000006  Align=00001  Fill=0000
sio.o:
    CODE              Offs=000267  Size=000004  Align=00001  Fill=0000
/home/thomc/Workspace/cc65/lib/atari.lib(addysp.o):
    CODE              Offs=00026B  Size=00000E  Align=00001  Fill=0000
/home/thomc/Workspace/cc65/lib/atari.lib(callmain.o):
    CODE              Offs=000279  Size=000017  Align=00001  Fill=0000
    DATA              Offs=000000  Size=000004  Align=00001  Fill=0000
/home/thomc/Workspace/cc65/lib/atari.lib(condes.o):
    CODE              Offs=000290  Size=00000C  Align=00001  Fill=0000
    DATA              Offs=000004  Size=000025  Align=00001  Fill=0000
    ONCE              Offs=000000  Size=00000C  Align=00001  Fill=0000
/home/thomc/Workspace/cc65/lib/atari.lib(crt0.o):
    BSS               Offs=0000B0  Size=000005  Align=00001  Fill=0000
    STARTUP           Offs=000000  Size=000063  Align=00001  Fill=0000
/home/thomc/Workspace/cc65/lib/atari.lib(decsp1.o):
    CODE              Offs=00029C  Size=000009  Align=00001  Fill=0000
/home/thomc/Workspace/cc65/lib/atari.lib(dosdetect.o):
    DATA              Offs=000029  Size=000001  Align=00001  Fill=0000
    ONCE              Offs=00000C  Size=00004B  Align=00001  Fill=0000
/home/thomc/Workspace/cc65/lib/atari.lib(exehdr.o):
    EXEHDR            Offs=000000  Size=000002  Align=00001  Fill=0000
    MAINHDR           Offs=000000  Size=000004  Align=00001  Fill=0000
/home/thomc/Workspace/cc65/lib/atari.lib(exetrailer.o):
    AUTOSTRT          Offs=000000  Size=000006  Align=00001  Fill=0000
/home/thomc/Workspace/cc65/lib/atari.lib(getargs.o):
    ONCE              Offs=000057  Size=0000A0  Align=00001  Fill=0000
    INIT              Offs=000000  Size=000063  Align=00001  Fill=0000
/home/thomc/Workspace/cc65/lib/atari.lib(incsp2.o):
    CODE              Offs=0002A5  Size=000016  Align=00001  Fill=0000
/home/thomc/Workspace/cc65/lib/atari.lib(incsp4.o):
    CODE              Offs=0002BB  Size=000005  Align=00001  Fill=0000
/home/thomc/Workspace/cc65/lib/atari.lib(incsp5.o):
    CODE              Offs=0002C0  Size=000005  Align=00001  Fill=0000
/home/thomc/Workspace/cc65/lib/atari.lib(is_cmdline_dos.o):
    CODE              Offs=0002C5  Size=000009  Align=00001  Fill=0000
/home/thomc/Workspace/cc65/lib/atari.lib(ldaxi.o):
    CODE              Offs=0002CE  Size=00000D  Align=00001  Fill=0000
/home/thomc/Workspace/cc65/lib/atari.lib(ldaxsp.o):
    CODE              Offs=0002DB  Size=000009  Align=00001  Fill=0000
/home/thomc/Workspace/cc65/lib/atari.lib(pusha.o):
    CODE              Offs=0002E4  Size=000016  Align=00001  Fill=0000
/home/thomc/Workspace/cc65/lib/atari.lib(pushax.o):
    CODE              Offs=0002FA  Size=00001A  Align=00001  Fill=0000
/home/thomc/Workspace/cc65/lib/atari.lib(strcpy.o):
    CODE              Offs=000314  Size=00001F  Align=00001  Fill=0000
/home/thomc/Workspace/cc65/lib/atari.lib(strlen.o):
    CODE              Offs=000333  Size=000016  Align=00001  Fill=0000
/home/thomc/Workspace/cc65/lib/atari.lib(zerobss.o):
    CODE              Offs=000349  Size=000023  Align=00001  Fill=0000
/home/thomc/Workspace/cc65/lib/atari.lib(zeropage.o):
    ZEROPAGE          Offs=000000  Size=00001A  Align=00001  Fill=0000


Segment list:
-------------
Name                   Start     End    Size  Align
----------------------------------------------------
AUTOSTRT              000000  000005  000006  00001
EXEHDR                000000  000001  000002  00001
MAINHDR               000000  000003  000004  00001
ZEROPAGE              000082  00009B  00001A  00001
STARTUP               004000  004062  000063  00001
ONCE                  004063  00415D  0000FB  00001
CODE                  00415E  0044C9  00036C  00001
RODATA                0044CA  004579  0000B0  00001
DATA                  00457A  0045A3  00002A  00001
INIT                  0045A4  004606  000063  00001
BSS                   004607  0046BB  0000B5  00001


Exports list by name:
---------------------
__AUTOSTART__             000001 REA    __BSS_LOAD__              004607 RLA    
__BSS_RUN__               004607 RLA    __BSS_SIZE__              0000B5 REA    
__CONSTRUCTOR_COUNT__     000002 REA    __CONSTRUCTOR_TABLE__     00415A RLA    
__DESTRUCTOR_COUNT__      000000 REA    __DESTRUCTOR_TABLE__      00457A RLA    
__EXEHDR__                000001 REA    __LOWCODE_RUN__           004063 RLA    
__LOWCODE_SIZE__          000000 REA    __MAIN_START__            004000 RLA    
__RESERVED_MEMORY__       000000 REA    __STACKSIZE__             000800 REA    
__STARTUP__               000001 REA    __argc                    00457A RLA    
__argv                    00457C RLA    __dos_type                0045A3 RLA    
__is_cmdline_dos          004423 RLA    _ciov                     0043BF RLA    
_err_sio                  0042E6 RLA    _exit                     004041 RLA    
_get_line                 004359 RLA    _main                     00415E RLA    
_print                    004309 RLA    _siov                     0043C5 RLA    
_strcpy                   004472 RLA    _strlen                   004491 RLA    
addysp                    0043CA RLA    callmain                  0043D7 RLA    
decsp1                    0043FA RLA    detect                    00406F  LAI   
donelib                   0043EE RLA    incsp2                    00440B RLA    
incsp4                    004419 RLA    incsp5                    00441E RLA    
initlib                   004063 RLA    initmainargs              0040BB RLAI   
ldax0sp                   004439 RLA    ldaxi                     00442C RLA    
ldaxidx                   00442E RLA    ldaxysp                   00443B RLA    
popax                     004403 RLA    ptr1                      00008A RLZ    
ptr2                      00008C RLZ    pusha                     004446 RLA    
pushax                    00445C RLA    sp                        000082 RLZ    
start                     004001 RLA    zerobss                   0044A7 RLA    



Exports list by value:
----------------------
__RESERVED_MEMORY__       000000 REA    __DESTRUCTOR_COUNT__      000000 REA    
__LOWCODE_SIZE__          000000 REA    __STARTUP__               000001 REA    
__AUTOSTART__             000001 REA    __EXEHDR__                000001 REA    
__CONSTRUCTOR_COUNT__     000002 REA    sp                        000082 RLZ    
ptr1                      00008A RLZ    ptr2                      00008C RLZ    
__BSS_SIZE__              0000B5 REA    __STACKSIZE__             000800 REA    
__MAIN_START__            004000 RLA    start                     004001 RLA    
_exit                     004041 RLA    __LOWCODE_RUN__           004063 RLA    
initlib                   004063 RLA    detect                    00406F  LAI   
initmainargs              0040BB RLAI   __CONSTRUCTOR_TABLE__     00415A RLA    
_main                     00415E RLA    _err_sio                  0042E6 RLA    
_print                    004309 RLA    _get_line                 004359 RLA    
_ciov                     0043BF RLA    _siov                     0043C5 RLA    
addysp                    0043CA RLA    callmain                  0043D7 RLA    
donelib                   0043EE RLA    decsp1                    0043FA RLA    
popax                     004403 RLA    incsp2                    00440B RLA    
incsp4                    004419 RLA    incsp5                    00441E RLA    
__is_cmdline_dos          004423 RLA    ldaxi                     00442C RLA    
ldaxidx                   00442E RLA    ldax0sp                   004439 RLA    
ldaxysp                   00443B RLA    pusha                     004446 RLA    
pushax                    00445C RLA    _strcpy                   004472 RLA    
_strlen                   004491 RLA    zerobss                   0044A7 RLA    
__DESTRUCTOR_TABLE__      00457A RLA    __argc                    00457A RLA    
__argv                    00457C RLA    __dos_type                0045A3 RLA    
__BSS_LOAD__              004607 RLA    __BSS_RUN__               004607 RLA    



Imports list:
-------------
__AUTOSTART__ (exetrailer.o):
    [linker generated]        src/atari.cfg(6)
__BSS_LOAD__ ([linker generated]):
    exehdr.o                  atari/exehdr.s(4)
__BSS_RUN__ ([linker generated]):
    zerobss.o                 common/zerobss.s(8)
__BSS_SIZE__ ([linker generated]):
    zerobss.o                 common/zerobss.s(8)
__CONSTRUCTOR_COUNT__ ([linker generated]):
    condes.o                  runtime/condes.s(18)
__CONSTRUCTOR_TABLE__ ([linker generated]):
    condes.o                  runtime/condes.s(18)
__DESTRUCTOR_COUNT__ ([linker generated]):
    condes.o                  runtime/condes.s(19)
__DESTRUCTOR_TABLE__ ([linker generated]):
    condes.o                  runtime/condes.s(19)
__EXEHDR__ (exehdr.o):
    [linker generated]        src/atari.cfg(5)
__LOWCODE_RUN__ ([linker generated]):
    crt0.o                    atari/crt0.s(18)
__LOWCODE_SIZE__ ([linker generated]):
    crt0.o                    atari/crt0.s(18)
__MAIN_START__ ([linker generated]):
    exehdr.o                  atari/exehdr.s(4)
__RESERVED_MEMORY__ ([linker generated]):
    crt0.o                    atari/crt0.s(16)
    [linker generated]        src/atari.cfg(19)
__STACKSIZE__ ([linker generated]):
    [linker generated]        src/atari.cfg(19)
__STARTUP__ (crt0.o):
    main.o                    src/main.s(13)
__argc (callmain.o):
    getargs.o                 atari/getargs.s(17)
__argv (callmain.o):
    getargs.o                 atari/getargs.s(17)
__dos_type (dosdetect.o):
    is_cmdline_dos.o          atari/is_cmdline_dos.s(10)
    getargs.o                 atari/getargs.s(19)
__is_cmdline_dos (is_cmdline_dos.o):
    main.o                    src/main.s(15)
_ciov (cio.o):
    conio.o                   src/conio.s(14)
_err_sio (err.o):
    main.o                    src/main.s(21)
_exit (crt0.o):
    main.o                    src/main.s(17)
_get_line (conio.o):
    main.o                    src/main.s(20)
_main (main.o):
    callmain.o                runtime/callmain.s(11)
_print (conio.o):
    err.o                     src/err.s(13)
    main.o                    src/main.s(19)
_siov (sio.o):
    main.o                    src/main.s(18)
_strcpy (strcpy.o):
    main.o                    src/main.s(16)
_strlen (strlen.o):
    conio.o                   src/conio.s(13)
addysp (addysp.o):
    incsp5.o                  runtime/incsp5.s(8)
    incsp4.o                  runtime/incsp4.s(8)
callmain (callmain.o):
    crt0.o                    atari/crt0.s(15)
decsp1 (decsp1.o):
    conio.o                   src/conio.s(136)
donelib (condes.o):
    crt0.o                    atari/crt0.s(14)
incsp2 (incsp2.o):
    conio.o                   src/conio.s(136)
incsp4 (incsp4.o):
    conio.o                   src/conio.s(136)
    conio.o                   src/conio.s(136)
incsp5 (incsp5.o):
    main.o                    src/main.s(237)
initlib (condes.o):
    crt0.o                    atari/crt0.s(14)
initmainargs (getargs.o):
    main.o                    src/main.s(14)
ldax0sp (ldaxsp.o):
    conio.o                   src/conio.s(136)
    conio.o                   src/conio.s(136)
ldaxi (ldaxi.o):
    main.o                    src/main.s(237)
ldaxidx (ldaxi.o):
    main.o                    src/main.s(237)
ldaxysp (ldaxsp.o):
    conio.o                   src/conio.s(136)
    conio.o                   src/conio.s(136)
    main.o                    src/main.s(237)
popax (incsp2.o):
    strcpy.o                  common/strcpy.s(8)
ptr1 (zeropage.o):
    zerobss.o                 common/zerobss.s(9)
    strcpy.o                  common/strcpy.s(9)
    ldaxi.o                   runtime/ldaxi.s(8)
    getargs.o                 atari/getargs.s(18)
    conio.o                   src/conio.s(11)
ptr2 (zeropage.o):
    strlen.o                  common/strlen.s(12)
    strcpy.o                  common/strcpy.s(9)
pusha (pusha.o):
    conio.o                   src/conio.s(136)
    main.o                    src/main.s(237)
pushax (pushax.o):
    callmain.o                runtime/callmain.s(11)
    conio.o                   src/conio.s(136)
    conio.o                   src/conio.s(136)
    main.o                    src/main.s(237)
sp (zeropage.o):
    addysp.o                  runtime/addysp.s(8)
    pushax.o                  runtime/pushax.s(8)
    pusha.o                   runtime/pusha.s(8)
    ldaxsp.o                  runtime/ldaxsp.s(8)
    incsp2.o                  runtime/incsp2.s(8)
    decsp1.o                  runtime/decsp1.s(8)
    crt0.o                    /home/thomc/Workspace/cc65/asminc/zeropage.inc(11)
    conio.o                   src/conio.s(10)
    main.o                    src/main.s(10)
start (crt0.o):
    exetrailer.o              atari/exetrailer.s(4)
zerobss (zerobss.o):
    crt0.o                    atari/crt0.s(15)

