Modules list:
-------------
bar.o:
    CODE              Offs=000000  Size=00027D  Align=00001  Fill=0000
    DATA              Offs=000000  Size=000002  Align=00001  Fill=0000
diskulator.o:
    CODE              Offs=00027D  Size=00130F  Align=00001  Fill=0000
    RODATA            Offs=000000  Size=00031C  Align=00001  Fill=0000
    BSS               Offs=000000  Size=0005E2  Align=00001  Fill=0000
    DATA              Offs=000002  Size=000105  Align=00001  Fill=0000
main.o:
    CODE              Offs=00158C  Size=0000AE  Align=00001  Fill=0000
    DATA              Offs=000107  Size=000050  Align=00001  Fill=0000
config.o:
    CODE              Offs=00163A  Size=00080E  Align=00001  Fill=0000
    RODATA            Offs=00031C  Size=00016B  Align=00001  Fill=0000
    BSS               Offs=0005E2  Size=00017E  Align=00001  Fill=0000
    DATA              Offs=000157  Size=000003  Align=00001  Fill=0000
screen.o:
    CODE              Offs=001E48  Size=00037D  Align=00001  Fill=0000
    RODATA            Offs=000487  Size=000002  Align=00001  Fill=0000
    BSS               Offs=000760  Size=000008  Align=00001  Fill=0000
die.o:
    CODE              Offs=0021C5  Size=000009  Align=00001  Fill=0000
crt0.o:
    BSS               Offs=000768  Size=000005  Align=00001  Fill=0000
    STARTUP           Offs=000000  Size=000068  Align=00001  Fill=0000
sio.o:
    CODE              Offs=0021CE  Size=000004  Align=00001  Fill=0000
bar-setup-regs.o:
    CODE              Offs=0021D2  Size=00005F  Align=00001  Fill=0000
/home/thomc/Workspace/cc65/lib/atari.lib(_cursor.o):
    BSS               Offs=00076D  Size=000001  Align=00001  Fill=0000
/home/thomc/Workspace/cc65/lib/atari.lib(_hextab.o):
    RODATA            Offs=000489  Size=000010  Align=00001  Fill=0000
/home/thomc/Workspace/cc65/lib/atari.lib(add.o):
    CODE              Offs=002231  Size=00001C  Align=00001  Fill=0000
/home/thomc/Workspace/cc65/lib/atari.lib(addeqsp.o):
    CODE              Offs=00224D  Size=000011  Align=00001  Fill=0000
/home/thomc/Workspace/cc65/lib/atari.lib(addysp.o):
    CODE              Offs=00225E  Size=00000E  Align=00001  Fill=0000
/home/thomc/Workspace/cc65/lib/atari.lib(aslax4.o):
    CODE              Offs=00226C  Size=000011  Align=00001  Fill=0000
/home/thomc/Workspace/cc65/lib/atari.lib(atoi.o):
    CODE              Offs=00227D  Size=000096  Align=00001  Fill=0000
/home/thomc/Workspace/cc65/lib/atari.lib(callmain.o):
    CODE              Offs=002313  Size=000017  Align=00001  Fill=0000
    DATA              Offs=00015A  Size=000004  Align=00001  Fill=0000
/home/thomc/Workspace/cc65/lib/atari.lib(cgetc.o):
    CODE              Offs=00232A  Size=000016  Align=00001  Fill=0000
/home/thomc/Workspace/cc65/lib/atari.lib(condes.o):
    CODE              Offs=002340  Size=00000C  Align=00001  Fill=0000
    DATA              Offs=00015E  Size=000025  Align=00001  Fill=0000
    ONCE              Offs=000000  Size=00000C  Align=00001  Fill=0000
/home/thomc/Workspace/cc65/lib/atari.lib(ctype.o):
    RODATA            Offs=000499  Size=000100  Align=00001  Fill=0000
/home/thomc/Workspace/cc65/lib/atari.lib(decsp1.o):
    CODE              Offs=00234C  Size=000009  Align=00001  Fill=0000
/home/thomc/Workspace/cc65/lib/atari.lib(decsp2.o):
    CODE              Offs=002355  Size=00000D  Align=00001  Fill=0000
/home/thomc/Workspace/cc65/lib/atari.lib(decsp3.o):
    CODE              Offs=002362  Size=00000D  Align=00001  Fill=0000
/home/thomc/Workspace/cc65/lib/atari.lib(decsp4.o):
    CODE              Offs=00236F  Size=00000D  Align=00001  Fill=0000
/home/thomc/Workspace/cc65/lib/atari.lib(decsp5.o):
    CODE              Offs=00237C  Size=00000D  Align=00001  Fill=0000
/home/thomc/Workspace/cc65/lib/atari.lib(decsp6.o):
    CODE              Offs=002389  Size=00000D  Align=00001  Fill=0000
/home/thomc/Workspace/cc65/lib/atari.lib(icmp.o):
    CODE              Offs=002396  Size=00002E  Align=00001  Fill=0000
/home/thomc/Workspace/cc65/lib/atari.lib(incsp1.o):
    CODE              Offs=0023C4  Size=000007  Align=00001  Fill=0000
/home/thomc/Workspace/cc65/lib/atari.lib(incsp2.o):
    CODE              Offs=0023CB  Size=000016  Align=00001  Fill=0000
/home/thomc/Workspace/cc65/lib/atari.lib(incsp3.o):
    CODE              Offs=0023E1  Size=000005  Align=00001  Fill=0000
/home/thomc/Workspace/cc65/lib/atari.lib(incsp4.o):
    CODE              Offs=0023E6  Size=000005  Align=00001  Fill=0000
/home/thomc/Workspace/cc65/lib/atari.lib(incsp5.o):
    CODE              Offs=0023EB  Size=000005  Align=00001  Fill=0000
/home/thomc/Workspace/cc65/lib/atari.lib(incsp8.o):
    CODE              Offs=0023F0  Size=000005  Align=00001  Fill=0000
/home/thomc/Workspace/cc65/lib/atari.lib(itoa.o):
    CODE              Offs=0023F5  Size=000094  Align=00001  Fill=0000
    RODATA            Offs=000599  Size=000007  Align=00001  Fill=0000
/home/thomc/Workspace/cc65/lib/atari.lib(kbhit.o):
    CODE              Offs=002489  Size=00000B  Align=00001  Fill=0000
/home/thomc/Workspace/cc65/lib/atari.lib(lneg.o):
    CODE              Offs=002494  Size=00001E  Align=00001  Fill=0000
/home/thomc/Workspace/cc65/lib/atari.lib(memcpy.o):
    CODE              Offs=0024B2  Size=00003C  Align=00001  Fill=0000
/home/thomc/Workspace/cc65/lib/atari.lib(memset.o):
    CODE              Offs=0024EE  Size=00005D  Align=00001  Fill=0000
/home/thomc/Workspace/cc65/lib/atari.lib(mul40.o):
    CODE              Offs=00254B  Size=000021  Align=00001  Fill=0000
/home/thomc/Workspace/cc65/lib/atari.lib(mul8.o):
    CODE              Offs=00256C  Size=00003A  Align=00001  Fill=0000
/home/thomc/Workspace/cc65/lib/atari.lib(popptr1.o):
    CODE              Offs=0025A6  Size=00000E  Align=00001  Fill=0000
/home/thomc/Workspace/cc65/lib/atari.lib(pusha.o):
    CODE              Offs=0025B4  Size=000016  Align=00001  Fill=0000
/home/thomc/Workspace/cc65/lib/atari.lib(pushax.o):
    CODE              Offs=0025CA  Size=00001A  Align=00001  Fill=0000
/home/thomc/Workspace/cc65/lib/atari.lib(pushwsp.o):
    CODE              Offs=0025E4  Size=00001C  Align=00001  Fill=0000
/home/thomc/Workspace/cc65/lib/atari.lib(return1.o):
    CODE              Offs=002600  Size=000005  Align=00001  Fill=0000
/home/thomc/Workspace/cc65/lib/atari.lib(setcursor.o):
    CODE              Offs=002605  Size=00003A  Align=00001  Fill=0000
/home/thomc/Workspace/cc65/lib/atari.lib(staspidx.o):
    CODE              Offs=00263F  Size=000016  Align=00001  Fill=0000
/home/thomc/Workspace/cc65/lib/atari.lib(staxsp.o):
    CODE              Offs=002655  Size=00000B  Align=00001  Fill=0000
/home/thomc/Workspace/cc65/lib/atari.lib(strcat.o):
    CODE              Offs=002660  Size=000031  Align=00001  Fill=0000
/home/thomc/Workspace/cc65/lib/atari.lib(strcpy.o):
    CODE              Offs=002691  Size=00001F  Align=00001  Fill=0000
/home/thomc/Workspace/cc65/lib/atari.lib(strlen.o):
    CODE              Offs=0026B0  Size=000016  Align=00001  Fill=0000
/home/thomc/Workspace/cc65/lib/atari.lib(subysp.o):
    CODE              Offs=0026C6  Size=00000D  Align=00001  Fill=0000
/home/thomc/Workspace/cc65/lib/atari.lib(zerobss.o):
    CODE              Offs=0026D3  Size=000023  Align=00001  Fill=0000
/home/thomc/Workspace/cc65/lib/atari.lib(zeropage.o):
    ZEROPAGE          Offs=000000  Size=00001A  Align=00001  Fill=0000


Segment list:
-------------
Name                   Start     End    Size  Align
----------------------------------------------------
ZEROPAGE              0000E5  0000FE  00001A  00001
STARTUP               000700  000767  000068  00001
ONCE                  000768  000773  00000C  00001
CODE                  000774  002E69  0026F6  00001
RODATA                002E6A  003409  0005A0  00001
DATA                  00340A  00358C  000183  00001
BSS                   00358D  003CFA  00076E  00001


Exports list by name:
---------------------
__BSS_RUN__               00358D RLA    __BSS_SIZE__              00076E REA    
__CONSTRUCTOR_COUNT__     000000 REA    __CONSTRUCTOR_TABLE__     000774 RLA    
__DESTRUCTOR_COUNT__      000000 REA    __DESTRUCTOR_TABLE__      00340A RLA    
__LOWCODE_RUN__           000768 RLA    __LOWCODE_SIZE__          000000 REA    
__RESERVED_MEMORY__       000000 REA    __STACKSIZE__             000800 REA    
__STARTUP__               000001 REA    __bzero                   002C62 RLA    
__ctype                   003303 RLA    __hextab                  0032F3 RLA    
_atoi                     0029F1 RLA    _bar_clear                000774 RLA    
_bar_set_color            0009DB RLA    _bar_setup_regs           002946 RLA    
_bar_show                 000784 RLA    _cgetc                    002A9E RLA    
_config_connect           001E08 RLA    _config_run               001E3F RLA    
_configured               001DAE RLA    _die                      002939 RLA    
_diskulator_run           0009F1 RLA    _dlist_ptr                003CEF RLA    
_font_ptr                 003CF3 RLA    _itoa                     002B87 RLA    
_kbhit                    002BFD RLA    _main                     001D98 RLA    
_memcpy                   002C26 RLA    _mul40                    002CBF RLA    
_screen_clear             002654 RLA    _screen_input             002664 RLA    
_screen_memory            003CF1 RLA    _screen_puts              0025BC RLA    
_siov                     002942 RLA    _strcat                   002DD4 RLA    
_strcpy                   002E05 RLA    _strlen                   002E24 RLA    
_utoa                     002BC9 RLA    _video_ptr                003CED RLA    
addeqysp                  0029C3 RLA    addysp                    0029D3 RLA    
addysp1                   0029D2 RLA    aslax4                    0029E0 RLA    
callmain                  002A87 RLA    cursor                    003CFA RLA    
decsp1                    002AC0 RLA    decsp2                    002AC9 RLA    
decsp3                    002AD6 RLA    decsp4                    002AE3 RLA    
decsp5                    002AF0 RLA    decsp6                    002AFD RLA    
donelib                   002AB4 RLA    incsp1                    002B38 RLA    
incsp2                    002B47 RLA    incsp3                    002B55 RLA    
incsp4                    002B5A RLA    incsp5                    002B5F RLA    
incsp8                    002B64 RLA    initlib                   000768 RLA    
negeax                    002C08 RLA    popax                     002B3F RLA    
popptr1                   002D1A RLA    ptr1                      0000ED RLZ    
ptr2                      0000EF RLZ    ptr3                      0000F1 RLZ    
ptr4                      0000F3 RLZ    pusha                     002D2C RLA    
pusha0                    002D40 RLA    pushax                    002D42 RLA    
pushwysp                  002D5A RLA    return1                   002D74 RLA    
setcursor                 002D79 RLA    sp                        0000E5 RLZ    
sreg                      0000E7 RLZ    staspidx                  002DB3 RLA    
staxysp                   002DCB RLA    subysp                    002E3A RLA    
tmp1                      0000F5 RLZ    tmp3                      0000F7 RLZ    
tmp4                      0000F8 RLZ    tosadda0                  0029A5 RLA    
tosaddax                  0029A7 RLA    tosicmp                   002B0C RLA    
tosmula0                  002CE0 RLA    tosumula0                 002CE0 RLA    
zerobss                   002E47 RLA    


Exports list by value:
----------------------
__DESTRUCTOR_COUNT__      000000 REA    __CONSTRUCTOR_COUNT__     000000 REA    
__LOWCODE_SIZE__          000000 REA    __RESERVED_MEMORY__       000000 REA    
__STARTUP__               000001 REA    sp                        0000E5 RLZ    
sreg                      0000E7 RLZ    ptr1                      0000ED RLZ    
ptr2                      0000EF RLZ    ptr3                      0000F1 RLZ    
ptr4                      0000F3 RLZ    tmp1                      0000F5 RLZ    
tmp3                      0000F7 RLZ    tmp4                      0000F8 RLZ    
__LOWCODE_RUN__           000768 RLA    initlib                   000768 RLA    
__BSS_SIZE__              00076E REA    __CONSTRUCTOR_TABLE__     000774 RLA    
_bar_clear                000774 RLA    _bar_show                 000784 RLA    
__STACKSIZE__             000800 REA    _bar_set_color            0009DB RLA    
_diskulator_run           0009F1 RLA    _main                     001D98 RLA    
_configured               001DAE RLA    _config_connect           001E08 RLA    
_config_run               001E3F RLA    _screen_puts              0025BC RLA    
_screen_clear             002654 RLA    _screen_input             002664 RLA    
_die                      002939 RLA    _siov                     002942 RLA    
_bar_setup_regs           002946 RLA    tosadda0                  0029A5 RLA    
tosaddax                  0029A7 RLA    addeqysp                  0029C3 RLA    
addysp1                   0029D2 RLA    addysp                    0029D3 RLA    
aslax4                    0029E0 RLA    _atoi                     0029F1 RLA    
callmain                  002A87 RLA    _cgetc                    002A9E RLA    
donelib                   002AB4 RLA    decsp1                    002AC0 RLA    
decsp2                    002AC9 RLA    decsp3                    002AD6 RLA    
decsp4                    002AE3 RLA    decsp5                    002AF0 RLA    
decsp6                    002AFD RLA    tosicmp                   002B0C RLA    
incsp1                    002B38 RLA    popax                     002B3F RLA    
incsp2                    002B47 RLA    incsp3                    002B55 RLA    
incsp4                    002B5A RLA    incsp5                    002B5F RLA    
incsp8                    002B64 RLA    _itoa                     002B87 RLA    
_utoa                     002BC9 RLA    _kbhit                    002BFD RLA    
negeax                    002C08 RLA    _memcpy                   002C26 RLA    
__bzero                   002C62 RLA    _mul40                    002CBF RLA    
tosmula0                  002CE0 RLA    tosumula0                 002CE0 RLA    
popptr1                   002D1A RLA    pusha                     002D2C RLA    
pusha0                    002D40 RLA    pushax                    002D42 RLA    
pushwysp                  002D5A RLA    return1                   002D74 RLA    
setcursor                 002D79 RLA    staspidx                  002DB3 RLA    
staxysp                   002DCB RLA    _strcat                   002DD4 RLA    
_strcpy                   002E05 RLA    _strlen                   002E24 RLA    
subysp                    002E3A RLA    zerobss                   002E47 RLA    
__hextab                  0032F3 RLA    __ctype                   003303 RLA    
__DESTRUCTOR_TABLE__      00340A RLA    __BSS_RUN__               00358D RLA    
_video_ptr                003CED RLA    _dlist_ptr                003CEF RLA    
_screen_memory            003CF1 RLA    _font_ptr                 003CF3 RLA    
cursor                    003CFA RLA    


Imports list:
-------------
__BSS_RUN__ ([linker generated]):
    zerobss.o                 common/zerobss.s(8)
__BSS_SIZE__ ([linker generated]):
    zerobss.o                 common/zerobss.s(8)
__CONSTRUCTOR_COUNT__ ([linker generated]):
    condes.o                  runtime/condes.s(18)
__CONSTRUCTOR_TABLE__ ([linker generated]):
    condes.o                  runtime/condes.s(18)
__DESTRUCTOR_COUNT__ ([linker generated]):
    condes.o                  runtime/condes.s(19)
__DESTRUCTOR_TABLE__ ([linker generated]):
    condes.o                  runtime/condes.s(19)
__LOWCODE_RUN__ ([linker generated]):
    crt0.o                    src/crt0.s(18)
__LOWCODE_SIZE__ ([linker generated]):
    crt0.o                    src/crt0.s(18)
__RESERVED_MEMORY__ ([linker generated]):
    crt0.o                    src/crt0.s(16)
    [linker generated]        src/atari.cfg(19)
__STACKSIZE__ ([linker generated]):
    [linker generated]        src/atari.cfg(19)
__STARTUP__ (crt0.o):
    main.o                    src/main.s(13)
__bzero (memset.o):
    screen.o                  src/screen.s(491)
    diskulator.o              src/diskulator.s(2711)
    bar.o                     src/bar.s(413)
__ctype (ctype.o):
    atoi.o                    common/atoi.s(9)
__hextab (_hextab.o):
    itoa.o                    common/itoa.s(10)
_atoi (atoi.o):
    diskulator.o              src/diskulator.s(19)
_bar_clear (bar.o):
    config.o                  src/config.s(24)
    main.o                    src/main.s(16)
    diskulator.o              src/diskulator.s(26)
_bar_set_color (bar.o):
    diskulator.o              src/diskulator.s(28)
_bar_setup_regs (bar-setup-regs.o):
    main.o                    src/main.s(15)
_bar_show (bar.o):
    config.o                  src/config.s(25)
    diskulator.o              src/diskulator.s(27)
_cgetc (cgetc.o):
    screen.o                  src/screen.s(15)
    config.o                  src/config.s(15)
    diskulator.o              src/diskulator.s(18)
_config_connect (config.o):
    main.o                    src/main.s(18)
_config_run (config.o):
    main.o                    src/main.s(19)
_configured (config.o):
    main.o                    src/main.s(17)
_die (die.o):
    config.o                  src/config.s(26)
    diskulator.o              src/diskulator.s(29)
_diskulator_run (diskulator.o):
    main.o                    src/main.s(20)
_dlist_ptr (screen.o):
    main.o                    src/main.s(22)
_font_ptr (screen.o):
    main.o                    src/main.s(24)
_itoa (itoa.o):
    config.o                  src/config.s(16)
_kbhit (kbhit.o):
    die.o                     src/die.s(13)
    diskulator.o              src/diskulator.s(17)
_main (main.o):
    callmain.o                runtime/callmain.s(11)
_memcpy (memcpy.o):
    main.o                    src/main.s(14)
_mul40 (mul40.o):
    setcursor.o               atari/setcursor.s(7)
_screen_clear (screen.o):
    config.o                  src/config.s(21)
    diskulator.o              src/diskulator.s(23)
_screen_input (screen.o):
    config.o                  src/config.s(22)
    diskulator.o              src/diskulator.s(24)
_screen_memory (screen.o):
    main.o                    src/main.s(23)
_screen_puts (screen.o):
    config.o                  src/config.s(20)
    diskulator.o              src/diskulator.s(22)
_siov (sio.o):
    config.o                  src/config.s(23)
    diskulator.o              src/diskulator.s(25)
_strcat (strcat.o):
    diskulator.o              src/diskulator.s(13)
_strcpy (strcpy.o):
    config.o                  src/config.s(13)
    diskulator.o              src/diskulator.s(14)
_strlen (strlen.o):
    screen.o                  src/screen.s(13)
_utoa (itoa.o):
    diskulator.o              src/diskulator.s(20)
_video_ptr (screen.o):
    main.o                    src/main.s(21)
addeqysp (addeqsp.o):
    screen.o                  src/screen.s(491)
addysp (addysp.o):
    incsp8.o                  runtime/incsp8.s(8)
    incsp5.o                  runtime/incsp5.s(8)
    incsp4.o                  runtime/incsp4.s(8)
    incsp3.o                  runtime/incsp3.s(8)
    screen.o                  src/screen.s(491)
    diskulator.o              src/diskulator.s(2711)
addysp1 (addysp.o):
    itoa.o                    common/itoa.s(9)
aslax4 (aslax4.o):
    diskulator.o              src/diskulator.s(2711)
    diskulator.o              src/diskulator.s(2711)
callmain (callmain.o):
    crt0.o                    src/crt0.s(15)
cursor (_cursor.o):
    setcursor.o               atari/setcursor.s(7)
decsp1 (decsp1.o):
    screen.o                  src/screen.s(491)
    screen.o                  src/screen.s(491)
    config.o                  src/config.s(1281)
    config.o                  src/config.s(1281)
    diskulator.o              src/diskulator.s(2711)
    diskulator.o              src/diskulator.s(2711)
decsp2 (decsp2.o):
    screen.o                  src/screen.s(491)
    config.o                  src/config.s(1281)
    config.o                  src/config.s(1281)
    config.o                  src/config.s(1281)
    config.o                  src/config.s(1281)
    config.o                  src/config.s(1281)
    config.o                  src/config.s(1281)
    config.o                  src/config.s(1281)
    diskulator.o              src/diskulator.s(2711)
    diskulator.o              src/diskulator.s(2711)
    diskulator.o              src/diskulator.s(2711)
    diskulator.o              src/diskulator.s(2711)
    diskulator.o              src/diskulator.s(2711)
decsp3 (decsp3.o):
    config.o                  src/config.s(1281)
    diskulator.o              src/diskulator.s(2711)
    diskulator.o              src/diskulator.s(2711)
decsp4 (decsp4.o):
    config.o                  src/config.s(1281)
    config.o                  src/config.s(1281)
    diskulator.o              src/diskulator.s(2711)
    diskulator.o              src/diskulator.s(2711)
decsp5 (decsp5.o):
    screen.o                  src/screen.s(491)
    config.o                  src/config.s(1281)
decsp6 (decsp6.o):
    diskulator.o              src/diskulator.s(2711)
donelib (condes.o):
    crt0.o                    src/crt0.s(14)
incsp1 (incsp1.o):
    config.o                  src/config.s(1281)
    config.o                  src/config.s(1281)
    config.o                  src/config.s(1281)
    diskulator.o              src/diskulator.s(2711)
    diskulator.o              src/diskulator.s(2711)
    diskulator.o              src/diskulator.s(2711)
    diskulator.o              src/diskulator.s(2711)
    diskulator.o              src/diskulator.s(2711)
    bar.o                     src/bar.s(413)
incsp2 (incsp2.o):
    staspidx.o                runtime/staspidx.s(8)
    popptr1.o                 runtime/popptr1.s(8)
    config.o                  src/config.s(1281)
    config.o                  src/config.s(1281)
    diskulator.o              src/diskulator.s(2711)
    diskulator.o              src/diskulator.s(2711)
    diskulator.o              src/diskulator.s(2711)
    bar.o                     src/bar.s(413)
incsp3 (incsp3.o):
    config.o                  src/config.s(1281)
    diskulator.o              src/diskulator.s(2711)
    diskulator.o              src/diskulator.s(2711)
incsp4 (incsp4.o):
    diskulator.o              src/diskulator.s(2711)
    diskulator.o              src/diskulator.s(2711)
    diskulator.o              src/diskulator.s(2711)
incsp5 (incsp5.o):
    screen.o                  src/screen.s(491)
    config.o                  src/config.s(1281)
    diskulator.o              src/diskulator.s(2711)
    diskulator.o              src/diskulator.s(2711)
incsp8 (incsp8.o):
    config.o                  src/config.s(1281)
initlib (condes.o):
    crt0.o                    src/crt0.s(14)
negeax (lneg.o):
    atoi.o                    common/atoi.s(9)
popax (incsp2.o):
    strcpy.o                  common/strcpy.s(8)
    strcat.o                  common/strcat.s(9)
    memset.o                  common/memset.s(19)
    memcpy.o                  common/memcpy.s(14)
popptr1 (popptr1.o):
    mul8.o                    runtime/mul8.s(9)
    memcpy.o                  common/memcpy.s(14)
ptr1 (zeropage.o):
    zerobss.o                 common/zerobss.s(9)
    strcpy.o                  common/strcpy.s(9)
    strcat.o                  common/strcat.s(10)
    staspidx.o                runtime/staspidx.s(9)
    popptr1.o                 runtime/popptr1.s(9)
    mul8.o                    runtime/mul8.s(10)
    memset.o                  common/memset.s(20)
    memcpy.o                  common/memcpy.s(15)
    atoi.o                    common/atoi.s(10)
    screen.o                  src/screen.s(11)
    main.o                    src/main.s(11)
    diskulator.o              src/diskulator.s(11)
    bar.o                     src/bar.s(11)
ptr2 (zeropage.o):
    strlen.o                  common/strlen.s(12)
    strcpy.o                  common/strcpy.s(9)
    strcat.o                  common/strcat.s(10)
    memset.o                  common/memset.s(20)
    memcpy.o                  common/memcpy.s(15)
    itoa.o                    common/itoa.s(11)
    atoi.o                    common/atoi.s(10)
ptr3 (zeropage.o):
    memset.o                  common/memset.s(20)
    memcpy.o                  common/memcpy.s(15)
    itoa.o                    common/itoa.s(11)
ptr4 (zeropage.o):
    mul8.o                    runtime/mul8.s(10)
pusha (pusha.o):
    config.o                  src/config.s(1281)
    config.o                  src/config.s(1281)
    config.o                  src/config.s(1281)
    config.o                  src/config.s(1281)
    config.o                  src/config.s(1281)
    config.o                  src/config.s(1281)
    diskulator.o              src/diskulator.s(2711)
    diskulator.o              src/diskulator.s(2711)
    diskulator.o              src/diskulator.s(2711)
    diskulator.o              src/diskulator.s(2711)
    diskulator.o              src/diskulator.s(2711)
    diskulator.o              src/diskulator.s(2711)
    diskulator.o              src/diskulator.s(2711)
    diskulator.o              src/diskulator.s(2711)
    diskulator.o              src/diskulator.s(2711)
    bar.o                     src/bar.s(413)
    bar.o                     src/bar.s(413)
pusha0 (pushax.o):
    screen.o                  src/screen.s(491)
    screen.o                  src/screen.s(491)
    diskulator.o              src/diskulator.s(2711)
    diskulator.o              src/diskulator.s(2711)
    diskulator.o              src/diskulator.s(2711)
    diskulator.o              src/diskulator.s(2711)
    diskulator.o              src/diskulator.s(2711)
    diskulator.o              src/diskulator.s(2711)
pushax (pushax.o):
    callmain.o                runtime/callmain.s(11)
    screen.o                  src/screen.s(491)
    screen.o                  src/screen.s(491)
    screen.o                  src/screen.s(491)
    config.o                  src/config.s(1281)
    config.o                  src/config.s(1281)
    main.o                    src/main.s(208)
    diskulator.o              src/diskulator.s(2711)
    diskulator.o              src/diskulator.s(2711)
    diskulator.o              src/diskulator.s(2711)
    diskulator.o              src/diskulator.s(2711)
    diskulator.o              src/diskulator.s(2711)
    diskulator.o              src/diskulator.s(2711)
    bar.o                     src/bar.s(413)
pushwysp (pushwsp.o):
    screen.o                  src/screen.s(491)
    diskulator.o              src/diskulator.s(2711)
return1 (return1.o):
    kbhit.o                   atari/kbhit.s(8)
setcursor (setcursor.o):
    cgetc.o                   atari/cgetc.s(10)
sp (zeropage.o):
    subysp.o                  runtime/subysp.s(9)
    staxsp.o                  runtime/staxsp.s(8)
    staspidx.o                runtime/staspidx.s(9)
    pushwsp.o                 runtime/pushwsp.s(8)
    pushax.o                  runtime/pushax.s(8)
    pusha.o                   runtime/pusha.s(8)
    popptr1.o                 runtime/popptr1.s(9)
    memset.o                  common/memset.s(20)
    memcpy.o                  common/memcpy.s(15)
    itoa.o                    common/itoa.s(11)
    incsp2.o                  runtime/incsp2.s(8)
    incsp1.o                  runtime/incsp1.s(8)
    icmp.o                    runtime/icmp.s(9)
    decsp6.o                  runtime/decsp6.s(8)
    decsp5.o                  runtime/decsp5.s(8)
    decsp4.o                  runtime/decsp4.s(8)
    decsp3.o                  runtime/decsp3.s(8)
    decsp2.o                  runtime/decsp2.s(8)
    decsp1.o                  runtime/decsp1.s(8)
    addysp.o                  runtime/addysp.s(8)
    addeqsp.o                 runtime/addeqsp.s(8)
    add.o                     runtime/add.s(12)
    crt0.o                    /home/thomc/Workspace/cc65/asminc/zeropage.inc(11)
    screen.o                  src/screen.s(10)
    config.o                  src/config.s(10)
    diskulator.o              src/diskulator.s(10)
    bar.o                     src/bar.s(10)
sreg (zeropage.o):
    lneg.o                    runtime/lneg.s(11)
    itoa.o                    common/itoa.s(11)
    icmp.o                    runtime/icmp.s(9)
    atoi.o                    common/atoi.s(10)
    screen.o                  src/screen.s(10)
staspidx (staspidx.o):
    screen.o                  src/screen.s(491)
    diskulator.o              src/diskulator.s(2711)
staxysp (staxsp.o):
    diskulator.o              src/diskulator.s(2711)
subysp (subysp.o):
    diskulator.o              src/diskulator.s(2711)
tmp1 (zeropage.o):
    staspidx.o                runtime/staspidx.s(9)
    itoa.o                    common/itoa.s(11)
    atoi.o                    common/atoi.s(10)
    aslax4.o                  runtime/aslax4.s(8)
    add.o                     runtime/add.s(12)
    screen.o                  src/screen.s(11)
    diskulator.o              src/diskulator.s(11)
tmp3 (zeropage.o):
    strcat.o                  common/strcat.s(10)
tmp4 (zeropage.o):
    mul40.o                   common/mul40.s(16)
tosadda0 (add.o):
    screen.o                  src/screen.s(491)
tosaddax (add.o):
    screen.o                  src/screen.s(491)
    screen.o                  src/screen.s(491)
tosicmp (icmp.o):
    screen.o                  src/screen.s(491)
tosmula0 (mul8.o):
    diskulator.o              src/diskulator.s(2711)
    diskulator.o              src/diskulator.s(2711)
    diskulator.o              src/diskulator.s(2711)
    diskulator.o              src/diskulator.s(2711)
    diskulator.o              src/diskulator.s(2711)
    diskulator.o              src/diskulator.s(2711)
tosumula0 (mul8.o):
    screen.o                  src/screen.s(491)
    screen.o                  src/screen.s(491)
zerobss (zerobss.o):
    crt0.o                    src/crt0.s(15)

