Modules list:
-------------
bar.o:
    CODE              Offs=000000  Size=00027D  Align=00001  Fill=0000
    DATA              Offs=000000  Size=000002  Align=00001  Fill=0000
diskulator.o:
    CODE              Offs=00027D  Size=00129D  Align=00001  Fill=0000
    RODATA            Offs=000000  Size=00031A  Align=00001  Fill=0000
    BSS               Offs=000000  Size=0004BE  Align=00001  Fill=0000
    DATA              Offs=000002  Size=000105  Align=00001  Fill=0000
main.o:
    CODE              Offs=00151A  Size=0000AE  Align=00001  Fill=0000
    DATA              Offs=000107  Size=000048  Align=00001  Fill=0000
config.o:
    CODE              Offs=0015C8  Size=0005C9  Align=00001  Fill=0000
    RODATA            Offs=00031A  Size=000170  Align=00001  Fill=0000
    BSS               Offs=0004BE  Size=000102  Align=00001  Fill=0000
    DATA              Offs=00014F  Size=000003  Align=00001  Fill=0000
screen.o:
    CODE              Offs=001B91  Size=00037D  Align=00001  Fill=0000
    RODATA            Offs=00048A  Size=000002  Align=00001  Fill=0000
    BSS               Offs=0005C0  Size=000008  Align=00001  Fill=0000
die.o:
    CODE              Offs=001F0E  Size=000009  Align=00001  Fill=0000
crt0.o:
    BSS               Offs=0005C8  Size=000005  Align=00001  Fill=0000
    STARTUP           Offs=000000  Size=000068  Align=00001  Fill=0000
sio.o:
    CODE              Offs=001F17  Size=000004  Align=00001  Fill=0000
bar-setup-regs.o:
    CODE              Offs=001F1B  Size=00005F  Align=00001  Fill=0000
/home/thomc/Workspace/cc65/lib/atari.lib(_cursor.o):
    BSS               Offs=0005CD  Size=000001  Align=00001  Fill=0000
/home/thomc/Workspace/cc65/lib/atari.lib(_hextab.o):
    RODATA            Offs=00048C  Size=000010  Align=00001  Fill=0000
/home/thomc/Workspace/cc65/lib/atari.lib(add.o):
    CODE              Offs=001F7A  Size=00001C  Align=00001  Fill=0000
/home/thomc/Workspace/cc65/lib/atari.lib(addeqsp.o):
    CODE              Offs=001F96  Size=000011  Align=00001  Fill=0000
/home/thomc/Workspace/cc65/lib/atari.lib(addysp.o):
    CODE              Offs=001FA7  Size=00000E  Align=00001  Fill=0000
/home/thomc/Workspace/cc65/lib/atari.lib(aslax4.o):
    CODE              Offs=001FB5  Size=000011  Align=00001  Fill=0000
/home/thomc/Workspace/cc65/lib/atari.lib(atoi.o):
    CODE              Offs=001FC6  Size=000096  Align=00001  Fill=0000
/home/thomc/Workspace/cc65/lib/atari.lib(callmain.o):
    CODE              Offs=00205C  Size=000017  Align=00001  Fill=0000
    DATA              Offs=000152  Size=000004  Align=00001  Fill=0000
/home/thomc/Workspace/cc65/lib/atari.lib(cgetc.o):
    CODE              Offs=002073  Size=000016  Align=00001  Fill=0000
/home/thomc/Workspace/cc65/lib/atari.lib(condes.o):
    CODE              Offs=002089  Size=00000C  Align=00001  Fill=0000
    DATA              Offs=000156  Size=000025  Align=00001  Fill=0000
    ONCE              Offs=000000  Size=00000C  Align=00001  Fill=0000
/home/thomc/Workspace/cc65/lib/atari.lib(ctype.o):
    RODATA            Offs=00049C  Size=000100  Align=00001  Fill=0000
/home/thomc/Workspace/cc65/lib/atari.lib(decsp1.o):
    CODE              Offs=002095  Size=000009  Align=00001  Fill=0000
/home/thomc/Workspace/cc65/lib/atari.lib(decsp2.o):
    CODE              Offs=00209E  Size=00000D  Align=00001  Fill=0000
/home/thomc/Workspace/cc65/lib/atari.lib(decsp3.o):
    CODE              Offs=0020AB  Size=00000D  Align=00001  Fill=0000
/home/thomc/Workspace/cc65/lib/atari.lib(decsp4.o):
    CODE              Offs=0020B8  Size=00000D  Align=00001  Fill=0000
/home/thomc/Workspace/cc65/lib/atari.lib(decsp5.o):
    CODE              Offs=0020C5  Size=00000D  Align=00001  Fill=0000
/home/thomc/Workspace/cc65/lib/atari.lib(decsp6.o):
    CODE              Offs=0020D2  Size=00000D  Align=00001  Fill=0000
/home/thomc/Workspace/cc65/lib/atari.lib(icmp.o):
    CODE              Offs=0020DF  Size=00002E  Align=00001  Fill=0000
/home/thomc/Workspace/cc65/lib/atari.lib(incsp1.o):
    CODE              Offs=00210D  Size=000007  Align=00001  Fill=0000
/home/thomc/Workspace/cc65/lib/atari.lib(incsp2.o):
    CODE              Offs=002114  Size=000016  Align=00001  Fill=0000
/home/thomc/Workspace/cc65/lib/atari.lib(incsp3.o):
    CODE              Offs=00212A  Size=000005  Align=00001  Fill=0000
/home/thomc/Workspace/cc65/lib/atari.lib(incsp4.o):
    CODE              Offs=00212F  Size=000005  Align=00001  Fill=0000
/home/thomc/Workspace/cc65/lib/atari.lib(incsp5.o):
    CODE              Offs=002134  Size=000005  Align=00001  Fill=0000
/home/thomc/Workspace/cc65/lib/atari.lib(incsp8.o):
    CODE              Offs=002139  Size=000005  Align=00001  Fill=0000
/home/thomc/Workspace/cc65/lib/atari.lib(itoa.o):
    CODE              Offs=00213E  Size=000094  Align=00001  Fill=0000
    RODATA            Offs=00059C  Size=000007  Align=00001  Fill=0000
/home/thomc/Workspace/cc65/lib/atari.lib(kbhit.o):
    CODE              Offs=0021D2  Size=00000B  Align=00001  Fill=0000
/home/thomc/Workspace/cc65/lib/atari.lib(lneg.o):
    CODE              Offs=0021DD  Size=00001E  Align=00001  Fill=0000
/home/thomc/Workspace/cc65/lib/atari.lib(memcpy.o):
    CODE              Offs=0021FB  Size=00003C  Align=00001  Fill=0000
/home/thomc/Workspace/cc65/lib/atari.lib(memset.o):
    CODE              Offs=002237  Size=00005D  Align=00001  Fill=0000
/home/thomc/Workspace/cc65/lib/atari.lib(mul40.o):
    CODE              Offs=002294  Size=000021  Align=00001  Fill=0000
/home/thomc/Workspace/cc65/lib/atari.lib(mul8.o):
    CODE              Offs=0022B5  Size=00003A  Align=00001  Fill=0000
/home/thomc/Workspace/cc65/lib/atari.lib(popptr1.o):
    CODE              Offs=0022EF  Size=00000E  Align=00001  Fill=0000
/home/thomc/Workspace/cc65/lib/atari.lib(pusha.o):
    CODE              Offs=0022FD  Size=000016  Align=00001  Fill=0000
/home/thomc/Workspace/cc65/lib/atari.lib(pushax.o):
    CODE              Offs=002313  Size=00001A  Align=00001  Fill=0000
/home/thomc/Workspace/cc65/lib/atari.lib(pushwsp.o):
    CODE              Offs=00232D  Size=00001C  Align=00001  Fill=0000
/home/thomc/Workspace/cc65/lib/atari.lib(return1.o):
    CODE              Offs=002349  Size=000005  Align=00001  Fill=0000
/home/thomc/Workspace/cc65/lib/atari.lib(setcursor.o):
    CODE              Offs=00234E  Size=00003A  Align=00001  Fill=0000
/home/thomc/Workspace/cc65/lib/atari.lib(staspidx.o):
    CODE              Offs=002388  Size=000016  Align=00001  Fill=0000
/home/thomc/Workspace/cc65/lib/atari.lib(staxsp.o):
    CODE              Offs=00239E  Size=00000B  Align=00001  Fill=0000
/home/thomc/Workspace/cc65/lib/atari.lib(strcpy.o):
    CODE              Offs=0023A9  Size=00001F  Align=00001  Fill=0000
/home/thomc/Workspace/cc65/lib/atari.lib(strlen.o):
    CODE              Offs=0023C8  Size=000016  Align=00001  Fill=0000
/home/thomc/Workspace/cc65/lib/atari.lib(subysp.o):
    CODE              Offs=0023DE  Size=00000D  Align=00001  Fill=0000
/home/thomc/Workspace/cc65/lib/atari.lib(zerobss.o):
    CODE              Offs=0023EB  Size=000023  Align=00001  Fill=0000
/home/thomc/Workspace/cc65/lib/atari.lib(zeropage.o):
    ZEROPAGE          Offs=000000  Size=00001A  Align=00001  Fill=0000


Segment list:
-------------
Name                   Start     End    Size  Align
----------------------------------------------------
ZEROPAGE              0000E5  0000FE  00001A  00001
STARTUP               000700  000767  000068  00001
ONCE                  000768  000773  00000C  00001
CODE                  000774  002B81  00240E  00001
RODATA                002B82  003124  0005A3  00001
DATA                  003125  00329F  00017B  00001
BSS                   0032A0  00386D  0005CE  00001


Exports list by name:
---------------------
__BSS_RUN__               0032A0 RLA    __BSS_SIZE__              0005CE REA    
__CONSTRUCTOR_COUNT__     000000 REA    __CONSTRUCTOR_TABLE__     000774 RLA    
__DESTRUCTOR_COUNT__      000000 REA    __DESTRUCTOR_TABLE__      003125 RLA    
__LOWCODE_RUN__           000768 RLA    __LOWCODE_SIZE__          000000 REA    
__RESERVED_MEMORY__       000000 REA    __STACKSIZE__             000800 REA    
__STARTUP__               000001 REA    __bzero                   0029AB RLA    
__ctype                   00301E RLA    __hextab                  00300E RLA    
_atoi                     00273A RLA    _bar_clear                000774 RLA    
_bar_set_color            0009DB RLA    _bar_setup_regs           00268F RLA    
_bar_show                 000784 RLA    _cgetc                    0027E7 RLA    
_config_connect           001D96 RLA    _config_run               001DCD RLA    
_configured               001D3C RLA    _die                      002682 RLA    
_diskulator_run           0009F1 RLA    _dlist_ptr                003862 RLA    
_font_ptr                 003866 RLA    _kbhit                    002946 RLA    
_main                     001D26 RLA    _memcpy                   00296F RLA    
_mul40                    002A08 RLA    _screen_clear             00239D RLA    
_screen_input             0023AD RLA    _screen_memory            003864 RLA    
_screen_puts              002305 RLA    _siov                     00268B RLA    
_strcpy                   002B1D RLA    _strlen                   002B3C RLA    
_utoa                     002912 RLA    _video_ptr                003860 RLA    
addeqysp                  00270C RLA    addysp                    00271C RLA    
addysp1                   00271B RLA    aslax4                    002729 RLA    
callmain                  0027D0 RLA    cursor                    00386D RLA    
decsp1                    002809 RLA    decsp2                    002812 RLA    
decsp3                    00281F RLA    decsp4                    00282C RLA    
decsp5                    002839 RLA    decsp6                    002846 RLA    
donelib                   0027FD RLA    incsp1                    002881 RLA    
incsp2                    002890 RLA    incsp3                    00289E RLA    
incsp4                    0028A3 RLA    incsp5                    0028A8 RLA    
incsp8                    0028AD RLA    initlib                   000768 RLA    
negeax                    002951 RLA    popax                     002888 RLA    
popptr1                   002A63 RLA    ptr1                      0000ED RLZ    
ptr2                      0000EF RLZ    ptr3                      0000F1 RLZ    
ptr4                      0000F3 RLZ    pusha                     002A75 RLA    
pusha0                    002A89 RLA    pushax                    002A8B RLA    
pushw0sp                  002AA1 RLA    pushwysp                  002AA3 RLA    
return1                   002ABD RLA    setcursor                 002AC2 RLA    
sp                        0000E5 RLZ    sreg                      0000E7 RLZ    
staspidx                  002AFC RLA    staxysp                   002B14 RLA    
subysp                    002B52 RLA    tmp1                      0000F5 RLZ    
tmp4                      0000F8 RLZ    tosadda0                  0026EE RLA    
tosaddax                  0026F0 RLA    tosicmp                   002855 RLA    
tosmula0                  002A29 RLA    tosumula0                 002A29 RLA    
zerobss                   002B5F RLA    


Exports list by value:
----------------------
__RESERVED_MEMORY__       000000 REA    __DESTRUCTOR_COUNT__      000000 REA    
__CONSTRUCTOR_COUNT__     000000 REA    __LOWCODE_SIZE__          000000 REA    
__STARTUP__               000001 REA    sp                        0000E5 RLZ    
sreg                      0000E7 RLZ    ptr1                      0000ED RLZ    
ptr2                      0000EF RLZ    ptr3                      0000F1 RLZ    
ptr4                      0000F3 RLZ    tmp1                      0000F5 RLZ    
tmp4                      0000F8 RLZ    __BSS_SIZE__              0005CE REA    
__LOWCODE_RUN__           000768 RLA    initlib                   000768 RLA    
_bar_clear                000774 RLA    __CONSTRUCTOR_TABLE__     000774 RLA    
_bar_show                 000784 RLA    __STACKSIZE__             000800 REA    
_bar_set_color            0009DB RLA    _diskulator_run           0009F1 RLA    
_main                     001D26 RLA    _configured               001D3C RLA    
_config_connect           001D96 RLA    _config_run               001DCD RLA    
_screen_puts              002305 RLA    _screen_clear             00239D RLA    
_screen_input             0023AD RLA    _die                      002682 RLA    
_siov                     00268B RLA    _bar_setup_regs           00268F RLA    
tosadda0                  0026EE RLA    tosaddax                  0026F0 RLA    
addeqysp                  00270C RLA    addysp1                   00271B RLA    
addysp                    00271C RLA    aslax4                    002729 RLA    
_atoi                     00273A RLA    callmain                  0027D0 RLA    
_cgetc                    0027E7 RLA    donelib                   0027FD RLA    
decsp1                    002809 RLA    decsp2                    002812 RLA    
decsp3                    00281F RLA    decsp4                    00282C RLA    
decsp5                    002839 RLA    decsp6                    002846 RLA    
tosicmp                   002855 RLA    incsp1                    002881 RLA    
popax                     002888 RLA    incsp2                    002890 RLA    
incsp3                    00289E RLA    incsp4                    0028A3 RLA    
incsp5                    0028A8 RLA    incsp8                    0028AD RLA    
_utoa                     002912 RLA    _kbhit                    002946 RLA    
negeax                    002951 RLA    _memcpy                   00296F RLA    
__bzero                   0029AB RLA    _mul40                    002A08 RLA    
tosumula0                 002A29 RLA    tosmula0                  002A29 RLA    
popptr1                   002A63 RLA    pusha                     002A75 RLA    
pusha0                    002A89 RLA    pushax                    002A8B RLA    
pushw0sp                  002AA1 RLA    pushwysp                  002AA3 RLA    
return1                   002ABD RLA    setcursor                 002AC2 RLA    
staspidx                  002AFC RLA    staxysp                   002B14 RLA    
_strcpy                   002B1D RLA    _strlen                   002B3C RLA    
subysp                    002B52 RLA    zerobss                   002B5F RLA    
__hextab                  00300E RLA    __ctype                   00301E RLA    
__DESTRUCTOR_TABLE__      003125 RLA    __BSS_RUN__               0032A0 RLA    
_video_ptr                003860 RLA    _dlist_ptr                003862 RLA    
_screen_memory            003864 RLA    _font_ptr                 003866 RLA    
cursor                    00386D RLA    


Imports list:
-------------
__BSS_RUN__ ([linker generated]):
    zerobss.o                 common/zerobss.s(8)
__BSS_SIZE__ ([linker generated]):
    zerobss.o                 common/zerobss.s(8)
__CONSTRUCTOR_COUNT__ ([linker generated]):
    condes.o                  runtime/condes.s(18)
__CONSTRUCTOR_TABLE__ ([linker generated]):
    condes.o                  runtime/condes.s(18)
__DESTRUCTOR_COUNT__ ([linker generated]):
    condes.o                  runtime/condes.s(19)
__DESTRUCTOR_TABLE__ ([linker generated]):
    condes.o                  runtime/condes.s(19)
__LOWCODE_RUN__ ([linker generated]):
    crt0.o                    src/crt0.s(18)
__LOWCODE_SIZE__ ([linker generated]):
    crt0.o                    src/crt0.s(18)
__RESERVED_MEMORY__ ([linker generated]):
    crt0.o                    src/crt0.s(16)
    [linker generated]        src/atari.cfg(19)
__STACKSIZE__ ([linker generated]):
    [linker generated]        src/atari.cfg(19)
__STARTUP__ (crt0.o):
    main.o                    src/main.s(13)
__bzero (memset.o):
    screen.o                  src/screen.s(491)
    diskulator.o              src/diskulator.s(2645)
    bar.o                     src/bar.s(413)
__ctype (ctype.o):
    atoi.o                    common/atoi.s(9)
__hextab (_hextab.o):
    itoa.o                    common/itoa.s(10)
_atoi (atoi.o):
    diskulator.o              src/diskulator.s(17)
_bar_clear (bar.o):
    config.o                  src/config.s(23)
    main.o                    src/main.s(16)
    diskulator.o              src/diskulator.s(24)
_bar_set_color (bar.o):
    diskulator.o              src/diskulator.s(26)
_bar_setup_regs (bar-setup-regs.o):
    main.o                    src/main.s(15)
_bar_show (bar.o):
    config.o                  src/config.s(24)
    diskulator.o              src/diskulator.s(25)
_cgetc (cgetc.o):
    screen.o                  src/screen.s(15)
    config.o                  src/config.s(15)
    diskulator.o              src/diskulator.s(16)
_config_connect (config.o):
    main.o                    src/main.s(18)
_config_run (config.o):
    main.o                    src/main.s(19)
_configured (config.o):
    main.o                    src/main.s(17)
_die (die.o):
    config.o                  src/config.s(25)
    diskulator.o              src/diskulator.s(27)
_diskulator_run (diskulator.o):
    main.o                    src/main.s(20)
_dlist_ptr (screen.o):
    main.o                    src/main.s(22)
_font_ptr (screen.o):
    main.o                    src/main.s(24)
_kbhit (kbhit.o):
    die.o                     src/die.s(13)
    diskulator.o              src/diskulator.s(15)
_main (main.o):
    callmain.o                runtime/callmain.s(11)
_memcpy (memcpy.o):
    main.o                    src/main.s(14)
_mul40 (mul40.o):
    setcursor.o               atari/setcursor.s(7)
_screen_clear (screen.o):
    config.o                  src/config.s(20)
    diskulator.o              src/diskulator.s(21)
_screen_input (screen.o):
    config.o                  src/config.s(21)
    diskulator.o              src/diskulator.s(22)
_screen_memory (screen.o):
    main.o                    src/main.s(23)
_screen_puts (screen.o):
    config.o                  src/config.s(19)
    diskulator.o              src/diskulator.s(20)
_siov (sio.o):
    config.o                  src/config.s(22)
    diskulator.o              src/diskulator.s(23)
_strcpy (strcpy.o):
    config.o                  src/config.s(13)
    diskulator.o              src/diskulator.s(13)
_strlen (strlen.o):
    screen.o                  src/screen.s(13)
_utoa (itoa.o):
    diskulator.o              src/diskulator.s(18)
_video_ptr (screen.o):
    main.o                    src/main.s(21)
addeqysp (addeqsp.o):
    screen.o                  src/screen.s(491)
addysp (addysp.o):
    incsp8.o                  runtime/incsp8.s(8)
    incsp5.o                  runtime/incsp5.s(8)
    incsp4.o                  runtime/incsp4.s(8)
    incsp3.o                  runtime/incsp3.s(8)
    screen.o                  src/screen.s(491)
    diskulator.o              src/diskulator.s(2645)
addysp1 (addysp.o):
    itoa.o                    common/itoa.s(9)
aslax4 (aslax4.o):
    diskulator.o              src/diskulator.s(2645)
    diskulator.o              src/diskulator.s(2645)
callmain (callmain.o):
    crt0.o                    src/crt0.s(15)
cursor (_cursor.o):
    setcursor.o               atari/setcursor.s(7)
decsp1 (decsp1.o):
    screen.o                  src/screen.s(491)
    screen.o                  src/screen.s(491)
    config.o                  src/config.s(975)
    config.o                  src/config.s(975)
    diskulator.o              src/diskulator.s(2645)
    diskulator.o              src/diskulator.s(2645)
decsp2 (decsp2.o):
    screen.o                  src/screen.s(491)
    config.o                  src/config.s(975)
    config.o                  src/config.s(975)
    config.o                  src/config.s(975)
    config.o                  src/config.s(975)
    config.o                  src/config.s(975)
    config.o                  src/config.s(975)
    config.o                  src/config.s(975)
    diskulator.o              src/diskulator.s(2645)
    diskulator.o              src/diskulator.s(2645)
    diskulator.o              src/diskulator.s(2645)
    diskulator.o              src/diskulator.s(2645)
    diskulator.o              src/diskulator.s(2645)
decsp3 (decsp3.o):
    diskulator.o              src/diskulator.s(2645)
    diskulator.o              src/diskulator.s(2645)
decsp4 (decsp4.o):
    config.o                  src/config.s(975)
    diskulator.o              src/diskulator.s(2645)
    diskulator.o              src/diskulator.s(2645)
decsp5 (decsp5.o):
    screen.o                  src/screen.s(491)
    config.o                  src/config.s(975)
decsp6 (decsp6.o):
    diskulator.o              src/diskulator.s(2645)
donelib (condes.o):
    crt0.o                    src/crt0.s(14)
incsp1 (incsp1.o):
    config.o                  src/config.s(975)
    config.o                  src/config.s(975)
    config.o                  src/config.s(975)
    diskulator.o              src/diskulator.s(2645)
    diskulator.o              src/diskulator.s(2645)
    diskulator.o              src/diskulator.s(2645)
    diskulator.o              src/diskulator.s(2645)
    diskulator.o              src/diskulator.s(2645)
    bar.o                     src/bar.s(413)
incsp2 (incsp2.o):
    staspidx.o                runtime/staspidx.s(8)
    popptr1.o                 runtime/popptr1.s(8)
    config.o                  src/config.s(975)
    config.o                  src/config.s(975)
    diskulator.o              src/diskulator.s(2645)
    diskulator.o              src/diskulator.s(2645)
    diskulator.o              src/diskulator.s(2645)
    bar.o                     src/bar.s(413)
incsp3 (incsp3.o):
    diskulator.o              src/diskulator.s(2645)
    diskulator.o              src/diskulator.s(2645)
    diskulator.o              src/diskulator.s(2645)
incsp4 (incsp4.o):
    diskulator.o              src/diskulator.s(2645)
    diskulator.o              src/diskulator.s(2645)
    diskulator.o              src/diskulator.s(2645)
incsp5 (incsp5.o):
    screen.o                  src/screen.s(491)
    config.o                  src/config.s(975)
    diskulator.o              src/diskulator.s(2645)
incsp8 (incsp8.o):
    config.o                  src/config.s(975)
initlib (condes.o):
    crt0.o                    src/crt0.s(14)
negeax (lneg.o):
    atoi.o                    common/atoi.s(9)
popax (incsp2.o):
    strcpy.o                  common/strcpy.s(8)
    memset.o                  common/memset.s(19)
    memcpy.o                  common/memcpy.s(14)
popptr1 (popptr1.o):
    mul8.o                    runtime/mul8.s(9)
    memcpy.o                  common/memcpy.s(14)
ptr1 (zeropage.o):
    zerobss.o                 common/zerobss.s(9)
    strcpy.o                  common/strcpy.s(9)
    staspidx.o                runtime/staspidx.s(9)
    popptr1.o                 runtime/popptr1.s(9)
    mul8.o                    runtime/mul8.s(10)
    memset.o                  common/memset.s(20)
    memcpy.o                  common/memcpy.s(15)
    atoi.o                    common/atoi.s(10)
    screen.o                  src/screen.s(11)
    main.o                    src/main.s(11)
    diskulator.o              src/diskulator.s(11)
    bar.o                     src/bar.s(11)
ptr2 (zeropage.o):
    strlen.o                  common/strlen.s(12)
    strcpy.o                  common/strcpy.s(9)
    memset.o                  common/memset.s(20)
    memcpy.o                  common/memcpy.s(15)
    itoa.o                    common/itoa.s(11)
    atoi.o                    common/atoi.s(10)
ptr3 (zeropage.o):
    memset.o                  common/memset.s(20)
    memcpy.o                  common/memcpy.s(15)
    itoa.o                    common/itoa.s(11)
ptr4 (zeropage.o):
    mul8.o                    runtime/mul8.s(10)
pusha (pusha.o):
    config.o                  src/config.s(975)
    config.o                  src/config.s(975)
    config.o                  src/config.s(975)
    config.o                  src/config.s(975)
    config.o                  src/config.s(975)
    config.o                  src/config.s(975)
    diskulator.o              src/diskulator.s(2645)
    diskulator.o              src/diskulator.s(2645)
    diskulator.o              src/diskulator.s(2645)
    diskulator.o              src/diskulator.s(2645)
    diskulator.o              src/diskulator.s(2645)
    diskulator.o              src/diskulator.s(2645)
    diskulator.o              src/diskulator.s(2645)
    diskulator.o              src/diskulator.s(2645)
    diskulator.o              src/diskulator.s(2645)
    bar.o                     src/bar.s(413)
    bar.o                     src/bar.s(413)
pusha0 (pushax.o):
    screen.o                  src/screen.s(491)
    screen.o                  src/screen.s(491)
    diskulator.o              src/diskulator.s(2645)
    diskulator.o              src/diskulator.s(2645)
    diskulator.o              src/diskulator.s(2645)
    diskulator.o              src/diskulator.s(2645)
    diskulator.o              src/diskulator.s(2645)
    diskulator.o              src/diskulator.s(2645)
pushax (pushax.o):
    callmain.o                runtime/callmain.s(11)
    screen.o                  src/screen.s(491)
    screen.o                  src/screen.s(491)
    screen.o                  src/screen.s(491)
    config.o                  src/config.s(975)
    config.o                  src/config.s(975)
    main.o                    src/main.s(200)
    diskulator.o              src/diskulator.s(2645)
    diskulator.o              src/diskulator.s(2645)
    diskulator.o              src/diskulator.s(2645)
    diskulator.o              src/diskulator.s(2645)
    diskulator.o              src/diskulator.s(2645)
    diskulator.o              src/diskulator.s(2645)
    bar.o                     src/bar.s(413)
pushw0sp (pushwsp.o):
    diskulator.o              src/diskulator.s(2645)
pushwysp (pushwsp.o):
    screen.o                  src/screen.s(491)
return1 (return1.o):
    kbhit.o                   atari/kbhit.s(8)
setcursor (setcursor.o):
    cgetc.o                   atari/cgetc.s(10)
sp (zeropage.o):
    subysp.o                  runtime/subysp.s(9)
    staxsp.o                  runtime/staxsp.s(8)
    staspidx.o                runtime/staspidx.s(9)
    pushwsp.o                 runtime/pushwsp.s(8)
    pushax.o                  runtime/pushax.s(8)
    pusha.o                   runtime/pusha.s(8)
    popptr1.o                 runtime/popptr1.s(9)
    memset.o                  common/memset.s(20)
    memcpy.o                  common/memcpy.s(15)
    itoa.o                    common/itoa.s(11)
    incsp2.o                  runtime/incsp2.s(8)
    incsp1.o                  runtime/incsp1.s(8)
    icmp.o                    runtime/icmp.s(9)
    decsp6.o                  runtime/decsp6.s(8)
    decsp5.o                  runtime/decsp5.s(8)
    decsp4.o                  runtime/decsp4.s(8)
    decsp3.o                  runtime/decsp3.s(8)
    decsp2.o                  runtime/decsp2.s(8)
    decsp1.o                  runtime/decsp1.s(8)
    addysp.o                  runtime/addysp.s(8)
    addeqsp.o                 runtime/addeqsp.s(8)
    add.o                     runtime/add.s(12)
    crt0.o                    /home/thomc/Workspace/cc65/asminc/zeropage.inc(11)
    screen.o                  src/screen.s(10)
    config.o                  src/config.s(10)
    diskulator.o              src/diskulator.s(10)
    bar.o                     src/bar.s(10)
sreg (zeropage.o):
    lneg.o                    runtime/lneg.s(11)
    itoa.o                    common/itoa.s(11)
    icmp.o                    runtime/icmp.s(9)
    atoi.o                    common/atoi.s(10)
    screen.o                  src/screen.s(10)
staspidx (staspidx.o):
    screen.o                  src/screen.s(491)
    diskulator.o              src/diskulator.s(2645)
staxysp (staxsp.o):
    diskulator.o              src/diskulator.s(2645)
subysp (subysp.o):
    diskulator.o              src/diskulator.s(2645)
tmp1 (zeropage.o):
    staspidx.o                runtime/staspidx.s(9)
    itoa.o                    common/itoa.s(11)
    atoi.o                    common/atoi.s(10)
    aslax4.o                  runtime/aslax4.s(8)
    add.o                     runtime/add.s(12)
    screen.o                  src/screen.s(11)
    diskulator.o              src/diskulator.s(11)
tmp4 (zeropage.o):
    mul40.o                   common/mul40.s(16)
tosadda0 (add.o):
    screen.o                  src/screen.s(491)
tosaddax (add.o):
    screen.o                  src/screen.s(491)
    screen.o                  src/screen.s(491)
tosicmp (icmp.o):
    screen.o                  src/screen.s(491)
tosmula0 (mul8.o):
    diskulator.o              src/diskulator.s(2645)
    diskulator.o              src/diskulator.s(2645)
    diskulator.o              src/diskulator.s(2645)
    diskulator.o              src/diskulator.s(2645)
    diskulator.o              src/diskulator.s(2645)
    diskulator.o              src/diskulator.s(2645)
tosumula0 (mul8.o):
    screen.o                  src/screen.s(491)
    screen.o                  src/screen.s(491)
zerobss (zerobss.o):
    crt0.o                    src/crt0.s(15)

