Modules list:
-------------
bar.o:
    CODE              Offs=000000  Size=000277  Align=00001  Fill=0000
    DATA              Offs=000000  Size=000002  Align=00001  Fill=0000
config.o:
    CODE              Offs=000277  Size=000700  Align=00001  Fill=0000
    RODATA            Offs=000000  Size=00016B  Align=00001  Fill=0000
    BSS               Offs=000000  Size=00017E  Align=00001  Fill=0000
    DATA              Offs=000002  Size=000003  Align=00001  Fill=0000
die.o:
    CODE              Offs=000977  Size=000009  Align=00001  Fill=0000
diskulator.o:
    CODE              Offs=000980  Size=001266  Align=00001  Fill=0000
    RODATA            Offs=00016B  Size=00031E  Align=00001  Fill=0000
    BSS               Offs=00017E  Size=0005E2  Align=00001  Fill=0000
    DATA              Offs=000005  Size=000105  Align=00001  Fill=0000
info.o:
    CODE              Offs=001BE6  Size=0002E5  Align=00001  Fill=0000
    RODATA            Offs=000489  Size=000084  Align=00001  Fill=0000
main.o:
    CODE              Offs=001ECB  Size=0000A8  Align=00001  Fill=0000
    DATA              Offs=00010A  Size=000050  Align=00001  Fill=0000
screen.o:
    CODE              Offs=001F73  Size=000352  Align=00001  Fill=0000
    RODATA            Offs=00050D  Size=000002  Align=00001  Fill=0000
    BSS               Offs=000760  Size=000008  Align=00001  Fill=0000
bar-setup-regs.o:
    CODE              Offs=0022C5  Size=00005F  Align=00001  Fill=0000
crt0.o:
    BSS               Offs=000768  Size=000005  Align=00001  Fill=0000
    STARTUP           Offs=000000  Size=000068  Align=00001  Fill=0000
sio.o:
    CODE              Offs=002324  Size=000004  Align=00001  Fill=0000
c:\binn\cc65/lib/atari.lib(_cursor.o):
    BSS               Offs=00076D  Size=000001  Align=00001  Fill=0000
c:\binn\cc65/lib/atari.lib(_hextab.o):
    RODATA            Offs=00050F  Size=000010  Align=00001  Fill=0000
c:\binn\cc65/lib/atari.lib(add.o):
    CODE              Offs=002328  Size=00001C  Align=00001  Fill=0000
c:\binn\cc65/lib/atari.lib(addeqsp.o):
    CODE              Offs=002344  Size=000011  Align=00001  Fill=0000
c:\binn\cc65/lib/atari.lib(addysp.o):
    CODE              Offs=002355  Size=00000E  Align=00001  Fill=0000
c:\binn\cc65/lib/atari.lib(aslax1.o):
    CODE              Offs=002363  Size=000008  Align=00001  Fill=0000
c:\binn\cc65/lib/atari.lib(aslax2.o):
    CODE              Offs=00236B  Size=00000B  Align=00001  Fill=0000
c:\binn\cc65/lib/atari.lib(aslax4.o):
    CODE              Offs=002376  Size=000011  Align=00001  Fill=0000
c:\binn\cc65/lib/atari.lib(atoi.o):
    CODE              Offs=002387  Size=000091  Align=00001  Fill=0000
c:\binn\cc65/lib/atari.lib(callmain.o):
    CODE              Offs=002418  Size=000017  Align=00001  Fill=0000
    DATA              Offs=00015A  Size=000004  Align=00001  Fill=0000
c:\binn\cc65/lib/atari.lib(cgetc.o):
    CODE              Offs=00242F  Size=000016  Align=00001  Fill=0000
c:\binn\cc65/lib/atari.lib(condes.o):
    CODE              Offs=002445  Size=00000C  Align=00001  Fill=0000
    DATA              Offs=00015E  Size=000025  Align=00001  Fill=0000
    ONCE              Offs=000000  Size=00000C  Align=00001  Fill=0000
c:\binn\cc65/lib/atari.lib(ctype.o):
    RODATA            Offs=00051F  Size=00008B  Align=00001  Fill=0000
c:\binn\cc65/lib/atari.lib(ctypemask.o):
    CODE              Offs=002451  Size=00001E  Align=00001  Fill=0000
c:\binn\cc65/lib/atari.lib(decax1.o):
    CODE              Offs=00246F  Size=000007  Align=00001  Fill=0000
c:\binn\cc65/lib/atari.lib(decaxy.o):
    CODE              Offs=002476  Size=000009  Align=00001  Fill=0000
c:\binn\cc65/lib/atari.lib(decsp1.o):
    CODE              Offs=00247F  Size=000009  Align=00001  Fill=0000
c:\binn\cc65/lib/atari.lib(decsp2.o):
    CODE              Offs=002488  Size=00000D  Align=00001  Fill=0000
c:\binn\cc65/lib/atari.lib(decsp3.o):
    CODE              Offs=002495  Size=00000D  Align=00001  Fill=0000
c:\binn\cc65/lib/atari.lib(decsp4.o):
    CODE              Offs=0024A2  Size=00000D  Align=00001  Fill=0000
c:\binn\cc65/lib/atari.lib(decsp5.o):
    CODE              Offs=0024AF  Size=00000D  Align=00001  Fill=0000
c:\binn\cc65/lib/atari.lib(icmp.o):
    CODE              Offs=0024BC  Size=00002E  Align=00001  Fill=0000
c:\binn\cc65/lib/atari.lib(incax1.o):
    CODE              Offs=0024EA  Size=000007  Align=00001  Fill=0000
c:\binn\cc65/lib/atari.lib(incax2.o):
    CODE              Offs=0024F1  Size=000007  Align=00001  Fill=0000
c:\binn\cc65/lib/atari.lib(incax3.o):
    CODE              Offs=0024F8  Size=000005  Align=00001  Fill=0000
c:\binn\cc65/lib/atari.lib(incaxy.o):
    CODE              Offs=0024FD  Size=00000B  Align=00001  Fill=0000
c:\binn\cc65/lib/atari.lib(incsp1.o):
    CODE              Offs=002508  Size=000007  Align=00001  Fill=0000
c:\binn\cc65/lib/atari.lib(incsp2.o):
    CODE              Offs=00250F  Size=000016  Align=00001  Fill=0000
c:\binn\cc65/lib/atari.lib(incsp3.o):
    CODE              Offs=002525  Size=000005  Align=00001  Fill=0000
c:\binn\cc65/lib/atari.lib(incsp4.o):
    CODE              Offs=00252A  Size=000005  Align=00001  Fill=0000
c:\binn\cc65/lib/atari.lib(incsp5.o):
    CODE              Offs=00252F  Size=000005  Align=00001  Fill=0000
c:\binn\cc65/lib/atari.lib(incsp8.o):
    CODE              Offs=002534  Size=000005  Align=00001  Fill=0000
c:\binn\cc65/lib/atari.lib(itoa.o):
    CODE              Offs=002539  Size=000094  Align=00001  Fill=0000
    RODATA            Offs=0005AA  Size=000007  Align=00001  Fill=0000
c:\binn\cc65/lib/atari.lib(kbhit.o):
    CODE              Offs=0025CD  Size=00000B  Align=00001  Fill=0000
c:\binn\cc65/lib/atari.lib(ldaxi.o):
    CODE              Offs=0025D8  Size=00000D  Align=00001  Fill=0000
c:\binn\cc65/lib/atari.lib(ldaxsp.o):
    CODE              Offs=0025E5  Size=000009  Align=00001  Fill=0000
c:\binn\cc65/lib/atari.lib(leaaxsp.o):
    CODE              Offs=0025EE  Size=00000C  Align=00001  Fill=0000
c:\binn\cc65/lib/atari.lib(lneg.o):
    CODE              Offs=0025FA  Size=00001E  Align=00001  Fill=0000
c:\binn\cc65/lib/atari.lib(memcpy.o):
    CODE              Offs=002618  Size=00003C  Align=00001  Fill=0000
c:\binn\cc65/lib/atari.lib(memset.o):
    CODE              Offs=002654  Size=00005D  Align=00001  Fill=0000
c:\binn\cc65/lib/atari.lib(mul40.o):
    CODE              Offs=0026B1  Size=000021  Align=00001  Fill=0000
c:\binn\cc65/lib/atari.lib(mul8.o):
    CODE              Offs=0026D2  Size=00003A  Align=00001  Fill=0000
c:\binn\cc65/lib/atari.lib(popptr1.o):
    CODE              Offs=00270C  Size=00000E  Align=00001  Fill=0000
c:\binn\cc65/lib/atari.lib(pusha.o):
    CODE              Offs=00271A  Size=000016  Align=00001  Fill=0000
c:\binn\cc65/lib/atari.lib(pushax.o):
    CODE              Offs=002730  Size=00001A  Align=00001  Fill=0000
c:\binn\cc65/lib/atari.lib(pushwsp.o):
    CODE              Offs=00274A  Size=00001C  Align=00001  Fill=0000
c:\binn\cc65/lib/atari.lib(return1.o):
    CODE              Offs=002766  Size=000005  Align=00001  Fill=0000
c:\binn\cc65/lib/atari.lib(setcursor.o):
    CODE              Offs=00276B  Size=00003A  Align=00001  Fill=0000
c:\binn\cc65/lib/atari.lib(staspidx.o):
    CODE              Offs=0027A5  Size=000016  Align=00001  Fill=0000
c:\binn\cc65/lib/atari.lib(staxsp.o):
    CODE              Offs=0027BB  Size=00000B  Align=00001  Fill=0000
c:\binn\cc65/lib/atari.lib(strcat.o):
    CODE              Offs=0027C6  Size=000031  Align=00001  Fill=0000
c:\binn\cc65/lib/atari.lib(strcpy.o):
    CODE              Offs=0027F7  Size=00001F  Align=00001  Fill=0000
c:\binn\cc65/lib/atari.lib(strlen.o):
    CODE              Offs=002816  Size=000016  Align=00001  Fill=0000
c:\binn\cc65/lib/atari.lib(strncpy.o):
    CODE              Offs=00282C  Size=000044  Align=00001  Fill=0000
c:\binn\cc65/lib/atari.lib(subysp.o):
    CODE              Offs=002870  Size=00000D  Align=00001  Fill=0000
c:\binn\cc65/lib/atari.lib(zerobss.o):
    CODE              Offs=00287D  Size=000023  Align=00001  Fill=0000
c:\binn\cc65/lib/atari.lib(zeropage.o):
    ZEROPAGE          Offs=000000  Size=00001A  Align=00001  Fill=0000


Segment list:
-------------
Name                   Start     End    Size  Align
----------------------------------------------------
ZEROPAGE              0000E5  0000FE  00001A  00001
STARTUP               000700  000767  000068  00001
ONCE                  000768  000773  00000C  00001
CODE                  000774  003013  0028A0  00001
RODATA                003014  0035C4  0005B1  00001
DATA                  0035C5  003747  000183  00001
BSS                   003748  003EB5  00076E  00001


Exports list by name:
---------------------
__BSS_RUN__               003748 RLA    __BSS_SIZE__              00076E REA    
__CONSTRUCTOR_COUNT__     000000 REA    __CONSTRUCTOR_TABLE__     000774 RLA    
__DESTRUCTOR_COUNT__      000000 REA    __DESTRUCTOR_TABLE__      0035C5 RLA    
__LOWCODE_RUN__           000768 RLA    __LOWCODE_SIZE__          000000 REA    
__RESERVED_MEMORY__       000000 REA    __STACKSIZE__             000800 REA    
__STARTUP__               000001 REA    __bzero                   002DC8 RLA    
__ctype                   003533 RLA    __ctypeidx                00353E RLA    
__hextab                  003523 RLA    _adapterConfig            0037C9 RLA    
_atoi                     002AFB RLA    _bar_clear                000774 RLA    
_bar_set_color            0009D5 RLA    _bar_setup_regs           002A39 RLA    
_bar_show                 000784 RLA    _cgetc                    002BA3 RLA    
_config_connect           000A43 RLA    _config_run               000A72 RLA    
_configured               0009EB RLA    _die                      0010EB RLA    
_diskulator_run           0010F4 RLA    _dlist_ptr                003EAA RLA    
_font_ptr                 003EAE RLA    _info_run                 00235A RLA    
_itoa                     002CCB RLA    _kbhit                    002D41 RLA    
_main                     0026D1 RLA    _memcpy                   002D8C RLA    
_mul40                    002E25 RLA    _screen_clear             00277B RLA    
_screen_input             00278B RLA    _screen_memory            003EAC RLA    
_screen_puts              0026E7 RLA    _siov                     002A98 RLA    
_strcat                   002F3A RLA    _strcpy                   002F6B RLA    
_strlen                   002F8A RLA    _strncpy                  002FA0 RLA    
_utoa                     002D0D RLA    _video_ptr                003EA8 RLA    
addeqysp                  002ABA RLA    addysp                    002ACA RLA    
addysp1                   002AC9 RLA    aslax1                    002AD7 RLA    
aslax2                    002ADF RLA    aslax4                    002AEA RLA    
callmain                  002B8C RLA    ctypemaskdirect           002BC9 RLA    
cursor                    003EB5 RLA    decax1                    002BE3 RLA    
decaxy                    002BEA RLA    decsp1                    002BF3 RLA    
decsp2                    002BFC RLA    decsp3                    002C09 RLA    
decsp4                    002C16 RLA    decsp5                    002C23 RLA    
donelib                   002BB9 RLA    incax1                    002C5E RLA    
incax2                    002C65 RLA    incax3                    002C6C RLA    
incax4                    002C71 RLA    incaxy                    002C73 RLA    
incsp1                    002C7C RLA    incsp2                    002C8B RLA    
incsp3                    002C99 RLA    incsp4                    002C9E RLA    
incsp5                    002CA3 RLA    incsp8                    002CA8 RLA    
initlib                   000768 RLA    ldax0sp                   002D59 RLA    
ldaxi                     002D4C RLA    ldaxysp                   002D5B RLA    
leaa0sp                   002D62 RLA    negeax                    002D6E RLA    
popax                     002C83 RLA    popptr1                   002E80 RLA    
ptr1                      0000ED RLZ    ptr2                      0000EF RLZ    
ptr3                      0000F1 RLZ    ptr4                      0000F3 RLZ    
pusha                     002E92 RLA    pusha0                    002EA6 RLA    
pushax                    002EA8 RLA    pushwysp                  002EC0 RLA    
return1                   002EDA RLA    setcursor                 002EDF RLA    
sp                        0000E5 RLZ    sreg                      0000E7 RLZ    
staspidx                  002F19 RLA    staxysp                   002F31 RLA    
subysp                    002FE4 RLA    tmp1                      0000F5 RLZ    
tmp2                      0000F6 RLZ    tmp3                      0000F7 RLZ    
tmp4                      0000F8 RLZ    tosadda0                  002A9C RLA    
tosaddax                  002A9E RLA    tosicmp                   002C32 RLA    
tosmula0                  002E46 RLA    tosumula0                 002E46 RLA    
zerobss                   002FF1 RLA    


Exports list by value:
----------------------
__LOWCODE_SIZE__          000000 REA    __DESTRUCTOR_COUNT__      000000 REA    
__CONSTRUCTOR_COUNT__     000000 REA    __RESERVED_MEMORY__       000000 REA    
__STARTUP__               000001 REA    sp                        0000E5 RLZ    
sreg                      0000E7 RLZ    ptr1                      0000ED RLZ    
ptr2                      0000EF RLZ    ptr3                      0000F1 RLZ    
ptr4                      0000F3 RLZ    tmp1                      0000F5 RLZ    
tmp2                      0000F6 RLZ    tmp3                      0000F7 RLZ    
tmp4                      0000F8 RLZ    __LOWCODE_RUN__           000768 RLA    
initlib                   000768 RLA    __BSS_SIZE__              00076E REA    
__CONSTRUCTOR_TABLE__     000774 RLA    _bar_clear                000774 RLA    
_bar_show                 000784 RLA    __STACKSIZE__             000800 REA    
_bar_set_color            0009D5 RLA    _configured               0009EB RLA    
_config_connect           000A43 RLA    _config_run               000A72 RLA    
_die                      0010EB RLA    _diskulator_run           0010F4 RLA    
_info_run                 00235A RLA    _main                     0026D1 RLA    
_screen_puts              0026E7 RLA    _screen_clear             00277B RLA    
_screen_input             00278B RLA    _bar_setup_regs           002A39 RLA    
_siov                     002A98 RLA    tosadda0                  002A9C RLA    
tosaddax                  002A9E RLA    addeqysp                  002ABA RLA    
addysp1                   002AC9 RLA    addysp                    002ACA RLA    
aslax1                    002AD7 RLA    aslax2                    002ADF RLA    
aslax4                    002AEA RLA    _atoi                     002AFB RLA    
callmain                  002B8C RLA    _cgetc                    002BA3 RLA    
donelib                   002BB9 RLA    ctypemaskdirect           002BC9 RLA    
decax1                    002BE3 RLA    decaxy                    002BEA RLA    
decsp1                    002BF3 RLA    decsp2                    002BFC RLA    
decsp3                    002C09 RLA    decsp4                    002C16 RLA    
decsp5                    002C23 RLA    tosicmp                   002C32 RLA    
incax1                    002C5E RLA    incax2                    002C65 RLA    
incax3                    002C6C RLA    incax4                    002C71 RLA    
incaxy                    002C73 RLA    incsp1                    002C7C RLA    
popax                     002C83 RLA    incsp2                    002C8B RLA    
incsp3                    002C99 RLA    incsp4                    002C9E RLA    
incsp5                    002CA3 RLA    incsp8                    002CA8 RLA    
_itoa                     002CCB RLA    _utoa                     002D0D RLA    
_kbhit                    002D41 RLA    ldaxi                     002D4C RLA    
ldax0sp                   002D59 RLA    ldaxysp                   002D5B RLA    
leaa0sp                   002D62 RLA    negeax                    002D6E RLA    
_memcpy                   002D8C RLA    __bzero                   002DC8 RLA    
_mul40                    002E25 RLA    tosumula0                 002E46 RLA    
tosmula0                  002E46 RLA    popptr1                   002E80 RLA    
pusha                     002E92 RLA    pusha0                    002EA6 RLA    
pushax                    002EA8 RLA    pushwysp                  002EC0 RLA    
return1                   002EDA RLA    setcursor                 002EDF RLA    
staspidx                  002F19 RLA    staxysp                   002F31 RLA    
_strcat                   002F3A RLA    _strcpy                   002F6B RLA    
_strlen                   002F8A RLA    _strncpy                  002FA0 RLA    
subysp                    002FE4 RLA    zerobss                   002FF1 RLA    
__hextab                  003523 RLA    __ctype                   003533 RLA    
__ctypeidx                00353E RLA    __DESTRUCTOR_TABLE__      0035C5 RLA    
__BSS_RUN__               003748 RLA    _adapterConfig            0037C9 RLA    
_video_ptr                003EA8 RLA    _dlist_ptr                003EAA RLA    
_screen_memory            003EAC RLA    _font_ptr                 003EAE RLA    
cursor                    003EB5 RLA    


Imports list:
-------------
__BSS_RUN__ ([linker generated]):
    zerobss.o                 common/zerobss.s(8)
__BSS_SIZE__ ([linker generated]):
    zerobss.o                 common/zerobss.s(8)
__CONSTRUCTOR_COUNT__ ([linker generated]):
    condes.o                  runtime/condes.s(18)
__CONSTRUCTOR_TABLE__ ([linker generated]):
    condes.o                  runtime/condes.s(18)
__DESTRUCTOR_COUNT__ ([linker generated]):
    condes.o                  runtime/condes.s(19)
__DESTRUCTOR_TABLE__ ([linker generated]):
    condes.o                  runtime/condes.s(19)
__LOWCODE_RUN__ ([linker generated]):
    crt0.o                    src/crt0.s(18)
__LOWCODE_SIZE__ ([linker generated]):
    crt0.o                    src/crt0.s(18)
__RESERVED_MEMORY__ ([linker generated]):
    crt0.o                    src/crt0.s(16)
    [linker generated]        src/atari.cfg(19)
__STACKSIZE__ ([linker generated]):
    [linker generated]        src/atari.cfg(19)
__STARTUP__ (crt0.o):
    main.o                    src/main.s(13)
__bzero (memset.o):
    screen.o                  src/screen.s(447)
    diskulator.o              src/diskulator.s(2497)
    bar.o                     src/bar.s(386)
__ctype (ctype.o):
    ctypemask.o               common/ctypemask.s(23)
__ctypeidx (ctype.o):
    ctypemask.o               common/ctypemask.s(24)
__hextab (_hextab.o):
    itoa.o                    common/itoa.s(10)
_adapterConfig (config.o):
    info.o                    src/info.s(22)
_atoi (atoi.o):
    diskulator.o              src/diskulator.s(20)
_bar_clear (bar.o):
    main.o                    src/main.s(16)
    info.o                    src/info.s(21)
    diskulator.o              src/diskulator.s(27)
    config.o                  src/config.s(24)
_bar_set_color (bar.o):
    diskulator.o              src/diskulator.s(29)
_bar_setup_regs (bar-setup-regs.o):
    main.o                    src/main.s(15)
_bar_show (bar.o):
    diskulator.o              src/diskulator.s(28)
    config.o                  src/config.s(25)
_cgetc (cgetc.o):
    screen.o                  src/screen.s(15)
    info.o                    src/info.s(15)
    diskulator.o              src/diskulator.s(19)
    config.o                  src/config.s(15)
_config_connect (config.o):
    main.o                    src/main.s(18)
_config_run (config.o):
    main.o                    src/main.s(19)
_configured (config.o):
    main.o                    src/main.s(17)
_die (die.o):
    diskulator.o              src/diskulator.s(30)
    config.o                  src/config.s(26)
_diskulator_run (diskulator.o):
    main.o                    src/main.s(20)
_dlist_ptr (screen.o):
    main.o                    src/main.s(22)
_font_ptr (screen.o):
    main.o                    src/main.s(24)
_info_run (info.o):
    diskulator.o              src/diskulator.s(31)
_itoa (itoa.o):
    info.o                    src/info.s(16)
    config.o                  src/config.s(16)
_kbhit (kbhit.o):
    info.o                    src/info.s(14)
    diskulator.o              src/diskulator.s(18)
    die.o                     src/die.s(13)
_main (main.o):
    callmain.o                runtime/callmain.s(11)
_memcpy (memcpy.o):
    main.o                    src/main.s(14)
_mul40 (mul40.o):
    setcursor.o               atari/setcursor.s(7)
_screen_clear (screen.o):
    info.o                    src/info.s(19)
    diskulator.o              src/diskulator.s(24)
    config.o                  src/config.s(21)
_screen_input (screen.o):
    diskulator.o              src/diskulator.s(25)
    config.o                  src/config.s(22)
_screen_memory (screen.o):
    main.o                    src/main.s(23)
_screen_puts (screen.o):
    info.o                    src/info.s(18)
    diskulator.o              src/diskulator.s(23)
    config.o                  src/config.s(20)
_siov (sio.o):
    info.o                    src/info.s(20)
    diskulator.o              src/diskulator.s(26)
    config.o                  src/config.s(23)
_strcat (strcat.o):
    diskulator.o              src/diskulator.s(13)
_strcpy (strcpy.o):
    diskulator.o              src/diskulator.s(14)
    config.o                  src/config.s(13)
_strlen (strlen.o):
    screen.o                  src/screen.s(13)
    diskulator.o              src/diskulator.s(15)
_strncpy (strncpy.o):
    diskulator.o              src/diskulator.s(16)
_utoa (itoa.o):
    diskulator.o              src/diskulator.s(21)
_video_ptr (screen.o):
    main.o                    src/main.s(21)
addeqysp (addeqsp.o):
    screen.o                  src/screen.s(447)
addysp (addysp.o):
    incsp8.o                  runtime/incsp8.s(8)
    incsp5.o                  runtime/incsp5.s(8)
    incsp4.o                  runtime/incsp4.s(8)
    incsp3.o                  runtime/incsp3.s(8)
    screen.o                  src/screen.s(447)
    info.o                    src/info.s(411)
    info.o                    src/info.s(411)
    diskulator.o              src/diskulator.s(2497)
addysp1 (addysp.o):
    itoa.o                    common/itoa.s(9)
aslax1 (aslax1.o):
    diskulator.o              src/diskulator.s(2497)
    diskulator.o              src/diskulator.s(2497)
aslax2 (aslax2.o):
    bar.o                     src/bar.s(386)
aslax4 (aslax4.o):
    diskulator.o              src/diskulator.s(2497)
    diskulator.o              src/diskulator.s(2497)
callmain (callmain.o):
    crt0.o                    src/crt0.s(15)
ctypemaskdirect (ctypemask.o):
    atoi.o                    common/atoi.s(11)
cursor (_cursor.o):
    setcursor.o               atari/setcursor.s(7)
decax1 (decax1.o):
    diskulator.o              src/diskulator.s(2497)
decaxy (decaxy.o):
    diskulator.o              src/diskulator.s(2497)
    diskulator.o              src/diskulator.s(2497)
decsp1 (decsp1.o):
    screen.o                  src/screen.s(447)
    screen.o                  src/screen.s(447)
    diskulator.o              src/diskulator.s(2497)
    diskulator.o              src/diskulator.s(2497)
    config.o                  src/config.s(1073)
    config.o                  src/config.s(1073)
decsp2 (decsp2.o):
    diskulator.o              src/diskulator.s(2497)
    diskulator.o              src/diskulator.s(2497)
decsp3 (decsp3.o):
    info.o                    src/info.s(411)
    diskulator.o              src/diskulator.s(2497)
    config.o                  src/config.s(1073)
decsp4 (decsp4.o):
    info.o                    src/info.s(411)
    diskulator.o              src/diskulator.s(2497)
    diskulator.o              src/diskulator.s(2497)
    config.o                  src/config.s(1073)
decsp5 (decsp5.o):
    screen.o                  src/screen.s(447)
    config.o                  src/config.s(1073)
donelib (condes.o):
    crt0.o                    src/crt0.s(14)
incax1 (incax1.o):
    screen.o                  src/screen.s(447)
    bar.o                     src/bar.s(386)
incax2 (incax2.o):
    screen.o                  src/screen.s(447)
    diskulator.o              src/diskulator.s(2497)
    diskulator.o              src/diskulator.s(2497)
    diskulator.o              src/diskulator.s(2497)
    bar.o                     src/bar.s(386)
incax3 (incax3.o):
    bar.o                     src/bar.s(386)
incax4 (incaxy.o):
    main.o                    src/main.s(202)
incaxy (incaxy.o):
    incax3.o                  runtime/incax3.s(8)
    diskulator.o              src/diskulator.s(2497)
    diskulator.o              src/diskulator.s(2497)
    bar.o                     src/bar.s(386)
incsp1 (incsp1.o):
    diskulator.o              src/diskulator.s(2497)
    diskulator.o              src/diskulator.s(2497)
    diskulator.o              src/diskulator.s(2497)
    diskulator.o              src/diskulator.s(2497)
    diskulator.o              src/diskulator.s(2497)
    config.o                  src/config.s(1073)
    config.o                  src/config.s(1073)
    config.o                  src/config.s(1073)
    bar.o                     src/bar.s(386)
incsp2 (incsp2.o):
    staspidx.o                runtime/staspidx.s(8)
    popptr1.o                 runtime/popptr1.s(8)
    diskulator.o              src/diskulator.s(2497)
    diskulator.o              src/diskulator.s(2497)
    diskulator.o              src/diskulator.s(2497)
    config.o                  src/config.s(1073)
    config.o                  src/config.s(1073)
    bar.o                     src/bar.s(386)
incsp3 (incsp3.o):
    diskulator.o              src/diskulator.s(2497)
    diskulator.o              src/diskulator.s(2497)
    config.o                  src/config.s(1073)
incsp4 (incsp4.o):
    diskulator.o              src/diskulator.s(2497)
    diskulator.o              src/diskulator.s(2497)
    diskulator.o              src/diskulator.s(2497)
incsp5 (incsp5.o):
    screen.o                  src/screen.s(447)
    diskulator.o              src/diskulator.s(2497)
    diskulator.o              src/diskulator.s(2497)
    config.o                  src/config.s(1073)
incsp8 (incsp8.o):
    config.o                  src/config.s(1073)
initlib (condes.o):
    crt0.o                    src/crt0.s(14)
ldax0sp (ldaxsp.o):
    diskulator.o              src/diskulator.s(2497)
    diskulator.o              src/diskulator.s(2497)
    diskulator.o              src/diskulator.s(2497)
    config.o                  src/config.s(1073)
ldaxi (ldaxi.o):
    main.o                    src/main.s(202)
ldaxysp (ldaxsp.o):
    screen.o                  src/screen.s(447)
    screen.o                  src/screen.s(447)
    info.o                    src/info.s(411)
    info.o                    src/info.s(411)
    diskulator.o              src/diskulator.s(2497)
    diskulator.o              src/diskulator.s(2497)
    diskulator.o              src/diskulator.s(2497)
leaa0sp (leaaxsp.o):
    screen.o                  src/screen.s(447)
    info.o                    src/info.s(411)
    info.o                    src/info.s(411)
    diskulator.o              src/diskulator.s(2497)
    diskulator.o              src/diskulator.s(2497)
    config.o                  src/config.s(1073)
    config.o                  src/config.s(1073)
negeax (lneg.o):
    atoi.o                    common/atoi.s(9)
popax (incsp2.o):
    strncpy.o                 common/strncpy.s(8)
    strcpy.o                  common/strcpy.s(8)
    strcat.o                  common/strcat.s(9)
    memset.o                  common/memset.s(19)
    memcpy.o                  common/memcpy.s(14)
popptr1 (popptr1.o):
    strncpy.o                 common/strncpy.s(8)
    mul8.o                    runtime/mul8.s(9)
    memcpy.o                  common/memcpy.s(14)
ptr1 (zeropage.o):
    zerobss.o                 common/zerobss.s(9)
    strncpy.o                 common/strncpy.s(9)
    strcpy.o                  common/strcpy.s(9)
    strcat.o                  common/strcat.s(10)
    staspidx.o                runtime/staspidx.s(9)
    popptr1.o                 runtime/popptr1.s(9)
    mul8.o                    runtime/mul8.s(10)
    memset.o                  common/memset.s(20)
    memcpy.o                  common/memcpy.s(15)
    ldaxi.o                   runtime/ldaxi.s(8)
    atoi.o                    common/atoi.s(10)
    screen.o                  src/screen.s(11)
    info.o                    src/info.s(11)
    diskulator.o              src/diskulator.s(11)
    bar.o                     src/bar.s(11)
ptr2 (zeropage.o):
    strncpy.o                 common/strncpy.s(9)
    strlen.o                  common/strlen.s(12)
    strcpy.o                  common/strcpy.s(9)
    strcat.o                  common/strcat.s(10)
    memset.o                  common/memset.s(20)
    memcpy.o                  common/memcpy.s(15)
    itoa.o                    common/itoa.s(11)
    atoi.o                    common/atoi.s(10)
ptr3 (zeropage.o):
    memset.o                  common/memset.s(20)
    memcpy.o                  common/memcpy.s(15)
    itoa.o                    common/itoa.s(11)
ptr4 (zeropage.o):
    mul8.o                    runtime/mul8.s(10)
pusha (pusha.o):
    screen.o                  src/screen.s(447)
    info.o                    src/info.s(411)
    info.o                    src/info.s(411)
    info.o                    src/info.s(411)
    diskulator.o              src/diskulator.s(2497)
    diskulator.o              src/diskulator.s(2497)
    diskulator.o              src/diskulator.s(2497)
    diskulator.o              src/diskulator.s(2497)
    diskulator.o              src/diskulator.s(2497)
    diskulator.o              src/diskulator.s(2497)
    diskulator.o              src/diskulator.s(2497)
    diskulator.o              src/diskulator.s(2497)
    diskulator.o              src/diskulator.s(2497)
    diskulator.o              src/diskulator.s(2497)
    config.o                  src/config.s(1073)
    config.o                  src/config.s(1073)
    config.o                  src/config.s(1073)
    config.o                  src/config.s(1073)
    config.o                  src/config.s(1073)
    config.o                  src/config.s(1073)
    config.o                  src/config.s(1073)
    config.o                  src/config.s(1073)
    config.o                  src/config.s(1073)
    bar.o                     src/bar.s(386)
    bar.o                     src/bar.s(386)
pusha0 (pushax.o):
    screen.o                  src/screen.s(447)
    screen.o                  src/screen.s(447)
    info.o                    src/info.s(411)
    info.o                    src/info.s(411)
    diskulator.o              src/diskulator.s(2497)
    diskulator.o              src/diskulator.s(2497)
    diskulator.o              src/diskulator.s(2497)
    diskulator.o              src/diskulator.s(2497)
    diskulator.o              src/diskulator.s(2497)
    diskulator.o              src/diskulator.s(2497)
    config.o                  src/config.s(1073)
pushax (pushax.o):
    callmain.o                runtime/callmain.s(11)
    screen.o                  src/screen.s(447)
    screen.o                  src/screen.s(447)
    screen.o                  src/screen.s(447)
    main.o                    src/main.s(202)
    info.o                    src/info.s(411)
    info.o                    src/info.s(411)
    diskulator.o              src/diskulator.s(2497)
    diskulator.o              src/diskulator.s(2497)
    diskulator.o              src/diskulator.s(2497)
    diskulator.o              src/diskulator.s(2497)
    diskulator.o              src/diskulator.s(2497)
    diskulator.o              src/diskulator.s(2497)
    config.o                  src/config.s(1073)
    config.o                  src/config.s(1073)
    config.o                  src/config.s(1073)
    bar.o                     src/bar.s(386)
pushwysp (pushwsp.o):
    screen.o                  src/screen.s(447)
    diskulator.o              src/diskulator.s(2497)
    diskulator.o              src/diskulator.s(2497)
return1 (return1.o):
    kbhit.o                   atari/kbhit.s(8)
setcursor (setcursor.o):
    cgetc.o                   atari/cgetc.s(10)
sp (zeropage.o):
    subysp.o                  runtime/subysp.s(9)
    staxsp.o                  runtime/staxsp.s(8)
    staspidx.o                runtime/staspidx.s(9)
    pushwsp.o                 runtime/pushwsp.s(8)
    pushax.o                  runtime/pushax.s(8)
    pusha.o                   runtime/pusha.s(8)
    popptr1.o                 runtime/popptr1.s(9)
    memset.o                  common/memset.s(20)
    memcpy.o                  common/memcpy.s(15)
    leaaxsp.o                 runtime/leaaxsp.s(8)
    ldaxsp.o                  runtime/ldaxsp.s(8)
    itoa.o                    common/itoa.s(11)
    incsp2.o                  runtime/incsp2.s(8)
    incsp1.o                  runtime/incsp1.s(8)
    icmp.o                    runtime/icmp.s(9)
    decsp5.o                  runtime/decsp5.s(8)
    decsp4.o                  runtime/decsp4.s(8)
    decsp3.o                  runtime/decsp3.s(8)
    decsp2.o                  runtime/decsp2.s(8)
    decsp1.o                  runtime/decsp1.s(8)
    addysp.o                  runtime/addysp.s(8)
    addeqsp.o                 runtime/addeqsp.s(8)
    add.o                     runtime/add.s(12)
    crt0.o                    c:\binn\cc65/asminc/zeropage.inc(11)
    screen.o                  src/screen.s(10)
    info.o                    src/info.s(10)
    diskulator.o              src/diskulator.s(10)
    config.o                  src/config.s(10)
    bar.o                     src/bar.s(10)
sreg (zeropage.o):
    lneg.o                    runtime/lneg.s(11)
    itoa.o                    common/itoa.s(11)
    icmp.o                    runtime/icmp.s(9)
    atoi.o                    common/atoi.s(10)
    screen.o                  src/screen.s(10)
staspidx (staspidx.o):
    screen.o                  src/screen.s(447)
    diskulator.o              src/diskulator.s(2497)
staxysp (staxsp.o):
    diskulator.o              src/diskulator.s(2497)
subysp (subysp.o):
    diskulator.o              src/diskulator.s(2497)
tmp1 (zeropage.o):
    strncpy.o                 common/strncpy.s(9)
    staspidx.o                runtime/staspidx.s(9)
    itoa.o                    common/itoa.s(11)
    incaxy.o                  runtime/incaxy.s(8)
    decaxy.o                  runtime/decaxy.s(8)
    atoi.o                    common/atoi.s(10)
    aslax4.o                  runtime/aslax4.s(8)
    aslax2.o                  runtime/aslax2.s(8)
    aslax1.o                  runtime/aslax1.s(8)
    add.o                     runtime/add.s(12)
    screen.o                  src/screen.s(11)
tmp2 (zeropage.o):
    strncpy.o                 common/strncpy.s(9)
tmp3 (zeropage.o):
    strncpy.o                 common/strncpy.s(9)
    strcat.o                  common/strcat.s(10)
tmp4 (zeropage.o):
    mul40.o                   common/mul40.s(16)
tosadda0 (add.o):
    screen.o                  src/screen.s(447)
    info.o                    src/info.s(411)
    info.o                    src/info.s(411)
tosaddax (add.o):
    screen.o                  src/screen.s(447)
    screen.o                  src/screen.s(447)
    diskulator.o              src/diskulator.s(2497)
tosicmp (icmp.o):
    screen.o                  src/screen.s(447)
tosmula0 (mul8.o):
    diskulator.o              src/diskulator.s(2497)
    diskulator.o              src/diskulator.s(2497)
    diskulator.o              src/diskulator.s(2497)
    diskulator.o              src/diskulator.s(2497)
    diskulator.o              src/diskulator.s(2497)
    diskulator.o              src/diskulator.s(2497)
tosumula0 (mul8.o):
    screen.o                  src/screen.s(447)
    screen.o                  src/screen.s(447)
zerobss (zerobss.o):
    crt0.o                    src/crt0.s(15)

