Modules list:
-------------
bar.o:
    CODE              Offs=000000  Size=00027D  Align=00001  Fill=0000
    DATA              Offs=000000  Size=000002  Align=00001  Fill=0000
diskulator.o:
    CODE              Offs=00027D  Size=001362  Align=00001  Fill=0000
    RODATA            Offs=000000  Size=00031E  Align=00001  Fill=0000
    BSS               Offs=000000  Size=0005E2  Align=00001  Fill=0000
    DATA              Offs=000002  Size=000105  Align=00001  Fill=0000
main.o:
    CODE              Offs=0015DF  Size=0000AE  Align=00001  Fill=0000
    DATA              Offs=000107  Size=000050  Align=00001  Fill=0000
config.o:
    CODE              Offs=00168D  Size=00080E  Align=00001  Fill=0000
    RODATA            Offs=00031E  Size=00016B  Align=00001  Fill=0000
    BSS               Offs=0005E2  Size=00017E  Align=00001  Fill=0000
    DATA              Offs=000157  Size=000003  Align=00001  Fill=0000
screen.o:
    CODE              Offs=001E9B  Size=00037D  Align=00001  Fill=0000
    RODATA            Offs=000489  Size=000002  Align=00001  Fill=0000
    BSS               Offs=000760  Size=000008  Align=00001  Fill=0000
die.o:
    CODE              Offs=002218  Size=000009  Align=00001  Fill=0000
crt0.o:
    BSS               Offs=000768  Size=000005  Align=00001  Fill=0000
    STARTUP           Offs=000000  Size=000068  Align=00001  Fill=0000
sio.o:
    CODE              Offs=002221  Size=000004  Align=00001  Fill=0000
bar-setup-regs.o:
    CODE              Offs=002225  Size=00005F  Align=00001  Fill=0000
/home/thomc/Workspace/cc65/lib/atari.lib(_cursor.o):
    BSS               Offs=00076D  Size=000001  Align=00001  Fill=0000
/home/thomc/Workspace/cc65/lib/atari.lib(_hextab.o):
    RODATA            Offs=00048B  Size=000010  Align=00001  Fill=0000
/home/thomc/Workspace/cc65/lib/atari.lib(add.o):
    CODE              Offs=002284  Size=00001C  Align=00001  Fill=0000
/home/thomc/Workspace/cc65/lib/atari.lib(addeqsp.o):
    CODE              Offs=0022A0  Size=000011  Align=00001  Fill=0000
/home/thomc/Workspace/cc65/lib/atari.lib(addysp.o):
    CODE              Offs=0022B1  Size=00000E  Align=00001  Fill=0000
/home/thomc/Workspace/cc65/lib/atari.lib(aslax4.o):
    CODE              Offs=0022BF  Size=000011  Align=00001  Fill=0000
/home/thomc/Workspace/cc65/lib/atari.lib(atoi.o):
    CODE              Offs=0022D0  Size=000096  Align=00001  Fill=0000
/home/thomc/Workspace/cc65/lib/atari.lib(callmain.o):
    CODE              Offs=002366  Size=000017  Align=00001  Fill=0000
    DATA              Offs=00015A  Size=000004  Align=00001  Fill=0000
/home/thomc/Workspace/cc65/lib/atari.lib(cgetc.o):
    CODE              Offs=00237D  Size=000016  Align=00001  Fill=0000
/home/thomc/Workspace/cc65/lib/atari.lib(condes.o):
    CODE              Offs=002393  Size=00000C  Align=00001  Fill=0000
    DATA              Offs=00015E  Size=000025  Align=00001  Fill=0000
    ONCE              Offs=000000  Size=00000C  Align=00001  Fill=0000
/home/thomc/Workspace/cc65/lib/atari.lib(ctype.o):
    RODATA            Offs=00049B  Size=000100  Align=00001  Fill=0000
/home/thomc/Workspace/cc65/lib/atari.lib(decsp1.o):
    CODE              Offs=00239F  Size=000009  Align=00001  Fill=0000
/home/thomc/Workspace/cc65/lib/atari.lib(decsp2.o):
    CODE              Offs=0023A8  Size=00000D  Align=00001  Fill=0000
/home/thomc/Workspace/cc65/lib/atari.lib(decsp3.o):
    CODE              Offs=0023B5  Size=00000D  Align=00001  Fill=0000
/home/thomc/Workspace/cc65/lib/atari.lib(decsp4.o):
    CODE              Offs=0023C2  Size=00000D  Align=00001  Fill=0000
/home/thomc/Workspace/cc65/lib/atari.lib(decsp5.o):
    CODE              Offs=0023CF  Size=00000D  Align=00001  Fill=0000
/home/thomc/Workspace/cc65/lib/atari.lib(decsp6.o):
    CODE              Offs=0023DC  Size=00000D  Align=00001  Fill=0000
/home/thomc/Workspace/cc65/lib/atari.lib(icmp.o):
    CODE              Offs=0023E9  Size=00002E  Align=00001  Fill=0000
/home/thomc/Workspace/cc65/lib/atari.lib(incsp1.o):
    CODE              Offs=002417  Size=000007  Align=00001  Fill=0000
/home/thomc/Workspace/cc65/lib/atari.lib(incsp2.o):
    CODE              Offs=00241E  Size=000016  Align=00001  Fill=0000
/home/thomc/Workspace/cc65/lib/atari.lib(incsp3.o):
    CODE              Offs=002434  Size=000005  Align=00001  Fill=0000
/home/thomc/Workspace/cc65/lib/atari.lib(incsp4.o):
    CODE              Offs=002439  Size=000005  Align=00001  Fill=0000
/home/thomc/Workspace/cc65/lib/atari.lib(incsp5.o):
    CODE              Offs=00243E  Size=000005  Align=00001  Fill=0000
/home/thomc/Workspace/cc65/lib/atari.lib(incsp8.o):
    CODE              Offs=002443  Size=000005  Align=00001  Fill=0000
/home/thomc/Workspace/cc65/lib/atari.lib(itoa.o):
    CODE              Offs=002448  Size=000094  Align=00001  Fill=0000
    RODATA            Offs=00059B  Size=000007  Align=00001  Fill=0000
/home/thomc/Workspace/cc65/lib/atari.lib(kbhit.o):
    CODE              Offs=0024DC  Size=00000B  Align=00001  Fill=0000
/home/thomc/Workspace/cc65/lib/atari.lib(lneg.o):
    CODE              Offs=0024E7  Size=00001E  Align=00001  Fill=0000
/home/thomc/Workspace/cc65/lib/atari.lib(memcpy.o):
    CODE              Offs=002505  Size=00003C  Align=00001  Fill=0000
/home/thomc/Workspace/cc65/lib/atari.lib(memset.o):
    CODE              Offs=002541  Size=00005D  Align=00001  Fill=0000
/home/thomc/Workspace/cc65/lib/atari.lib(mul40.o):
    CODE              Offs=00259E  Size=000021  Align=00001  Fill=0000
/home/thomc/Workspace/cc65/lib/atari.lib(mul8.o):
    CODE              Offs=0025BF  Size=00003A  Align=00001  Fill=0000
/home/thomc/Workspace/cc65/lib/atari.lib(popptr1.o):
    CODE              Offs=0025F9  Size=00000E  Align=00001  Fill=0000
/home/thomc/Workspace/cc65/lib/atari.lib(pusha.o):
    CODE              Offs=002607  Size=000016  Align=00001  Fill=0000
/home/thomc/Workspace/cc65/lib/atari.lib(pushax.o):
    CODE              Offs=00261D  Size=00001A  Align=00001  Fill=0000
/home/thomc/Workspace/cc65/lib/atari.lib(pushwsp.o):
    CODE              Offs=002637  Size=00001C  Align=00001  Fill=0000
/home/thomc/Workspace/cc65/lib/atari.lib(return1.o):
    CODE              Offs=002653  Size=000005  Align=00001  Fill=0000
/home/thomc/Workspace/cc65/lib/atari.lib(setcursor.o):
    CODE              Offs=002658  Size=00003A  Align=00001  Fill=0000
/home/thomc/Workspace/cc65/lib/atari.lib(staspidx.o):
    CODE              Offs=002692  Size=000016  Align=00001  Fill=0000
/home/thomc/Workspace/cc65/lib/atari.lib(staxsp.o):
    CODE              Offs=0026A8  Size=00000B  Align=00001  Fill=0000
/home/thomc/Workspace/cc65/lib/atari.lib(strcat.o):
    CODE              Offs=0026B3  Size=000031  Align=00001  Fill=0000
/home/thomc/Workspace/cc65/lib/atari.lib(strcpy.o):
    CODE              Offs=0026E4  Size=00001F  Align=00001  Fill=0000
/home/thomc/Workspace/cc65/lib/atari.lib(strlen.o):
    CODE              Offs=002703  Size=000016  Align=00001  Fill=0000
/home/thomc/Workspace/cc65/lib/atari.lib(subysp.o):
    CODE              Offs=002719  Size=00000D  Align=00001  Fill=0000
/home/thomc/Workspace/cc65/lib/atari.lib(zerobss.o):
    CODE              Offs=002726  Size=000023  Align=00001  Fill=0000
/home/thomc/Workspace/cc65/lib/atari.lib(zeropage.o):
    ZEROPAGE          Offs=000000  Size=00001A  Align=00001  Fill=0000


Segment list:
-------------
Name                   Start     End    Size  Align
----------------------------------------------------
ZEROPAGE              0000E5  0000FE  00001A  00001
STARTUP               000700  000767  000068  00001
ONCE                  000768  000773  00000C  00001
CODE                  000774  002EBC  002749  00001
RODATA                002EBD  00345E  0005A2  00001
DATA                  00345F  0035E1  000183  00001
BSS                   0035E2  003D4F  00076E  00001


Exports list by name:
---------------------
__BSS_RUN__               0035E2 RLA    __BSS_SIZE__              00076E REA    
__CONSTRUCTOR_COUNT__     000000 REA    __CONSTRUCTOR_TABLE__     000774 RLA    
__DESTRUCTOR_COUNT__      000000 REA    __DESTRUCTOR_TABLE__      00345F RLA    
__LOWCODE_RUN__           000768 RLA    __LOWCODE_SIZE__          000000 REA    
__RESERVED_MEMORY__       000000 REA    __STACKSIZE__             000800 REA    
__STARTUP__               000001 REA    __bzero                   002CB5 RLA    
__ctype                   003358 RLA    __hextab                  003348 RLA    
_atoi                     002A44 RLA    _bar_clear                000774 RLA    
_bar_set_color            0009DB RLA    _bar_setup_regs           002999 RLA    
_bar_show                 000784 RLA    _cgetc                    002AF1 RLA    
_config_connect           001E5B RLA    _config_run               001E92 RLA    
_configured               001E01 RLA    _die                      00298C RLA    
_diskulator_run           0009F1 RLA    _dlist_ptr                003D44 RLA    
_font_ptr                 003D48 RLA    _itoa                     002BDA RLA    
_kbhit                    002C50 RLA    _main                     001DEB RLA    
_memcpy                   002C79 RLA    _mul40                    002D12 RLA    
_screen_clear             0026A7 RLA    _screen_input             0026B7 RLA    
_screen_memory            003D46 RLA    _screen_puts              00260F RLA    
_siov                     002995 RLA    _strcat                   002E27 RLA    
_strcpy                   002E58 RLA    _strlen                   002E77 RLA    
_utoa                     002C1C RLA    _video_ptr                003D42 RLA    
addeqysp                  002A16 RLA    addysp                    002A26 RLA    
addysp1                   002A25 RLA    aslax4                    002A33 RLA    
callmain                  002ADA RLA    cursor                    003D4F RLA    
decsp1                    002B13 RLA    decsp2                    002B1C RLA    
decsp3                    002B29 RLA    decsp4                    002B36 RLA    
decsp5                    002B43 RLA    decsp6                    002B50 RLA    
donelib                   002B07 RLA    incsp1                    002B8B RLA    
incsp2                    002B9A RLA    incsp3                    002BA8 RLA    
incsp4                    002BAD RLA    incsp5                    002BB2 RLA    
incsp8                    002BB7 RLA    initlib                   000768 RLA    
negeax                    002C5B RLA    popax                     002B92 RLA    
popptr1                   002D6D RLA    ptr1                      0000ED RLZ    
ptr2                      0000EF RLZ    ptr3                      0000F1 RLZ    
ptr4                      0000F3 RLZ    pusha                     002D7F RLA    
pusha0                    002D93 RLA    pushax                    002D95 RLA    
pushwysp                  002DAD RLA    return1                   002DC7 RLA    
setcursor                 002DCC RLA    sp                        0000E5 RLZ    
sreg                      0000E7 RLZ    staspidx                  002E06 RLA    
staxysp                   002E1E RLA    subysp                    002E8D RLA    
tmp1                      0000F5 RLZ    tmp3                      0000F7 RLZ    
tmp4                      0000F8 RLZ    tosadda0                  0029F8 RLA    
tosaddax                  0029FA RLA    tosicmp                   002B5F RLA    
tosmula0                  002D33 RLA    tosumula0                 002D33 RLA    
zerobss                   002E9A RLA    


Exports list by value:
----------------------
__DESTRUCTOR_COUNT__      000000 REA    __CONSTRUCTOR_COUNT__     000000 REA    
__LOWCODE_SIZE__          000000 REA    __RESERVED_MEMORY__       000000 REA    
__STARTUP__               000001 REA    sp                        0000E5 RLZ    
sreg                      0000E7 RLZ    ptr1                      0000ED RLZ    
ptr2                      0000EF RLZ    ptr3                      0000F1 RLZ    
ptr4                      0000F3 RLZ    tmp1                      0000F5 RLZ    
tmp3                      0000F7 RLZ    tmp4                      0000F8 RLZ    
__LOWCODE_RUN__           000768 RLA    initlib                   000768 RLA    
__BSS_SIZE__              00076E REA    __CONSTRUCTOR_TABLE__     000774 RLA    
_bar_clear                000774 RLA    _bar_show                 000784 RLA    
__STACKSIZE__             000800 REA    _bar_set_color            0009DB RLA    
_diskulator_run           0009F1 RLA    _main                     001DEB RLA    
_configured               001E01 RLA    _config_connect           001E5B RLA    
_config_run               001E92 RLA    _screen_puts              00260F RLA    
_screen_clear             0026A7 RLA    _screen_input             0026B7 RLA    
_die                      00298C RLA    _siov                     002995 RLA    
_bar_setup_regs           002999 RLA    tosadda0                  0029F8 RLA    
tosaddax                  0029FA RLA    addeqysp                  002A16 RLA    
addysp1                   002A25 RLA    addysp                    002A26 RLA    
aslax4                    002A33 RLA    _atoi                     002A44 RLA    
callmain                  002ADA RLA    _cgetc                    002AF1 RLA    
donelib                   002B07 RLA    decsp1                    002B13 RLA    
decsp2                    002B1C RLA    decsp3                    002B29 RLA    
decsp4                    002B36 RLA    decsp5                    002B43 RLA    
decsp6                    002B50 RLA    tosicmp                   002B5F RLA    
incsp1                    002B8B RLA    popax                     002B92 RLA    
incsp2                    002B9A RLA    incsp3                    002BA8 RLA    
incsp4                    002BAD RLA    incsp5                    002BB2 RLA    
incsp8                    002BB7 RLA    _itoa                     002BDA RLA    
_utoa                     002C1C RLA    _kbhit                    002C50 RLA    
negeax                    002C5B RLA    _memcpy                   002C79 RLA    
__bzero                   002CB5 RLA    _mul40                    002D12 RLA    
tosmula0                  002D33 RLA    tosumula0                 002D33 RLA    
popptr1                   002D6D RLA    pusha                     002D7F RLA    
pusha0                    002D93 RLA    pushax                    002D95 RLA    
pushwysp                  002DAD RLA    return1                   002DC7 RLA    
setcursor                 002DCC RLA    staspidx                  002E06 RLA    
staxysp                   002E1E RLA    _strcat                   002E27 RLA    
_strcpy                   002E58 RLA    _strlen                   002E77 RLA    
subysp                    002E8D RLA    zerobss                   002E9A RLA    
__hextab                  003348 RLA    __ctype                   003358 RLA    
__DESTRUCTOR_TABLE__      00345F RLA    __BSS_RUN__               0035E2 RLA    
_video_ptr                003D42 RLA    _dlist_ptr                003D44 RLA    
_screen_memory            003D46 RLA    _font_ptr                 003D48 RLA    
cursor                    003D4F RLA    


Imports list:
-------------
__BSS_RUN__ ([linker generated]):
    zerobss.o                 common/zerobss.s(8)
__BSS_SIZE__ ([linker generated]):
    zerobss.o                 common/zerobss.s(8)
__CONSTRUCTOR_COUNT__ ([linker generated]):
    condes.o                  runtime/condes.s(18)
__CONSTRUCTOR_TABLE__ ([linker generated]):
    condes.o                  runtime/condes.s(18)
__DESTRUCTOR_COUNT__ ([linker generated]):
    condes.o                  runtime/condes.s(19)
__DESTRUCTOR_TABLE__ ([linker generated]):
    condes.o                  runtime/condes.s(19)
__LOWCODE_RUN__ ([linker generated]):
    crt0.o                    src/crt0.s(18)
__LOWCODE_SIZE__ ([linker generated]):
    crt0.o                    src/crt0.s(18)
__RESERVED_MEMORY__ ([linker generated]):
    crt0.o                    src/crt0.s(16)
    [linker generated]        src/atari.cfg(19)
__STACKSIZE__ ([linker generated]):
    [linker generated]        src/atari.cfg(19)
__STARTUP__ (crt0.o):
    main.o                    src/main.s(13)
__bzero (memset.o):
    screen.o                  src/screen.s(491)
    diskulator.o              src/diskulator.s(2753)
    bar.o                     src/bar.s(413)
__ctype (ctype.o):
    atoi.o                    common/atoi.s(9)
__hextab (_hextab.o):
    itoa.o                    common/itoa.s(10)
_atoi (atoi.o):
    diskulator.o              src/diskulator.s(19)
_bar_clear (bar.o):
    config.o                  src/config.s(24)
    main.o                    src/main.s(16)
    diskulator.o              src/diskulator.s(26)
_bar_set_color (bar.o):
    diskulator.o              src/diskulator.s(28)
_bar_setup_regs (bar-setup-regs.o):
    main.o                    src/main.s(15)
_bar_show (bar.o):
    config.o                  src/config.s(25)
    diskulator.o              src/diskulator.s(27)
_cgetc (cgetc.o):
    screen.o                  src/screen.s(15)
    config.o                  src/config.s(15)
    diskulator.o              src/diskulator.s(18)
_config_connect (config.o):
    main.o                    src/main.s(18)
_config_run (config.o):
    main.o                    src/main.s(19)
_configured (config.o):
    main.o                    src/main.s(17)
_die (die.o):
    config.o                  src/config.s(26)
    diskulator.o              src/diskulator.s(29)
_diskulator_run (diskulator.o):
    main.o                    src/main.s(20)
_dlist_ptr (screen.o):
    main.o                    src/main.s(22)
_font_ptr (screen.o):
    main.o                    src/main.s(24)
_itoa (itoa.o):
    config.o                  src/config.s(16)
_kbhit (kbhit.o):
    die.o                     src/die.s(13)
    diskulator.o              src/diskulator.s(17)
_main (main.o):
    callmain.o                runtime/callmain.s(11)
_memcpy (memcpy.o):
    main.o                    src/main.s(14)
_mul40 (mul40.o):
    setcursor.o               atari/setcursor.s(7)
_screen_clear (screen.o):
    config.o                  src/config.s(21)
    diskulator.o              src/diskulator.s(23)
_screen_input (screen.o):
    config.o                  src/config.s(22)
    diskulator.o              src/diskulator.s(24)
_screen_memory (screen.o):
    main.o                    src/main.s(23)
_screen_puts (screen.o):
    config.o                  src/config.s(20)
    diskulator.o              src/diskulator.s(22)
_siov (sio.o):
    config.o                  src/config.s(23)
    diskulator.o              src/diskulator.s(25)
_strcat (strcat.o):
    diskulator.o              src/diskulator.s(13)
_strcpy (strcpy.o):
    config.o                  src/config.s(13)
    diskulator.o              src/diskulator.s(14)
_strlen (strlen.o):
    screen.o                  src/screen.s(13)
    diskulator.o              src/diskulator.s(15)
_utoa (itoa.o):
    diskulator.o              src/diskulator.s(20)
_video_ptr (screen.o):
    main.o                    src/main.s(21)
addeqysp (addeqsp.o):
    screen.o                  src/screen.s(491)
addysp (addysp.o):
    incsp8.o                  runtime/incsp8.s(8)
    incsp5.o                  runtime/incsp5.s(8)
    incsp4.o                  runtime/incsp4.s(8)
    incsp3.o                  runtime/incsp3.s(8)
    screen.o                  src/screen.s(491)
    diskulator.o              src/diskulator.s(2753)
addysp1 (addysp.o):
    itoa.o                    common/itoa.s(9)
aslax4 (aslax4.o):
    diskulator.o              src/diskulator.s(2753)
    diskulator.o              src/diskulator.s(2753)
callmain (callmain.o):
    crt0.o                    src/crt0.s(15)
cursor (_cursor.o):
    setcursor.o               atari/setcursor.s(7)
decsp1 (decsp1.o):
    screen.o                  src/screen.s(491)
    screen.o                  src/screen.s(491)
    config.o                  src/config.s(1281)
    config.o                  src/config.s(1281)
    diskulator.o              src/diskulator.s(2753)
    diskulator.o              src/diskulator.s(2753)
decsp2 (decsp2.o):
    screen.o                  src/screen.s(491)
    config.o                  src/config.s(1281)
    config.o                  src/config.s(1281)
    config.o                  src/config.s(1281)
    config.o                  src/config.s(1281)
    config.o                  src/config.s(1281)
    config.o                  src/config.s(1281)
    config.o                  src/config.s(1281)
    diskulator.o              src/diskulator.s(2753)
    diskulator.o              src/diskulator.s(2753)
    diskulator.o              src/diskulator.s(2753)
    diskulator.o              src/diskulator.s(2753)
    diskulator.o              src/diskulator.s(2753)
decsp3 (decsp3.o):
    config.o                  src/config.s(1281)
    diskulator.o              src/diskulator.s(2753)
    diskulator.o              src/diskulator.s(2753)
decsp4 (decsp4.o):
    config.o                  src/config.s(1281)
    config.o                  src/config.s(1281)
    diskulator.o              src/diskulator.s(2753)
    diskulator.o              src/diskulator.s(2753)
decsp5 (decsp5.o):
    screen.o                  src/screen.s(491)
    config.o                  src/config.s(1281)
decsp6 (decsp6.o):
    diskulator.o              src/diskulator.s(2753)
donelib (condes.o):
    crt0.o                    src/crt0.s(14)
incsp1 (incsp1.o):
    config.o                  src/config.s(1281)
    config.o                  src/config.s(1281)
    config.o                  src/config.s(1281)
    diskulator.o              src/diskulator.s(2753)
    diskulator.o              src/diskulator.s(2753)
    diskulator.o              src/diskulator.s(2753)
    diskulator.o              src/diskulator.s(2753)
    diskulator.o              src/diskulator.s(2753)
    bar.o                     src/bar.s(413)
incsp2 (incsp2.o):
    staspidx.o                runtime/staspidx.s(8)
    popptr1.o                 runtime/popptr1.s(8)
    config.o                  src/config.s(1281)
    config.o                  src/config.s(1281)
    diskulator.o              src/diskulator.s(2753)
    diskulator.o              src/diskulator.s(2753)
    diskulator.o              src/diskulator.s(2753)
    bar.o                     src/bar.s(413)
incsp3 (incsp3.o):
    config.o                  src/config.s(1281)
    diskulator.o              src/diskulator.s(2753)
    diskulator.o              src/diskulator.s(2753)
incsp4 (incsp4.o):
    diskulator.o              src/diskulator.s(2753)
    diskulator.o              src/diskulator.s(2753)
    diskulator.o              src/diskulator.s(2753)
incsp5 (incsp5.o):
    screen.o                  src/screen.s(491)
    config.o                  src/config.s(1281)
    diskulator.o              src/diskulator.s(2753)
    diskulator.o              src/diskulator.s(2753)
incsp8 (incsp8.o):
    config.o                  src/config.s(1281)
initlib (condes.o):
    crt0.o                    src/crt0.s(14)
negeax (lneg.o):
    atoi.o                    common/atoi.s(9)
popax (incsp2.o):
    strcpy.o                  common/strcpy.s(8)
    strcat.o                  common/strcat.s(9)
    memset.o                  common/memset.s(19)
    memcpy.o                  common/memcpy.s(14)
popptr1 (popptr1.o):
    mul8.o                    runtime/mul8.s(9)
    memcpy.o                  common/memcpy.s(14)
ptr1 (zeropage.o):
    zerobss.o                 common/zerobss.s(9)
    strcpy.o                  common/strcpy.s(9)
    strcat.o                  common/strcat.s(10)
    staspidx.o                runtime/staspidx.s(9)
    popptr1.o                 runtime/popptr1.s(9)
    mul8.o                    runtime/mul8.s(10)
    memset.o                  common/memset.s(20)
    memcpy.o                  common/memcpy.s(15)
    atoi.o                    common/atoi.s(10)
    screen.o                  src/screen.s(11)
    main.o                    src/main.s(11)
    diskulator.o              src/diskulator.s(11)
    bar.o                     src/bar.s(11)
ptr2 (zeropage.o):
    strlen.o                  common/strlen.s(12)
    strcpy.o                  common/strcpy.s(9)
    strcat.o                  common/strcat.s(10)
    memset.o                  common/memset.s(20)
    memcpy.o                  common/memcpy.s(15)
    itoa.o                    common/itoa.s(11)
    atoi.o                    common/atoi.s(10)
ptr3 (zeropage.o):
    memset.o                  common/memset.s(20)
    memcpy.o                  common/memcpy.s(15)
    itoa.o                    common/itoa.s(11)
ptr4 (zeropage.o):
    mul8.o                    runtime/mul8.s(10)
pusha (pusha.o):
    config.o                  src/config.s(1281)
    config.o                  src/config.s(1281)
    config.o                  src/config.s(1281)
    config.o                  src/config.s(1281)
    config.o                  src/config.s(1281)
    config.o                  src/config.s(1281)
    diskulator.o              src/diskulator.s(2753)
    diskulator.o              src/diskulator.s(2753)
    diskulator.o              src/diskulator.s(2753)
    diskulator.o              src/diskulator.s(2753)
    diskulator.o              src/diskulator.s(2753)
    diskulator.o              src/diskulator.s(2753)
    diskulator.o              src/diskulator.s(2753)
    diskulator.o              src/diskulator.s(2753)
    diskulator.o              src/diskulator.s(2753)
    bar.o                     src/bar.s(413)
    bar.o                     src/bar.s(413)
pusha0 (pushax.o):
    screen.o                  src/screen.s(491)
    screen.o                  src/screen.s(491)
    diskulator.o              src/diskulator.s(2753)
    diskulator.o              src/diskulator.s(2753)
    diskulator.o              src/diskulator.s(2753)
    diskulator.o              src/diskulator.s(2753)
    diskulator.o              src/diskulator.s(2753)
    diskulator.o              src/diskulator.s(2753)
pushax (pushax.o):
    callmain.o                runtime/callmain.s(11)
    screen.o                  src/screen.s(491)
    screen.o                  src/screen.s(491)
    screen.o                  src/screen.s(491)
    config.o                  src/config.s(1281)
    config.o                  src/config.s(1281)
    main.o                    src/main.s(208)
    diskulator.o              src/diskulator.s(2753)
    diskulator.o              src/diskulator.s(2753)
    diskulator.o              src/diskulator.s(2753)
    diskulator.o              src/diskulator.s(2753)
    diskulator.o              src/diskulator.s(2753)
    diskulator.o              src/diskulator.s(2753)
    bar.o                     src/bar.s(413)
pushwysp (pushwsp.o):
    screen.o                  src/screen.s(491)
    diskulator.o              src/diskulator.s(2753)
return1 (return1.o):
    kbhit.o                   atari/kbhit.s(8)
setcursor (setcursor.o):
    cgetc.o                   atari/cgetc.s(10)
sp (zeropage.o):
    subysp.o                  runtime/subysp.s(9)
    staxsp.o                  runtime/staxsp.s(8)
    staspidx.o                runtime/staspidx.s(9)
    pushwsp.o                 runtime/pushwsp.s(8)
    pushax.o                  runtime/pushax.s(8)
    pusha.o                   runtime/pusha.s(8)
    popptr1.o                 runtime/popptr1.s(9)
    memset.o                  common/memset.s(20)
    memcpy.o                  common/memcpy.s(15)
    itoa.o                    common/itoa.s(11)
    incsp2.o                  runtime/incsp2.s(8)
    incsp1.o                  runtime/incsp1.s(8)
    icmp.o                    runtime/icmp.s(9)
    decsp6.o                  runtime/decsp6.s(8)
    decsp5.o                  runtime/decsp5.s(8)
    decsp4.o                  runtime/decsp4.s(8)
    decsp3.o                  runtime/decsp3.s(8)
    decsp2.o                  runtime/decsp2.s(8)
    decsp1.o                  runtime/decsp1.s(8)
    addysp.o                  runtime/addysp.s(8)
    addeqsp.o                 runtime/addeqsp.s(8)
    add.o                     runtime/add.s(12)
    crt0.o                    /home/thomc/Workspace/cc65/asminc/zeropage.inc(11)
    screen.o                  src/screen.s(10)
    config.o                  src/config.s(10)
    diskulator.o              src/diskulator.s(10)
    bar.o                     src/bar.s(10)
sreg (zeropage.o):
    lneg.o                    runtime/lneg.s(11)
    itoa.o                    common/itoa.s(11)
    icmp.o                    runtime/icmp.s(9)
    atoi.o                    common/atoi.s(10)
    screen.o                  src/screen.s(10)
staspidx (staspidx.o):
    screen.o                  src/screen.s(491)
    diskulator.o              src/diskulator.s(2753)
staxysp (staxsp.o):
    diskulator.o              src/diskulator.s(2753)
subysp (subysp.o):
    diskulator.o              src/diskulator.s(2753)
tmp1 (zeropage.o):
    staspidx.o                runtime/staspidx.s(9)
    itoa.o                    common/itoa.s(11)
    atoi.o                    common/atoi.s(10)
    aslax4.o                  runtime/aslax4.s(8)
    add.o                     runtime/add.s(12)
    screen.o                  src/screen.s(11)
    diskulator.o              src/diskulator.s(11)
tmp3 (zeropage.o):
    strcat.o                  common/strcat.s(10)
tmp4 (zeropage.o):
    mul40.o                   common/mul40.s(16)
tosadda0 (add.o):
    screen.o                  src/screen.s(491)
tosaddax (add.o):
    screen.o                  src/screen.s(491)
    screen.o                  src/screen.s(491)
    diskulator.o              src/diskulator.s(2753)
tosicmp (icmp.o):
    screen.o                  src/screen.s(491)
tosmula0 (mul8.o):
    diskulator.o              src/diskulator.s(2753)
    diskulator.o              src/diskulator.s(2753)
    diskulator.o              src/diskulator.s(2753)
    diskulator.o              src/diskulator.s(2753)
    diskulator.o              src/diskulator.s(2753)
    diskulator.o              src/diskulator.s(2753)
tosumula0 (mul8.o):
    screen.o                  src/screen.s(491)
    screen.o                  src/screen.s(491)
zerobss (zerobss.o):
    crt0.o                    src/crt0.s(15)

