Modules list:
-------------
screen.o:
    CODE              Offs=000000  Size=000506  Align=00001  Fill=0000
    RODATA            Offs=000000  Size=000402  Align=00001  Fill=0000
    BSS               Offs=000000  Size=00030D  Align=00001  Fill=0000
    DATA              Offs=000000  Size=000004  Align=00001  Fill=0000
keyboard.o:
    CODE              Offs=000506  Size=000128  Align=00001  Fill=0000
    RODATA            Offs=000402  Size=000149  Align=00001  Fill=0000
    BSS               Offs=00030D  Size=000003  Align=00001  Fill=0000
main.o:
    CODE              Offs=00062E  Size=00002E  Align=00001  Fill=0000
    DATA              Offs=000004  Size=000001  Align=00001  Fill=0000
terminal.o:
    CODE              Offs=00065C  Size=0003B2  Align=00001  Fill=0000
    RODATA            Offs=00054B  Size=00005C  Align=00001  Fill=0000
    BSS               Offs=000310  Size=000032  Align=00001  Fill=0000
io.o:
    CODE              Offs=000A0E  Size=000114  Align=00001  Fill=0000
    BSS               Offs=000342  Size=000106  Align=00001  Fill=0000
    DATA              Offs=000005  Size=000103  Align=00001  Fill=0000
touch.o:
    CODE              Offs=000B22  Size=00000F  Align=00001  Fill=0000
    BSS               Offs=000448  Size=000005  Align=00001  Fill=0000
    DATA              Offs=000108  Size=000002  Align=00001  Fill=0000
protocol.o:
    CODE              Offs=000B31  Size=000DC1  Align=00001  Fill=0000
    RODATA            Offs=0005A7  Size=000080  Align=00001  Fill=0000
    BSS               Offs=00044D  Size=00008E  Align=00001  Fill=0000
    DATA              Offs=00010A  Size=000004  Align=00001  Fill=0000
crt0.o:
    BSS               Offs=0004DB  Size=000005  Align=00001  Fill=0000
    STARTUP           Offs=000000  Size=000068  Align=00001  Fill=0000
screen_beep.o:
    CODE              Offs=0018F2  Size=00001E  Align=00001  Fill=0000
click.o:
    CODE              Offs=001910  Size=00000C  Align=00001  Fill=0000
mulfuncs.o:
    CODE              Offs=00191C  Size=000046  Align=00001  Fill=0000
fast_text.o:
    CODE              Offs=001962  Size=0001BD  Align=00001  Fill=0000
    RODATA            Offs=000627  Size=000010  Align=00001  Fill=0000
    EXTZP             Offs=000000  Size=000009  Align=00001  Fill=0000
sio.o:
    CODE              Offs=001B1F  Size=000004  Align=00001  Fill=0000
/home/thomc/Workspace/cc65/lib/atari.lib(_cursor.o):
    BSS               Offs=0004E0  Size=000001  Align=00001  Fill=0000
/home/thomc/Workspace/cc65/lib/atari.lib(addysp.o):
    CODE              Offs=001B23  Size=00000E  Align=00001  Fill=0000
/home/thomc/Workspace/cc65/lib/atari.lib(aslax2.o):
    CODE              Offs=001B31  Size=00000B  Align=00001  Fill=0000
/home/thomc/Workspace/cc65/lib/atari.lib(aslax4.o):
    CODE              Offs=001B3C  Size=000011  Align=00001  Fill=0000
/home/thomc/Workspace/cc65/lib/atari.lib(asrax1.o):
    CODE              Offs=001B4D  Size=00000A  Align=00001  Fill=0000
/home/thomc/Workspace/cc65/lib/atari.lib(asrax2.o):
    CODE              Offs=001B57  Size=00000F  Align=00001  Fill=0000
/home/thomc/Workspace/cc65/lib/atari.lib(asrax3.o):
    CODE              Offs=001B66  Size=000014  Align=00001  Fill=0000
/home/thomc/Workspace/cc65/lib/atari.lib(asrax4.o):
    CODE              Offs=001B7A  Size=000019  Align=00001  Fill=0000
/home/thomc/Workspace/cc65/lib/atari.lib(callmain.o):
    CODE              Offs=001B93  Size=000017  Align=00001  Fill=0000
    DATA              Offs=00010E  Size=000004  Align=00001  Fill=0000
/home/thomc/Workspace/cc65/lib/atari.lib(cgetc.o):
    CODE              Offs=001BAA  Size=000016  Align=00001  Fill=0000
/home/thomc/Workspace/cc65/lib/atari.lib(condes.o):
    CODE              Offs=001BC0  Size=00000C  Align=00001  Fill=0000
    DATA              Offs=000112  Size=000025  Align=00001  Fill=0000
    ONCE              Offs=000000  Size=00000C  Align=00001  Fill=0000
/home/thomc/Workspace/cc65/lib/atari.lib(decax1.o):
    CODE              Offs=001BCC  Size=000007  Align=00001  Fill=0000
/home/thomc/Workspace/cc65/lib/atari.lib(decsp1.o):
    CODE              Offs=001BD3  Size=000009  Align=00001  Fill=0000
/home/thomc/Workspace/cc65/lib/atari.lib(decsp4.o):
    CODE              Offs=001BDC  Size=00000D  Align=00001  Fill=0000
/home/thomc/Workspace/cc65/lib/atari.lib(decsp6.o):
    CODE              Offs=001BE9  Size=00000D  Align=00001  Fill=0000
/home/thomc/Workspace/cc65/lib/atari.lib(icmp.o):
    CODE              Offs=001BF6  Size=00002E  Align=00001  Fill=0000
/home/thomc/Workspace/cc65/lib/atari.lib(incsp1.o):
    CODE              Offs=001C24  Size=000007  Align=00001  Fill=0000
/home/thomc/Workspace/cc65/lib/atari.lib(incsp2.o):
    CODE              Offs=001C2B  Size=000016  Align=00001  Fill=0000
/home/thomc/Workspace/cc65/lib/atari.lib(incsp4.o):
    CODE              Offs=001C41  Size=000005  Align=00001  Fill=0000
/home/thomc/Workspace/cc65/lib/atari.lib(incsp7.o):
    CODE              Offs=001C46  Size=000005  Align=00001  Fill=0000
/home/thomc/Workspace/cc65/lib/atari.lib(kbhit.o):
    CODE              Offs=001C4B  Size=00000B  Align=00001  Fill=0000
/home/thomc/Workspace/cc65/lib/atari.lib(libref.o):
/home/thomc/Workspace/cc65/lib/atari.lib(makebool.o):
    CODE              Offs=001C56  Size=00002C  Align=00001  Fill=0000
/home/thomc/Workspace/cc65/lib/atari.lib(mul40.o):
    CODE              Offs=001C82  Size=000021  Align=00001  Fill=0000
/home/thomc/Workspace/cc65/lib/atari.lib(negabs.o):
    CODE              Offs=001CA3  Size=000012  Align=00001  Fill=0000
/home/thomc/Workspace/cc65/lib/atari.lib(popa.o):
    CODE              Offs=001CB5  Size=00000C  Align=00001  Fill=0000
/home/thomc/Workspace/cc65/lib/atari.lib(popptr1.o):
    CODE              Offs=001CC1  Size=00000E  Align=00001  Fill=0000
/home/thomc/Workspace/cc65/lib/atari.lib(pusha.o):
    CODE              Offs=001CCF  Size=000016  Align=00001  Fill=0000
/home/thomc/Workspace/cc65/lib/atari.lib(pushax.o):
    CODE              Offs=001CE5  Size=00001A  Align=00001  Fill=0000
/home/thomc/Workspace/cc65/lib/atari.lib(pushwsp.o):
    CODE              Offs=001CFF  Size=00001C  Align=00001  Fill=0000
/home/thomc/Workspace/cc65/lib/atari.lib(return1.o):
    CODE              Offs=001D1B  Size=000005  Align=00001  Fill=0000
/home/thomc/Workspace/cc65/lib/atari.lib(setcursor.o):
    CODE              Offs=001D20  Size=00003A  Align=00001  Fill=0000
/home/thomc/Workspace/cc65/lib/atari.lib(shl.o):
    CODE              Offs=001D5A  Size=000033  Align=00001  Fill=0000
/home/thomc/Workspace/cc65/lib/atari.lib(staspidx.o):
    CODE              Offs=001D8D  Size=000016  Align=00001  Fill=0000
/home/thomc/Workspace/cc65/lib/atari.lib(staxsp.o):
    CODE              Offs=001DA3  Size=00000B  Align=00001  Fill=0000
/home/thomc/Workspace/cc65/lib/atari.lib(tgi-kernel.o):
    CODE              Offs=001DAE  Size=00007F  Align=00001  Fill=0000
    RODATA            Offs=000637  Size=000004  Align=00001  Fill=0000
    BSS               Offs=0004E1  Size=000028  Align=00001  Fill=0000
    DATA              Offs=000137  Size=000039  Align=00001  Fill=0000
/home/thomc/Workspace/cc65/lib/atari.lib(tgi_bar.o):
    CODE              Offs=001E2D  Size=0000A9  Align=00001  Fill=0000
/home/thomc/Workspace/cc65/lib/atari.lib(tgi_clear.o):
/home/thomc/Workspace/cc65/lib/atari.lib(tgi_clippedline.o):
    CODE              Offs=001ED6  Size=0001E3  Align=00001  Fill=0000
    BSS               Offs=000509  Size=000008  Align=00001  Fill=0000
/home/thomc/Workspace/cc65/lib/atari.lib(tgi_colors.o):
/home/thomc/Workspace/cc65/lib/atari.lib(tgi_done.o):
    CODE              Offs=0020B9  Size=00000E  Align=00001  Fill=0000
/home/thomc/Workspace/cc65/lib/atari.lib(tgi_getmaxx.o):
    CODE              Offs=0020C7  Size=000007  Align=00001  Fill=0000
/home/thomc/Workspace/cc65/lib/atari.lib(tgi_getmaxy.o):
    CODE              Offs=0020CE  Size=000007  Align=00001  Fill=0000
/home/thomc/Workspace/cc65/lib/atari.lib(tgi_getset.o):
    CODE              Offs=0020D5  Size=00001F  Align=00001  Fill=0000
/home/thomc/Workspace/cc65/lib/atari.lib(tgi_getxres.o):
    CODE              Offs=0020F4  Size=000007  Align=00001  Fill=0000
/home/thomc/Workspace/cc65/lib/atari.lib(tgi_getyres.o):
    CODE              Offs=0020FB  Size=000007  Align=00001  Fill=0000
/home/thomc/Workspace/cc65/lib/atari.lib(tgi_init.o):
    CODE              Offs=002102  Size=000058  Align=00001  Fill=0000
/home/thomc/Workspace/cc65/lib/atari.lib(tgi_line.o):
    CODE              Offs=00215A  Size=000018  Align=00001  Fill=0000
/home/thomc/Workspace/cc65/lib/atari.lib(tgi_linepop.o):
    CODE              Offs=002172  Size=00001C  Align=00001  Fill=0000
/home/thomc/Workspace/cc65/lib/atari.lib(tgi_outcode.o):
    CODE              Offs=00218E  Size=000041  Align=00001  Fill=0000
    BSS               Offs=000511  Size=000008  Align=00001  Fill=0000
/home/thomc/Workspace/cc65/lib/atari.lib(tgi_popxy.o):
    CODE              Offs=0021CF  Size=000007  Align=00001  Fill=0000
/home/thomc/Workspace/cc65/lib/atari.lib(tgi_setcolor.o):
    CODE              Offs=0021D6  Size=00000E  Align=00001  Fill=0000
/home/thomc/Workspace/cc65/lib/atari.lib(tgi_setpixel.o):
    CODE              Offs=0021E4  Size=000009  Align=00001  Fill=0000
/home/thomc/Workspace/cc65/lib/atari.lib(tgi_settextstyle.o):
    CODE              Offs=0021ED  Size=000044  Align=00001  Fill=0000
/home/thomc/Workspace/cc65/lib/atari.lib(tgi_stat_stddrv.o):
/home/thomc/Workspace/cc65/lib/atari.lib(udiv32by16r16.o):
    CODE              Offs=002231  Size=000031  Align=00001  Fill=0000
/home/thomc/Workspace/cc65/lib/atari.lib(umul16x16r32.o):
    CODE              Offs=002262  Size=00002C  Align=00001  Fill=0000
/home/thomc/Workspace/cc65/lib/atari.lib(umul8x16r24.o):
    CODE              Offs=00228E  Size=00002E  Align=00001  Fill=0000
/home/thomc/Workspace/cc65/lib/atari.lib(zerobss.o):
    CODE              Offs=0022BC  Size=000023  Align=00001  Fill=0000
/home/thomc/Workspace/cc65/lib/atari.lib(zeropage.o):
    ZEROPAGE          Offs=000000  Size=00001A  Align=00001  Fill=0000
/home/thomc/Workspace/cc65/lib/atari.lib(atr8-tgi.o):
    CODE              Offs=0022DF  Size=0005AE  Align=00001  Fill=0000
    RODATA            Offs=00063B  Size=000018  Align=00001  Fill=0000
    BSS               Offs=000519  Size=000013  Align=00001  Fill=0000
    DATA              Offs=000170  Size=00003E  Align=00001  Fill=0000


Segment list:
-------------
Name                   Start     End    Size  Align
----------------------------------------------------
ZEROPAGE              000081  00009A  00001A  00001
EXTZP                 00009B  0000A3  000009  00001
STARTUP               000700  000767  000068  00001
ONCE                  000768  000773  00000C  00001
CODE                  000774  003000  00288D  00001
RODATA                003001  003653  000653  00001
DATA                  003654  003801  0001AE  00001
BSS                   003802  003D2D  00052C  00001


Exports list by name:
---------------------
_CharCode                 003B09 RLA    _CharHigh                 003657 RLA    
_CharWide                 003656 RLA    _CurMem                   003C4F RLA    
_CurMode                  003C5B RLA    _Flags                    003B0A RLA    
_GlyphData                003B0B RLA    _Key                      00135F RLA    
_ModeBold                 003C55 RLA    _RenderGlyph              0020D6 RLA    
_Reverse                  003C59 RLA    _Rotate                   003C57 RLA    
_ShowPLATO                001C2E RLA    _TTY                      003C51 RLA    
_TTYLoc                   003B02 RLA    __BSS_RUN__               003802 RLA    
__BSS_SIZE__              00052C REA    __CONSTRUCTOR_COUNT__     000000 REA    
__CONSTRUCTOR_TABLE__     000774 RLA    __DESTRUCTOR_COUNT__      000000 REA    
__DESTRUCTOR_TABLE__      003654 RLA    __LOWCODE_RUN__           000768 RLA    
__LOWCODE_SIZE__          000000 REA    __RESERVED_MEMORY__       002000 REA    
__STACKSIZE__             000800 REA    __STARTUP__               000001 REA    
_atr8_tgi                 0037C4 RLA    _cgetc                    00231E RLA    
_click                    002084 RLA    _cx                       003B06 RLA    
_cy                       003B08 RLA    _exit                     000746 RLA    
_fontm23                  003802 RLA    _io_done                  001295 RLA    
_io_init                  001182 RLA    _io_main                  001200 RLA    
_io_send_byte             0011BD RLA    _kbhit                    0023BF RLA    
_keyboard_main            000CB3 RLA    _main                     000DA2 RLA    
_mul0375                  0020B7 RLA    _mul0625                  002090 RLA    
_mul40                    0023F6 RLA    _running                  003658 RLA    
_screen_beep              002066 RLA    _screen_block_draw        000814 RLA    
_screen_char_draw         000973 RLA    _screen_clear             0007EF RLA    
_screen_done              000C54 RLA    _screen_dot_draw          0008A3 RLA    
_screen_init              000774 RLA    _screen_line_draw         0008E4 RLA    
_screen_splash            000781 RLA    _screen_tty_char          000AE9 RLA    
_screen_wait              0007EE RLA    _siov                     002293 RLA    
_terminal_char_load       000E42 RLA    _terminal_init            000DD0 RLA    
_terminal_set_plato       000E2C RLA    _terminal_set_tty         000DE5 RLA    
_tgi_bar                  0025A1 RLA    _tgi_clear                00379D REA    
_tgi_color                003CEB RLA    _tgi_colorcount           003D04 RLA    
_tgi_curx                 003CE7 RLA    _tgi_cury                 003CE9 RLA    
_tgi_done                 00282D RLA    _tgi_error                003CE5 RLA    
_tgi_flags                003D0A RLA    _tgi_font                 003CEC RLA    
_tgi_fontheight           003D07 RLA    _tgi_fontwidth            003D06 RLA    
_tgi_getmaxx              00283B RLA    _tgi_getmaxy              002842 RLA    
_tgi_getxres              002868 RLA    _tgi_getyres              00286F RLA    
_tgi_gmode                003CE6 RLA    _tgi_init                 002876 RLA    
_tgi_install              002522 RLA    _tgi_line                 0028CE RLA    
_tgi_setcolor             00294A RLA    _tgi_setpixel             002958 RLA    
_tgi_settextstyle         002961 RLA    _tgi_static_stddrv        0037C4 RLA    
_tgi_textdir              003CED RLA    _tgi_textscalew           003CF0 RLA    
_tgi_uninstall            00258F RLA    _tgi_xmax                 003CFC RLA    
_tgi_xres                 003D00 RLA    _tgi_ymax                 003CFE RLA    
_tgi_yres                 003D02 RLA    _touch_allow              001298 RLA    
_touch_done               0012A4 RLA    _touch_init               001296 RLA    
_touch_main               001297 RLA    addysp                    002298 RLA    
aslaxy                    0024D5 RLA    asrax1                    0022C1 RLA    
asrax2                    0022CB RLA    asrax3                    0022DA RLA    
asrax4                    0022EE RLA    booleq                    0023D0 RLA    
callmain                  002307 RLA    cursor                    003CE2 RLA    
decax1                    002340 RLA    decsp1                    002347 RLA    
decsp4                    002350 RLA    decsp6                    00235D RLA    
donelib                   002334 RLA    incsp1                    002398 RLA    
incsp2                    0023A7 RLA    incsp4                    0023B5 RLA    
incsp7                    0023BA RLA    initlib                   000768 RLA    
negax                     00241B RLA    popa                      002429 RLA    
popax                     00239F RLA    popptr1                   002435 RLA    
ptr1                      000089 RLZ    ptr2                      00008B RLZ    
ptr3                      00008D RLZ    ptr4                      00008F RLZ    
push0                     002459 RLA    pusha                     002447 RLA    
pusha0                    00245B RLA    pushax                    00245D RLA    
pushwysp                  002475 RLA    regsave                   000085 RLZ    
return1                   00248F RLA    setcursor                 002494 RLA    
shlax2                    0022A5 RLA    shlax4                    0022B0 RLA    
sp                        000081 RLZ    sreg                      000083 RLZ    
staspidx                  002501 RLA    stax0sp                   002517 RLA    
staxysp                   002519 RLA    tgi_bar                   0037BB RLA    
tgi_clear                 00379D RLA    tgi_clip_x1               003D13 RLA    
tgi_clip_x2               003D17 RLA    tgi_clip_y1               003D15 RLA    
tgi_clip_y2               003D19 RLA    tgi_clippedline           00270E RLA    
tgi_color_white           000001 REZ    tgi_done                  003794 RLA    
tgi_getdefpalette         0037AF RLA    tgi_geterror              003797 RLA    
tgi_getset                002849 RLA    tgi_init                  003791 RLA    
tgi_inv_arg               002578 RLA    tgi_libref                000746 RLA    
tgi_line                  0037B8 RLA    tgi_linepop               0028E6 RLA    
tgi_outcode               002902 RLA    tgi_popxy                 002943 RLA    
tgi_setcolor              0037A6 RLA    tgi_setdrawpage           0037A3 RLA    
tgi_setpalette            0037A9 RLA    tgi_setpixel              0037B2 RLA    
tgi_setviewpage           0037A0 RLA    tmp1                      000091 RLZ    
tmp2                      000092 RLZ    tmp3                      000093 RLZ    
tmp4                      000094 RLZ    tosicmp0                  00236A RLA    
udiv32by16r16             0029A5 RLA    umul16x16r32              0029D6 RLA    
umul8x16r24               002A02 RLA    zerobss                   002A30 RLA    



Exports list by value:
----------------------
__CONSTRUCTOR_COUNT__     000000 REA    __DESTRUCTOR_COUNT__      000000 REA    
__LOWCODE_SIZE__          000000 REA    __STARTUP__               000001 REA    
tgi_color_white           000001 REZ    sp                        000081 RLZ    
sreg                      000083 RLZ    regsave                   000085 RLZ    
ptr1                      000089 RLZ    ptr2                      00008B RLZ    
ptr3                      00008D RLZ    ptr4                      00008F RLZ    
tmp1                      000091 RLZ    tmp2                      000092 RLZ    
tmp3                      000093 RLZ    tmp4                      000094 RLZ    
__BSS_SIZE__              00052C REA    _exit                     000746 RLA    
tgi_libref                000746 RLA    __LOWCODE_RUN__           000768 RLA    
initlib                   000768 RLA    __CONSTRUCTOR_TABLE__     000774 RLA    
_screen_init              000774 RLA    _screen_splash            000781 RLA    
_screen_wait              0007EE RLA    _screen_clear             0007EF RLA    
__STACKSIZE__             000800 REA    _screen_block_draw        000814 RLA    
_screen_dot_draw          0008A3 RLA    _screen_line_draw         0008E4 RLA    
_screen_char_draw         000973 RLA    _screen_tty_char          000AE9 RLA    
_screen_done              000C54 RLA    _keyboard_main            000CB3 RLA    
_main                     000DA2 RLA    _terminal_init            000DD0 RLA    
_terminal_set_tty         000DE5 RLA    _terminal_set_plato       000E2C RLA    
_terminal_char_load       000E42 RLA    _io_init                  001182 RLA    
_io_send_byte             0011BD RLA    _io_main                  001200 RLA    
_io_done                  001295 RLA    _touch_init               001296 RLA    
_touch_main               001297 RLA    _touch_allow              001298 RLA    
_touch_done               0012A4 RLA    _Key                      00135F RLA    
_ShowPLATO                001C2E RLA    __RESERVED_MEMORY__       002000 REA    
_screen_beep              002066 RLA    _click                    002084 RLA    
_mul0625                  002090 RLA    _mul0375                  0020B7 RLA    
_RenderGlyph              0020D6 RLA    _siov                     002293 RLA    
addysp                    002298 RLA    shlax2                    0022A5 RLA    
shlax4                    0022B0 RLA    asrax1                    0022C1 RLA    
asrax2                    0022CB RLA    asrax3                    0022DA RLA    
asrax4                    0022EE RLA    callmain                  002307 RLA    
_cgetc                    00231E RLA    donelib                   002334 RLA    
decax1                    002340 RLA    decsp1                    002347 RLA    
decsp4                    002350 RLA    decsp6                    00235D RLA    
tosicmp0                  00236A RLA    incsp1                    002398 RLA    
popax                     00239F RLA    incsp2                    0023A7 RLA    
incsp4                    0023B5 RLA    incsp7                    0023BA RLA    
_kbhit                    0023BF RLA    booleq                    0023D0 RLA    
_mul40                    0023F6 RLA    negax                     00241B RLA    
popa                      002429 RLA    popptr1                   002435 RLA    
pusha                     002447 RLA    push0                     002459 RLA    
pusha0                    00245B RLA    pushax                    00245D RLA    
pushwysp                  002475 RLA    return1                   00248F RLA    
setcursor                 002494 RLA    aslaxy                    0024D5 RLA    
staspidx                  002501 RLA    stax0sp                   002517 RLA    
staxysp                   002519 RLA    _tgi_install              002522 RLA    
tgi_inv_arg               002578 RLA    _tgi_uninstall            00258F RLA    
_tgi_bar                  0025A1 RLA    tgi_clippedline           00270E RLA    
_tgi_done                 00282D RLA    _tgi_getmaxx              00283B RLA    
_tgi_getmaxy              002842 RLA    tgi_getset                002849 RLA    
_tgi_getxres              002868 RLA    _tgi_getyres              00286F RLA    
_tgi_init                 002876 RLA    _tgi_line                 0028CE RLA    
tgi_linepop               0028E6 RLA    tgi_outcode               002902 RLA    
tgi_popxy                 002943 RLA    _tgi_setcolor             00294A RLA    
_tgi_setpixel             002958 RLA    _tgi_settextstyle         002961 RLA    
udiv32by16r16             0029A5 RLA    umul16x16r32              0029D6 RLA    
umul8x16r24               002A02 RLA    zerobss                   002A30 RLA    
__DESTRUCTOR_TABLE__      003654 RLA    _CharWide                 003656 RLA    
_CharHigh                 003657 RLA    _running                  003658 RLA    
tgi_init                  003791 RLA    tgi_done                  003794 RLA    
tgi_geterror              003797 RLA    tgi_clear                 00379D RLA    
_tgi_clear                00379D REA    tgi_setviewpage           0037A0 RLA    
tgi_setdrawpage           0037A3 RLA    tgi_setcolor              0037A6 RLA    
tgi_setpalette            0037A9 RLA    tgi_getdefpalette         0037AF RLA    
tgi_setpixel              0037B2 RLA    tgi_line                  0037B8 RLA    
tgi_bar                   0037BB RLA    _atr8_tgi                 0037C4 RLA    
_tgi_static_stddrv        0037C4 RLA    __BSS_RUN__               003802 RLA    
_fontm23                  003802 RLA    _TTYLoc                   003B02 RLA    
_cx                       003B06 RLA    _cy                       003B08 RLA    
_CharCode                 003B09 RLA    _Flags                    003B0A RLA    
_GlyphData                003B0B RLA    _CurMem                   003C4F RLA    
_TTY                      003C51 RLA    _ModeBold                 003C55 RLA    
_Rotate                   003C57 RLA    _Reverse                  003C59 RLA    
_CurMode                  003C5B RLA    cursor                    003CE2 RLA    
_tgi_error                003CE5 RLA    _tgi_gmode                003CE6 RLA    
_tgi_curx                 003CE7 RLA    _tgi_cury                 003CE9 RLA    
_tgi_color                003CEB RLA    _tgi_font                 003CEC RLA    
_tgi_textdir              003CED RLA    _tgi_textscalew           003CF0 RLA    
_tgi_xmax                 003CFC RLA    _tgi_ymax                 003CFE RLA    
_tgi_xres                 003D00 RLA    _tgi_yres                 003D02 RLA    
_tgi_colorcount           003D04 RLA    _tgi_fontwidth            003D06 RLA    
_tgi_fontheight           003D07 RLA    _tgi_flags                003D0A RLA    
tgi_clip_x1               003D13 RLA    tgi_clip_y1               003D15 RLA    
tgi_clip_x2               003D17 RLA    tgi_clip_y2               003D19 RLA    



Imports list:
-------------
_CharCode (screen.o):
    fast_text.o               src/fast_text.s(18)
_CharHigh (screen.o):
    terminal.o                src/terminal.s(27)
_CharWide (screen.o):
    terminal.o                src/terminal.s(26)
_CurMem (protocol.o):
    terminal.o                src/terminal.s(14)
    screen.o                  src/screen.s(23)
_CurMode (protocol.o):
    terminal.o                src/terminal.s(19)
    screen.o                  src/screen.s(25)
_Flags (screen.o):
    fast_text.o               src/fast_text.s(18)
_GlyphData (screen.o):
    fast_text.o               src/fast_text.s(18)
_Key (protocol.o):
    keyboard.o                src/keyboard.s(19)
_ModeBold (protocol.o):
    terminal.o                src/terminal.s(16)
    screen.o                  src/screen.s(24)
_RenderGlyph (fast_text.o):
    screen.o                  src/screen.s(44)
_Reverse (protocol.o):
    terminal.o                src/terminal.s(18)
_Rotate (protocol.o):
    terminal.o                src/terminal.s(17)
_ShowPLATO (protocol.o):
    io.o                      src/io.s(17)
    keyboard.o                src/keyboard.s(20)
    screen.o                  src/screen.s(26)
_TTY (protocol.o):
    terminal.o                src/terminal.s(15)
    keyboard.o                src/keyboard.s(18)
_TTYLoc (screen.o):
    terminal.o                src/terminal.s(28)
    keyboard.o                src/keyboard.s(25)
__BSS_RUN__ ([linker generated]):
    zerobss.o                 common/zerobss.s(8)
__BSS_SIZE__ ([linker generated]):
    zerobss.o                 common/zerobss.s(8)
__CONSTRUCTOR_COUNT__ ([linker generated]):
    condes.o                  runtime/condes.s(18)
__CONSTRUCTOR_TABLE__ ([linker generated]):
    condes.o                  runtime/condes.s(18)
__DESTRUCTOR_COUNT__ ([linker generated]):
    condes.o                  runtime/condes.s(19)
__DESTRUCTOR_TABLE__ ([linker generated]):
    condes.o                  runtime/condes.s(19)
__LOWCODE_RUN__ ([linker generated]):
    crt0.o                    src/crt0.s(18)
__LOWCODE_SIZE__ ([linker generated]):
    crt0.o                    src/crt0.s(18)
__RESERVED_MEMORY__ ([linker generated]):
    crt0.o                    src/crt0.s(16)
    [linker generated]        src/atari.cfg(19)
__STACKSIZE__ ([linker generated]):
    [linker generated]        src/atari.cfg(19)
__STARTUP__ (crt0.o):
    main.o                    src/main.s(13)
_atr8_tgi (atr8-tgi.o):
    tgi_stat_stddrv.o         atari/tgi_stat_stddrv.s(13)
_cgetc (cgetc.o):
    keyboard.o                src/keyboard.s(14)
_click (click.o):
    keyboard.o                src/keyboard.s(24)
_cx (screen.o):
    fast_text.o               src/fast_text.s(18)
_cy (screen.o):
    fast_text.o               src/fast_text.s(18)
_exit (crt0.o):
    libref.o                  atari/libref.s(6)
_fontm23 (screen.o):
    terminal.o                src/terminal.s(36)
_io_done (io.o):
    main.o                    src/main.s(24)
_io_init (io.o):
    main.o                    src/main.s(22)
_io_main (io.o):
    main.o                    src/main.s(23)
_io_send_byte (io.o):
    protocol.o                src/protocol.s(62)
    keyboard.o                src/keyboard.s(23)
_kbhit (kbhit.o):
    keyboard.o                src/keyboard.s(13)
_keyboard_main (keyboard.o):
    main.o                    src/main.s(25)
_main (main.o):
    callmain.o                runtime/callmain.s(11)
_mul0375 (mulfuncs.o):
    screen.o                  src/screen.s(43)
_mul0625 (mulfuncs.o):
    screen.o                  src/screen.s(42)
_mul40 (mul40.o):
    setcursor.o               atari/setcursor.s(7)
_running (main.o):
    keyboard.o                src/keyboard.s(26)
_screen_beep (screen_beep.o):
    protocol.o                src/protocol.s(61)
    main.o                    src/main.s(16)
_screen_block_draw (screen.o):
    protocol.o                src/protocol.s(63)
_screen_char_draw (screen.o):
    protocol.o                src/protocol.s(66)
_screen_clear (screen.o):
    protocol.o                src/protocol.s(70)
    terminal.o                src/terminal.s(25)
_screen_done (screen.o):
    main.o                    src/main.s(17)
_screen_dot_draw (screen.o):
    protocol.o                src/protocol.s(64)
_screen_init (screen.o):
    main.o                    src/main.s(14)
_screen_line_draw (screen.o):
    protocol.o                src/protocol.s(65)
_screen_splash (screen.o):
    main.o                    src/main.s(15)
_screen_tty_char (screen.o):
    protocol.o                src/protocol.s(67)
_screen_wait (screen.o):
    protocol.o                src/protocol.s(60)
_siov (sio.o):
    io.o                      src/io.s(18)
_terminal_char_load (terminal.o):
    protocol.o                src/protocol.s(68)
_terminal_init (terminal.o):
    main.o                    src/main.s(21)
_terminal_set_plato (terminal.o):
    protocol.o                src/protocol.s(72)
_terminal_set_tty (terminal.o):
    protocol.o                src/protocol.s(71)
_tgi_bar (tgi_bar.o):
    screen.o                  src/screen.s(22)
_tgi_clear (tgi_clear.o):
    screen.o                  src/screen.s(18)
_tgi_color (tgi-kernel.o):
    tgi_setcolor.o            /home/thomc/Workspace/cc65/asminc/tgi-kernel.inc(120)
_tgi_colorcount (tgi-kernel.o):
    tgi_setcolor.o            /home/thomc/Workspace/cc65/asminc/tgi-kernel.inc(132)
_tgi_curx (tgi-kernel.o):
    tgi_linepop.o             /home/thomc/Workspace/cc65/asminc/tgi-kernel.inc(118)
_tgi_cury (tgi-kernel.o):
    tgi_linepop.o             /home/thomc/Workspace/cc65/asminc/tgi-kernel.inc(119)
_tgi_done (tgi_done.o):
    tgi_init.o                /home/thomc/Workspace/cc65/asminc/tgi-kernel.inc(193)
    tgi-kernel.o              /home/thomc/Workspace/cc65/asminc/tgi-kernel.inc(193)
    screen.o                  src/screen.s(17)
_tgi_error (tgi-kernel.o):
    tgi_init.o                /home/thomc/Workspace/cc65/asminc/tgi-kernel.inc(116)
_tgi_flags (tgi-kernel.o):
    tgi_settextstyle.o        /home/thomc/Workspace/cc65/asminc/tgi-kernel.inc(137)
_tgi_font (tgi-kernel.o):
    tgi_settextstyle.o        /home/thomc/Workspace/cc65/asminc/tgi-kernel.inc(121)
_tgi_fontheight (tgi-kernel.o):
    tgi_settextstyle.o        /home/thomc/Workspace/cc65/asminc/tgi-kernel.inc(135)
_tgi_fontwidth (tgi-kernel.o):
    tgi_settextstyle.o        /home/thomc/Workspace/cc65/asminc/tgi-kernel.inc(134)
_tgi_getmaxx (tgi_getmaxx.o):
    tgi_bar.o                 /home/thomc/Workspace/cc65/asminc/tgi-kernel.inc(202)
_tgi_getmaxy (tgi_getmaxy.o):
    tgi_bar.o                 /home/thomc/Workspace/cc65/asminc/tgi-kernel.inc(203)
_tgi_getxres (tgi_getxres.o):
    tgi_init.o                /home/thomc/Workspace/cc65/asminc/tgi-kernel.inc(209)
_tgi_getyres (tgi_getyres.o):
    tgi_init.o                /home/thomc/Workspace/cc65/asminc/tgi-kernel.inc(210)
_tgi_gmode (tgi-kernel.o):
    tgi_init.o                /home/thomc/Workspace/cc65/asminc/tgi-kernel.inc(117)
    tgi_done.o                /home/thomc/Workspace/cc65/asminc/tgi-kernel.inc(117)
_tgi_init (tgi_init.o):
    screen.o                  src/screen.s(16)
_tgi_install (tgi-kernel.o):
    screen.o                  src/screen.s(14)
_tgi_line (tgi_line.o):
    screen.o                  src/screen.s(21)
_tgi_setcolor (tgi_setcolor.o):
    tgi_init.o                /home/thomc/Workspace/cc65/asminc/tgi-kernel.inc(224)
    screen.o                  src/screen.s(19)
_tgi_setpixel (tgi_setpixel.o):
    screen.o                  src/screen.s(20)
_tgi_settextstyle (tgi_settextstyle.o):
    tgi_init.o                /home/thomc/Workspace/cc65/asminc/tgi-kernel.inc(230)
_tgi_static_stddrv (tgi_stat_stddrv.o):
    screen.o                  src/screen.s(13)
_tgi_textdir (tgi-kernel.o):
    tgi_settextstyle.o        /home/thomc/Workspace/cc65/asminc/tgi-kernel.inc(122)
_tgi_textscalew (tgi-kernel.o):
    tgi_settextstyle.o        /home/thomc/Workspace/cc65/asminc/tgi-kernel.inc(124)
_tgi_uninstall (tgi-kernel.o):
    screen.o                  src/screen.s(15)
_tgi_xmax (tgi-kernel.o):
    tgi_clippedline.o         /home/thomc/Workspace/cc65/asminc/tgi-kernel.inc(130)
    tgi_init.o                /home/thomc/Workspace/cc65/asminc/tgi-kernel.inc(130)
    tgi_getmaxx.o             /home/thomc/Workspace/cc65/asminc/tgi-kernel.inc(130)
_tgi_xres (tgi-kernel.o):
    tgi_getxres.o             /home/thomc/Workspace/cc65/asminc/tgi-kernel.inc(128)
    tgi_getset.o              /home/thomc/Workspace/cc65/asminc/tgi-kernel.inc(128)
    tgi_outcode.o             /home/thomc/Workspace/cc65/asminc/tgi-kernel.inc(128)
    tgi_bar.o                 /home/thomc/Workspace/cc65/asminc/tgi-kernel.inc(128)
_tgi_ymax (tgi-kernel.o):
    tgi_clippedline.o         /home/thomc/Workspace/cc65/asminc/tgi-kernel.inc(131)
    tgi_init.o                /home/thomc/Workspace/cc65/asminc/tgi-kernel.inc(131)
    tgi_getmaxy.o             /home/thomc/Workspace/cc65/asminc/tgi-kernel.inc(131)
_tgi_yres (tgi-kernel.o):
    tgi_getyres.o             /home/thomc/Workspace/cc65/asminc/tgi-kernel.inc(129)
    tgi_getset.o              /home/thomc/Workspace/cc65/asminc/tgi-kernel.inc(129)
    tgi_outcode.o             /home/thomc/Workspace/cc65/asminc/tgi-kernel.inc(129)
    tgi_bar.o                 /home/thomc/Workspace/cc65/asminc/tgi-kernel.inc(129)
_touch_allow (touch.o):
    protocol.o                src/protocol.s(69)
_touch_done (touch.o):
    main.o                    src/main.s(20)
_touch_init (touch.o):
    main.o                    src/main.s(18)
_touch_main (touch.o):
    main.o                    src/main.s(19)
addysp (addysp.o):
    incsp7.o                  runtime/incsp7.s(8)
    incsp4.o                  runtime/incsp4.s(8)
aslaxy (shl.o):
    terminal.o                src/terminal.s(690)
asrax1 (asrax1.o):
    protocol.o                src/protocol.s(2256)
    protocol.o                src/protocol.s(2256)
asrax2 (asrax2.o):
    protocol.o                src/protocol.s(2256)
asrax3 (asrax3.o):
    protocol.o                src/protocol.s(2256)
asrax4 (asrax4.o):
    protocol.o                src/protocol.s(2256)
    protocol.o                src/protocol.s(2256)
    protocol.o                src/protocol.s(2256)
    protocol.o                src/protocol.s(2256)
booleq (makebool.o):
    protocol.o                src/protocol.s(2256)
callmain (callmain.o):
    crt0.o                    src/crt0.s(15)
cursor (_cursor.o):
    setcursor.o               atari/setcursor.s(7)
decax1 (decax1.o):
    tgi_init.o                tgi/tgi_init.s(11)
decsp1 (decsp1.o):
    protocol.o                src/protocol.s(2256)
    screen.o                  src/screen.s(1817)
decsp4 (decsp4.o):
    protocol.o                src/protocol.s(2256)
    protocol.o                src/protocol.s(2256)
    protocol.o                src/protocol.s(2256)
    protocol.o                src/protocol.s(2256)
    protocol.o                src/protocol.s(2256)
    screen.o                  src/screen.s(1817)
decsp6 (decsp6.o):
    screen.o                  src/screen.s(1817)
    screen.o                  src/screen.s(1817)
    screen.o                  src/screen.s(1817)
donelib (condes.o):
    crt0.o                    src/crt0.s(14)
incsp1 (incsp1.o):
    protocol.o                src/protocol.s(2256)
    io.o                      src/io.s(206)
    keyboard.o                src/keyboard.s(516)
    keyboard.o                src/keyboard.s(516)
    screen.o                  src/screen.s(1817)
incsp2 (incsp2.o):
    popptr1.o                 runtime/popptr1.s(8)
    staspidx.o                runtime/staspidx.s(8)
    protocol.o                src/protocol.s(2256)
    protocol.o                src/protocol.s(2256)
    protocol.o                src/protocol.s(2256)
    protocol.o                src/protocol.s(2256)
    protocol.o                src/protocol.s(2256)
    touch.o                   src/touch.s(100)
    touch.o                   src/touch.s(100)
    screen.o                  src/screen.s(1817)
incsp4 (incsp4.o):
    protocol.o                src/protocol.s(2256)
    protocol.o                src/protocol.s(2256)
    protocol.o                src/protocol.s(2256)
    protocol.o                src/protocol.s(2256)
    protocol.o                src/protocol.s(2256)
    protocol.o                src/protocol.s(2256)
    protocol.o                src/protocol.s(2256)
    terminal.o                src/terminal.s(690)
    screen.o                  src/screen.s(1817)
    screen.o                  src/screen.s(1817)
incsp7 (incsp7.o):
    screen.o                  src/screen.s(1817)
initlib (condes.o):
    crt0.o                    src/crt0.s(14)
negax (negabs.o):
    tgi_clippedline.o         tgi/tgi_clippedline.s(9)
    protocol.o                src/protocol.s(2256)
popa (popa.o):
    tgi_settextstyle.o        tgi/tgi_settextstyle.s(10)
popax (incsp2.o):
    tgi_settextstyle.o        tgi/tgi_settextstyle.s(10)
    tgi_linepop.o             tgi/tgi_linepop.s(9)
    tgi_line.o                tgi/tgi_line.s(10)
    tgi_bar.o                 tgi/tgi_bar.s(11)
    shl.o                     runtime/shl.s(15)
popptr1 (popptr1.o):
    tgi_popxy.o               tgi/tgi_popxy.s(10)
    tgi_bar.o                 tgi/tgi_bar.s(11)
ptr1 (zeropage.o):
    umul16x16r32.o            /home/thomc/Workspace/cc65/asminc/zeropage.inc(12)
    udiv32by16r16.o           /home/thomc/Workspace/cc65/asminc/zeropage.inc(12)
    tgi_getset.o              tgi/tgi_getset.s(12)
    tgi_clippedline.o         /home/thomc/Workspace/cc65/asminc/zeropage.inc(12)
    popptr1.o                 runtime/popptr1.s(9)
    atr8-tgi.o                /home/thomc/Workspace/cc65/asminc/zeropage.inc(12)
    zerobss.o                 common/zerobss.s(9)
    umul8x16r24.o             /home/thomc/Workspace/cc65/asminc/zeropage.inc(12)
    tgi_settextstyle.o        /home/thomc/Workspace/cc65/asminc/zeropage.inc(12)
    tgi_init.o                tgi/tgi_init.s(12)
    tgi_bar.o                 tgi/tgi_bar.s(10)
    tgi-kernel.o              tgi/tgi-kernel.s(8)
    staspidx.o                runtime/staspidx.s(9)
    fast_text.o               /home/thomc/Workspace/cc65/asminc/zeropage.inc(12)
    mulfuncs.o                /home/thomc/Workspace/cc65/asminc/zeropage.inc(12)
    protocol.o                src/protocol.s(11)
    terminal.o                src/terminal.s(11)
    keyboard.o                src/keyboard.s(11)
    screen.o                  src/screen.s(11)
ptr2 (zeropage.o):
    udiv32by16r16.o           /home/thomc/Workspace/cc65/asminc/zeropage.inc(12)
    tgi_popxy.o               tgi/tgi_popxy.s(11)
    tgi_getset.o              tgi/tgi_getset.s(12)
    tgi_clippedline.o         /home/thomc/Workspace/cc65/asminc/zeropage.inc(12)
    atr8-tgi.o                /home/thomc/Workspace/cc65/asminc/zeropage.inc(12)
    tgi_bar.o                 tgi/tgi_bar.s(10)
    fast_text.o               /home/thomc/Workspace/cc65/asminc/zeropage.inc(12)
    mulfuncs.o                /home/thomc/Workspace/cc65/asminc/zeropage.inc(12)
ptr3 (zeropage.o):
    umul16x16r32.o            /home/thomc/Workspace/cc65/asminc/zeropage.inc(12)
    udiv32by16r16.o           /home/thomc/Workspace/cc65/asminc/zeropage.inc(12)
    atr8-tgi.o                /home/thomc/Workspace/cc65/asminc/zeropage.inc(12)
    umul8x16r24.o             /home/thomc/Workspace/cc65/asminc/zeropage.inc(12)
    tgi_bar.o                 tgi/tgi_bar.s(10)
    fast_text.o               /home/thomc/Workspace/cc65/asminc/zeropage.inc(12)
ptr4 (zeropage.o):
    atr8-tgi.o                /home/thomc/Workspace/cc65/asminc/zeropage.inc(12)
    tgi_bar.o                 tgi/tgi_bar.s(10)
push0 (pushax.o):
    protocol.o                src/protocol.s(2256)
    protocol.o                src/protocol.s(2256)
    protocol.o                src/protocol.s(2256)
    protocol.o                src/protocol.s(2256)
    protocol.o                src/protocol.s(2256)
pusha (pusha.o):
    tgi_init.o                tgi/tgi_init.s(11)
    io.o                      src/io.s(206)
    keyboard.o                src/keyboard.s(516)
    keyboard.o                src/keyboard.s(516)
    screen.o                  src/screen.s(1817)
    screen.o                  src/screen.s(1817)
pusha0 (pushax.o):
    protocol.o                src/protocol.s(2256)
    protocol.o                src/protocol.s(2256)
    protocol.o                src/protocol.s(2256)
    protocol.o                src/protocol.s(2256)
    terminal.o                src/terminal.s(690)
pushax (pushax.o):
    tgi_init.o                tgi/tgi_init.s(11)
    callmain.o                runtime/callmain.s(11)
    protocol.o                src/protocol.s(2256)
    protocol.o                src/protocol.s(2256)
    protocol.o                src/protocol.s(2256)
    protocol.o                src/protocol.s(2256)
    protocol.o                src/protocol.s(2256)
    protocol.o                src/protocol.s(2256)
    protocol.o                src/protocol.s(2256)
    protocol.o                src/protocol.s(2256)
    protocol.o                src/protocol.s(2256)
    protocol.o                src/protocol.s(2256)
    protocol.o                src/protocol.s(2256)
    protocol.o                src/protocol.s(2256)
    touch.o                   src/touch.s(100)
    touch.o                   src/touch.s(100)
    io.o                      src/io.s(206)
    terminal.o                src/terminal.s(690)
    keyboard.o                src/keyboard.s(516)
    screen.o                  src/screen.s(1817)
    screen.o                  src/screen.s(1817)
    screen.o                  src/screen.s(1817)
    screen.o                  src/screen.s(1817)
pushwysp (pushwsp.o):
    protocol.o                src/protocol.s(2256)
regsave (zeropage.o):
    atr8-tgi.o                /home/thomc/Workspace/cc65/asminc/zeropage.inc(11)
    protocol.o                src/protocol.s(10)
return1 (return1.o):
    kbhit.o                   atari/kbhit.s(8)
setcursor (setcursor.o):
    cgetc.o                   atari/cgetc.s(10)
shlax2 (aslax2.o):
    protocol.o                src/protocol.s(2256)
shlax4 (aslax4.o):
    protocol.o                src/protocol.s(2256)
    protocol.o                src/protocol.s(2256)
sp (zeropage.o):
    popptr1.o                 runtime/popptr1.s(9)
    popa.o                    runtime/popa.s(8)
    addysp.o                  runtime/addysp.s(8)
    staxsp.o                  runtime/staxsp.s(8)
    staspidx.o                runtime/staspidx.s(9)
    pushwsp.o                 runtime/pushwsp.s(8)
    pushax.o                  runtime/pushax.s(8)
    pusha.o                   runtime/pusha.s(8)
    incsp2.o                  runtime/incsp2.s(8)
    incsp1.o                  runtime/incsp1.s(8)
    icmp.o                    runtime/icmp.s(9)
    decsp6.o                  runtime/decsp6.s(8)
    decsp4.o                  runtime/decsp4.s(8)
    decsp1.o                  runtime/decsp1.s(8)
    crt0.o                    /home/thomc/Workspace/cc65/asminc/zeropage.inc(11)
    protocol.o                src/protocol.s(10)
    io.o                      src/io.s(10)
    terminal.o                src/terminal.s(10)
    keyboard.o                src/keyboard.s(10)
    screen.o                  src/screen.s(10)
sreg (zeropage.o):
    umul16x16r32.o            /home/thomc/Workspace/cc65/asminc/zeropage.inc(11)
    udiv32by16r16.o           /home/thomc/Workspace/cc65/asminc/zeropage.inc(11)
    tgi_clippedline.o         /home/thomc/Workspace/cc65/asminc/zeropage.inc(11)
    atr8-tgi.o                /home/thomc/Workspace/cc65/asminc/zeropage.inc(11)
    umul8x16r24.o             /home/thomc/Workspace/cc65/asminc/zeropage.inc(11)
    icmp.o                    runtime/icmp.s(9)
    protocol.o                src/protocol.s(10)
staspidx (staspidx.o):
    terminal.o                src/terminal.s(690)
stax0sp (staxsp.o):
    protocol.o                src/protocol.s(2256)
    protocol.o                src/protocol.s(2256)
    protocol.o                src/protocol.s(2256)
    protocol.o                src/protocol.s(2256)
    protocol.o                src/protocol.s(2256)
staxysp (staxsp.o):
    protocol.o                src/protocol.s(2256)
    protocol.o                src/protocol.s(2256)
    protocol.o                src/protocol.s(2256)
    protocol.o                src/protocol.s(2256)
tgi_bar (tgi-kernel.o):
    tgi_bar.o                 /home/thomc/Workspace/cc65/asminc/tgi-kernel.inc(166)
tgi_clear (tgi-kernel.o):
    tgi_clear.o               /home/thomc/Workspace/cc65/asminc/tgi-kernel.inc(156)
tgi_clip_x1 (tgi_outcode.o):
    tgi_clippedline.o         /home/thomc/Workspace/cc65/asminc/tgi-kernel.inc(142)
    tgi_line.o                /home/thomc/Workspace/cc65/asminc/tgi-kernel.inc(142)
tgi_clip_x2 (tgi_outcode.o):
    tgi_clippedline.o         /home/thomc/Workspace/cc65/asminc/tgi-kernel.inc(144)
    tgi_linepop.o             /home/thomc/Workspace/cc65/asminc/tgi-kernel.inc(144)
tgi_clip_y1 (tgi_outcode.o):
    tgi_clippedline.o         /home/thomc/Workspace/cc65/asminc/tgi-kernel.inc(143)
    tgi_line.o                /home/thomc/Workspace/cc65/asminc/tgi-kernel.inc(143)
tgi_clip_y2 (tgi_outcode.o):
    tgi_clippedline.o         /home/thomc/Workspace/cc65/asminc/tgi-kernel.inc(145)
    tgi_linepop.o             /home/thomc/Workspace/cc65/asminc/tgi-kernel.inc(145)
tgi_clippedline (tgi_clippedline.o):
    tgi_line.o                /home/thomc/Workspace/cc65/asminc/tgi-kernel.inc(174)
tgi_color_white (tgi_colors.o):
    tgi_init.o                /home/thomc/Workspace/cc65/asminc/tgi-kernel.inc(110)
tgi_done (tgi-kernel.o):
    tgi_done.o                /home/thomc/Workspace/cc65/asminc/tgi-kernel.inc(153)
tgi_getdefpalette (tgi-kernel.o):
    tgi_init.o                /home/thomc/Workspace/cc65/asminc/tgi-kernel.inc(162)
tgi_geterror (tgi-kernel.o):
    tgi_init.o                /home/thomc/Workspace/cc65/asminc/tgi-kernel.inc(154)
tgi_getset (tgi_getset.o):
    tgi_setpixel.o            /home/thomc/Workspace/cc65/asminc/tgi-kernel.inc(176)
tgi_init (tgi-kernel.o):
    tgi_init.o                /home/thomc/Workspace/cc65/asminc/tgi-kernel.inc(152)
tgi_inv_arg (tgi-kernel.o):
    tgi_setcolor.o            /home/thomc/Workspace/cc65/asminc/tgi-kernel.inc(178)
tgi_libref (libref.o):
    tgi-kernel.o              tgi/tgi-kernel.s(7)
tgi_line (tgi-kernel.o):
    tgi_clippedline.o         /home/thomc/Workspace/cc65/asminc/tgi-kernel.inc(165)
tgi_linepop (tgi_linepop.o):
    tgi_line.o                /home/thomc/Workspace/cc65/asminc/tgi-kernel.inc(180)
tgi_outcode (tgi_outcode.o):
    tgi_clippedline.o         /home/thomc/Workspace/cc65/asminc/tgi-kernel.inc(181)
tgi_popxy (tgi_popxy.o):
    tgi_getset.o              /home/thomc/Workspace/cc65/asminc/tgi-kernel.inc(182)
tgi_setcolor (tgi-kernel.o):
    tgi_setcolor.o            /home/thomc/Workspace/cc65/asminc/tgi-kernel.inc(159)
tgi_setdrawpage (tgi-kernel.o):
    tgi_init.o                /home/thomc/Workspace/cc65/asminc/tgi-kernel.inc(158)
tgi_setpalette (tgi-kernel.o):
    tgi_init.o                /home/thomc/Workspace/cc65/asminc/tgi-kernel.inc(160)
tgi_setpixel (tgi-kernel.o):
    tgi_setpixel.o            /home/thomc/Workspace/cc65/asminc/tgi-kernel.inc(163)
tgi_setviewpage (tgi-kernel.o):
    tgi_init.o                /home/thomc/Workspace/cc65/asminc/tgi-kernel.inc(157)
tmp1 (zeropage.o):
    tgi_clippedline.o         /home/thomc/Workspace/cc65/asminc/zeropage.inc(13)
    atr8-tgi.o                /home/thomc/Workspace/cc65/asminc/zeropage.inc(13)
    tgi_settextstyle.o        /home/thomc/Workspace/cc65/asminc/zeropage.inc(13)
    tgi_outcode.o             /home/thomc/Workspace/cc65/asminc/zeropage.inc(13)
    staspidx.o                runtime/staspidx.s(9)
    shl.o                     runtime/shl.s(16)
    asrax4.o                  runtime/asrax4.s(9)
    asrax3.o                  runtime/asrax3.s(9)
    asrax2.o                  runtime/asrax2.s(8)
    asrax1.o                  runtime/asrax1.s(8)
    aslax4.o                  runtime/aslax4.s(8)
    aslax2.o                  runtime/aslax2.s(8)
    fast_text.o               /home/thomc/Workspace/cc65/asminc/zeropage.inc(13)
    protocol.o                src/protocol.s(11)
    terminal.o                src/terminal.s(11)
tmp2 (zeropage.o):
    fast_text.o               /home/thomc/Workspace/cc65/asminc/zeropage.inc(13)
tmp3 (zeropage.o):
    atr8-tgi.o                /home/thomc/Workspace/cc65/asminc/zeropage.inc(13)
    fast_text.o               /home/thomc/Workspace/cc65/asminc/zeropage.inc(13)
tmp4 (zeropage.o):
    mul40.o                   common/mul40.s(16)
    atr8-tgi.o                /home/thomc/Workspace/cc65/asminc/zeropage.inc(13)
    fast_text.o               /home/thomc/Workspace/cc65/asminc/zeropage.inc(13)
tosicmp0 (icmp.o):
    terminal.o                src/terminal.s(690)
udiv32by16r16 (udiv32by16r16.o):
    tgi_clippedline.o         tgi/tgi_clippedline.s(8)
umul16x16r32 (umul16x16r32.o):
    tgi_clippedline.o         tgi/tgi_clippedline.s(8)
umul8x16r24 (umul8x16r24.o):
    tgi_settextstyle.o        tgi/tgi_settextstyle.s(9)
zerobss (zerobss.o):
    crt0.o                    src/crt0.s(15)

