Modules list:
-------------
main.o:
    CODE              Offs=000000  Size=000110  Align=00001  Fill=0000
    RODATA            Offs=000000  Size=000074  Align=00001  Fill=0000
    BSS               Offs=000000  Size=00002A  Align=00001  Fill=0000
err.o:
    CODE              Offs=000110  Size=000023  Align=00001  Fill=0000
    RODATA            Offs=000074  Size=000030  Align=00001  Fill=0000
conio.o:
    CODE              Offs=000133  Size=000073  Align=00001  Fill=0000
cio.o:
    CODE              Offs=0001A6  Size=000006  Align=00001  Fill=0000
sio.o:
    CODE              Offs=0001AC  Size=000004  Align=00001  Fill=0000
/home/thomc/Workspace/cc65/lib/atari.lib(addysp.o):
    CODE              Offs=0001B0  Size=00000E  Align=00001  Fill=0000
/home/thomc/Workspace/cc65/lib/atari.lib(atoi.o):
    CODE              Offs=0001BE  Size=000096  Align=00001  Fill=0000
/home/thomc/Workspace/cc65/lib/atari.lib(callmain.o):
    CODE              Offs=000254  Size=000017  Align=00001  Fill=0000
    DATA              Offs=000000  Size=000004  Align=00001  Fill=0000
/home/thomc/Workspace/cc65/lib/atari.lib(condes.o):
    CODE              Offs=00026B  Size=00000C  Align=00001  Fill=0000
    DATA              Offs=000004  Size=000025  Align=00001  Fill=0000
    ONCE              Offs=000000  Size=00000C  Align=00001  Fill=0000
/home/thomc/Workspace/cc65/lib/atari.lib(crt0.o):
    BSS               Offs=00002A  Size=000005  Align=00001  Fill=0000
    STARTUP           Offs=000000  Size=000063  Align=00001  Fill=0000
/home/thomc/Workspace/cc65/lib/atari.lib(ctype.o):
    RODATA            Offs=0000A4  Size=000100  Align=00001  Fill=0000
/home/thomc/Workspace/cc65/lib/atari.lib(dosdetect.o):
    DATA              Offs=000029  Size=000001  Align=00001  Fill=0000
    ONCE              Offs=00000C  Size=00004B  Align=00001  Fill=0000
/home/thomc/Workspace/cc65/lib/atari.lib(exehdr.o):
    EXEHDR            Offs=000000  Size=000002  Align=00001  Fill=0000
    MAINHDR           Offs=000000  Size=000004  Align=00001  Fill=0000
/home/thomc/Workspace/cc65/lib/atari.lib(exetrailer.o):
    AUTOSTRT          Offs=000000  Size=000006  Align=00001  Fill=0000
/home/thomc/Workspace/cc65/lib/atari.lib(getargs.o):
    ONCE              Offs=000057  Size=0000A0  Align=00001  Fill=0000
    INIT              Offs=000000  Size=000063  Align=00001  Fill=0000
/home/thomc/Workspace/cc65/lib/atari.lib(incsp2.o):
    CODE              Offs=000277  Size=000016  Align=00001  Fill=0000
/home/thomc/Workspace/cc65/lib/atari.lib(incsp3.o):
    CODE              Offs=00028D  Size=000005  Align=00001  Fill=0000
/home/thomc/Workspace/cc65/lib/atari.lib(incsp4.o):
    CODE              Offs=000292  Size=000005  Align=00001  Fill=0000
/home/thomc/Workspace/cc65/lib/atari.lib(incsp5.o):
    CODE              Offs=000297  Size=000005  Align=00001  Fill=0000
/home/thomc/Workspace/cc65/lib/atari.lib(is_cmdline_dos.o):
    CODE              Offs=00029C  Size=000009  Align=00001  Fill=0000
/home/thomc/Workspace/cc65/lib/atari.lib(ldaxi.o):
    CODE              Offs=0002A5  Size=00000D  Align=00001  Fill=0000
/home/thomc/Workspace/cc65/lib/atari.lib(ldaxsp.o):
    CODE              Offs=0002B2  Size=000009  Align=00001  Fill=0000
/home/thomc/Workspace/cc65/lib/atari.lib(lneg.o):
    CODE              Offs=0002BB  Size=00001E  Align=00001  Fill=0000
/home/thomc/Workspace/cc65/lib/atari.lib(pusha.o):
    CODE              Offs=0002D9  Size=000016  Align=00001  Fill=0000
/home/thomc/Workspace/cc65/lib/atari.lib(pushax.o):
    CODE              Offs=0002EF  Size=00001A  Align=00001  Fill=0000
/home/thomc/Workspace/cc65/lib/atari.lib(strlen.o):
    CODE              Offs=000309  Size=000016  Align=00001  Fill=0000
/home/thomc/Workspace/cc65/lib/atari.lib(zerobss.o):
    CODE              Offs=00031F  Size=000023  Align=00001  Fill=0000
/home/thomc/Workspace/cc65/lib/atari.lib(zeropage.o):
    ZEROPAGE          Offs=000000  Size=00001A  Align=00001  Fill=0000


Segment list:
-------------
Name                   Start     End    Size  Align
----------------------------------------------------
AUTOSTRT              000000  000005  000006  00001
EXEHDR                000000  000001  000002  00001
MAINHDR               000000  000003  000004  00001
ZEROPAGE              000082  00009B  00001A  00001
STARTUP               004000  004062  000063  00001
ONCE                  004063  00415D  0000FB  00001
CODE                  00415E  00449F  000342  00001
RODATA                0044A0  004643  0001A4  00001
DATA                  004644  00466D  00002A  00001
INIT                  00466E  0046D0  000063  00001
BSS                   0046D1  0046FF  00002F  00001


Exports list by name:
---------------------
__AUTOSTART__             000001 REA    __BSS_LOAD__              0046D1 RLA    
__BSS_RUN__               0046D1 RLA    __BSS_SIZE__              00002F REA    
__CONSTRUCTOR_COUNT__     000002 REA    __CONSTRUCTOR_TABLE__     00415A RLA    
__DESTRUCTOR_COUNT__      000000 REA    __DESTRUCTOR_TABLE__      004644 RLA    
__EXEHDR__                000001 REA    __LOWCODE_RUN__           004063 RLA    
__LOWCODE_SIZE__          000000 REA    __MAIN_START__            004000 RLA    
__RESERVED_MEMORY__       000000 REA    __STACKSIZE__             000800 REA    
__STARTUP__               000001 REA    __argc                    004644 RLA    
__argv                    004646 RLA    __ctype                   004544 RLA    
__dos_type                00466D RLA    __is_cmdline_dos          0043FA RLA    
_atoi                     00431C RLA    _ciov                     004304 RLA    
_err_sio                  00426E RLA    _get_line                 0042E1 RLA    
_main                     0041C7 RLA    _print                    004291 RLA    
_siov                     00430A RLA    _strlen                   004467 RLA    
addysp                    00430F RLA    callmain                  0043B2 RLA    
detect                    00406F  LAI   donelib                   0043C9 RLA    
incsp2                    0043DD RLA    incsp3                    0043EB RLA    
incsp4                    0043F0 RLA    incsp5                    0043F5 RLA    
initlib                   004063 RLA    initmainargs              0040BB RLAI   
ldax0sp                   004410 RLA    ldaxi                     004403 RLA    
ldaxidx                   004405 RLA    ldaxysp                   004412 RLA    
negeax                    004419 RLA    ptr1                      00008A RLZ    
ptr2                      00008C RLZ    pusha                     00443B RLA    
pushax                    004451 RLA    sp                        000082 RLZ    
sreg                      000084 RLZ    start                     004001 RLA    
tmp1                      000092 RLZ    zerobss                   00447D RLA    



Exports list by value:
----------------------
__DESTRUCTOR_COUNT__      000000 REA    __RESERVED_MEMORY__       000000 REA    
__LOWCODE_SIZE__          000000 REA    __AUTOSTART__             000001 REA    
__EXEHDR__                000001 REA    __STARTUP__               000001 REA    
__CONSTRUCTOR_COUNT__     000002 REA    __BSS_SIZE__              00002F REA    
sp                        000082 RLZ    sreg                      000084 RLZ    
ptr1                      00008A RLZ    ptr2                      00008C RLZ    
tmp1                      000092 RLZ    __STACKSIZE__             000800 REA    
__MAIN_START__            004000 RLA    start                     004001 RLA    
__LOWCODE_RUN__           004063 RLA    initlib                   004063 RLA    
detect                    00406F  LAI   initmainargs              0040BB RLAI   
__CONSTRUCTOR_TABLE__     00415A RLA    _main                     0041C7 RLA    
_err_sio                  00426E RLA    _print                    004291 RLA    
_get_line                 0042E1 RLA    _ciov                     004304 RLA    
_siov                     00430A RLA    addysp                    00430F RLA    
_atoi                     00431C RLA    callmain                  0043B2 RLA    
donelib                   0043C9 RLA    incsp2                    0043DD RLA    
incsp3                    0043EB RLA    incsp4                    0043F0 RLA    
incsp5                    0043F5 RLA    __is_cmdline_dos          0043FA RLA    
ldaxi                     004403 RLA    ldaxidx                   004405 RLA    
ldax0sp                   004410 RLA    ldaxysp                   004412 RLA    
negeax                    004419 RLA    pusha                     00443B RLA    
pushax                    004451 RLA    _strlen                   004467 RLA    
zerobss                   00447D RLA    __ctype                   004544 RLA    
__argc                    004644 RLA    __DESTRUCTOR_TABLE__      004644 RLA    
__argv                    004646 RLA    __dos_type                00466D RLA    
__BSS_RUN__               0046D1 RLA    __BSS_LOAD__              0046D1 RLA    



Imports list:
-------------
__AUTOSTART__ (exetrailer.o):
    [linker generated]        src/atari.cfg(6)
__BSS_LOAD__ ([linker generated]):
    exehdr.o                  atari/exehdr.s(4)
__BSS_RUN__ ([linker generated]):
    zerobss.o                 common/zerobss.s(8)
__BSS_SIZE__ ([linker generated]):
    zerobss.o                 common/zerobss.s(8)
__CONSTRUCTOR_COUNT__ ([linker generated]):
    condes.o                  runtime/condes.s(18)
__CONSTRUCTOR_TABLE__ ([linker generated]):
    condes.o                  runtime/condes.s(18)
__DESTRUCTOR_COUNT__ ([linker generated]):
    condes.o                  runtime/condes.s(19)
__DESTRUCTOR_TABLE__ ([linker generated]):
    condes.o                  runtime/condes.s(19)
__EXEHDR__ (exehdr.o):
    [linker generated]        src/atari.cfg(5)
__LOWCODE_RUN__ ([linker generated]):
    crt0.o                    atari/crt0.s(18)
__LOWCODE_SIZE__ ([linker generated]):
    crt0.o                    atari/crt0.s(18)
__MAIN_START__ ([linker generated]):
    exehdr.o                  atari/exehdr.s(4)
__RESERVED_MEMORY__ ([linker generated]):
    crt0.o                    atari/crt0.s(16)
    [linker generated]        src/atari.cfg(19)
__STACKSIZE__ ([linker generated]):
    [linker generated]        src/atari.cfg(19)
__STARTUP__ (crt0.o):
    main.o                    src/main.s(13)
__argc (callmain.o):
    getargs.o                 atari/getargs.s(17)
__argv (callmain.o):
    getargs.o                 atari/getargs.s(17)
__ctype (ctype.o):
    atoi.o                    common/atoi.s(9)
__dos_type (dosdetect.o):
    is_cmdline_dos.o          atari/is_cmdline_dos.s(10)
    getargs.o                 atari/getargs.s(19)
__is_cmdline_dos (is_cmdline_dos.o):
    main.o                    src/main.s(15)
_atoi (atoi.o):
    main.o                    src/main.s(16)
_ciov (cio.o):
    conio.o                   src/conio.s(14)
_err_sio (err.o):
    main.o                    src/main.s(20)
_get_line (conio.o):
    main.o                    src/main.s(19)
_main (main.o):
    callmain.o                runtime/callmain.s(11)
_print (conio.o):
    err.o                     src/err.s(13)
    main.o                    src/main.s(18)
_siov (sio.o):
    main.o                    src/main.s(17)
_strlen (strlen.o):
    conio.o                   src/conio.s(13)
addysp (addysp.o):
    incsp5.o                  runtime/incsp5.s(8)
    incsp4.o                  runtime/incsp4.s(8)
    incsp3.o                  runtime/incsp3.s(8)
callmain (callmain.o):
    crt0.o                    atari/crt0.s(15)
donelib (condes.o):
    crt0.o                    atari/crt0.s(14)
incsp2 (incsp2.o):
    conio.o                   src/conio.s(99)
    main.o                    src/main.s(201)
    main.o                    src/main.s(201)
incsp3 (incsp3.o):
    conio.o                   src/conio.s(99)
incsp4 (incsp4.o):
    conio.o                   src/conio.s(99)
incsp5 (incsp5.o):
    main.o                    src/main.s(201)
initlib (condes.o):
    crt0.o                    atari/crt0.s(14)
initmainargs (getargs.o):
    main.o                    src/main.s(14)
ldax0sp (ldaxsp.o):
    conio.o                   src/conio.s(99)
    conio.o                   src/conio.s(99)
    main.o                    src/main.s(201)
    main.o                    src/main.s(201)
ldaxi (ldaxi.o):
    main.o                    src/main.s(201)
ldaxidx (ldaxi.o):
    main.o                    src/main.s(201)
ldaxysp (ldaxsp.o):
    conio.o                   src/conio.s(99)
    conio.o                   src/conio.s(99)
    main.o                    src/main.s(201)
negeax (lneg.o):
    atoi.o                    common/atoi.s(9)
ptr1 (zeropage.o):
    zerobss.o                 common/zerobss.s(9)
    ldaxi.o                   runtime/ldaxi.s(8)
    getargs.o                 atari/getargs.s(18)
    atoi.o                    common/atoi.s(10)
ptr2 (zeropage.o):
    strlen.o                  common/strlen.s(12)
    atoi.o                    common/atoi.s(10)
pusha (pusha.o):
    conio.o                   src/conio.s(99)
    main.o                    src/main.s(201)
pushax (pushax.o):
    callmain.o                runtime/callmain.s(11)
    conio.o                   src/conio.s(99)
    conio.o                   src/conio.s(99)
    main.o                    src/main.s(201)
    main.o                    src/main.s(201)
    main.o                    src/main.s(201)
sp (zeropage.o):
    addysp.o                  runtime/addysp.s(8)
    pushax.o                  runtime/pushax.s(8)
    pusha.o                   runtime/pusha.s(8)
    ldaxsp.o                  runtime/ldaxsp.s(8)
    incsp2.o                  runtime/incsp2.s(8)
    crt0.o                    /home/thomc/Workspace/cc65/asminc/zeropage.inc(11)
    conio.o                   src/conio.s(10)
    main.o                    src/main.s(10)
sreg (zeropage.o):
    lneg.o                    runtime/lneg.s(11)
    atoi.o                    common/atoi.s(10)
start (crt0.o):
    exetrailer.o              atari/exetrailer.s(4)
tmp1 (zeropage.o):
    atoi.o                    common/atoi.s(10)
zerobss (zerobss.o):
    crt0.o                    atari/crt0.s(15)

