Modules list:
-------------
sio-call.o:
    CODE              Offs=000000  Size=000051  Align=00001  Fill=0000
cio-get.o:
    CODE              Offs=000051  Size=000160  Align=00001  Fill=0000
cio-status.o:
    CODE              Offs=0001B1  Size=0000A9  Align=00001  Fill=0000
    BSS               Offs=000000  Size=000004  Align=00001  Fill=0000
cio-special.o:
    CODE              Offs=00025A  Size=0000A0  Align=00001  Fill=0000
    BSS               Offs=000004  Size=000001  Align=00001  Fill=0000
main.o:
    CODE              Offs=0002FA  Size=0000F1  Align=00001  Fill=0000
    RODATA            Offs=000000  Size=000020  Align=00001  Fill=0000
    BSS               Offs=000005  Size=00081E  Align=00001  Fill=0000
    DATA              Offs=000000  Size=000001  Align=00001  Fill=0000
misc.o:
    CODE              Offs=0003EB  Size=0000EA  Align=00001  Fill=0000
    BSS               Offs=000823  Size=000108  Align=00001  Fill=0000
cio-close.o:
    CODE              Offs=0004D5  Size=000056  Align=00001  Fill=0000
cio-open.o:
    CODE              Offs=00052B  Size=000089  Align=00001  Fill=0000
cio-put.o:
    CODE              Offs=0005B4  Size=0000E8  Align=00001  Fill=0000
conio.o:
    CODE              Offs=00069C  Size=0000B1  Align=00001  Fill=0000
cio-stubs.o:
    CODE              Offs=00074D  Size=000046  Align=00001  Fill=0000
cio.o:
    CODE              Offs=000793  Size=000006  Align=00001  Fill=0000
sio.o:
    CODE              Offs=000799  Size=000004  Align=00001  Fill=0000
/home/thomc/Workspace/cc65/lib/atari.lib(add.o):
    CODE              Offs=00079D  Size=00001C  Align=00001  Fill=0000
/home/thomc/Workspace/cc65/lib/atari.lib(addysp.o):
    CODE              Offs=0007B9  Size=00000E  Align=00001  Fill=0000
/home/thomc/Workspace/cc65/lib/atari.lib(aslax1.o):
    CODE              Offs=0007C7  Size=000008  Align=00001  Fill=0000
/home/thomc/Workspace/cc65/lib/atari.lib(callmain.o):
    CODE              Offs=0007CF  Size=000017  Align=00001  Fill=0000
    DATA              Offs=000001  Size=000004  Align=00001  Fill=0000
/home/thomc/Workspace/cc65/lib/atari.lib(condes.o):
    CODE              Offs=0007E6  Size=00000C  Align=00001  Fill=0000
    DATA              Offs=000005  Size=000025  Align=00001  Fill=0000
    ONCE              Offs=000000  Size=00000C  Align=00001  Fill=0000
/home/thomc/Workspace/cc65/lib/atari.lib(crt0.o):
    BSS               Offs=00092B  Size=000005  Align=00001  Fill=0000
    STARTUP           Offs=000000  Size=000063  Align=00001  Fill=0000
/home/thomc/Workspace/cc65/lib/atari.lib(decax1.o):
    CODE              Offs=0007F2  Size=000007  Align=00001  Fill=0000
/home/thomc/Workspace/cc65/lib/atari.lib(decsp1.o):
    CODE              Offs=0007F9  Size=000009  Align=00001  Fill=0000
/home/thomc/Workspace/cc65/lib/atari.lib(decsp2.o):
    CODE              Offs=000802  Size=00000D  Align=00001  Fill=0000
/home/thomc/Workspace/cc65/lib/atari.lib(exehdr.o):
    EXEHDR            Offs=000000  Size=000002  Align=00001  Fill=0000
    MAINHDR           Offs=000000  Size=000004  Align=00001  Fill=0000
/home/thomc/Workspace/cc65/lib/atari.lib(exetrailer.o):
    AUTOSTRT          Offs=000000  Size=000006  Align=00001  Fill=0000
/home/thomc/Workspace/cc65/lib/atari.lib(incax1.o):
    CODE              Offs=00080F  Size=000007  Align=00001  Fill=0000
/home/thomc/Workspace/cc65/lib/atari.lib(incsp1.o):
    CODE              Offs=000816  Size=000007  Align=00001  Fill=0000
/home/thomc/Workspace/cc65/lib/atari.lib(incsp2.o):
    CODE              Offs=00081D  Size=000016  Align=00001  Fill=0000
/home/thomc/Workspace/cc65/lib/atari.lib(incsp4.o):
    CODE              Offs=000833  Size=000005  Align=00001  Fill=0000
/home/thomc/Workspace/cc65/lib/atari.lib(ldaxi.o):
    CODE              Offs=000838  Size=00000D  Align=00001  Fill=0000
/home/thomc/Workspace/cc65/lib/atari.lib(ldaxsp.o):
    CODE              Offs=000845  Size=000009  Align=00001  Fill=0000
/home/thomc/Workspace/cc65/lib/atari.lib(memset.o):
    CODE              Offs=00084E  Size=00005D  Align=00001  Fill=0000
/home/thomc/Workspace/cc65/lib/atari.lib(mulax3.o):
    CODE              Offs=0008AB  Size=000011  Align=00001  Fill=0000
/home/thomc/Workspace/cc65/lib/atari.lib(pusha.o):
    CODE              Offs=0008BC  Size=000016  Align=00001  Fill=0000
/home/thomc/Workspace/cc65/lib/atari.lib(pushax.o):
    CODE              Offs=0008D2  Size=00001A  Align=00001  Fill=0000
/home/thomc/Workspace/cc65/lib/atari.lib(staspidx.o):
    CODE              Offs=0008EC  Size=000016  Align=00001  Fill=0000
/home/thomc/Workspace/cc65/lib/atari.lib(staxsp.o):
    CODE              Offs=000902  Size=00000B  Align=00001  Fill=0000
/home/thomc/Workspace/cc65/lib/atari.lib(staxspi.o):
    CODE              Offs=00090D  Size=00001B  Align=00001  Fill=0000
/home/thomc/Workspace/cc65/lib/atari.lib(strlen.o):
    CODE              Offs=000928  Size=000016  Align=00001  Fill=0000
/home/thomc/Workspace/cc65/lib/atari.lib(zerobss.o):
    CODE              Offs=00093E  Size=000023  Align=00001  Fill=0000
/home/thomc/Workspace/cc65/lib/atari.lib(zeropage.o):
    ZEROPAGE          Offs=000000  Size=00001A  Align=00001  Fill=0000


Segment list:
-------------
Name                   Start     End    Size  Align
----------------------------------------------------
AUTOSTRT              000000  000005  000006  00001
EXEHDR                000000  000001  000002  00001
MAINHDR               000000  000003  000004  00001
ZEROPAGE              0000E5  0000FE  00001A  00001
STARTUP               002200  002262  000063  00001
ONCE                  002263  00226E  00000C  00001
CODE                  00226F  002BCF  000961  00001
RODATA                002BD0  002BEF  000020  00001
DATA                  002BF0  002C19  00002A  00001
BSS                   002C1A  003549  000930  00001


Exports list by name:
---------------------
__AUTOSTART__             000001 REA    __BSS_LOAD__              002C1A RLA    
__BSS_RUN__               002C1A RLA    __BSS_SIZE__              000930 REA    
__CONSTRUCTOR_COUNT__     000000 REA    __CONSTRUCTOR_TABLE__     00226F RLA    
__DESTRUCTOR_COUNT__      000000 REA    __DESTRUCTOR_TABLE__      002BF0 RLA    
__EXEHDR__                000001 REA    __LOWCODE_RUN__           002263 RLA    
__LOWCODE_SIZE__          000000 REA    __MAIN_START__            002200 RLA    
__RESERVED_MEMORY__       000000 REA    __STACKSIZE__             000200 REA    
__STARTUP__               000001 REA    __bzero                   002ABD RLA    
__cio_close               002744 RLA    __cio_get                 0022C0 RLA    
__cio_open                00279A RLA    __cio_put                 00289C RLA    
__cio_special             0024C9 RLA    __cio_status              002484 RLA    
__cio_status_poll         002420 RLA    __siov                    002A08 RLA    
_aux1_save                00343D RLA    _aux2_save                003441 RLA    
_aux_save                 00265A RLA    _buffer_rx                002C31 RLA    
_buffer_rx_len            003431 RLA    _buffer_tx                003031 RLA    
_buffer_tx_len            003435 RLA    _cio_close                0029C3 RLA    
_cio_get                  0029CD RLA    _cio_open                 0029D7 RLA    
_cio_put                  0029E1 RLA    _cio_put_flush            002823 RLA    
_cio_special              0029EE RLA    _cio_status               0029F8 RLA    
_ciov                     002A02 RLA    _clear_rx_buffer          00268C RLA    
_clear_tx_buffer          0026E8 RLA    _err                      002C30 RLA    
_intr                     0029BC RLA    _main                     002569 RLA    
_print                    00290B RLA    _ret                      002C2F RLA    
_rp                       003439 RLA    _siov                     00226F RLA    
_strlen                   002B97 RLA    _tp                       00343B RLA    
_trip                     002BF0 RLA    addysp                    002A29 RLA    
aslax1                    002A36 RLA    callmain                  002A3E RLA    
decax1                    002A61 RLA    decsp1                    002A68 RLA    
decsp2                    002A71 RLA    donelib                   002A55 RLA    
incax1                    002A7E RLA    incsp1                    002A85 RLA    
incsp2                    002A94 RLA    incsp4                    002AA2 RLA    
initlib                   002263 RLA    ldax0sp                   002AB4 RLA    
ldaxi                     002AA7 RLA    ldaxysp                   002AB6 RLA    
mulax3                    002B1A RLA    popax                     002A8C RLA    
ptr1                      0000ED RLZ    ptr2                      0000EF RLZ    
ptr3                      0000F1 RLZ    push0                     002B41 RLA    
pusha                     002B2F RLA    pusha0                    002B43 RLA    
pushax                    002B45 RLA    regsave                   0000E9 RLZ    
sp                        0000E5 RLZ    start                     002201 RLA    
staspidx                  002B5B RLA    stax0sp                   002B71 RLA    
staxspidx                 002B7C RLA    tmp1                      0000F5 RLZ    
tosadda0                  002A0C RLA    zerobss                   002BAD RLA    



Exports list by value:
----------------------
__DESTRUCTOR_COUNT__      000000 REA    __LOWCODE_SIZE__          000000 REA    
__RESERVED_MEMORY__       000000 REA    __CONSTRUCTOR_COUNT__     000000 REA    
__AUTOSTART__             000001 REA    __EXEHDR__                000001 REA    
__STARTUP__               000001 REA    sp                        0000E5 RLZ    
regsave                   0000E9 RLZ    ptr1                      0000ED RLZ    
ptr2                      0000EF RLZ    ptr3                      0000F1 RLZ    
tmp1                      0000F5 RLZ    __STACKSIZE__             000200 REA    
__BSS_SIZE__              000930 REA    __MAIN_START__            002200 RLA    
start                     002201 RLA    initlib                   002263 RLA    
__LOWCODE_RUN__           002263 RLA    _siov                     00226F RLA    
__CONSTRUCTOR_TABLE__     00226F RLA    __cio_get                 0022C0 RLA    
__cio_status_poll         002420 RLA    __cio_status              002484 RLA    
__cio_special             0024C9 RLA    _main                     002569 RLA    
_aux_save                 00265A RLA    _clear_rx_buffer          00268C RLA    
_clear_tx_buffer          0026E8 RLA    __cio_close               002744 RLA    
__cio_open                00279A RLA    _cio_put_flush            002823 RLA    
__cio_put                 00289C RLA    _print                    00290B RLA    
_intr                     0029BC RLA    _cio_close                0029C3 RLA    
_cio_get                  0029CD RLA    _cio_open                 0029D7 RLA    
_cio_put                  0029E1 RLA    _cio_special              0029EE RLA    
_cio_status               0029F8 RLA    _ciov                     002A02 RLA    
__siov                    002A08 RLA    tosadda0                  002A0C RLA    
addysp                    002A29 RLA    aslax1                    002A36 RLA    
callmain                  002A3E RLA    donelib                   002A55 RLA    
decax1                    002A61 RLA    decsp1                    002A68 RLA    
decsp2                    002A71 RLA    incax1                    002A7E RLA    
incsp1                    002A85 RLA    popax                     002A8C RLA    
incsp2                    002A94 RLA    incsp4                    002AA2 RLA    
ldaxi                     002AA7 RLA    ldax0sp                   002AB4 RLA    
ldaxysp                   002AB6 RLA    __bzero                   002ABD RLA    
mulax3                    002B1A RLA    pusha                     002B2F RLA    
push0                     002B41 RLA    pusha0                    002B43 RLA    
pushax                    002B45 RLA    staspidx                  002B5B RLA    
stax0sp                   002B71 RLA    staxspidx                 002B7C RLA    
_strlen                   002B97 RLA    zerobss                   002BAD RLA    
__DESTRUCTOR_TABLE__      002BF0 RLA    _trip                     002BF0 RLA    
__BSS_LOAD__              002C1A RLA    __BSS_RUN__               002C1A RLA    
_ret                      002C2F RLA    _err                      002C30 RLA    
_buffer_rx                002C31 RLA    _buffer_tx                003031 RLA    
_buffer_rx_len            003431 RLA    _buffer_tx_len            003435 RLA    
_rp                       003439 RLA    _tp                       00343B RLA    
_aux1_save                00343D RLA    _aux2_save                003441 RLA    



Imports list:
-------------
__AUTOSTART__ (exetrailer.o):
    [linker generated]        src/atari.cfg(6)
__BSS_LOAD__ ([linker generated]):
    exehdr.o                  atari/exehdr.s(4)
__BSS_RUN__ ([linker generated]):
    zerobss.o                 common/zerobss.s(8)
__BSS_SIZE__ ([linker generated]):
    zerobss.o                 common/zerobss.s(8)
__CONSTRUCTOR_COUNT__ ([linker generated]):
    condes.o                  runtime/condes.s(18)
__CONSTRUCTOR_TABLE__ ([linker generated]):
    condes.o                  runtime/condes.s(18)
__DESTRUCTOR_COUNT__ ([linker generated]):
    condes.o                  runtime/condes.s(19)
__DESTRUCTOR_TABLE__ ([linker generated]):
    condes.o                  runtime/condes.s(19)
__EXEHDR__ (exehdr.o):
    [linker generated]        src/atari.cfg(5)
__LOWCODE_RUN__ ([linker generated]):
    crt0.o                    atari/crt0.s(18)
__LOWCODE_SIZE__ ([linker generated]):
    crt0.o                    atari/crt0.s(18)
__MAIN_START__ ([linker generated]):
    exehdr.o                  atari/exehdr.s(4)
__RESERVED_MEMORY__ ([linker generated]):
    crt0.o                    atari/crt0.s(16)
    [linker generated]        src/atari.cfg(19)
__STACKSIZE__ ([linker generated]):
    [linker generated]        src/atari.cfg(19)
__STARTUP__ (crt0.o):
    main.o                    src/main.s(13)
__bzero (memset.o):
    misc.o                    src/misc.s(232)
    misc.o                    src/misc.s(232)
__cio_close (cio-close.o):
    cio-stubs.o               src/cio-stubs.s(8)
__cio_get (cio-get.o):
    cio-stubs.o               src/cio-stubs.s(8)
__cio_open (cio-open.o):
    cio-stubs.o               src/cio-stubs.s(8)
__cio_put (cio-put.o):
    cio-stubs.o               src/cio-stubs.s(8)
__cio_special (cio-special.o):
    cio-stubs.o               src/cio-stubs.s(8)
__cio_status (cio-status.o):
    cio-stubs.o               src/cio-stubs.s(8)
    cio-put.o                 src/cio-put.s(19)
__cio_status_poll (cio-status.o):
    main.o                    src/main.s(21)
    cio-get.o                 src/cio-get.s(20)
__siov (sio.o):
    sio-call.o                src/sio-call.s(13)
_aux1_save (misc.o):
    cio-open.o                src/cio-open.s(19)
    cio-close.o               src/cio-close.s(16)
_aux2_save (misc.o):
    cio-open.o                src/cio-open.s(20)
    cio-close.o               src/cio-close.s(17)
_aux_save (misc.o):
    cio-open.o                src/cio-open.s(14)
_buffer_rx (main.o):
    misc.o                    src/misc.s(22)
    cio-get.o                 src/cio-get.s(17)
_buffer_rx_len (main.o):
    misc.o                    src/misc.s(19)
    cio-status.o              src/cio-status.s(17)
    cio-get.o                 src/cio-get.s(18)
_buffer_tx (main.o):
    cio-put.o                 src/cio-put.s(18)
    misc.o                    src/misc.s(21)
    cio-special.o             src/cio-special.s(16)
_buffer_tx_len (main.o):
    cio-put.o                 src/cio-put.s(17)
    misc.o                    src/misc.s(20)
_cio_close (cio-stubs.o):
    main.o                    src/main.s(17)
_cio_get (cio-stubs.o):
    main.o                    src/main.s(18)
_cio_open (cio-stubs.o):
    main.o                    src/main.s(16)
_cio_put (cio-stubs.o):
    main.o                    src/main.s(19)
_cio_put_flush (cio-put.o):
    cio-close.o               src/cio-close.s(19)
    cio-special.o             src/cio-special.s(17)
_cio_special (cio-stubs.o):
    main.o                    src/main.s(22)
_cio_status (cio-stubs.o):
    main.o                    src/main.s(20)
_ciov (cio.o):
    conio.o                   src/conio.s(14)
_clear_rx_buffer (misc.o):
    cio-open.o                src/cio-open.s(15)
_clear_tx_buffer (misc.o):
    cio-put.o                 src/cio-put.s(14)
    cio-open.o                src/cio-open.s(16)
_err (main.o):
    cio-stubs.o               src/cio-stubs.s(6)
    cio-put.o                 src/cio-put.s(15)
    cio-open.o                src/cio-open.s(17)
    cio-close.o               src/cio-close.s(14)
    cio-special.o             src/cio-special.s(14)
    cio-status.o              src/cio-status.s(15)
    cio-get.o                 src/cio-get.s(14)
_intr (cio-stubs.o):
    main.o                    src/main.s(23)
_main (main.o):
    callmain.o                runtime/callmain.s(11)
_print (conio.o):
    main.o                    src/main.s(14)
_ret (main.o):
    cio-stubs.o               src/cio-stubs.s(5)
    cio-put.o                 src/cio-put.s(16)
    cio-open.o                src/cio-open.s(18)
    cio-close.o               src/cio-close.s(15)
    cio-special.o             src/cio-special.s(15)
    cio-status.o              src/cio-status.s(16)
    cio-get.o                 src/cio-get.s(15)
_rp (main.o):
    misc.o                    src/misc.s(24)
    cio-get.o                 src/cio-get.s(16)
_siov (sio-call.o):
    cio-put.o                 src/cio-put.s(13)
    cio-open.o                src/cio-open.s(13)
    cio-close.o               src/cio-close.s(13)
    cio-special.o             src/cio-special.s(13)
    cio-status.o              src/cio-status.s(14)
    cio-get.o                 src/cio-get.s(13)
_strlen (strlen.o):
    conio.o                   src/conio.s(13)
_tp (main.o):
    misc.o                    src/misc.s(23)
_trip (main.o):
    cio-stubs.o               src/cio-stubs.s(7)
    cio-open.o                src/cio-open.s(21)
    cio-close.o               src/cio-close.s(18)
    cio-status.o              src/cio-status.s(18)
    cio-get.o                 src/cio-get.s(19)
addysp (addysp.o):
    incsp4.o                  runtime/incsp4.s(8)
    sio-call.o                src/sio-call.s(63)
aslax1 (aslax1.o):
    misc.o                    src/misc.s(232)
    misc.o                    src/misc.s(232)
    cio-get.o                 src/cio-get.s(208)
callmain (callmain.o):
    crt0.o                    atari/crt0.s(15)
decax1 (decax1.o):
    cio-put.o                 src/cio-put.s(161)
    cio-put.o                 src/cio-put.s(161)
    misc.o                    src/misc.s(232)
    misc.o                    src/misc.s(232)
    main.o                    src/main.s(190)
    cio-status.o              src/cio-status.s(125)
    cio-get.o                 src/cio-get.s(208)
decsp1 (decsp1.o):
    conio.o                   src/conio.s(133)
    main.o                    src/main.s(190)
decsp2 (decsp2.o):
    cio-status.o              src/cio-status.s(125)
donelib (condes.o):
    crt0.o                    atari/crt0.s(14)
incax1 (incax1.o):
    cio-get.o                 src/cio-get.s(208)
incsp1 (incsp1.o):
    misc.o                    src/misc.s(232)
    main.o                    src/main.s(190)
incsp2 (incsp2.o):
    staxspi.o                 runtime/staxspi.s(9)
    staspidx.o                runtime/staspidx.s(8)
    conio.o                   src/conio.s(133)
    misc.o                    src/misc.s(232)
    misc.o                    src/misc.s(232)
    cio-status.o              src/cio-status.s(125)
incsp4 (incsp4.o):
    conio.o                   src/conio.s(133)
    conio.o                   src/conio.s(133)
initlib (condes.o):
    crt0.o                    atari/crt0.s(14)
ldax0sp (ldaxsp.o):
    conio.o                   src/conio.s(133)
    conio.o                   src/conio.s(133)
    misc.o                    src/misc.s(232)
ldaxi (ldaxi.o):
    cio-get.o                 src/cio-get.s(208)
ldaxysp (ldaxsp.o):
    conio.o                   src/conio.s(133)
    conio.o                   src/conio.s(133)
    sio-call.o                src/sio-call.s(63)
mulax3 (mulax3.o):
    main.o                    src/main.s(190)
popax (incsp2.o):
    memset.o                  common/memset.s(19)
ptr1 (zeropage.o):
    zerobss.o                 common/zerobss.s(9)
    staxspi.o                 runtime/staxspi.s(10)
    staspidx.o                runtime/staspidx.s(9)
    mulax3.o                  runtime/mulax3.s(9)
    memset.o                  common/memset.s(20)
    ldaxi.o                   runtime/ldaxi.s(8)
    conio.o                   src/conio.s(11)
    cio-put.o                 src/cio-put.s(11)
    misc.o                    src/misc.s(11)
    main.o                    src/main.s(11)
    cio-status.o              src/cio-status.s(11)
    cio-get.o                 src/cio-get.s(11)
ptr2 (zeropage.o):
    strlen.o                  common/strlen.s(12)
    memset.o                  common/memset.s(20)
ptr3 (zeropage.o):
    memset.o                  common/memset.s(20)
push0 (pushax.o):
    cio-close.o               src/cio-close.s(70)
pusha (pusha.o):
    conio.o                   src/conio.s(133)
    cio-put.o                 src/cio-put.s(161)
    cio-open.o                src/cio-open.s(91)
    cio-close.o               src/cio-close.s(70)
    misc.o                    src/misc.s(232)
    cio-special.o             src/cio-special.s(107)
    cio-status.o              src/cio-status.s(125)
    cio-get.o                 src/cio-get.s(208)
    sio-call.o                src/sio-call.s(63)
pusha0 (pushax.o):
    cio-put.o                 src/cio-put.s(161)
    cio-special.o             src/cio-special.s(107)
    cio-status.o              src/cio-status.s(125)
    cio-get.o                 src/cio-get.s(208)
pushax (pushax.o):
    callmain.o                runtime/callmain.s(11)
    conio.o                   src/conio.s(133)
    conio.o                   src/conio.s(133)
    cio-put.o                 src/cio-put.s(161)
    cio-put.o                 src/cio-put.s(161)
    cio-open.o                src/cio-open.s(91)
    cio-close.o               src/cio-close.s(70)
    misc.o                    src/misc.s(232)
    misc.o                    src/misc.s(232)
    misc.o                    src/misc.s(232)
    misc.o                    src/misc.s(232)
    cio-special.o             src/cio-special.s(107)
    cio-status.o              src/cio-status.s(125)
    cio-get.o                 src/cio-get.s(208)
regsave (zeropage.o):
    cio-get.o                 src/cio-get.s(10)
sp (zeropage.o):
    staxspi.o                 runtime/staxspi.s(10)
    staxsp.o                  runtime/staxsp.s(8)
    staspidx.o                runtime/staspidx.s(9)
    pushax.o                  runtime/pushax.s(8)
    pusha.o                   runtime/pusha.s(8)
    memset.o                  common/memset.s(20)
    ldaxsp.o                  runtime/ldaxsp.s(8)
    incsp2.o                  runtime/incsp2.s(8)
    incsp1.o                  runtime/incsp1.s(8)
    decsp2.o                  runtime/decsp2.s(8)
    decsp1.o                  runtime/decsp1.s(8)
    crt0.o                    /home/thomc/Workspace/cc65/asminc/zeropage.inc(11)
    addysp.o                  runtime/addysp.s(8)
    add.o                     runtime/add.s(12)
    conio.o                   src/conio.s(10)
    misc.o                    src/misc.s(10)
    main.o                    src/main.s(10)
    cio-status.o              src/cio-status.s(10)
    sio-call.o                src/sio-call.s(10)
start (crt0.o):
    exetrailer.o              atari/exetrailer.s(4)
staspidx (staspidx.o):
    cio-put.o                 src/cio-put.s(161)
    cio-close.o               src/cio-close.s(70)
    cio-get.o                 src/cio-get.s(208)
stax0sp (staxsp.o):
    cio-status.o              src/cio-status.s(125)
staxspidx (staxspi.o):
    misc.o                    src/misc.s(232)
    misc.o                    src/misc.s(232)
    cio-get.o                 src/cio-get.s(208)
tmp1 (zeropage.o):
    staxspi.o                 runtime/staxspi.s(10)
    staspidx.o                runtime/staspidx.s(9)
    aslax1.o                  runtime/aslax1.s(8)
    add.o                     runtime/add.s(12)
tosadda0 (add.o):
    cio-put.o                 src/cio-put.s(161)
zerobss (zerobss.o):
    crt0.o                    atari/crt0.s(15)

