Modules list:
-------------
sio-call.o:
    CODE              Offs=000000  Size=000051  Align=00001  Fill=0000
cio-get.o:
    CODE              Offs=000051  Size=000163  Align=00001  Fill=0000
cio-status.o:
    CODE              Offs=0001B4  Size=0000AA  Align=00001  Fill=0000
    BSS               Offs=000000  Size=000004  Align=00001  Fill=0000
cio-special.o:
    CODE              Offs=00025E  Size=0000A0  Align=00001  Fill=0000
    BSS               Offs=000004  Size=000001  Align=00001  Fill=0000
main.o:
    CODE              Offs=0002FE  Size=0000F1  Align=00001  Fill=0000
    RODATA            Offs=000000  Size=000020  Align=00001  Fill=0000
    BSS               Offs=000005  Size=00081E  Align=00001  Fill=0000
    DATA              Offs=000000  Size=000001  Align=00001  Fill=0000
misc.o:
    CODE              Offs=0003EF  Size=000102  Align=00001  Fill=0000
    BSS               Offs=000823  Size=000108  Align=00001  Fill=0000
cio-close.o:
    CODE              Offs=0004F1  Size=000053  Align=00001  Fill=0000
cio-open.o:
    CODE              Offs=000544  Size=000084  Align=00001  Fill=0000
cio-put.o:
    CODE              Offs=0005C8  Size=0000E8  Align=00001  Fill=0000
conio.o:
    CODE              Offs=0006B0  Size=0000B1  Align=00001  Fill=0000
cio-stubs.o:
    CODE              Offs=000761  Size=00006A  Align=00001  Fill=0000
cio.o:
    CODE              Offs=0007CB  Size=000006  Align=00001  Fill=0000
sio.o:
    CODE              Offs=0007D1  Size=000004  Align=00001  Fill=0000
/home/thomc/Workspace/cc65/lib/atari.lib(add.o):
    CODE              Offs=0007D5  Size=00001C  Align=00001  Fill=0000
/home/thomc/Workspace/cc65/lib/atari.lib(addysp.o):
    CODE              Offs=0007F1  Size=00000E  Align=00001  Fill=0000
/home/thomc/Workspace/cc65/lib/atari.lib(aslax1.o):
    CODE              Offs=0007FF  Size=000008  Align=00001  Fill=0000
/home/thomc/Workspace/cc65/lib/atari.lib(callmain.o):
    CODE              Offs=000807  Size=000017  Align=00001  Fill=0000
    DATA              Offs=000001  Size=000004  Align=00001  Fill=0000
/home/thomc/Workspace/cc65/lib/atari.lib(condes.o):
    CODE              Offs=00081E  Size=00000C  Align=00001  Fill=0000
    DATA              Offs=000005  Size=000025  Align=00001  Fill=0000
    ONCE              Offs=000000  Size=00000C  Align=00001  Fill=0000
/home/thomc/Workspace/cc65/lib/atari.lib(crt0.o):
    BSS               Offs=00092B  Size=000005  Align=00001  Fill=0000
    STARTUP           Offs=000000  Size=000063  Align=00001  Fill=0000
/home/thomc/Workspace/cc65/lib/atari.lib(decax1.o):
    CODE              Offs=00082A  Size=000007  Align=00001  Fill=0000
/home/thomc/Workspace/cc65/lib/atari.lib(decsp1.o):
    CODE              Offs=000831  Size=000009  Align=00001  Fill=0000
/home/thomc/Workspace/cc65/lib/atari.lib(decsp2.o):
    CODE              Offs=00083A  Size=00000D  Align=00001  Fill=0000
/home/thomc/Workspace/cc65/lib/atari.lib(exehdr.o):
    EXEHDR            Offs=000000  Size=000002  Align=00001  Fill=0000
    MAINHDR           Offs=000000  Size=000004  Align=00001  Fill=0000
/home/thomc/Workspace/cc65/lib/atari.lib(exetrailer.o):
    AUTOSTRT          Offs=000000  Size=000006  Align=00001  Fill=0000
/home/thomc/Workspace/cc65/lib/atari.lib(incax1.o):
    CODE              Offs=000847  Size=000007  Align=00001  Fill=0000
/home/thomc/Workspace/cc65/lib/atari.lib(incsp1.o):
    CODE              Offs=00084E  Size=000007  Align=00001  Fill=0000
/home/thomc/Workspace/cc65/lib/atari.lib(incsp2.o):
    CODE              Offs=000855  Size=000016  Align=00001  Fill=0000
/home/thomc/Workspace/cc65/lib/atari.lib(incsp4.o):
    CODE              Offs=00086B  Size=000005  Align=00001  Fill=0000
/home/thomc/Workspace/cc65/lib/atari.lib(ldaxi.o):
    CODE              Offs=000870  Size=00000D  Align=00001  Fill=0000
/home/thomc/Workspace/cc65/lib/atari.lib(ldaxsp.o):
    CODE              Offs=00087D  Size=000009  Align=00001  Fill=0000
/home/thomc/Workspace/cc65/lib/atari.lib(memset.o):
    CODE              Offs=000886  Size=00005D  Align=00001  Fill=0000
/home/thomc/Workspace/cc65/lib/atari.lib(mulax3.o):
    CODE              Offs=0008E3  Size=000011  Align=00001  Fill=0000
/home/thomc/Workspace/cc65/lib/atari.lib(pusha.o):
    CODE              Offs=0008F4  Size=000016  Align=00001  Fill=0000
/home/thomc/Workspace/cc65/lib/atari.lib(pushax.o):
    CODE              Offs=00090A  Size=00001A  Align=00001  Fill=0000
/home/thomc/Workspace/cc65/lib/atari.lib(staspidx.o):
    CODE              Offs=000924  Size=000016  Align=00001  Fill=0000
/home/thomc/Workspace/cc65/lib/atari.lib(staxsp.o):
    CODE              Offs=00093A  Size=00000B  Align=00001  Fill=0000
/home/thomc/Workspace/cc65/lib/atari.lib(staxspi.o):
    CODE              Offs=000945  Size=00001B  Align=00001  Fill=0000
/home/thomc/Workspace/cc65/lib/atari.lib(strlen.o):
    CODE              Offs=000960  Size=000016  Align=00001  Fill=0000
/home/thomc/Workspace/cc65/lib/atari.lib(zerobss.o):
    CODE              Offs=000976  Size=000023  Align=00001  Fill=0000
/home/thomc/Workspace/cc65/lib/atari.lib(zeropage.o):
    ZEROPAGE          Offs=000000  Size=00001A  Align=00001  Fill=0000


Segment list:
-------------
Name                   Start     End    Size  Align
----------------------------------------------------
AUTOSTRT              000000  000005  000006  00001
EXEHDR                000000  000001  000002  00001
MAINHDR               000000  000003  000004  00001
ZEROPAGE              0000E5  0000FE  00001A  00001
STARTUP               002180  0021E2  000063  00001
ONCE                  0021E3  0021EE  00000C  00001
CODE                  0021EF  002B87  000999  00001
RODATA                002B88  002BA7  000020  00001
DATA                  002BA8  002BD1  00002A  00001
BSS                   002BD2  003501  000930  00001


Exports list by name:
---------------------
__AUTOSTART__             000001 REA    __BSS_LOAD__              002BD2 RLA    
__BSS_RUN__               002BD2 RLA    __BSS_SIZE__              000930 REA    
__CONSTRUCTOR_COUNT__     000000 REA    __CONSTRUCTOR_TABLE__     0021EF RLA    
__DESTRUCTOR_COUNT__      000000 REA    __DESTRUCTOR_TABLE__      002BA8 RLA    
__EXEHDR__                000001 REA    __LOWCODE_RUN__           0021E3 RLA    
__LOWCODE_SIZE__          000000 REA    __MAIN_START__            002180 RLA    
__RESERVED_MEMORY__       000000 REA    __STACKSIZE__             000200 REA    
__STARTUP__               000001 REA    __bzero                   002A75 RLA    
__cio_close               0026E0 RLA    __cio_get                 002240 RLA    
__cio_open                002733 RLA    __cio_put                 002830 RLA    
__cio_special             00244D RLA    __cio_status              0023FB RLA    
__cio_status_poll         0023A3 RLA    __siov                    0029C0 RLA    
_aux1_save                0033F5 RLA    _aux2_save                0033F9 RLA    
_aux_save                 0025DE RLA    _buffer_rx                002BE9 RLA    
_buffer_rx_len            0033E9 RLA    _buffer_tx                002FE9 RLA    
_buffer_tx_len            0033ED RLA    _cio_close                002957 RLA    
_cio_get                  002967 RLA    _cio_open                 002977 RLA    
_cio_put                  002987 RLA    _cio_put_flush            0027B7 RLA    
_cio_special              00299A RLA    _cio_status               0029AA RLA    
_ciov                     0029BA RLA    _clear_rx_buffer          002610 RLA    
_clear_tx_buffer          00266C RLA    _err                      002BE8 RLA    
_intr                     002950 RLA    _main                     0024ED RLA    
_print                    00289F RLA    _ret                      002BE7 RLA    
_rp                       0033F1 RLA    _siov                     0021EF RLA    
_strlen                   002B4F RLA    _tp                       0033F3 RLA    
_trip                     002BA8 RLA    _zp_restore               0026D4 RLA    
_zp_save                  0026C8 RLA    addysp                    0029E1 RLA    
aslax1                    0029EE RLA    callmain                  0029F6 RLA    
decax1                    002A19 RLA    decsp1                    002A20 RLA    
decsp2                    002A29 RLA    donelib                   002A0D RLA    
incax1                    002A36 RLA    incsp1                    002A3D RLA    
incsp2                    002A4C RLA    incsp4                    002A5A RLA    
initlib                   0021E3 RLA    ldax0sp                   002A6C RLA    
ldaxi                     002A5F RLA    ldaxysp                   002A6E RLA    
mulax3                    002AD2 RLA    popax                     002A44 RLA    
ptr1                      0000ED RLZ    ptr2                      0000EF RLZ    
ptr3                      0000F1 RLZ    push0                     002AF9 RLA    
pusha                     002AE7 RLA    pusha0                    002AFB RLA    
pushax                    002AFD RLA    regsave                   0000E9 RLZ    
sp                        0000E5 RLZ    start                     002181 RLA    
staspidx                  002B13 RLA    stax0sp                   002B29 RLA    
staxspidx                 002B34 RLA    tmp1                      0000F5 RLZ    
tosadda0                  0029C4 RLA    zerobss                   002B65 RLA    



Exports list by value:
----------------------
__DESTRUCTOR_COUNT__      000000 REA    __CONSTRUCTOR_COUNT__     000000 REA    
__LOWCODE_SIZE__          000000 REA    __RESERVED_MEMORY__       000000 REA    
__EXEHDR__                000001 REA    __AUTOSTART__             000001 REA    
__STARTUP__               000001 REA    sp                        0000E5 RLZ    
regsave                   0000E9 RLZ    ptr1                      0000ED RLZ    
ptr2                      0000EF RLZ    ptr3                      0000F1 RLZ    
tmp1                      0000F5 RLZ    __STACKSIZE__             000200 REA    
__BSS_SIZE__              000930 REA    __MAIN_START__            002180 RLA    
start                     002181 RLA    initlib                   0021E3 RLA    
__LOWCODE_RUN__           0021E3 RLA    __CONSTRUCTOR_TABLE__     0021EF RLA    
_siov                     0021EF RLA    __cio_get                 002240 RLA    
__cio_status_poll         0023A3 RLA    __cio_status              0023FB RLA    
__cio_special             00244D RLA    _main                     0024ED RLA    
_aux_save                 0025DE RLA    _clear_rx_buffer          002610 RLA    
_clear_tx_buffer          00266C RLA    _zp_save                  0026C8 RLA    
_zp_restore               0026D4 RLA    __cio_close               0026E0 RLA    
__cio_open                002733 RLA    _cio_put_flush            0027B7 RLA    
__cio_put                 002830 RLA    _print                    00289F RLA    
_intr                     002950 RLA    _cio_close                002957 RLA    
_cio_get                  002967 RLA    _cio_open                 002977 RLA    
_cio_put                  002987 RLA    _cio_special              00299A RLA    
_cio_status               0029AA RLA    _ciov                     0029BA RLA    
__siov                    0029C0 RLA    tosadda0                  0029C4 RLA    
addysp                    0029E1 RLA    aslax1                    0029EE RLA    
callmain                  0029F6 RLA    donelib                   002A0D RLA    
decax1                    002A19 RLA    decsp1                    002A20 RLA    
decsp2                    002A29 RLA    incax1                    002A36 RLA    
incsp1                    002A3D RLA    popax                     002A44 RLA    
incsp2                    002A4C RLA    incsp4                    002A5A RLA    
ldaxi                     002A5F RLA    ldax0sp                   002A6C RLA    
ldaxysp                   002A6E RLA    __bzero                   002A75 RLA    
mulax3                    002AD2 RLA    pusha                     002AE7 RLA    
push0                     002AF9 RLA    pusha0                    002AFB RLA    
pushax                    002AFD RLA    staspidx                  002B13 RLA    
stax0sp                   002B29 RLA    staxspidx                 002B34 RLA    
_strlen                   002B4F RLA    zerobss                   002B65 RLA    
_trip                     002BA8 RLA    __DESTRUCTOR_TABLE__      002BA8 RLA    
__BSS_RUN__               002BD2 RLA    __BSS_LOAD__              002BD2 RLA    
_ret                      002BE7 RLA    _err                      002BE8 RLA    
_buffer_rx                002BE9 RLA    _buffer_tx                002FE9 RLA    
_buffer_rx_len            0033E9 RLA    _buffer_tx_len            0033ED RLA    
_rp                       0033F1 RLA    _tp                       0033F3 RLA    
_aux1_save                0033F5 RLA    _aux2_save                0033F9 RLA    



Imports list:
-------------
__AUTOSTART__ (exetrailer.o):
    [linker generated]        src/atari.cfg(6)
__BSS_LOAD__ ([linker generated]):
    exehdr.o                  atari/exehdr.s(4)
__BSS_RUN__ ([linker generated]):
    zerobss.o                 common/zerobss.s(8)
__BSS_SIZE__ ([linker generated]):
    zerobss.o                 common/zerobss.s(8)
__CONSTRUCTOR_COUNT__ ([linker generated]):
    condes.o                  runtime/condes.s(18)
__CONSTRUCTOR_TABLE__ ([linker generated]):
    condes.o                  runtime/condes.s(18)
__DESTRUCTOR_COUNT__ ([linker generated]):
    condes.o                  runtime/condes.s(19)
__DESTRUCTOR_TABLE__ ([linker generated]):
    condes.o                  runtime/condes.s(19)
__EXEHDR__ (exehdr.o):
    [linker generated]        src/atari.cfg(5)
__LOWCODE_RUN__ ([linker generated]):
    crt0.o                    atari/crt0.s(18)
__LOWCODE_SIZE__ ([linker generated]):
    crt0.o                    atari/crt0.s(18)
__MAIN_START__ ([linker generated]):
    exehdr.o                  atari/exehdr.s(4)
__RESERVED_MEMORY__ ([linker generated]):
    crt0.o                    atari/crt0.s(16)
    [linker generated]        src/atari.cfg(19)
__STACKSIZE__ ([linker generated]):
    [linker generated]        src/atari.cfg(19)
__STARTUP__ (crt0.o):
    main.o                    src/main.s(13)
__bzero (memset.o):
    misc.o                    src/misc.s(273)
    misc.o                    src/misc.s(273)
__cio_close (cio-close.o):
    cio-stubs.o               src/cio-stubs.s(9)
__cio_get (cio-get.o):
    cio-stubs.o               src/cio-stubs.s(9)
__cio_open (cio-open.o):
    cio-stubs.o               src/cio-stubs.s(9)
__cio_put (cio-put.o):
    cio-stubs.o               src/cio-stubs.s(9)
__cio_special (cio-special.o):
    cio-stubs.o               src/cio-stubs.s(9)
__cio_status (cio-status.o):
    cio-stubs.o               src/cio-stubs.s(9)
    cio-put.o                 src/cio-put.s(19)
__cio_status_poll (cio-status.o):
    main.o                    src/main.s(21)
    cio-get.o                 src/cio-get.s(19)
__siov (sio.o):
    sio-call.o                src/sio-call.s(13)
_aux1_save (misc.o):
    cio-open.o                src/cio-open.s(19)
    cio-close.o               src/cio-close.s(16)
_aux2_save (misc.o):
    cio-open.o                src/cio-open.s(20)
    cio-close.o               src/cio-close.s(17)
_aux_save (misc.o):
    cio-open.o                src/cio-open.s(14)
_buffer_rx (main.o):
    misc.o                    src/misc.s(25)
    cio-get.o                 src/cio-get.s(17)
_buffer_rx_len (main.o):
    misc.o                    src/misc.s(22)
    cio-status.o              src/cio-status.s(17)
    cio-get.o                 src/cio-get.s(18)
_buffer_tx (main.o):
    cio-put.o                 src/cio-put.s(18)
    misc.o                    src/misc.s(24)
    cio-special.o             src/cio-special.s(16)
_buffer_tx_len (main.o):
    cio-put.o                 src/cio-put.s(17)
    misc.o                    src/misc.s(23)
_cio_close (cio-stubs.o):
    main.o                    src/main.s(17)
_cio_get (cio-stubs.o):
    main.o                    src/main.s(18)
_cio_open (cio-stubs.o):
    main.o                    src/main.s(16)
_cio_put (cio-stubs.o):
    main.o                    src/main.s(19)
_cio_put_flush (cio-put.o):
    cio-close.o               src/cio-close.s(18)
    cio-special.o             src/cio-special.s(17)
_cio_special (cio-stubs.o):
    main.o                    src/main.s(22)
_cio_status (cio-stubs.o):
    main.o                    src/main.s(20)
_ciov (cio.o):
    conio.o                   src/conio.s(14)
_clear_rx_buffer (misc.o):
    cio-open.o                src/cio-open.s(15)
_clear_tx_buffer (misc.o):
    cio-put.o                 src/cio-put.s(14)
    cio-open.o                src/cio-open.s(16)
_err (main.o):
    cio-stubs.o               src/cio-stubs.s(6)
    cio-put.o                 src/cio-put.s(15)
    cio-open.o                src/cio-open.s(17)
    cio-close.o               src/cio-close.s(14)
    cio-special.o             src/cio-special.s(14)
    cio-status.o              src/cio-status.s(15)
    cio-get.o                 src/cio-get.s(14)
_intr (cio-stubs.o):
    main.o                    src/main.s(23)
_main (main.o):
    callmain.o                runtime/callmain.s(11)
_print (conio.o):
    main.o                    src/main.s(14)
_ret (main.o):
    cio-stubs.o               src/cio-stubs.s(5)
    cio-put.o                 src/cio-put.s(16)
    cio-open.o                src/cio-open.s(18)
    cio-close.o               src/cio-close.s(15)
    cio-special.o             src/cio-special.s(15)
    cio-status.o              src/cio-status.s(16)
    cio-get.o                 src/cio-get.s(15)
_rp (main.o):
    misc.o                    src/misc.s(27)
    cio-get.o                 src/cio-get.s(16)
_siov (sio-call.o):
    cio-put.o                 src/cio-put.s(13)
    cio-open.o                src/cio-open.s(13)
    cio-close.o               src/cio-close.s(13)
    cio-special.o             src/cio-special.s(13)
    cio-status.o              src/cio-status.s(14)
    cio-get.o                 src/cio-get.s(13)
_strlen (strlen.o):
    conio.o                   src/conio.s(13)
_tp (main.o):
    misc.o                    src/misc.s(26)
_trip (main.o):
    cio-stubs.o               src/cio-stubs.s(7)
    cio-status.o              src/cio-status.s(18)
_zp_restore (misc.o):
    cio-stubs.o               src/cio-stubs.s(8)
_zp_save (misc.o):
    cio-stubs.o               src/cio-stubs.s(8)
addysp (addysp.o):
    incsp4.o                  runtime/incsp4.s(8)
    sio-call.o                src/sio-call.s(63)
aslax1 (aslax1.o):
    misc.o                    src/misc.s(273)
    misc.o                    src/misc.s(273)
    cio-get.o                 src/cio-get.s(205)
callmain (callmain.o):
    crt0.o                    atari/crt0.s(15)
decax1 (decax1.o):
    cio-put.o                 src/cio-put.s(161)
    cio-put.o                 src/cio-put.s(161)
    misc.o                    src/misc.s(273)
    misc.o                    src/misc.s(273)
    main.o                    src/main.s(190)
    cio-status.o              src/cio-status.s(126)
    cio-get.o                 src/cio-get.s(205)
decsp1 (decsp1.o):
    conio.o                   src/conio.s(133)
    main.o                    src/main.s(190)
decsp2 (decsp2.o):
    cio-status.o              src/cio-status.s(126)
    cio-get.o                 src/cio-get.s(205)
donelib (condes.o):
    crt0.o                    atari/crt0.s(14)
incax1 (incax1.o):
    cio-get.o                 src/cio-get.s(205)
incsp1 (incsp1.o):
    misc.o                    src/misc.s(273)
    main.o                    src/main.s(190)
incsp2 (incsp2.o):
    staxspi.o                 runtime/staxspi.s(9)
    staspidx.o                runtime/staspidx.s(8)
    conio.o                   src/conio.s(133)
    misc.o                    src/misc.s(273)
    misc.o                    src/misc.s(273)
    cio-status.o              src/cio-status.s(126)
    cio-get.o                 src/cio-get.s(205)
incsp4 (incsp4.o):
    conio.o                   src/conio.s(133)
    conio.o                   src/conio.s(133)
initlib (condes.o):
    crt0.o                    atari/crt0.s(14)
ldax0sp (ldaxsp.o):
    conio.o                   src/conio.s(133)
    conio.o                   src/conio.s(133)
    misc.o                    src/misc.s(273)
ldaxi (ldaxi.o):
    cio-get.o                 src/cio-get.s(205)
ldaxysp (ldaxsp.o):
    conio.o                   src/conio.s(133)
    conio.o                   src/conio.s(133)
    sio-call.o                src/sio-call.s(63)
mulax3 (mulax3.o):
    main.o                    src/main.s(190)
popax (incsp2.o):
    memset.o                  common/memset.s(19)
ptr1 (zeropage.o):
    zerobss.o                 common/zerobss.s(9)
    staxspi.o                 runtime/staxspi.s(10)
    staspidx.o                runtime/staspidx.s(9)
    mulax3.o                  runtime/mulax3.s(9)
    memset.o                  common/memset.s(20)
    ldaxi.o                   runtime/ldaxi.s(8)
    conio.o                   src/conio.s(11)
    cio-put.o                 src/cio-put.s(11)
    misc.o                    src/misc.s(11)
    main.o                    src/main.s(11)
    cio-status.o              src/cio-status.s(11)
    cio-get.o                 src/cio-get.s(11)
ptr2 (zeropage.o):
    strlen.o                  common/strlen.s(12)
    memset.o                  common/memset.s(20)
ptr3 (zeropage.o):
    memset.o                  common/memset.s(20)
push0 (pushax.o):
    cio-close.o               src/cio-close.s(68)
pusha (pusha.o):
    conio.o                   src/conio.s(133)
    cio-put.o                 src/cio-put.s(161)
    cio-open.o                src/cio-open.s(88)
    cio-close.o               src/cio-close.s(68)
    misc.o                    src/misc.s(273)
    cio-special.o             src/cio-special.s(107)
    cio-status.o              src/cio-status.s(126)
    cio-get.o                 src/cio-get.s(205)
    sio-call.o                src/sio-call.s(63)
pusha0 (pushax.o):
    cio-put.o                 src/cio-put.s(161)
    cio-special.o             src/cio-special.s(107)
    cio-status.o              src/cio-status.s(126)
    cio-get.o                 src/cio-get.s(205)
pushax (pushax.o):
    callmain.o                runtime/callmain.s(11)
    conio.o                   src/conio.s(133)
    conio.o                   src/conio.s(133)
    cio-put.o                 src/cio-put.s(161)
    cio-put.o                 src/cio-put.s(161)
    cio-open.o                src/cio-open.s(88)
    cio-close.o               src/cio-close.s(68)
    misc.o                    src/misc.s(273)
    misc.o                    src/misc.s(273)
    misc.o                    src/misc.s(273)
    misc.o                    src/misc.s(273)
    cio-special.o             src/cio-special.s(107)
    cio-status.o              src/cio-status.s(126)
    cio-get.o                 src/cio-get.s(205)
regsave (zeropage.o):
    cio-get.o                 src/cio-get.s(10)
sp (zeropage.o):
    staxspi.o                 runtime/staxspi.s(10)
    staxsp.o                  runtime/staxsp.s(8)
    staspidx.o                runtime/staspidx.s(9)
    pushax.o                  runtime/pushax.s(8)
    pusha.o                   runtime/pusha.s(8)
    memset.o                  common/memset.s(20)
    ldaxsp.o                  runtime/ldaxsp.s(8)
    incsp2.o                  runtime/incsp2.s(8)
    incsp1.o                  runtime/incsp1.s(8)
    decsp2.o                  runtime/decsp2.s(8)
    decsp1.o                  runtime/decsp1.s(8)
    crt0.o                    /home/thomc/Workspace/cc65/asminc/zeropage.inc(11)
    addysp.o                  runtime/addysp.s(8)
    add.o                     runtime/add.s(12)
    conio.o                   src/conio.s(10)
    misc.o                    src/misc.s(10)
    main.o                    src/main.s(10)
    cio-get.o                 src/cio-get.s(10)
    sio-call.o                src/sio-call.s(10)
start (crt0.o):
    exetrailer.o              atari/exetrailer.s(4)
staspidx (staspidx.o):
    cio-put.o                 src/cio-put.s(161)
    cio-close.o               src/cio-close.s(68)
    cio-get.o                 src/cio-get.s(205)
stax0sp (staxsp.o):
    cio-status.o              src/cio-status.s(126)
staxspidx (staxspi.o):
    misc.o                    src/misc.s(273)
    misc.o                    src/misc.s(273)
    cio-get.o                 src/cio-get.s(205)
tmp1 (zeropage.o):
    staxspi.o                 runtime/staxspi.s(10)
    staspidx.o                runtime/staspidx.s(9)
    aslax1.o                  runtime/aslax1.s(8)
    add.o                     runtime/add.s(12)
tosadda0 (add.o):
    cio-put.o                 src/cio-put.s(161)
zerobss (zerobss.o):
    crt0.o                    atari/crt0.s(15)

