Modules list:
-------------
cio-get.o:
    CODE              Offs=000000  Size=00003E  Align=00001  Fill=0000
cio-status.o:
    CODE              Offs=00003E  Size=00003D  Align=00001  Fill=0000
cio-special.o:
    CODE              Offs=00007B  Size=0000A6  Align=00001  Fill=0000
main.o:
    CODE              Offs=000121  Size=0000D3  Align=00001  Fill=0000
    BSS               Offs=000000  Size=000112  Align=00001  Fill=0000
cio-close.o:
    CODE              Offs=0001F4  Size=00003C  Align=00001  Fill=0000
cio-open.o:
    CODE              Offs=000230  Size=000089  Align=00001  Fill=0000
cio-put.o:
    CODE              Offs=0002B9  Size=000091  Align=00001  Fill=0000
    BSS               Offs=000112  Size=000001  Align=00001  Fill=0000
cio-stubs.o:
    CODE              Offs=00034A  Size=00003F  Align=00001  Fill=0000
sio.o:
    CODE              Offs=000389  Size=000004  Align=00001  Fill=0000
/home/thomc/Workspace/cc65/lib/atari.lib(addeqsp.o):
    CODE              Offs=00038D  Size=000011  Align=00001  Fill=0000
/home/thomc/Workspace/cc65/lib/atari.lib(callmain.o):
    CODE              Offs=00039E  Size=000017  Align=00001  Fill=0000
    DATA              Offs=000000  Size=000004  Align=00001  Fill=0000
/home/thomc/Workspace/cc65/lib/atari.lib(condes.o):
    CODE              Offs=0003B5  Size=00000C  Align=00001  Fill=0000
    DATA              Offs=000004  Size=000025  Align=00001  Fill=0000
    ONCE              Offs=000000  Size=00000C  Align=00001  Fill=0000
/home/thomc/Workspace/cc65/lib/atari.lib(crt0.o):
    BSS               Offs=000113  Size=000005  Align=00001  Fill=0000
    STARTUP           Offs=000000  Size=000063  Align=00001  Fill=0000
/home/thomc/Workspace/cc65/lib/atari.lib(decsp1.o):
    CODE              Offs=0003C1  Size=000009  Align=00001  Fill=0000
/home/thomc/Workspace/cc65/lib/atari.lib(exehdr.o):
    EXEHDR            Offs=000000  Size=000002  Align=00001  Fill=0000
    MAINHDR           Offs=000000  Size=000004  Align=00001  Fill=0000
/home/thomc/Workspace/cc65/lib/atari.lib(exetrailer.o):
    AUTOSTRT          Offs=000000  Size=000006  Align=00001  Fill=0000
/home/thomc/Workspace/cc65/lib/atari.lib(incsp1.o):
    CODE              Offs=0003CA  Size=000007  Align=00001  Fill=0000
/home/thomc/Workspace/cc65/lib/atari.lib(incsp2.o):
    CODE              Offs=0003D1  Size=000016  Align=00001  Fill=0000
/home/thomc/Workspace/cc65/lib/atari.lib(mulax3.o):
    CODE              Offs=0003E7  Size=000011  Align=00001  Fill=0000
/home/thomc/Workspace/cc65/lib/atari.lib(pushax.o):
    CODE              Offs=0003F8  Size=00001A  Align=00001  Fill=0000
/home/thomc/Workspace/cc65/lib/atari.lib(strcpy.o):
    CODE              Offs=000412  Size=00001F  Align=00001  Fill=0000
/home/thomc/Workspace/cc65/lib/atari.lib(zerobss.o):
    CODE              Offs=000431  Size=000023  Align=00001  Fill=0000
/home/thomc/Workspace/cc65/lib/atari.lib(zeropage.o):
    ZEROPAGE          Offs=000000  Size=00001A  Align=00001  Fill=0000


Segment list:
-------------
Name                   Start     End    Size  Align
----------------------------------------------------
AUTOSTRT              000000  000005  000006  00001
EXEHDR                000000  000001  000002  00001
MAINHDR               000000  000003  000004  00001
ZEROPAGE              0000E5  0000FE  00001A  00001
STARTUP               001D00  001D62  000063  00001
ONCE                  001D63  001D6E  00000C  00001
CODE                  001D6F  0021C2  000454  00001
DATA                  0021C3  0021EB  000029  00001
BSS                   0021EC  002303  000118  00001


Exports list by name:
---------------------
__AUTOSTART__             000001 REA    __BSS_LOAD__              0021EC RLA    
__BSS_RUN__               0021EC RLA    __BSS_SIZE__              000118 REA    
__CONSTRUCTOR_COUNT__     000000 REA    __CONSTRUCTOR_TABLE__     001D6F RLA    
__DESTRUCTOR_COUNT__      000000 REA    __DESTRUCTOR_TABLE__      0021C3 RLA    
__EXEHDR__                000001 REA    __LOWCODE_RUN__           001D63 RLA    
__LOWCODE_SIZE__          000000 REA    __MAIN_START__            001D00 RLA    
__RESERVED_MEMORY__       000000 REA    __STACKSIZE__             000800 REA    
__STARTUP__               000001 REA    __cio_close               001F63 RLA    
__cio_get                 001D6F RLA    __cio_open                001F9F RLA    
__cio_put                 00206D RLA    __cio_special             001DEA RLA    
__cio_status              001DAD RLA    _cio_close                0020B9 RLA    
_cio_get                  0020C3 RLA    _cio_open                 0020CD RLA    
_cio_put                  0020D7 RLA    _cio_special              0020E4 RLA    
_cio_status               0020EE RLA    _err                      0022FD RLA    
_main                     001E91 RLA    _packet                   0021FC RLA    
_ret                      0022FC RLA    _siov                     0020F8 RLA    
_strcpy                   002181 RLA    addeq0sp                  0020FC RLA    
callmain                  00210D RLA    decsp1                    002130 RLA    
donelib                   002124 RLA    incsp1                    002139 RLA    
incsp2                    002148 RLA    initlib                   001D63 RLA    
mulax3                    002156 RLA    popax                     002140 RLA    
ptr1                      0000ED RLZ    ptr2                      0000EF RLZ    
pushax                    00216B RLA    sp                        0000E5 RLZ    
start                     001D01 RLA    zerobss                   0021A0 RLA    



Exports list by value:
----------------------
__DESTRUCTOR_COUNT__      000000 REA    __CONSTRUCTOR_COUNT__     000000 REA    
__LOWCODE_SIZE__          000000 REA    __RESERVED_MEMORY__       000000 REA    
__AUTOSTART__             000001 REA    __STARTUP__               000001 REA    
__EXEHDR__                000001 REA    sp                        0000E5 RLZ    
ptr1                      0000ED RLZ    ptr2                      0000EF RLZ    
__BSS_SIZE__              000118 REA    __STACKSIZE__             000800 REA    
__MAIN_START__            001D00 RLA    start                     001D01 RLA    
initlib                   001D63 RLA    __LOWCODE_RUN__           001D63 RLA    
__cio_get                 001D6F RLA    __CONSTRUCTOR_TABLE__     001D6F RLA    
__cio_status              001DAD RLA    __cio_special             001DEA RLA    
_main                     001E91 RLA    __cio_close               001F63 RLA    
__cio_open                001F9F RLA    __cio_put                 00206D RLA    
_cio_close                0020B9 RLA    _cio_get                  0020C3 RLA    
_cio_open                 0020CD RLA    _cio_put                  0020D7 RLA    
_cio_special              0020E4 RLA    _cio_status               0020EE RLA    
_siov                     0020F8 RLA    addeq0sp                  0020FC RLA    
callmain                  00210D RLA    donelib                   002124 RLA    
decsp1                    002130 RLA    incsp1                    002139 RLA    
popax                     002140 RLA    incsp2                    002148 RLA    
mulax3                    002156 RLA    pushax                    00216B RLA    
_strcpy                   002181 RLA    zerobss                   0021A0 RLA    
__DESTRUCTOR_TABLE__      0021C3 RLA    __BSS_RUN__               0021EC RLA    
__BSS_LOAD__              0021EC RLA    _packet                   0021FC RLA    
_ret                      0022FC RLA    _err                      0022FD RLA    



Imports list:
-------------
__AUTOSTART__ (exetrailer.o):
    [linker generated]        src/atari.cfg(6)
__BSS_LOAD__ ([linker generated]):
    exehdr.o                  atari/exehdr.s(4)
__BSS_RUN__ ([linker generated]):
    zerobss.o                 common/zerobss.s(8)
__BSS_SIZE__ ([linker generated]):
    zerobss.o                 common/zerobss.s(8)
__CONSTRUCTOR_COUNT__ ([linker generated]):
    condes.o                  runtime/condes.s(18)
__CONSTRUCTOR_TABLE__ ([linker generated]):
    condes.o                  runtime/condes.s(18)
__DESTRUCTOR_COUNT__ ([linker generated]):
    condes.o                  runtime/condes.s(19)
__DESTRUCTOR_TABLE__ ([linker generated]):
    condes.o                  runtime/condes.s(19)
__EXEHDR__ (exehdr.o):
    [linker generated]        src/atari.cfg(5)
__LOWCODE_RUN__ ([linker generated]):
    crt0.o                    atari/crt0.s(18)
__LOWCODE_SIZE__ ([linker generated]):
    crt0.o                    atari/crt0.s(18)
__MAIN_START__ ([linker generated]):
    exehdr.o                  atari/exehdr.s(4)
__RESERVED_MEMORY__ ([linker generated]):
    crt0.o                    atari/crt0.s(16)
    [linker generated]        src/atari.cfg(19)
__STACKSIZE__ ([linker generated]):
    [linker generated]        src/atari.cfg(19)
__STARTUP__ (crt0.o):
    main.o                    src/main.s(13)
__cio_close (cio-close.o):
    cio-stubs.o               src/cio-stubs.s(7)
__cio_get (cio-get.o):
    cio-stubs.o               src/cio-stubs.s(7)
__cio_open (cio-open.o):
    cio-stubs.o               src/cio-stubs.s(7)
__cio_put (cio-put.o):
    cio-stubs.o               src/cio-stubs.s(7)
__cio_special (cio-special.o):
    cio-stubs.o               src/cio-stubs.s(7)
__cio_status (cio-status.o):
    cio-stubs.o               src/cio-stubs.s(7)
_cio_close (cio-stubs.o):
    main.o                    src/main.s(17)
_cio_get (cio-stubs.o):
    main.o                    src/main.s(18)
_cio_open (cio-stubs.o):
    main.o                    src/main.s(16)
_cio_put (cio-stubs.o):
    main.o                    src/main.s(19)
_cio_special (cio-stubs.o):
    main.o                    src/main.s(21)
_cio_status (cio-stubs.o):
    main.o                    src/main.s(20)
_err (main.o):
    cio-stubs.o               src/cio-stubs.s(6)
    cio-put.o                 src/cio-put.s(15)
    cio-open.o                src/cio-open.s(16)
    cio-close.o               src/cio-close.s(14)
    cio-special.o             src/cio-special.s(15)
    cio-status.o              src/cio-status.s(14)
    cio-get.o                 src/cio-get.s(14)
_main (main.o):
    callmain.o                runtime/callmain.s(11)
_packet (main.o):
    cio-put.o                 src/cio-put.s(17)
    cio-open.o                src/cio-open.s(18)
    cio-close.o               src/cio-close.s(15)
    cio-special.o             src/cio-special.s(16)
_ret (main.o):
    cio-stubs.o               src/cio-stubs.s(5)
    cio-put.o                 src/cio-put.s(16)
    cio-open.o                src/cio-open.s(17)
_siov (sio.o):
    cio-put.o                 src/cio-put.s(14)
    cio-open.o                src/cio-open.s(15)
    cio-close.o               src/cio-close.s(13)
    cio-special.o             src/cio-special.s(14)
    cio-status.o              src/cio-status.s(13)
    cio-get.o                 src/cio-get.s(13)
_strcpy (strcpy.o):
    cio-open.o                src/cio-open.s(13)
    cio-special.o             src/cio-special.s(13)
addeq0sp (addeqsp.o):
    cio-open.o                src/cio-open.s(97)
    cio-special.o             src/cio-special.s(106)
callmain (callmain.o):
    crt0.o                    atari/crt0.s(15)
decsp1 (decsp1.o):
    main.o                    src/main.s(169)
donelib (condes.o):
    crt0.o                    atari/crt0.s(14)
incsp1 (incsp1.o):
    main.o                    src/main.s(169)
incsp2 (incsp2.o):
    cio-open.o                src/cio-open.s(97)
    cio-special.o             src/cio-special.s(106)
initlib (condes.o):
    crt0.o                    atari/crt0.s(14)
mulax3 (mulax3.o):
    main.o                    src/main.s(169)
popax (incsp2.o):
    strcpy.o                  common/strcpy.s(8)
ptr1 (zeropage.o):
    zerobss.o                 common/zerobss.s(9)
    strcpy.o                  common/strcpy.s(9)
    mulax3.o                  runtime/mulax3.s(9)
    cio-put.o                 src/cio-put.s(11)
    cio-open.o                src/cio-open.s(11)
    main.o                    src/main.s(11)
    cio-special.o             src/cio-special.s(11)
ptr2 (zeropage.o):
    strcpy.o                  common/strcpy.s(9)
pushax (pushax.o):
    callmain.o                runtime/callmain.s(11)
    cio-open.o                src/cio-open.s(97)
    cio-special.o             src/cio-special.s(106)
sp (zeropage.o):
    pushax.o                  runtime/pushax.s(8)
    incsp2.o                  runtime/incsp2.s(8)
    incsp1.o                  runtime/incsp1.s(8)
    decsp1.o                  runtime/decsp1.s(8)
    crt0.o                    /home/thomc/Workspace/cc65/asminc/zeropage.inc(11)
    addeqsp.o                 runtime/addeqsp.s(8)
    cio-open.o                src/cio-open.s(10)
    main.o                    src/main.s(10)
    cio-special.o             src/cio-special.s(10)
start (crt0.o):
    exetrailer.o              atari/exetrailer.s(4)
zerobss (zerobss.o):
    crt0.o                    atari/crt0.s(15)

