Modules list:
-------------
main.o:
    CODE              Offs=000000  Size=000152  Align=00001  Fill=0000
    RODATA            Offs=000000  Size=000027  Align=00001  Fill=0000
    BSS               Offs=000000  Size=000100  Align=00001  Fill=0000
    DATA              Offs=000000  Size=000003  Align=00001  Fill=0000
err.o:
    CODE              Offs=000152  Size=000023  Align=00001  Fill=0000
    RODATA            Offs=000027  Size=000030  Align=00001  Fill=0000
conio.o:
    CODE              Offs=000175  Size=000073  Align=00001  Fill=0000
cio.o:
    CODE              Offs=0001E8  Size=000006  Align=00001  Fill=0000
sio.o:
    CODE              Offs=0001EE  Size=000004  Align=00001  Fill=0000
/home/thomc/Workspace/cc65/lib/atari.lib(addysp.o):
    CODE              Offs=0001F2  Size=00000E  Align=00001  Fill=0000
/home/thomc/Workspace/cc65/lib/atari.lib(callmain.o):
    CODE              Offs=000200  Size=000017  Align=00001  Fill=0000
    DATA              Offs=000003  Size=000004  Align=00001  Fill=0000
/home/thomc/Workspace/cc65/lib/atari.lib(condes.o):
    CODE              Offs=000217  Size=00000C  Align=00001  Fill=0000
    DATA              Offs=000007  Size=000025  Align=00001  Fill=0000
    ONCE              Offs=000000  Size=00000C  Align=00001  Fill=0000
/home/thomc/Workspace/cc65/lib/atari.lib(crt0.o):
    BSS               Offs=000100  Size=000005  Align=00001  Fill=0000
    STARTUP           Offs=000000  Size=000063  Align=00001  Fill=0000
/home/thomc/Workspace/cc65/lib/atari.lib(decax1.o):
    CODE              Offs=000223  Size=000007  Align=00001  Fill=0000
/home/thomc/Workspace/cc65/lib/atari.lib(decaxy.o):
    CODE              Offs=00022A  Size=000009  Align=00001  Fill=0000
/home/thomc/Workspace/cc65/lib/atari.lib(decsp2.o):
    CODE              Offs=000233  Size=00000D  Align=00001  Fill=0000
/home/thomc/Workspace/cc65/lib/atari.lib(dosdetect.o):
    DATA              Offs=00002C  Size=000001  Align=00001  Fill=0000
    ONCE              Offs=00000C  Size=00004B  Align=00001  Fill=0000
/home/thomc/Workspace/cc65/lib/atari.lib(exehdr.o):
    EXEHDR            Offs=000000  Size=000002  Align=00001  Fill=0000
    MAINHDR           Offs=000000  Size=000004  Align=00001  Fill=0000
/home/thomc/Workspace/cc65/lib/atari.lib(exetrailer.o):
    AUTOSTRT          Offs=000000  Size=000006  Align=00001  Fill=0000
/home/thomc/Workspace/cc65/lib/atari.lib(getargs.o):
    ONCE              Offs=000057  Size=0000A0  Align=00001  Fill=0000
    INIT              Offs=000000  Size=000063  Align=00001  Fill=0000
/home/thomc/Workspace/cc65/lib/atari.lib(icmp.o):
    CODE              Offs=000240  Size=00002E  Align=00001  Fill=0000
/home/thomc/Workspace/cc65/lib/atari.lib(incsp1.o):
    CODE              Offs=00026E  Size=000007  Align=00001  Fill=0000
/home/thomc/Workspace/cc65/lib/atari.lib(incsp2.o):
    CODE              Offs=000275  Size=000016  Align=00001  Fill=0000
/home/thomc/Workspace/cc65/lib/atari.lib(incsp3.o):
    CODE              Offs=00028B  Size=000005  Align=00001  Fill=0000
/home/thomc/Workspace/cc65/lib/atari.lib(incsp4.o):
    CODE              Offs=000290  Size=000005  Align=00001  Fill=0000
/home/thomc/Workspace/cc65/lib/atari.lib(incsp7.o):
    CODE              Offs=000295  Size=000005  Align=00001  Fill=0000
/home/thomc/Workspace/cc65/lib/atari.lib(is_cmdline_dos.o):
    CODE              Offs=00029A  Size=000009  Align=00001  Fill=0000
/home/thomc/Workspace/cc65/lib/atari.lib(ldaxi.o):
    CODE              Offs=0002A3  Size=00000D  Align=00001  Fill=0000
/home/thomc/Workspace/cc65/lib/atari.lib(ldaxsp.o):
    CODE              Offs=0002B0  Size=000009  Align=00001  Fill=0000
/home/thomc/Workspace/cc65/lib/atari.lib(memcpy.o):
    CODE              Offs=0002B9  Size=00003C  Align=00001  Fill=0000
/home/thomc/Workspace/cc65/lib/atari.lib(memmove.o):
    CODE              Offs=0002F5  Size=000050  Align=00001  Fill=0000
/home/thomc/Workspace/cc65/lib/atari.lib(popptr1.o):
    CODE              Offs=000345  Size=00000E  Align=00001  Fill=0000
/home/thomc/Workspace/cc65/lib/atari.lib(pusha.o):
    CODE              Offs=000353  Size=000016  Align=00001  Fill=0000
/home/thomc/Workspace/cc65/lib/atari.lib(pushax.o):
    CODE              Offs=000369  Size=00001A  Align=00001  Fill=0000
/home/thomc/Workspace/cc65/lib/atari.lib(strcat.o):
    CODE              Offs=000383  Size=000031  Align=00001  Fill=0000
/home/thomc/Workspace/cc65/lib/atari.lib(strlen.o):
    CODE              Offs=0003B4  Size=000016  Align=00001  Fill=0000
/home/thomc/Workspace/cc65/lib/atari.lib(zerobss.o):
    CODE              Offs=0003CA  Size=000023  Align=00001  Fill=0000
/home/thomc/Workspace/cc65/lib/atari.lib(zeropage.o):
    ZEROPAGE          Offs=000000  Size=00001A  Align=00001  Fill=0000


Segment list:
-------------
Name                   Start     End    Size  Align
----------------------------------------------------
AUTOSTRT              000000  000005  000006  00001
EXEHDR                000000  000001  000002  00001
MAINHDR               000000  000003  000004  00001
ZEROPAGE              000082  00009B  00001A  00001
STARTUP               004000  004062  000063  00001
ONCE                  004063  00415D  0000FB  00001
CODE                  00415E  00454A  0003ED  00001
RODATA                00454B  0045A1  000057  00001
DATA                  0045A2  0045CE  00002D  00001
INIT                  0045CF  004631  000063  00001
BSS                   004632  004736  000105  00001


Exports list by name:
---------------------
__AUTOSTART__             000001 REA    __BSS_LOAD__              004632 RLA    
__BSS_RUN__               004632 RLA    __BSS_SIZE__              000105 REA    
__CONSTRUCTOR_COUNT__     000002 REA    __CONSTRUCTOR_TABLE__     00415A RLA    
__DESTRUCTOR_COUNT__      000000 REA    __DESTRUCTOR_TABLE__      0045A2 RLA    
__EXEHDR__                000001 REA    __LOWCODE_RUN__           004063 RLA    
__LOWCODE_SIZE__          000000 REA    __MAIN_START__            004000 RLA    
__RESERVED_MEMORY__       000000 REA    __STACKSIZE__             000800 REA    
__STARTUP__               000001 REA    __argc                    0045A5 RLA    
__argv                    0045A7 RLA    __dos_type                0045CE RLA    
__is_cmdline_dos          0043F8 RLA    _ciov                     004346 RLA    
_err_sio                  0042B0 RLA    _exit                     004041 RLA    
_get_line                 004323 RLA    _main                     0041B2 RLA    
_memmove                  004453 RLA    _print                    0042D3 RLA    
_siov                     00434C RLA    _strcat                   0044E1 RLA    
_strlen                   004512 RLA    addysp                    004351 RLA    
callmain                  00435E RLA    decax1                    004381 RLA    
decaxy                    004388 RLA    decsp2                    004391 RLA    
detect                    00406F  LAI   donelib                   004375 RLA    
incsp1                    0043CC RLA    incsp2                    0043DB RLA    
incsp3                    0043E9 RLA    incsp4                    0043EE RLA    
incsp7                    0043F3 RLA    initlib                   004063 RLA    
initmainargs              0040BB RLAI   ldax0sp                   00440E RLA    
ldaxi                     004401 RLA    ldaxysp                   004410 RLA    
memcpy_getparams          004440 RLA    memcpy_upwards            00441A RLA    
popax                     0043D3 RLA    popptr1                   0044A3 RLA    
ptr1                      00008A RLZ    ptr2                      00008C RLZ    
ptr3                      00008E RLZ    pusha                     0044B5 RLA    
pusha0                    0044C9 RLA    pushax                    0044CB RLA    
sp                        000082 RLZ    sreg                      000084 RLZ    
start                     004001 RLA    tmp1                      000092 RLZ    
tmp3                      000094 RLZ    tosicmp                   0043A0 RLA    
zerobss                   004528 RLA    


Exports list by value:
----------------------
__DESTRUCTOR_COUNT__      000000 REA    __RESERVED_MEMORY__       000000 REA    
__LOWCODE_SIZE__          000000 REA    __STARTUP__               000001 REA    
__AUTOSTART__             000001 REA    __EXEHDR__                000001 REA    
__CONSTRUCTOR_COUNT__     000002 REA    sp                        000082 RLZ    
sreg                      000084 RLZ    ptr1                      00008A RLZ    
ptr2                      00008C RLZ    ptr3                      00008E RLZ    
tmp1                      000092 RLZ    tmp3                      000094 RLZ    
__BSS_SIZE__              000105 REA    __STACKSIZE__             000800 REA    
__MAIN_START__            004000 RLA    start                     004001 RLA    
_exit                     004041 RLA    initlib                   004063 RLA    
__LOWCODE_RUN__           004063 RLA    detect                    00406F  LAI   
initmainargs              0040BB RLAI   __CONSTRUCTOR_TABLE__     00415A RLA    
_main                     0041B2 RLA    _err_sio                  0042B0 RLA    
_print                    0042D3 RLA    _get_line                 004323 RLA    
_ciov                     004346 RLA    _siov                     00434C RLA    
addysp                    004351 RLA    callmain                  00435E RLA    
donelib                   004375 RLA    decax1                    004381 RLA    
decaxy                    004388 RLA    decsp2                    004391 RLA    
tosicmp                   0043A0 RLA    incsp1                    0043CC RLA    
popax                     0043D3 RLA    incsp2                    0043DB RLA    
incsp3                    0043E9 RLA    incsp4                    0043EE RLA    
incsp7                    0043F3 RLA    __is_cmdline_dos          0043F8 RLA    
ldaxi                     004401 RLA    ldax0sp                   00440E RLA    
ldaxysp                   004410 RLA    memcpy_upwards            00441A RLA    
memcpy_getparams          004440 RLA    _memmove                  004453 RLA    
popptr1                   0044A3 RLA    pusha                     0044B5 RLA    
pusha0                    0044C9 RLA    pushax                    0044CB RLA    
_strcat                   0044E1 RLA    _strlen                   004512 RLA    
zerobss                   004528 RLA    __DESTRUCTOR_TABLE__      0045A2 RLA    
__argc                    0045A5 RLA    __argv                    0045A7 RLA    
__dos_type                0045CE RLA    __BSS_RUN__               004632 RLA    
__BSS_LOAD__              004632 RLA    


Imports list:
-------------
__AUTOSTART__ (exetrailer.o):
    [linker generated]        src/atari.cfg(6)
__BSS_LOAD__ ([linker generated]):
    exehdr.o                  atari/exehdr.s(4)
__BSS_RUN__ ([linker generated]):
    zerobss.o                 common/zerobss.s(8)
__BSS_SIZE__ ([linker generated]):
    zerobss.o                 common/zerobss.s(8)
__CONSTRUCTOR_COUNT__ ([linker generated]):
    condes.o                  runtime/condes.s(18)
__CONSTRUCTOR_TABLE__ ([linker generated]):
    condes.o                  runtime/condes.s(18)
__DESTRUCTOR_COUNT__ ([linker generated]):
    condes.o                  runtime/condes.s(19)
__DESTRUCTOR_TABLE__ ([linker generated]):
    condes.o                  runtime/condes.s(19)
__EXEHDR__ (exehdr.o):
    [linker generated]        src/atari.cfg(5)
__LOWCODE_RUN__ ([linker generated]):
    crt0.o                    atari/crt0.s(18)
__LOWCODE_SIZE__ ([linker generated]):
    crt0.o                    atari/crt0.s(18)
__MAIN_START__ ([linker generated]):
    exehdr.o                  atari/exehdr.s(4)
__RESERVED_MEMORY__ ([linker generated]):
    crt0.o                    atari/crt0.s(16)
    [linker generated]        src/atari.cfg(19)
__STACKSIZE__ ([linker generated]):
    [linker generated]        src/atari.cfg(19)
__STARTUP__ (crt0.o):
    main.o                    src/main.s(13)
__argc (callmain.o):
    getargs.o                 atari/getargs.s(17)
__argv (callmain.o):
    getargs.o                 atari/getargs.s(17)
__dos_type (dosdetect.o):
    is_cmdline_dos.o          atari/is_cmdline_dos.s(10)
    getargs.o                 atari/getargs.s(19)
__is_cmdline_dos (is_cmdline_dos.o):
    main.o                    src/main.s(15)
_ciov (cio.o):
    conio.o                   src/conio.s(14)
_err_sio (err.o):
    main.o                    src/main.s(22)
_exit (crt0.o):
    main.o                    src/main.s(18)
_get_line (conio.o):
    main.o                    src/main.s(21)
_main (main.o):
    callmain.o                runtime/callmain.s(11)
_memmove (memmove.o):
    main.o                    src/main.s(17)
_print (conio.o):
    err.o                     src/err.s(13)
    main.o                    src/main.s(20)
_siov (sio.o):
    main.o                    src/main.s(19)
_strcat (strcat.o):
    main.o                    src/main.s(16)
_strlen (strlen.o):
    conio.o                   src/conio.s(13)
addysp (addysp.o):
    incsp7.o                  runtime/incsp7.s(8)
    incsp4.o                  runtime/incsp4.s(8)
    incsp3.o                  runtime/incsp3.s(8)
callmain (callmain.o):
    crt0.o                    atari/crt0.s(15)
decax1 (decax1.o):
    main.o                    src/main.s(235)
decaxy (decaxy.o):
    main.o                    src/main.s(235)
decsp2 (decsp2.o):
    main.o                    src/main.s(235)
donelib (condes.o):
    crt0.o                    atari/crt0.s(14)
incsp1 (incsp1.o):
    main.o                    src/main.s(235)
incsp2 (incsp2.o):
    popptr1.o                 runtime/popptr1.s(8)
    conio.o                   src/conio.s(99)
incsp3 (incsp3.o):
    conio.o                   src/conio.s(99)
incsp4 (incsp4.o):
    conio.o                   src/conio.s(99)
incsp7 (incsp7.o):
    main.o                    src/main.s(235)
initlib (condes.o):
    crt0.o                    atari/crt0.s(14)
initmainargs (getargs.o):
    main.o                    src/main.s(14)
ldax0sp (ldaxsp.o):
    conio.o                   src/conio.s(99)
    conio.o                   src/conio.s(99)
ldaxi (ldaxi.o):
    main.o                    src/main.s(235)
ldaxysp (ldaxsp.o):
    conio.o                   src/conio.s(99)
    conio.o                   src/conio.s(99)
    main.o                    src/main.s(235)
memcpy_getparams (memcpy.o):
    memmove.o                 common/memmove.s(12)
memcpy_upwards (memcpy.o):
    memmove.o                 common/memmove.s(12)
popax (incsp2.o):
    memcpy.o                  common/memcpy.s(14)
    strcat.o                  common/strcat.s(9)
    memmove.o                 common/memmove.s(12)
popptr1 (popptr1.o):
    memcpy.o                  common/memcpy.s(14)
ptr1 (zeropage.o):
    popptr1.o                 runtime/popptr1.s(9)
    memcpy.o                  common/memcpy.s(15)
    zerobss.o                 common/zerobss.s(9)
    strcat.o                  common/strcat.s(10)
    memmove.o                 common/memmove.s(13)
    ldaxi.o                   runtime/ldaxi.s(8)
    getargs.o                 atari/getargs.s(18)
ptr2 (zeropage.o):
    memcpy.o                  common/memcpy.s(15)
    strlen.o                  common/strlen.s(12)
    strcat.o                  common/strcat.s(10)
    memmove.o                 common/memmove.s(13)
ptr3 (zeropage.o):
    memcpy.o                  common/memcpy.s(15)
    memmove.o                 common/memmove.s(13)
pusha (pusha.o):
    conio.o                   src/conio.s(99)
    main.o                    src/main.s(235)
    main.o                    src/main.s(235)
pusha0 (pushax.o):
    main.o                    src/main.s(235)
pushax (pushax.o):
    callmain.o                runtime/callmain.s(11)
    conio.o                   src/conio.s(99)
    conio.o                   src/conio.s(99)
    main.o                    src/main.s(235)
sp (zeropage.o):
    popptr1.o                 runtime/popptr1.s(9)
    memcpy.o                  common/memcpy.s(15)
    addysp.o                  runtime/addysp.s(8)
    pushax.o                  runtime/pushax.s(8)
    pusha.o                   runtime/pusha.s(8)
    ldaxsp.o                  runtime/ldaxsp.s(8)
    incsp2.o                  runtime/incsp2.s(8)
    incsp1.o                  runtime/incsp1.s(8)
    icmp.o                    runtime/icmp.s(9)
    decsp2.o                  runtime/decsp2.s(8)
    crt0.o                    /home/thomc/Workspace/cc65/asminc/zeropage.inc(11)
    conio.o                   src/conio.s(10)
    main.o                    src/main.s(10)
sreg (zeropage.o):
    icmp.o                    runtime/icmp.s(9)
start (crt0.o):
    exetrailer.o              atari/exetrailer.s(4)
tmp1 (zeropage.o):
    decaxy.o                  runtime/decaxy.s(8)
    main.o                    src/main.s(11)
tmp3 (zeropage.o):
    strcat.o                  common/strcat.s(10)
tosicmp (icmp.o):
    main.o                    src/main.s(235)
zerobss (zerobss.o):
    crt0.o                    atari/crt0.s(15)

