Modules list:
-------------
keyboard.o:
    CODE              Offs=000000  Size=000128  Align=00001  Fill=0000
    RODATA            Offs=000000  Size=000149  Align=00001  Fill=0000
    BSS               Offs=000000  Size=000003  Align=00001  Fill=0000
main.o:
    CODE              Offs=000128  Size=000032  Align=00001  Fill=0000
    DATA              Offs=000000  Size=000001  Align=00001  Fill=0000
terminal.o:
    CODE              Offs=00015A  Size=0003B2  Align=00001  Fill=0000
    RODATA            Offs=000149  Size=00005C  Align=00001  Fill=0000
    BSS               Offs=000003  Size=000032  Align=00001  Fill=0000
io.o:
    CODE              Offs=00050C  Size=00013F  Align=00001  Fill=0000
    BSS               Offs=000035  Size=002004  Align=00001  Fill=0000
    DATA              Offs=000001  Size=000104  Align=00001  Fill=0000
touch.o:
    CODE              Offs=00064B  Size=00000F  Align=00001  Fill=0000
    BSS               Offs=002039  Size=000005  Align=00001  Fill=0000
    DATA              Offs=000105  Size=000002  Align=00001  Fill=0000
screen.o:
    CODE              Offs=00065A  Size=000506  Align=00001  Fill=0000
    RODATA            Offs=0001A5  Size=000402  Align=00001  Fill=0000
    BSS               Offs=00203E  Size=00030D  Align=00001  Fill=0000
    DATA              Offs=000107  Size=000004  Align=00001  Fill=0000
protocol.o:
    CODE              Offs=000B60  Size=000DC1  Align=00001  Fill=0000
    RODATA            Offs=0005A7  Size=000080  Align=00001  Fill=0000
    BSS               Offs=00234B  Size=00008E  Align=00001  Fill=0000
    DATA              Offs=00010B  Size=000004  Align=00001  Fill=0000
crt0.o:
    BSS               Offs=0023D9  Size=000005  Align=00001  Fill=0000
    STARTUP           Offs=000000  Size=000068  Align=00001  Fill=0000
screen_beep.o:
    CODE              Offs=001921  Size=00001E  Align=00001  Fill=0000
click.o:
    CODE              Offs=00193F  Size=00000C  Align=00001  Fill=0000
mulfuncs.o:
    CODE              Offs=00194B  Size=000046  Align=00001  Fill=0000
fast_text.o:
    CODE              Offs=001991  Size=0001BD  Align=00001  Fill=0000
    RODATA            Offs=000627  Size=000010  Align=00001  Fill=0000
    EXTZP             Offs=000000  Size=000009  Align=00001  Fill=0000
sio.o:
    CODE              Offs=001B4E  Size=000004  Align=00001  Fill=0000
intr.o:
    CODE              Offs=001B52  Size=000007  Align=00001  Fill=0000
/home/thomc/Workspace/cc65/lib/atari.lib(_cursor.o):
    BSS               Offs=0023DE  Size=000001  Align=00001  Fill=0000
/home/thomc/Workspace/cc65/lib/atari.lib(addysp.o):
    CODE              Offs=001B59  Size=00000E  Align=00001  Fill=0000
/home/thomc/Workspace/cc65/lib/atari.lib(aslax2.o):
    CODE              Offs=001B67  Size=00000B  Align=00001  Fill=0000
/home/thomc/Workspace/cc65/lib/atari.lib(aslax4.o):
    CODE              Offs=001B72  Size=000011  Align=00001  Fill=0000
/home/thomc/Workspace/cc65/lib/atari.lib(asrax1.o):
    CODE              Offs=001B83  Size=00000A  Align=00001  Fill=0000
/home/thomc/Workspace/cc65/lib/atari.lib(asrax2.o):
    CODE              Offs=001B8D  Size=00000F  Align=00001  Fill=0000
/home/thomc/Workspace/cc65/lib/atari.lib(asrax3.o):
    CODE              Offs=001B9C  Size=000014  Align=00001  Fill=0000
/home/thomc/Workspace/cc65/lib/atari.lib(asrax4.o):
    CODE              Offs=001BB0  Size=000019  Align=00001  Fill=0000
/home/thomc/Workspace/cc65/lib/atari.lib(callmain.o):
    CODE              Offs=001BC9  Size=000017  Align=00001  Fill=0000
    DATA              Offs=00010F  Size=000004  Align=00001  Fill=0000
/home/thomc/Workspace/cc65/lib/atari.lib(cgetc.o):
    CODE              Offs=001BE0  Size=000016  Align=00001  Fill=0000
/home/thomc/Workspace/cc65/lib/atari.lib(condes.o):
    CODE              Offs=001BF6  Size=00000C  Align=00001  Fill=0000
    DATA              Offs=000113  Size=000025  Align=00001  Fill=0000
    ONCE              Offs=000000  Size=00000C  Align=00001  Fill=0000
/home/thomc/Workspace/cc65/lib/atari.lib(decax1.o):
    CODE              Offs=001C02  Size=000007  Align=00001  Fill=0000
/home/thomc/Workspace/cc65/lib/atari.lib(decsp1.o):
    CODE              Offs=001C09  Size=000009  Align=00001  Fill=0000
/home/thomc/Workspace/cc65/lib/atari.lib(decsp4.o):
    CODE              Offs=001C12  Size=00000D  Align=00001  Fill=0000
/home/thomc/Workspace/cc65/lib/atari.lib(decsp6.o):
    CODE              Offs=001C1F  Size=00000D  Align=00001  Fill=0000
/home/thomc/Workspace/cc65/lib/atari.lib(icmp.o):
    CODE              Offs=001C2C  Size=00002E  Align=00001  Fill=0000
/home/thomc/Workspace/cc65/lib/atari.lib(incsp1.o):
    CODE              Offs=001C5A  Size=000007  Align=00001  Fill=0000
/home/thomc/Workspace/cc65/lib/atari.lib(incsp2.o):
    CODE              Offs=001C61  Size=000016  Align=00001  Fill=0000
/home/thomc/Workspace/cc65/lib/atari.lib(incsp4.o):
    CODE              Offs=001C77  Size=000005  Align=00001  Fill=0000
/home/thomc/Workspace/cc65/lib/atari.lib(incsp7.o):
    CODE              Offs=001C7C  Size=000005  Align=00001  Fill=0000
/home/thomc/Workspace/cc65/lib/atari.lib(kbhit.o):
    CODE              Offs=001C81  Size=00000B  Align=00001  Fill=0000
/home/thomc/Workspace/cc65/lib/atari.lib(libref.o):
/home/thomc/Workspace/cc65/lib/atari.lib(makebool.o):
    CODE              Offs=001C8C  Size=00002C  Align=00001  Fill=0000
/home/thomc/Workspace/cc65/lib/atari.lib(mul40.o):
    CODE              Offs=001CB8  Size=000021  Align=00001  Fill=0000
/home/thomc/Workspace/cc65/lib/atari.lib(negabs.o):
    CODE              Offs=001CD9  Size=000012  Align=00001  Fill=0000
/home/thomc/Workspace/cc65/lib/atari.lib(popa.o):
    CODE              Offs=001CEB  Size=00000C  Align=00001  Fill=0000
/home/thomc/Workspace/cc65/lib/atari.lib(popptr1.o):
    CODE              Offs=001CF7  Size=00000E  Align=00001  Fill=0000
/home/thomc/Workspace/cc65/lib/atari.lib(pusha.o):
    CODE              Offs=001D05  Size=000016  Align=00001  Fill=0000
/home/thomc/Workspace/cc65/lib/atari.lib(pushax.o):
    CODE              Offs=001D1B  Size=00001A  Align=00001  Fill=0000
/home/thomc/Workspace/cc65/lib/atari.lib(pushwsp.o):
    CODE              Offs=001D35  Size=00001C  Align=00001  Fill=0000
/home/thomc/Workspace/cc65/lib/atari.lib(return1.o):
    CODE              Offs=001D51  Size=000005  Align=00001  Fill=0000
/home/thomc/Workspace/cc65/lib/atari.lib(setcursor.o):
    CODE              Offs=001D56  Size=00003A  Align=00001  Fill=0000
/home/thomc/Workspace/cc65/lib/atari.lib(shl.o):
    CODE              Offs=001D90  Size=000033  Align=00001  Fill=0000
/home/thomc/Workspace/cc65/lib/atari.lib(staspidx.o):
    CODE              Offs=001DC3  Size=000016  Align=00001  Fill=0000
/home/thomc/Workspace/cc65/lib/atari.lib(staxsp.o):
    CODE              Offs=001DD9  Size=00000B  Align=00001  Fill=0000
/home/thomc/Workspace/cc65/lib/atari.lib(tgi-kernel.o):
    CODE              Offs=001DE4  Size=00007F  Align=00001  Fill=0000
    RODATA            Offs=000637  Size=000004  Align=00001  Fill=0000
    BSS               Offs=0023DF  Size=000028  Align=00001  Fill=0000
    DATA              Offs=000138  Size=000039  Align=00001  Fill=0000
/home/thomc/Workspace/cc65/lib/atari.lib(tgi_bar.o):
    CODE              Offs=001E63  Size=0000A9  Align=00001  Fill=0000
/home/thomc/Workspace/cc65/lib/atari.lib(tgi_clear.o):
/home/thomc/Workspace/cc65/lib/atari.lib(tgi_clippedline.o):
    CODE              Offs=001F0C  Size=0001E3  Align=00001  Fill=0000
    BSS               Offs=002407  Size=000008  Align=00001  Fill=0000
/home/thomc/Workspace/cc65/lib/atari.lib(tgi_colors.o):
/home/thomc/Workspace/cc65/lib/atari.lib(tgi_done.o):
    CODE              Offs=0020EF  Size=00000E  Align=00001  Fill=0000
/home/thomc/Workspace/cc65/lib/atari.lib(tgi_getmaxx.o):
    CODE              Offs=0020FD  Size=000007  Align=00001  Fill=0000
/home/thomc/Workspace/cc65/lib/atari.lib(tgi_getmaxy.o):
    CODE              Offs=002104  Size=000007  Align=00001  Fill=0000
/home/thomc/Workspace/cc65/lib/atari.lib(tgi_getset.o):
    CODE              Offs=00210B  Size=00001F  Align=00001  Fill=0000
/home/thomc/Workspace/cc65/lib/atari.lib(tgi_getxres.o):
    CODE              Offs=00212A  Size=000007  Align=00001  Fill=0000
/home/thomc/Workspace/cc65/lib/atari.lib(tgi_getyres.o):
    CODE              Offs=002131  Size=000007  Align=00001  Fill=0000
/home/thomc/Workspace/cc65/lib/atari.lib(tgi_init.o):
    CODE              Offs=002138  Size=000058  Align=00001  Fill=0000
/home/thomc/Workspace/cc65/lib/atari.lib(tgi_line.o):
    CODE              Offs=002190  Size=000018  Align=00001  Fill=0000
/home/thomc/Workspace/cc65/lib/atari.lib(tgi_linepop.o):
    CODE              Offs=0021A8  Size=00001C  Align=00001  Fill=0000
/home/thomc/Workspace/cc65/lib/atari.lib(tgi_outcode.o):
    CODE              Offs=0021C4  Size=000041  Align=00001  Fill=0000
    BSS               Offs=00240F  Size=000008  Align=00001  Fill=0000
/home/thomc/Workspace/cc65/lib/atari.lib(tgi_popxy.o):
    CODE              Offs=002205  Size=000007  Align=00001  Fill=0000
/home/thomc/Workspace/cc65/lib/atari.lib(tgi_setcolor.o):
    CODE              Offs=00220C  Size=00000E  Align=00001  Fill=0000
/home/thomc/Workspace/cc65/lib/atari.lib(tgi_setpixel.o):
    CODE              Offs=00221A  Size=000009  Align=00001  Fill=0000
/home/thomc/Workspace/cc65/lib/atari.lib(tgi_settextstyle.o):
    CODE              Offs=002223  Size=000044  Align=00001  Fill=0000
/home/thomc/Workspace/cc65/lib/atari.lib(tgi_stat_stddrv.o):
/home/thomc/Workspace/cc65/lib/atari.lib(udiv32by16r16.o):
    CODE              Offs=002267  Size=000031  Align=00001  Fill=0000
/home/thomc/Workspace/cc65/lib/atari.lib(umul16x16r32.o):
    CODE              Offs=002298  Size=00002C  Align=00001  Fill=0000
/home/thomc/Workspace/cc65/lib/atari.lib(umul8x16r24.o):
    CODE              Offs=0022C4  Size=00002E  Align=00001  Fill=0000
/home/thomc/Workspace/cc65/lib/atari.lib(zerobss.o):
    CODE              Offs=0022F2  Size=000023  Align=00001  Fill=0000
/home/thomc/Workspace/cc65/lib/atari.lib(zeropage.o):
    ZEROPAGE          Offs=000000  Size=00001A  Align=00001  Fill=0000
/home/thomc/Workspace/cc65/lib/atari.lib(atr8-tgi.o):
    CODE              Offs=002315  Size=0005AE  Align=00001  Fill=0000
    RODATA            Offs=00063B  Size=000018  Align=00001  Fill=0000
    BSS               Offs=002417  Size=000013  Align=00001  Fill=0000
    DATA              Offs=000171  Size=00003E  Align=00001  Fill=0000


Segment list:
-------------
Name                   Start     End    Size  Align
----------------------------------------------------
ZEROPAGE              000081  00009A  00001A  00001
EXTZP                 00009B  0000A3  000009  00001
STARTUP               000700  000767  000068  00001
ONCE                  000768  000773  00000C  00001
CODE                  000774  003036  0028C3  00001
RODATA                003037  003689  000653  00001
DATA                  00368A  003838  0001AF  00001
BSS                   003839  005C62  00242A  00001


Exports list by name:
---------------------
_CharCode                 005B7E RLA    _CharHigh                 003794 RLA    
_CharWide                 003793 RLA    _CurMem                   005B84 RLA    
_CurMode                  005B90 RLA    _Flags                    005B7F RLA    
_GlyphData                005B80 RLA    _Key                      00138E RLA    
_ModeBold                 005B8A RLA    _RenderGlyph              002105 RLA    
_Reverse                  005B8E RLA    _Rotate                   005B8C RLA    
_ShowPLATO                001C5D RLA    _TTY                      005B86 RLA    
_TTYLoc                   005B77 RLA    __BSS_RUN__               003839 RLA    
__BSS_SIZE__              00242A REA    __CONSTRUCTOR_COUNT__     000000 REA    
__CONSTRUCTOR_TABLE__     000774 RLA    __DESTRUCTOR_COUNT__      000000 REA    
__DESTRUCTOR_TABLE__      00368A RLA    __LOWCODE_RUN__           000768 RLA    
__LOWCODE_SIZE__          000000 REA    __RESERVED_MEMORY__       002000 REA    
__STACKSIZE__             000800 REA    __STARTUP__               000001 REA    
_atr8_tgi                 0037FB RLA    _cgetc                    002354 RLA    
_click                    0020B3 RLA    _cx                       005B7B RLA    
_cy                       005B7D RLA    _exit                     000746 RLA    
_fontm23                  005877 RLA    _ih                       0022C6 RLA    
_io_done                  000DBE RLA    _io_init                  000C80 RLA    
_io_main                  000D07 RLA    _io_send_byte             000CC9 RLA    
_kbhit                    0023F5 RLA    _keyboard_main            0007AD RLA    
_main                     00089C RLA    _mul0375                  0020E6 RLA    
_mul0625                  0020BF RLA    _mul40                    00242C RLA    
_running                  00368A RLA    _screen_beep              002095 RLA    
_screen_block_draw        000E6E RLA    _screen_char_draw         000FCD RLA    
_screen_clear             000E49 RLA    _screen_done              0012AE RLA    
_screen_dot_draw          000EFD RLA    _screen_init              000DCE RLA    
_screen_line_draw         000F3E RLA    _screen_splash            000DDB RLA    
_screen_tty_char          001143 RLA    _screen_wait              000E48 RLA    
_siov                     0022C2 RLA    _terminal_char_load       000940 RLA    
_terminal_init            0008CE RLA    _terminal_set_plato       00092A RLA    
_terminal_set_tty         0008E3 RLA    _tgi_bar                  0025D7 RLA    
_tgi_clear                0037D4 REA    _tgi_color                005C20 RLA    
_tgi_colorcount           005C39 RLA    _tgi_curx                 005C1C RLA    
_tgi_cury                 005C1E RLA    _tgi_done                 002863 RLA    
_tgi_error                005C1A RLA    _tgi_flags                005C3F RLA    
_tgi_font                 005C21 RLA    _tgi_fontheight           005C3C RLA    
_tgi_fontwidth            005C3B RLA    _tgi_getmaxx              002871 RLA    
_tgi_getmaxy              002878 RLA    _tgi_getxres              00289E RLA    
_tgi_getyres              0028A5 RLA    _tgi_gmode                005C1B RLA    
_tgi_init                 0028AC RLA    _tgi_install              002558 RLA    
_tgi_line                 002904 RLA    _tgi_setcolor             002980 RLA    
_tgi_setpixel             00298E RLA    _tgi_settextstyle         002997 RLA    
_tgi_static_stddrv        0037FB RLA    _tgi_textdir              005C22 RLA    
_tgi_textscalew           005C25 RLA    _tgi_uninstall            0025C5 RLA    
_tgi_xmax                 005C31 RLA    _tgi_xres                 005C35 RLA    
_tgi_ymax                 005C33 RLA    _tgi_yres                 005C37 RLA    
_touch_allow              000DC1 RLA    _touch_done               000DCD RLA    
_touch_init               000DBF RLA    _touch_main               000DC0 RLA    
_trip                     00378D RLA    addysp                    0022CE RLA    
aslaxy                    00250B RLA    asrax1                    0022F7 RLA    
asrax2                    002301 RLA    asrax3                    002310 RLA    
asrax4                    002324 RLA    booleq                    002406 RLA    
callmain                  00233D RLA    cursor                    005C17 RLA    
decax1                    002376 RLA    decsp1                    00237D RLA    
decsp4                    002386 RLA    decsp6                    002393 RLA    
donelib                   00236A RLA    incsp1                    0023CE RLA    
incsp2                    0023DD RLA    incsp4                    0023EB RLA    
incsp7                    0023F0 RLA    initlib                   000768 RLA    
negax                     002451 RLA    popa                      00245F RLA    
popax                     0023D5 RLA    popptr1                   00246B RLA    
ptr1                      000089 RLZ    ptr2                      00008B RLZ    
ptr3                      00008D RLZ    ptr4                      00008F RLZ    
push0                     00248F RLA    pusha                     00247D RLA    
pusha0                    002491 RLA    pushax                    002493 RLA    
pushwysp                  0024AB RLA    regsave                   000085 RLZ    
return1                   0024C5 RLA    setcursor                 0024CA RLA    
shlax2                    0022DB RLA    shlax4                    0022E6 RLA    
sp                        000081 RLZ    sreg                      000083 RLZ    
staspidx                  002537 RLA    stax0sp                   00254D RLA    
staxysp                   00254F RLA    tgi_bar                   0037F2 RLA    
tgi_clear                 0037D4 RLA    tgi_clip_x1               005C48 RLA    
tgi_clip_x2               005C4C RLA    tgi_clip_y1               005C4A RLA    
tgi_clip_y2               005C4E RLA    tgi_clippedline           002744 RLA    
tgi_color_white           000001 REZ    tgi_done                  0037CB RLA    
tgi_getdefpalette         0037E6 RLA    tgi_geterror              0037CE RLA    
tgi_getset                00287F RLA    tgi_init                  0037C8 RLA    
tgi_inv_arg               0025AE RLA    tgi_libref                000746 RLA    
tgi_line                  0037EF RLA    tgi_linepop               00291C RLA    
tgi_outcode               002938 RLA    tgi_popxy                 002979 RLA    
tgi_setcolor              0037DD RLA    tgi_setdrawpage           0037DA RLA    
tgi_setpalette            0037E0 RLA    tgi_setpixel              0037E9 RLA    
tgi_setviewpage           0037D7 RLA    tmp1                      000091 RLZ    
tmp2                      000092 RLZ    tmp3                      000093 RLZ    
tmp4                      000094 RLZ    tosicmp0                  0023A0 RLA    
udiv32by16r16             0029DB RLA    umul16x16r32              002A0C RLA    
umul8x16r24               002A38 RLA    zerobss                   002A66 RLA    



Exports list by value:
----------------------
__LOWCODE_SIZE__          000000 REA    __CONSTRUCTOR_COUNT__     000000 REA    
__DESTRUCTOR_COUNT__      000000 REA    tgi_color_white           000001 REZ    
__STARTUP__               000001 REA    sp                        000081 RLZ    
sreg                      000083 RLZ    regsave                   000085 RLZ    
ptr1                      000089 RLZ    ptr2                      00008B RLZ    
ptr3                      00008D RLZ    ptr4                      00008F RLZ    
tmp1                      000091 RLZ    tmp2                      000092 RLZ    
tmp3                      000093 RLZ    tmp4                      000094 RLZ    
tgi_libref                000746 RLA    _exit                     000746 RLA    
__LOWCODE_RUN__           000768 RLA    initlib                   000768 RLA    
__CONSTRUCTOR_TABLE__     000774 RLA    _keyboard_main            0007AD RLA    
__STACKSIZE__             000800 REA    _main                     00089C RLA    
_terminal_init            0008CE RLA    _terminal_set_tty         0008E3 RLA    
_terminal_set_plato       00092A RLA    _terminal_char_load       000940 RLA    
_io_init                  000C80 RLA    _io_send_byte             000CC9 RLA    
_io_main                  000D07 RLA    _io_done                  000DBE RLA    
_touch_init               000DBF RLA    _touch_main               000DC0 RLA    
_touch_allow              000DC1 RLA    _touch_done               000DCD RLA    
_screen_init              000DCE RLA    _screen_splash            000DDB RLA    
_screen_wait              000E48 RLA    _screen_clear             000E49 RLA    
_screen_block_draw        000E6E RLA    _screen_dot_draw          000EFD RLA    
_screen_line_draw         000F3E RLA    _screen_char_draw         000FCD RLA    
_screen_tty_char          001143 RLA    _screen_done              0012AE RLA    
_Key                      00138E RLA    _ShowPLATO                001C5D RLA    
__RESERVED_MEMORY__       002000 REA    _screen_beep              002095 RLA    
_click                    0020B3 RLA    _mul0625                  0020BF RLA    
_mul0375                  0020E6 RLA    _RenderGlyph              002105 RLA    
_siov                     0022C2 RLA    _ih                       0022C6 RLA    
addysp                    0022CE RLA    shlax2                    0022DB RLA    
shlax4                    0022E6 RLA    asrax1                    0022F7 RLA    
asrax2                    002301 RLA    asrax3                    002310 RLA    
asrax4                    002324 RLA    callmain                  00233D RLA    
_cgetc                    002354 RLA    donelib                   00236A RLA    
decax1                    002376 RLA    decsp1                    00237D RLA    
decsp4                    002386 RLA    decsp6                    002393 RLA    
tosicmp0                  0023A0 RLA    incsp1                    0023CE RLA    
popax                     0023D5 RLA    incsp2                    0023DD RLA    
incsp4                    0023EB RLA    incsp7                    0023F0 RLA    
_kbhit                    0023F5 RLA    booleq                    002406 RLA    
__BSS_SIZE__              00242A REA    _mul40                    00242C RLA    
negax                     002451 RLA    popa                      00245F RLA    
popptr1                   00246B RLA    pusha                     00247D RLA    
push0                     00248F RLA    pusha0                    002491 RLA    
pushax                    002493 RLA    pushwysp                  0024AB RLA    
return1                   0024C5 RLA    setcursor                 0024CA RLA    
aslaxy                    00250B RLA    staspidx                  002537 RLA    
stax0sp                   00254D RLA    staxysp                   00254F RLA    
_tgi_install              002558 RLA    tgi_inv_arg               0025AE RLA    
_tgi_uninstall            0025C5 RLA    _tgi_bar                  0025D7 RLA    
tgi_clippedline           002744 RLA    _tgi_done                 002863 RLA    
_tgi_getmaxx              002871 RLA    _tgi_getmaxy              002878 RLA    
tgi_getset                00287F RLA    _tgi_getxres              00289E RLA    
_tgi_getyres              0028A5 RLA    _tgi_init                 0028AC RLA    
_tgi_line                 002904 RLA    tgi_linepop               00291C RLA    
tgi_outcode               002938 RLA    tgi_popxy                 002979 RLA    
_tgi_setcolor             002980 RLA    _tgi_setpixel             00298E RLA    
_tgi_settextstyle         002997 RLA    udiv32by16r16             0029DB RLA    
umul16x16r32              002A0C RLA    umul8x16r24               002A38 RLA    
zerobss                   002A66 RLA    __DESTRUCTOR_TABLE__      00368A RLA    
_running                  00368A RLA    _trip                     00378D RLA    
_CharWide                 003793 RLA    _CharHigh                 003794 RLA    
tgi_init                  0037C8 RLA    tgi_done                  0037CB RLA    
tgi_geterror              0037CE RLA    tgi_clear                 0037D4 RLA    
_tgi_clear                0037D4 REA    tgi_setviewpage           0037D7 RLA    
tgi_setdrawpage           0037DA RLA    tgi_setcolor              0037DD RLA    
tgi_setpalette            0037E0 RLA    tgi_getdefpalette         0037E6 RLA    
tgi_setpixel              0037E9 RLA    tgi_line                  0037EF RLA    
tgi_bar                   0037F2 RLA    _atr8_tgi                 0037FB RLA    
_tgi_static_stddrv        0037FB RLA    __BSS_RUN__               003839 RLA    
_fontm23                  005877 RLA    _TTYLoc                   005B77 RLA    
_cx                       005B7B RLA    _cy                       005B7D RLA    
_CharCode                 005B7E RLA    _Flags                    005B7F RLA    
_GlyphData                005B80 RLA    _CurMem                   005B84 RLA    
_TTY                      005B86 RLA    _ModeBold                 005B8A RLA    
_Rotate                   005B8C RLA    _Reverse                  005B8E RLA    
_CurMode                  005B90 RLA    cursor                    005C17 RLA    
_tgi_error                005C1A RLA    _tgi_gmode                005C1B RLA    
_tgi_curx                 005C1C RLA    _tgi_cury                 005C1E RLA    
_tgi_color                005C20 RLA    _tgi_font                 005C21 RLA    
_tgi_textdir              005C22 RLA    _tgi_textscalew           005C25 RLA    
_tgi_xmax                 005C31 RLA    _tgi_ymax                 005C33 RLA    
_tgi_xres                 005C35 RLA    _tgi_yres                 005C37 RLA    
_tgi_colorcount           005C39 RLA    _tgi_fontwidth            005C3B RLA    
_tgi_fontheight           005C3C RLA    _tgi_flags                005C3F RLA    
tgi_clip_x1               005C48 RLA    tgi_clip_y1               005C4A RLA    
tgi_clip_x2               005C4C RLA    tgi_clip_y2               005C4E RLA    



Imports list:
-------------
_CharCode (screen.o):
    fast_text.o               src/fast_text.s(18)
_CharHigh (screen.o):
    terminal.o                src/terminal.s(27)
_CharWide (screen.o):
    terminal.o                src/terminal.s(26)
_CurMem (protocol.o):
    screen.o                  src/screen.s(23)
    terminal.o                src/terminal.s(14)
_CurMode (protocol.o):
    screen.o                  src/screen.s(25)
    terminal.o                src/terminal.s(19)
_Flags (screen.o):
    fast_text.o               src/fast_text.s(18)
_GlyphData (screen.o):
    fast_text.o               src/fast_text.s(18)
_Key (protocol.o):
    keyboard.o                src/keyboard.s(19)
_ModeBold (protocol.o):
    screen.o                  src/screen.s(24)
    terminal.o                src/terminal.s(16)
_RenderGlyph (fast_text.o):
    screen.o                  src/screen.s(44)
_Reverse (protocol.o):
    terminal.o                src/terminal.s(18)
_Rotate (protocol.o):
    terminal.o                src/terminal.s(17)
_ShowPLATO (protocol.o):
    screen.o                  src/screen.s(26)
    io.o                      src/io.s(17)
    keyboard.o                src/keyboard.s(20)
_TTY (protocol.o):
    terminal.o                src/terminal.s(15)
    keyboard.o                src/keyboard.s(18)
_TTYLoc (screen.o):
    terminal.o                src/terminal.s(28)
    keyboard.o                src/keyboard.s(25)
__BSS_RUN__ ([linker generated]):
    zerobss.o                 common/zerobss.s(8)
__BSS_SIZE__ ([linker generated]):
    zerobss.o                 common/zerobss.s(8)
__CONSTRUCTOR_COUNT__ ([linker generated]):
    condes.o                  runtime/condes.s(18)
__CONSTRUCTOR_TABLE__ ([linker generated]):
    condes.o                  runtime/condes.s(18)
__DESTRUCTOR_COUNT__ ([linker generated]):
    condes.o                  runtime/condes.s(19)
__DESTRUCTOR_TABLE__ ([linker generated]):
    condes.o                  runtime/condes.s(19)
__LOWCODE_RUN__ ([linker generated]):
    crt0.o                    src/crt0.s(18)
__LOWCODE_SIZE__ ([linker generated]):
    crt0.o                    src/crt0.s(18)
__RESERVED_MEMORY__ ([linker generated]):
    crt0.o                    src/crt0.s(16)
    [linker generated]        src/atari.cfg(19)
__STACKSIZE__ ([linker generated]):
    [linker generated]        src/atari.cfg(19)
__STARTUP__ (crt0.o):
    main.o                    src/main.s(13)
_atr8_tgi (atr8-tgi.o):
    tgi_stat_stddrv.o         atari/tgi_stat_stddrv.s(13)
_cgetc (cgetc.o):
    keyboard.o                src/keyboard.s(14)
_click (click.o):
    keyboard.o                src/keyboard.s(24)
_cx (screen.o):
    fast_text.o               src/fast_text.s(18)
_cy (screen.o):
    fast_text.o               src/fast_text.s(18)
_exit (crt0.o):
    libref.o                  atari/libref.s(6)
_fontm23 (screen.o):
    terminal.o                src/terminal.s(36)
_ih (intr.o):
    io.o                      src/io.s(20)
_io_done (io.o):
    main.o                    src/main.s(24)
_io_init (io.o):
    main.o                    src/main.s(22)
_io_main (io.o):
    main.o                    src/main.s(23)
_io_send_byte (io.o):
    protocol.o                src/protocol.s(62)
    keyboard.o                src/keyboard.s(23)
_kbhit (kbhit.o):
    keyboard.o                src/keyboard.s(13)
_keyboard_main (keyboard.o):
    main.o                    src/main.s(25)
_main (main.o):
    callmain.o                runtime/callmain.s(11)
_mul0375 (mulfuncs.o):
    screen.o                  src/screen.s(43)
_mul0625 (mulfuncs.o):
    screen.o                  src/screen.s(42)
_mul40 (mul40.o):
    setcursor.o               atari/setcursor.s(7)
_running (main.o):
    keyboard.o                src/keyboard.s(26)
_screen_beep (screen_beep.o):
    protocol.o                src/protocol.s(61)
    main.o                    src/main.s(16)
_screen_block_draw (screen.o):
    protocol.o                src/protocol.s(63)
_screen_char_draw (screen.o):
    protocol.o                src/protocol.s(66)
_screen_clear (screen.o):
    protocol.o                src/protocol.s(70)
    terminal.o                src/terminal.s(25)
_screen_done (screen.o):
    main.o                    src/main.s(17)
_screen_dot_draw (screen.o):
    protocol.o                src/protocol.s(64)
_screen_init (screen.o):
    main.o                    src/main.s(14)
_screen_line_draw (screen.o):
    protocol.o                src/protocol.s(65)
_screen_splash (screen.o):
    main.o                    src/main.s(15)
_screen_tty_char (screen.o):
    protocol.o                src/protocol.s(67)
_screen_wait (screen.o):
    protocol.o                src/protocol.s(60)
_siov (sio.o):
    io.o                      src/io.s(18)
_terminal_char_load (terminal.o):
    protocol.o                src/protocol.s(68)
_terminal_init (terminal.o):
    main.o                    src/main.s(21)
_terminal_set_plato (terminal.o):
    protocol.o                src/protocol.s(72)
_terminal_set_tty (terminal.o):
    protocol.o                src/protocol.s(71)
_tgi_bar (tgi_bar.o):
    screen.o                  src/screen.s(22)
_tgi_clear (tgi_clear.o):
    screen.o                  src/screen.s(18)
_tgi_color (tgi-kernel.o):
    tgi_setcolor.o            /home/thomc/Workspace/cc65/asminc/tgi-kernel.inc(120)
_tgi_colorcount (tgi-kernel.o):
    tgi_setcolor.o            /home/thomc/Workspace/cc65/asminc/tgi-kernel.inc(132)
_tgi_curx (tgi-kernel.o):
    tgi_linepop.o             /home/thomc/Workspace/cc65/asminc/tgi-kernel.inc(118)
_tgi_cury (tgi-kernel.o):
    tgi_linepop.o             /home/thomc/Workspace/cc65/asminc/tgi-kernel.inc(119)
_tgi_done (tgi_done.o):
    tgi_init.o                /home/thomc/Workspace/cc65/asminc/tgi-kernel.inc(193)
    tgi-kernel.o              /home/thomc/Workspace/cc65/asminc/tgi-kernel.inc(193)
    screen.o                  src/screen.s(17)
_tgi_error (tgi-kernel.o):
    tgi_init.o                /home/thomc/Workspace/cc65/asminc/tgi-kernel.inc(116)
_tgi_flags (tgi-kernel.o):
    tgi_settextstyle.o        /home/thomc/Workspace/cc65/asminc/tgi-kernel.inc(137)
_tgi_font (tgi-kernel.o):
    tgi_settextstyle.o        /home/thomc/Workspace/cc65/asminc/tgi-kernel.inc(121)
_tgi_fontheight (tgi-kernel.o):
    tgi_settextstyle.o        /home/thomc/Workspace/cc65/asminc/tgi-kernel.inc(135)
_tgi_fontwidth (tgi-kernel.o):
    tgi_settextstyle.o        /home/thomc/Workspace/cc65/asminc/tgi-kernel.inc(134)
_tgi_getmaxx (tgi_getmaxx.o):
    tgi_bar.o                 /home/thomc/Workspace/cc65/asminc/tgi-kernel.inc(202)
_tgi_getmaxy (tgi_getmaxy.o):
    tgi_bar.o                 /home/thomc/Workspace/cc65/asminc/tgi-kernel.inc(203)
_tgi_getxres (tgi_getxres.o):
    tgi_init.o                /home/thomc/Workspace/cc65/asminc/tgi-kernel.inc(209)
_tgi_getyres (tgi_getyres.o):
    tgi_init.o                /home/thomc/Workspace/cc65/asminc/tgi-kernel.inc(210)
_tgi_gmode (tgi-kernel.o):
    tgi_init.o                /home/thomc/Workspace/cc65/asminc/tgi-kernel.inc(117)
    tgi_done.o                /home/thomc/Workspace/cc65/asminc/tgi-kernel.inc(117)
_tgi_init (tgi_init.o):
    screen.o                  src/screen.s(16)
_tgi_install (tgi-kernel.o):
    screen.o                  src/screen.s(14)
_tgi_line (tgi_line.o):
    screen.o                  src/screen.s(21)
_tgi_setcolor (tgi_setcolor.o):
    tgi_init.o                /home/thomc/Workspace/cc65/asminc/tgi-kernel.inc(224)
    screen.o                  src/screen.s(19)
_tgi_setpixel (tgi_setpixel.o):
    screen.o                  src/screen.s(20)
_tgi_settextstyle (tgi_settextstyle.o):
    tgi_init.o                /home/thomc/Workspace/cc65/asminc/tgi-kernel.inc(230)
_tgi_static_stddrv (tgi_stat_stddrv.o):
    screen.o                  src/screen.s(13)
_tgi_textdir (tgi-kernel.o):
    tgi_settextstyle.o        /home/thomc/Workspace/cc65/asminc/tgi-kernel.inc(122)
_tgi_textscalew (tgi-kernel.o):
    tgi_settextstyle.o        /home/thomc/Workspace/cc65/asminc/tgi-kernel.inc(124)
_tgi_uninstall (tgi-kernel.o):
    screen.o                  src/screen.s(15)
_tgi_xmax (tgi-kernel.o):
    tgi_clippedline.o         /home/thomc/Workspace/cc65/asminc/tgi-kernel.inc(130)
    tgi_init.o                /home/thomc/Workspace/cc65/asminc/tgi-kernel.inc(130)
    tgi_getmaxx.o             /home/thomc/Workspace/cc65/asminc/tgi-kernel.inc(130)
_tgi_xres (tgi-kernel.o):
    tgi_getxres.o             /home/thomc/Workspace/cc65/asminc/tgi-kernel.inc(128)
    tgi_getset.o              /home/thomc/Workspace/cc65/asminc/tgi-kernel.inc(128)
    tgi_outcode.o             /home/thomc/Workspace/cc65/asminc/tgi-kernel.inc(128)
    tgi_bar.o                 /home/thomc/Workspace/cc65/asminc/tgi-kernel.inc(128)
_tgi_ymax (tgi-kernel.o):
    tgi_clippedline.o         /home/thomc/Workspace/cc65/asminc/tgi-kernel.inc(131)
    tgi_init.o                /home/thomc/Workspace/cc65/asminc/tgi-kernel.inc(131)
    tgi_getmaxy.o             /home/thomc/Workspace/cc65/asminc/tgi-kernel.inc(131)
_tgi_yres (tgi-kernel.o):
    tgi_getyres.o             /home/thomc/Workspace/cc65/asminc/tgi-kernel.inc(129)
    tgi_getset.o              /home/thomc/Workspace/cc65/asminc/tgi-kernel.inc(129)
    tgi_outcode.o             /home/thomc/Workspace/cc65/asminc/tgi-kernel.inc(129)
    tgi_bar.o                 /home/thomc/Workspace/cc65/asminc/tgi-kernel.inc(129)
_touch_allow (touch.o):
    protocol.o                src/protocol.s(69)
_touch_done (touch.o):
    main.o                    src/main.s(20)
_touch_init (touch.o):
    main.o                    src/main.s(18)
_touch_main (touch.o):
    main.o                    src/main.s(19)
_trip (io.o):
    intr.o                    src/intr.s(2)
addysp (addysp.o):
    incsp7.o                  runtime/incsp7.s(8)
    incsp4.o                  runtime/incsp4.s(8)
aslaxy (shl.o):
    terminal.o                src/terminal.s(690)
asrax1 (asrax1.o):
    protocol.o                src/protocol.s(2256)
    protocol.o                src/protocol.s(2256)
asrax2 (asrax2.o):
    protocol.o                src/protocol.s(2256)
asrax3 (asrax3.o):
    protocol.o                src/protocol.s(2256)
asrax4 (asrax4.o):
    protocol.o                src/protocol.s(2256)
    protocol.o                src/protocol.s(2256)
    protocol.o                src/protocol.s(2256)
    protocol.o                src/protocol.s(2256)
booleq (makebool.o):
    protocol.o                src/protocol.s(2256)
callmain (callmain.o):
    crt0.o                    src/crt0.s(15)
cursor (_cursor.o):
    setcursor.o               atari/setcursor.s(7)
decax1 (decax1.o):
    tgi_init.o                tgi/tgi_init.s(11)
decsp1 (decsp1.o):
    protocol.o                src/protocol.s(2256)
    screen.o                  src/screen.s(1817)
decsp4 (decsp4.o):
    protocol.o                src/protocol.s(2256)
    protocol.o                src/protocol.s(2256)
    protocol.o                src/protocol.s(2256)
    protocol.o                src/protocol.s(2256)
    protocol.o                src/protocol.s(2256)
    screen.o                  src/screen.s(1817)
decsp6 (decsp6.o):
    screen.o                  src/screen.s(1817)
    screen.o                  src/screen.s(1817)
    screen.o                  src/screen.s(1817)
donelib (condes.o):
    crt0.o                    src/crt0.s(14)
incsp1 (incsp1.o):
    protocol.o                src/protocol.s(2256)
    screen.o                  src/screen.s(1817)
    io.o                      src/io.s(223)
    keyboard.o                src/keyboard.s(516)
    keyboard.o                src/keyboard.s(516)
incsp2 (incsp2.o):
    popptr1.o                 runtime/popptr1.s(8)
    staspidx.o                runtime/staspidx.s(8)
    protocol.o                src/protocol.s(2256)
    protocol.o                src/protocol.s(2256)
    protocol.o                src/protocol.s(2256)
    protocol.o                src/protocol.s(2256)
    protocol.o                src/protocol.s(2256)
    screen.o                  src/screen.s(1817)
    touch.o                   src/touch.s(100)
    touch.o                   src/touch.s(100)
incsp4 (incsp4.o):
    protocol.o                src/protocol.s(2256)
    protocol.o                src/protocol.s(2256)
    protocol.o                src/protocol.s(2256)
    protocol.o                src/protocol.s(2256)
    protocol.o                src/protocol.s(2256)
    protocol.o                src/protocol.s(2256)
    protocol.o                src/protocol.s(2256)
    screen.o                  src/screen.s(1817)
    screen.o                  src/screen.s(1817)
    terminal.o                src/terminal.s(690)
incsp7 (incsp7.o):
    screen.o                  src/screen.s(1817)
initlib (condes.o):
    crt0.o                    src/crt0.s(14)
negax (negabs.o):
    tgi_clippedline.o         tgi/tgi_clippedline.s(9)
    protocol.o                src/protocol.s(2256)
popa (popa.o):
    tgi_settextstyle.o        tgi/tgi_settextstyle.s(10)
popax (incsp2.o):
    tgi_settextstyle.o        tgi/tgi_settextstyle.s(10)
    tgi_linepop.o             tgi/tgi_linepop.s(9)
    tgi_line.o                tgi/tgi_line.s(10)
    tgi_bar.o                 tgi/tgi_bar.s(11)
    shl.o                     runtime/shl.s(15)
popptr1 (popptr1.o):
    tgi_popxy.o               tgi/tgi_popxy.s(10)
    tgi_bar.o                 tgi/tgi_bar.s(11)
ptr1 (zeropage.o):
    umul16x16r32.o            /home/thomc/Workspace/cc65/asminc/zeropage.inc(12)
    udiv32by16r16.o           /home/thomc/Workspace/cc65/asminc/zeropage.inc(12)
    tgi_getset.o              tgi/tgi_getset.s(12)
    tgi_clippedline.o         /home/thomc/Workspace/cc65/asminc/zeropage.inc(12)
    popptr1.o                 runtime/popptr1.s(9)
    atr8-tgi.o                /home/thomc/Workspace/cc65/asminc/zeropage.inc(12)
    zerobss.o                 common/zerobss.s(9)
    umul8x16r24.o             /home/thomc/Workspace/cc65/asminc/zeropage.inc(12)
    tgi_settextstyle.o        /home/thomc/Workspace/cc65/asminc/zeropage.inc(12)
    tgi_init.o                tgi/tgi_init.s(12)
    tgi_bar.o                 tgi/tgi_bar.s(10)
    tgi-kernel.o              tgi/tgi-kernel.s(8)
    staspidx.o                runtime/staspidx.s(9)
    fast_text.o               /home/thomc/Workspace/cc65/asminc/zeropage.inc(12)
    mulfuncs.o                /home/thomc/Workspace/cc65/asminc/zeropage.inc(12)
    protocol.o                src/protocol.s(11)
    screen.o                  src/screen.s(11)
    terminal.o                src/terminal.s(11)
    keyboard.o                src/keyboard.s(11)
ptr2 (zeropage.o):
    udiv32by16r16.o           /home/thomc/Workspace/cc65/asminc/zeropage.inc(12)
    tgi_popxy.o               tgi/tgi_popxy.s(11)
    tgi_getset.o              tgi/tgi_getset.s(12)
    tgi_clippedline.o         /home/thomc/Workspace/cc65/asminc/zeropage.inc(12)
    atr8-tgi.o                /home/thomc/Workspace/cc65/asminc/zeropage.inc(12)
    tgi_bar.o                 tgi/tgi_bar.s(10)
    fast_text.o               /home/thomc/Workspace/cc65/asminc/zeropage.inc(12)
    mulfuncs.o                /home/thomc/Workspace/cc65/asminc/zeropage.inc(12)
ptr3 (zeropage.o):
    umul16x16r32.o            /home/thomc/Workspace/cc65/asminc/zeropage.inc(12)
    udiv32by16r16.o           /home/thomc/Workspace/cc65/asminc/zeropage.inc(12)
    atr8-tgi.o                /home/thomc/Workspace/cc65/asminc/zeropage.inc(12)
    umul8x16r24.o             /home/thomc/Workspace/cc65/asminc/zeropage.inc(12)
    tgi_bar.o                 tgi/tgi_bar.s(10)
    fast_text.o               /home/thomc/Workspace/cc65/asminc/zeropage.inc(12)
ptr4 (zeropage.o):
    atr8-tgi.o                /home/thomc/Workspace/cc65/asminc/zeropage.inc(12)
    tgi_bar.o                 tgi/tgi_bar.s(10)
push0 (pushax.o):
    protocol.o                src/protocol.s(2256)
    protocol.o                src/protocol.s(2256)
    protocol.o                src/protocol.s(2256)
    protocol.o                src/protocol.s(2256)
    protocol.o                src/protocol.s(2256)
pusha (pusha.o):
    tgi_init.o                tgi/tgi_init.s(11)
    screen.o                  src/screen.s(1817)
    screen.o                  src/screen.s(1817)
    io.o                      src/io.s(223)
    keyboard.o                src/keyboard.s(516)
    keyboard.o                src/keyboard.s(516)
pusha0 (pushax.o):
    protocol.o                src/protocol.s(2256)
    protocol.o                src/protocol.s(2256)
    protocol.o                src/protocol.s(2256)
    protocol.o                src/protocol.s(2256)
    terminal.o                src/terminal.s(690)
pushax (pushax.o):
    tgi_init.o                tgi/tgi_init.s(11)
    callmain.o                runtime/callmain.s(11)
    protocol.o                src/protocol.s(2256)
    protocol.o                src/protocol.s(2256)
    protocol.o                src/protocol.s(2256)
    protocol.o                src/protocol.s(2256)
    protocol.o                src/protocol.s(2256)
    protocol.o                src/protocol.s(2256)
    protocol.o                src/protocol.s(2256)
    protocol.o                src/protocol.s(2256)
    protocol.o                src/protocol.s(2256)
    protocol.o                src/protocol.s(2256)
    protocol.o                src/protocol.s(2256)
    protocol.o                src/protocol.s(2256)
    screen.o                  src/screen.s(1817)
    screen.o                  src/screen.s(1817)
    screen.o                  src/screen.s(1817)
    screen.o                  src/screen.s(1817)
    touch.o                   src/touch.s(100)
    touch.o                   src/touch.s(100)
    io.o                      src/io.s(223)
    terminal.o                src/terminal.s(690)
    keyboard.o                src/keyboard.s(516)
pushwysp (pushwsp.o):
    protocol.o                src/protocol.s(2256)
regsave (zeropage.o):
    atr8-tgi.o                /home/thomc/Workspace/cc65/asminc/zeropage.inc(11)
    protocol.o                src/protocol.s(10)
return1 (return1.o):
    kbhit.o                   atari/kbhit.s(8)
setcursor (setcursor.o):
    cgetc.o                   atari/cgetc.s(10)
shlax2 (aslax2.o):
    protocol.o                src/protocol.s(2256)
shlax4 (aslax4.o):
    protocol.o                src/protocol.s(2256)
    protocol.o                src/protocol.s(2256)
sp (zeropage.o):
    popptr1.o                 runtime/popptr1.s(9)
    popa.o                    runtime/popa.s(8)
    addysp.o                  runtime/addysp.s(8)
    staxsp.o                  runtime/staxsp.s(8)
    staspidx.o                runtime/staspidx.s(9)
    pushwsp.o                 runtime/pushwsp.s(8)
    pushax.o                  runtime/pushax.s(8)
    pusha.o                   runtime/pusha.s(8)
    incsp2.o                  runtime/incsp2.s(8)
    incsp1.o                  runtime/incsp1.s(8)
    icmp.o                    runtime/icmp.s(9)
    decsp6.o                  runtime/decsp6.s(8)
    decsp4.o                  runtime/decsp4.s(8)
    decsp1.o                  runtime/decsp1.s(8)
    crt0.o                    /home/thomc/Workspace/cc65/asminc/zeropage.inc(11)
    protocol.o                src/protocol.s(10)
    screen.o                  src/screen.s(10)
    io.o                      src/io.s(10)
    terminal.o                src/terminal.s(10)
    keyboard.o                src/keyboard.s(10)
sreg (zeropage.o):
    umul16x16r32.o            /home/thomc/Workspace/cc65/asminc/zeropage.inc(11)
    udiv32by16r16.o           /home/thomc/Workspace/cc65/asminc/zeropage.inc(11)
    tgi_clippedline.o         /home/thomc/Workspace/cc65/asminc/zeropage.inc(11)
    atr8-tgi.o                /home/thomc/Workspace/cc65/asminc/zeropage.inc(11)
    umul8x16r24.o             /home/thomc/Workspace/cc65/asminc/zeropage.inc(11)
    icmp.o                    runtime/icmp.s(9)
    protocol.o                src/protocol.s(10)
staspidx (staspidx.o):
    terminal.o                src/terminal.s(690)
stax0sp (staxsp.o):
    protocol.o                src/protocol.s(2256)
    protocol.o                src/protocol.s(2256)
    protocol.o                src/protocol.s(2256)
    protocol.o                src/protocol.s(2256)
    protocol.o                src/protocol.s(2256)
staxysp (staxsp.o):
    protocol.o                src/protocol.s(2256)
    protocol.o                src/protocol.s(2256)
    protocol.o                src/protocol.s(2256)
    protocol.o                src/protocol.s(2256)
tgi_bar (tgi-kernel.o):
    tgi_bar.o                 /home/thomc/Workspace/cc65/asminc/tgi-kernel.inc(166)
tgi_clear (tgi-kernel.o):
    tgi_clear.o               /home/thomc/Workspace/cc65/asminc/tgi-kernel.inc(156)
tgi_clip_x1 (tgi_outcode.o):
    tgi_clippedline.o         /home/thomc/Workspace/cc65/asminc/tgi-kernel.inc(142)
    tgi_line.o                /home/thomc/Workspace/cc65/asminc/tgi-kernel.inc(142)
tgi_clip_x2 (tgi_outcode.o):
    tgi_clippedline.o         /home/thomc/Workspace/cc65/asminc/tgi-kernel.inc(144)
    tgi_linepop.o             /home/thomc/Workspace/cc65/asminc/tgi-kernel.inc(144)
tgi_clip_y1 (tgi_outcode.o):
    tgi_clippedline.o         /home/thomc/Workspace/cc65/asminc/tgi-kernel.inc(143)
    tgi_line.o                /home/thomc/Workspace/cc65/asminc/tgi-kernel.inc(143)
tgi_clip_y2 (tgi_outcode.o):
    tgi_clippedline.o         /home/thomc/Workspace/cc65/asminc/tgi-kernel.inc(145)
    tgi_linepop.o             /home/thomc/Workspace/cc65/asminc/tgi-kernel.inc(145)
tgi_clippedline (tgi_clippedline.o):
    tgi_line.o                /home/thomc/Workspace/cc65/asminc/tgi-kernel.inc(174)
tgi_color_white (tgi_colors.o):
    tgi_init.o                /home/thomc/Workspace/cc65/asminc/tgi-kernel.inc(110)
tgi_done (tgi-kernel.o):
    tgi_done.o                /home/thomc/Workspace/cc65/asminc/tgi-kernel.inc(153)
tgi_getdefpalette (tgi-kernel.o):
    tgi_init.o                /home/thomc/Workspace/cc65/asminc/tgi-kernel.inc(162)
tgi_geterror (tgi-kernel.o):
    tgi_init.o                /home/thomc/Workspace/cc65/asminc/tgi-kernel.inc(154)
tgi_getset (tgi_getset.o):
    tgi_setpixel.o            /home/thomc/Workspace/cc65/asminc/tgi-kernel.inc(176)
tgi_init (tgi-kernel.o):
    tgi_init.o                /home/thomc/Workspace/cc65/asminc/tgi-kernel.inc(152)
tgi_inv_arg (tgi-kernel.o):
    tgi_setcolor.o            /home/thomc/Workspace/cc65/asminc/tgi-kernel.inc(178)
tgi_libref (libref.o):
    tgi-kernel.o              tgi/tgi-kernel.s(7)
tgi_line (tgi-kernel.o):
    tgi_clippedline.o         /home/thomc/Workspace/cc65/asminc/tgi-kernel.inc(165)
tgi_linepop (tgi_linepop.o):
    tgi_line.o                /home/thomc/Workspace/cc65/asminc/tgi-kernel.inc(180)
tgi_outcode (tgi_outcode.o):
    tgi_clippedline.o         /home/thomc/Workspace/cc65/asminc/tgi-kernel.inc(181)
tgi_popxy (tgi_popxy.o):
    tgi_getset.o              /home/thomc/Workspace/cc65/asminc/tgi-kernel.inc(182)
tgi_setcolor (tgi-kernel.o):
    tgi_setcolor.o            /home/thomc/Workspace/cc65/asminc/tgi-kernel.inc(159)
tgi_setdrawpage (tgi-kernel.o):
    tgi_init.o                /home/thomc/Workspace/cc65/asminc/tgi-kernel.inc(158)
tgi_setpalette (tgi-kernel.o):
    tgi_init.o                /home/thomc/Workspace/cc65/asminc/tgi-kernel.inc(160)
tgi_setpixel (tgi-kernel.o):
    tgi_setpixel.o            /home/thomc/Workspace/cc65/asminc/tgi-kernel.inc(163)
tgi_setviewpage (tgi-kernel.o):
    tgi_init.o                /home/thomc/Workspace/cc65/asminc/tgi-kernel.inc(157)
tmp1 (zeropage.o):
    tgi_clippedline.o         /home/thomc/Workspace/cc65/asminc/zeropage.inc(13)
    atr8-tgi.o                /home/thomc/Workspace/cc65/asminc/zeropage.inc(13)
    tgi_settextstyle.o        /home/thomc/Workspace/cc65/asminc/zeropage.inc(13)
    tgi_outcode.o             /home/thomc/Workspace/cc65/asminc/zeropage.inc(13)
    staspidx.o                runtime/staspidx.s(9)
    shl.o                     runtime/shl.s(16)
    asrax4.o                  runtime/asrax4.s(9)
    asrax3.o                  runtime/asrax3.s(9)
    asrax2.o                  runtime/asrax2.s(8)
    asrax1.o                  runtime/asrax1.s(8)
    aslax4.o                  runtime/aslax4.s(8)
    aslax2.o                  runtime/aslax2.s(8)
    fast_text.o               /home/thomc/Workspace/cc65/asminc/zeropage.inc(13)
    protocol.o                src/protocol.s(11)
    terminal.o                src/terminal.s(11)
tmp2 (zeropage.o):
    fast_text.o               /home/thomc/Workspace/cc65/asminc/zeropage.inc(13)
tmp3 (zeropage.o):
    atr8-tgi.o                /home/thomc/Workspace/cc65/asminc/zeropage.inc(13)
    fast_text.o               /home/thomc/Workspace/cc65/asminc/zeropage.inc(13)
tmp4 (zeropage.o):
    mul40.o                   common/mul40.s(16)
    atr8-tgi.o                /home/thomc/Workspace/cc65/asminc/zeropage.inc(13)
    fast_text.o               /home/thomc/Workspace/cc65/asminc/zeropage.inc(13)
tosicmp0 (icmp.o):
    terminal.o                src/terminal.s(690)
udiv32by16r16 (udiv32by16r16.o):
    tgi_clippedline.o         tgi/tgi_clippedline.s(8)
umul16x16r32 (umul16x16r32.o):
    tgi_clippedline.o         tgi/tgi_clippedline.s(8)
umul8x16r24 (umul8x16r24.o):
    tgi_settextstyle.o        tgi/tgi_settextstyle.s(9)
zerobss (zerobss.o):
    crt0.o                    src/crt0.s(15)

