Modules list:
-------------
main.o:
    CODE              Offs=000000  Size=0001DE  Align=00001  Fill=0000
    RODATA            Offs=000000  Size=0000DF  Align=00001  Fill=0000
    BSS               Offs=000000  Size=000100  Align=00001  Fill=0000
/home/thomc/Workspace/cc65/lib/atari.lib(_cursor.o):
    BSS               Offs=000100  Size=000001  Align=00001  Fill=0000
/home/thomc/Workspace/cc65/lib/atari.lib(_scanf.o):
    CODE              Offs=0001DE  Size=0007B3  Align=00001  Fill=0000
    RODATA            Offs=0000DF  Size=000010  Align=00001  Fill=0000
    BSS               Offs=000101  Size=000042  Align=00001  Fill=0000
/home/thomc/Workspace/cc65/lib/atari.lib(_seterrno.o):
    CODE              Offs=000991  Size=000009  Align=00001  Fill=0000
/home/thomc/Workspace/cc65/lib/atari.lib(addysp.o):
    CODE              Offs=00099A  Size=00000E  Align=00001  Fill=0000
/home/thomc/Workspace/cc65/lib/atari.lib(along.o):
    CODE              Offs=0009A8  Size=00000D  Align=00001  Fill=0000
/home/thomc/Workspace/cc65/lib/atari.lib(axlong.o):
    CODE              Offs=0009B5  Size=00000D  Align=00001  Fill=0000
/home/thomc/Workspace/cc65/lib/atari.lib(callmain.o):
    CODE              Offs=0009C2  Size=000017  Align=00001  Fill=0000
    DATA              Offs=000000  Size=000004  Align=00001  Fill=0000
/home/thomc/Workspace/cc65/lib/atari.lib(cgetc.o):
    CODE              Offs=0009D9  Size=000016  Align=00001  Fill=0000
/home/thomc/Workspace/cc65/lib/atari.lib(clock.o):
    CODE              Offs=0009EF  Size=000022  Align=00001  Fill=0000
/home/thomc/Workspace/cc65/lib/atari.lib(clrscr.o):
    CODE              Offs=000A11  Size=00002A  Align=00001  Fill=0000
/home/thomc/Workspace/cc65/lib/atari.lib(compl.o):
    CODE              Offs=000A3B  Size=000009  Align=00001  Fill=0000
/home/thomc/Workspace/cc65/lib/atari.lib(condes.o):
    CODE              Offs=000A44  Size=00000C  Align=00001  Fill=0000
    DATA              Offs=000004  Size=000025  Align=00001  Fill=0000
    ONCE              Offs=000000  Size=00000C  Align=00001  Fill=0000
/home/thomc/Workspace/cc65/lib/atari.lib(cputc.o):
    CODE              Offs=000A50  Size=000068  Align=00001  Fill=0000
/home/thomc/Workspace/cc65/lib/atari.lib(cputs.o):
    CODE              Offs=000AB8  Size=000023  Align=00001  Fill=0000
/home/thomc/Workspace/cc65/lib/atari.lib(crt0.o):
    BSS               Offs=000143  Size=000005  Align=00001  Fill=0000
    STARTUP           Offs=000000  Size=000063  Align=00001  Fill=0000
/home/thomc/Workspace/cc65/lib/atari.lib(cscanf.o):
    CODE              Offs=000ADB  Size=00002A  Align=00001  Fill=0000
    BSS               Offs=000148  Size=000001  Align=00001  Fill=0000
/home/thomc/Workspace/cc65/lib/atari.lib(ctype.o):
    RODATA            Offs=0000EF  Size=000100  Align=00001  Fill=0000
/home/thomc/Workspace/cc65/lib/atari.lib(cursor.o):
    CODE              Offs=000B05  Size=00000A  Align=00001  Fill=0000
/home/thomc/Workspace/cc65/lib/atari.lib(decaxy.o):
    CODE              Offs=000B0F  Size=000009  Align=00001  Fill=0000
/home/thomc/Workspace/cc65/lib/atari.lib(decsp1.o):
    CODE              Offs=000B18  Size=000009  Align=00001  Fill=0000
/home/thomc/Workspace/cc65/lib/atari.lib(decsp4.o):
    CODE              Offs=000B21  Size=00000D  Align=00001  Fill=0000
/home/thomc/Workspace/cc65/lib/atari.lib(errno.o):
    BSS               Offs=000149  Size=000002  Align=00001  Fill=0000
/home/thomc/Workspace/cc65/lib/atari.lib(exehdr.o):
    EXEHDR            Offs=000000  Size=000002  Align=00001  Fill=0000
    MAINHDR           Offs=000000  Size=000004  Align=00001  Fill=0000
/home/thomc/Workspace/cc65/lib/atari.lib(exetrailer.o):
    AUTOSTRT          Offs=000000  Size=000006  Align=00001  Fill=0000
/home/thomc/Workspace/cc65/lib/atari.lib(gotoxy.o):
    CODE              Offs=000B2E  Size=000011  Align=00001  Fill=0000
/home/thomc/Workspace/cc65/lib/atari.lib(icmp.o):
    CODE              Offs=000B3F  Size=00002E  Align=00001  Fill=0000
/home/thomc/Workspace/cc65/lib/atari.lib(incax1.o):
    CODE              Offs=000B6D  Size=000007  Align=00001  Fill=0000
/home/thomc/Workspace/cc65/lib/atari.lib(incsp1.o):
    CODE              Offs=000B74  Size=000007  Align=00001  Fill=0000
/home/thomc/Workspace/cc65/lib/atari.lib(incsp2.o):
    CODE              Offs=000B7B  Size=000016  Align=00001  Fill=0000
/home/thomc/Workspace/cc65/lib/atari.lib(incsp4.o):
    CODE              Offs=000B91  Size=000005  Align=00001  Fill=0000
/home/thomc/Workspace/cc65/lib/atari.lib(incsp6.o):
    CODE              Offs=000B96  Size=000005  Align=00001  Fill=0000
/home/thomc/Workspace/cc65/lib/atari.lib(incsp8.o):
    CODE              Offs=000B9B  Size=000005  Align=00001  Fill=0000
/home/thomc/Workspace/cc65/lib/atari.lib(isdigit.o):
    CODE              Offs=000BA0  Size=00000F  Align=00001  Fill=0000
/home/thomc/Workspace/cc65/lib/atari.lib(isspace.o):
    CODE              Offs=000BAF  Size=00000F  Align=00001  Fill=0000
/home/thomc/Workspace/cc65/lib/atari.lib(isxdigit.o):
    CODE              Offs=000BBE  Size=00000F  Align=00001  Fill=0000
/home/thomc/Workspace/cc65/lib/atari.lib(jmpvec.o):
    DATA              Offs=000029  Size=000003  Align=00001  Fill=0000
/home/thomc/Workspace/cc65/lib/atari.lib(kbhit.o):
    CODE              Offs=000BCD  Size=00000B  Align=00001  Fill=0000
/home/thomc/Workspace/cc65/lib/atari.lib(ladd.o):
    CODE              Offs=000BD8  Size=000025  Align=00001  Fill=0000
/home/thomc/Workspace/cc65/lib/atari.lib(lcmp.o):
    CODE              Offs=000BFD  Size=00003B  Align=00001  Fill=0000
/home/thomc/Workspace/cc65/lib/atari.lib(ldaxi.o):
    CODE              Offs=000C38  Size=00000D  Align=00001  Fill=0000
/home/thomc/Workspace/cc65/lib/atari.lib(ldaxsp.o):
    CODE              Offs=000C45  Size=000009  Align=00001  Fill=0000
/home/thomc/Workspace/cc65/lib/atari.lib(ldeaxysp.o):
    CODE              Offs=000C4E  Size=000013  Align=00001  Fill=0000
/home/thomc/Workspace/cc65/lib/atari.lib(lge.o):
    CODE              Offs=000C61  Size=000006  Align=00001  Fill=0000
/home/thomc/Workspace/cc65/lib/atari.lib(lmul.o):
    CODE              Offs=000C67  Size=00005C  Align=00001  Fill=0000
/home/thomc/Workspace/cc65/lib/atari.lib(lneg.o):
    CODE              Offs=000CC3  Size=00001E  Align=00001  Fill=0000
/home/thomc/Workspace/cc65/lib/atari.lib(longjmp.o):
    CODE              Offs=000CE1  Size=000028  Align=00001  Fill=0000
/home/thomc/Workspace/cc65/lib/atari.lib(lpush.o):
    CODE              Offs=000D09  Size=000021  Align=00001  Fill=0000
/home/thomc/Workspace/cc65/lib/atari.lib(lsub.o):
    CODE              Offs=000D2A  Size=000027  Align=00001  Fill=0000
/home/thomc/Workspace/cc65/lib/atari.lib(makebool.o):
    CODE              Offs=000D51  Size=00002C  Align=00001  Fill=0000
/home/thomc/Workspace/cc65/lib/atari.lib(mul40.o):
    CODE              Offs=000D7D  Size=000021  Align=00001  Fill=0000
/home/thomc/Workspace/cc65/lib/atari.lib(mulax10.o):
    CODE              Offs=000D9E  Size=000019  Align=00001  Fill=0000
/home/thomc/Workspace/cc65/lib/atari.lib(popa.o):
    CODE              Offs=000DB7  Size=00000C  Align=00001  Fill=0000
/home/thomc/Workspace/cc65/lib/atari.lib(popptr1.o):
    CODE              Offs=000DC3  Size=00000E  Align=00001  Fill=0000
/home/thomc/Workspace/cc65/lib/atari.lib(pusha.o):
    CODE              Offs=000DD1  Size=000016  Align=00001  Fill=0000
/home/thomc/Workspace/cc65/lib/atari.lib(pushax.o):
    CODE              Offs=000DE7  Size=00001A  Align=00001  Fill=0000
/home/thomc/Workspace/cc65/lib/atari.lib(return0.o):
    CODE              Offs=000E01  Size=000004  Align=00001  Fill=0000
/home/thomc/Workspace/cc65/lib/atari.lib(return1.o):
    CODE              Offs=000E05  Size=000005  Align=00001  Fill=0000
/home/thomc/Workspace/cc65/lib/atari.lib(revers.o):
    CODE              Offs=000E0A  Size=000016  Align=00001  Fill=0000
    BSS               Offs=00014B  Size=000001  Align=00001  Fill=0000
/home/thomc/Workspace/cc65/lib/atari.lib(setcursor.o):
    CODE              Offs=000E20  Size=00003A  Align=00001  Fill=0000
/home/thomc/Workspace/cc65/lib/atari.lib(setjmp.o):
    CODE              Offs=000E5A  Size=000025  Align=00001  Fill=0000
/home/thomc/Workspace/cc65/lib/atari.lib(sleep.o):
    CODE              Offs=000E7F  Size=000045  Align=00001  Fill=0000
/home/thomc/Workspace/cc65/lib/atari.lib(strcpy.o):
    CODE              Offs=000EC4  Size=00001F  Align=00001  Fill=0000
/home/thomc/Workspace/cc65/lib/atari.lib(sub.o):
    CODE              Offs=000EE3  Size=000015  Align=00001  Fill=0000
/home/thomc/Workspace/cc65/lib/atari.lib(swap.o):
    CODE              Offs=000EF8  Size=000017  Align=00001  Fill=0000
/home/thomc/Workspace/cc65/lib/atari.lib(tolower.o):
    CODE              Offs=000F0F  Size=000010  Align=00001  Fill=0000
/home/thomc/Workspace/cc65/lib/atari.lib(vcscanf.o):
    CODE              Offs=000F1F  Size=00003C  Align=00001  Fill=0000
    RODATA            Offs=0001EF  Size=000004  Align=00001  Fill=0000
    BSS               Offs=00014C  Size=000002  Align=00001  Fill=0000
/home/thomc/Workspace/cc65/lib/atari.lib(zerobss.o):
    CODE              Offs=000F5B  Size=000023  Align=00001  Fill=0000
/home/thomc/Workspace/cc65/lib/atari.lib(zeropage.o):
    ZEROPAGE          Offs=000000  Size=00001A  Align=00001  Fill=0000


Segment list:
-------------
Name                   Start     End    Size  Align
----------------------------------------------------
AUTOSTRT              000000  000005  000006  00001
EXEHDR                000000  000001  000002  00001
MAINHDR               000000  000003  000004  00001
ZEROPAGE              000082  00009B  00001A  00001
STARTUP               002000  002062  000063  00001
ONCE                  002063  00206E  00000C  00001
CODE                  00206F  002FEC  000F7E  00001
RODATA                002FED  0031DF  0001F3  00001
DATA                  0031E0  00320B  00002C  00001
BSS                   00320C  003359  00014E  00001


Exports list by name:
---------------------
__AUTOSTART__             000001 REA    __BSS_LOAD__              00320C RLA    
__BSS_RUN__               00320C RLA    __BSS_SIZE__              00014E REA    
__CONSTRUCTOR_COUNT__     000000 REA    __CONSTRUCTOR_TABLE__     00206F RLA    
__DESTRUCTOR_COUNT__      000000 REA    __DESTRUCTOR_TABLE__      0031E0 RLA    
__EXEHDR__                000001 REA    __LOWCODE_RUN__           002063 RLA    
__LOWCODE_SIZE__          000000 REA    __MAIN_START__            002000 RLA    
__RESERVED_MEMORY__       000000 REA    __STACKSIZE__             000800 REA    
__STARTUP__               000001 REA    __clocks_per_sec          002A71 RLA    
__ctype                   0030DC RLA    __errno                   003355 RLA    
__scanf                   00224D RLA    __seterrno                002A00 RLA    
__setjmp                  002EC9 RLA    _cgetc                    002A48 RLA    
_clock                    002A5E RLA    _clrscr                   002A80 RLA    
_cputc                    002AC4 RLA    _cputs                    002B31 RLA    
_cscanf                   002B4A RLA    _cursor                   002B74 RLA    
_exit                     002041 RLA    _isdigit                  002C0F RLA    
_isspace                  002C1E RLA    _isxdigit                 002C2D RLA    
_kbhit                    002C3C RLA    _longjmp                  002D50 RLA    
_main                     002244 RLA    _mul40                    002DEC RLA    
_revflag                  003357 RLA    _sleep                    002EEE RLA    
_strcpy                   002F33 RLA    _tolower                  002F7E RLA    
_vcscanf                  002FB2 RLA    addysp                    002A0A RLA    
addysp1                   002A09 RLA    aulong                    002A1D RLA    
axulong                   002A2A RLA    booleq                    002DC6 RLA    
boolge                    002DD7 RLA    callmain                  002A31 RLA    
complax                   002AAA RLA    cursor                    00330C RLA    
decaxy                    002B7E RLA    decsp1                    002B87 RLA    
decsp4                    002B90 RLA    donelib                   002AB3 RLA    
gotoxy                    002B9D RLA    incax1                    002BDC RLA    
incsp1                    002BE3 RLA    incsp2                    002BF2 RLA    
incsp4                    002C00 RLA    incsp6                    002C05 RLA    
incsp8                    002C0A RLA    initlib                   002063 RLA    
jmpvec                    003209 RLA    ldaxi                     002CA7 RLA    
ldaxysp                   002CB6 RLA    ldeax0sp                  002CBD RLA    
mulax10                   002E0D RLA    negeax                    002D32 RLA    
popa                      002E26 RLA    popax                     002BEA RLA    
popptr1                   002E32 RLA    ptr1                      00008A RLZ    
ptr2                      00008C RLZ    ptr3                      00008E RLZ    
ptr4                      000090 RLZ    pusha                     002E44 RLA    
pusha0                    002E58 RLA    pushax                    002E5A RLA    
pusheax                   002D81 RLA    regbank                   000096 RLZ    
regsave                   000086 RLZ    return0                   002E70 RLA    
return1                   002E74 RLA    setcursor                 002E8F RLA    
sp                        000082 RLZ    sreg                      000084 RLZ    
start                     002001 RLA    swapstk                   002F67 RLA    
tmp1                      000092 RLZ    tmp2                      000093 RLZ    
tmp3                      000094 RLZ    tmp4                      000095 RLZ    
tosaddeax                 002C4D RLA    tosgeeax                  002CD0 RLA    
tosicmp0                  002BAE RLA    toslcmp                   002C6C RLA    
tosmuleax                 002CDC RLA    tossuba0                  002F52 RLA    
tossubeax                 002D9F RLA    tosumuleax                002CDC RLA    
zerobss                   002FCA RLA    


Exports list by value:
----------------------
__LOWCODE_SIZE__          000000 REA    __CONSTRUCTOR_COUNT__     000000 REA    
__DESTRUCTOR_COUNT__      000000 REA    __RESERVED_MEMORY__       000000 REA    
__AUTOSTART__             000001 REA    __EXEHDR__                000001 REA    
__STARTUP__               000001 REA    sp                        000082 RLZ    
sreg                      000084 RLZ    regsave                   000086 RLZ    
ptr1                      00008A RLZ    ptr2                      00008C RLZ    
ptr3                      00008E RLZ    ptr4                      000090 RLZ    
tmp1                      000092 RLZ    tmp2                      000093 RLZ    
tmp3                      000094 RLZ    tmp4                      000095 RLZ    
regbank                   000096 RLZ    __BSS_SIZE__              00014E REA    
__STACKSIZE__             000800 REA    __MAIN_START__            002000 RLA    
start                     002001 RLA    _exit                     002041 RLA    
initlib                   002063 RLA    __LOWCODE_RUN__           002063 RLA    
__CONSTRUCTOR_TABLE__     00206F RLA    _main                     002244 RLA    
__scanf                   00224D RLA    __seterrno                002A00 RLA    
addysp1                   002A09 RLA    addysp                    002A0A RLA    
aulong                    002A1D RLA    axulong                   002A2A RLA    
callmain                  002A31 RLA    _cgetc                    002A48 RLA    
_clock                    002A5E RLA    __clocks_per_sec          002A71 RLA    
_clrscr                   002A80 RLA    complax                   002AAA RLA    
donelib                   002AB3 RLA    _cputc                    002AC4 RLA    
_cputs                    002B31 RLA    _cscanf                   002B4A RLA    
_cursor                   002B74 RLA    decaxy                    002B7E RLA    
decsp1                    002B87 RLA    decsp4                    002B90 RLA    
gotoxy                    002B9D RLA    tosicmp0                  002BAE RLA    
incax1                    002BDC RLA    incsp1                    002BE3 RLA    
popax                     002BEA RLA    incsp2                    002BF2 RLA    
incsp4                    002C00 RLA    incsp6                    002C05 RLA    
incsp8                    002C0A RLA    _isdigit                  002C0F RLA    
_isspace                  002C1E RLA    _isxdigit                 002C2D RLA    
_kbhit                    002C3C RLA    tosaddeax                 002C4D RLA    
toslcmp                   002C6C RLA    ldaxi                     002CA7 RLA    
ldaxysp                   002CB6 RLA    ldeax0sp                  002CBD RLA    
tosgeeax                  002CD0 RLA    tosmuleax                 002CDC RLA    
tosumuleax                002CDC RLA    negeax                    002D32 RLA    
_longjmp                  002D50 RLA    pusheax                   002D81 RLA    
tossubeax                 002D9F RLA    booleq                    002DC6 RLA    
boolge                    002DD7 RLA    _mul40                    002DEC RLA    
mulax10                   002E0D RLA    popa                      002E26 RLA    
popptr1                   002E32 RLA    pusha                     002E44 RLA    
pusha0                    002E58 RLA    pushax                    002E5A RLA    
return0                   002E70 RLA    return1                   002E74 RLA    
setcursor                 002E8F RLA    __setjmp                  002EC9 RLA    
_sleep                    002EEE RLA    _strcpy                   002F33 RLA    
tossuba0                  002F52 RLA    swapstk                   002F67 RLA    
_tolower                  002F7E RLA    _vcscanf                  002FB2 RLA    
zerobss                   002FCA RLA    __ctype                   0030DC RLA    
__DESTRUCTOR_TABLE__      0031E0 RLA    jmpvec                    003209 RLA    
__BSS_LOAD__              00320C RLA    __BSS_RUN__               00320C RLA    
cursor                    00330C RLA    __errno                   003355 RLA    
_revflag                  003357 RLA    


Imports list:
-------------
__AUTOSTART__ (exetrailer.o):
    [linker generated]        src/atari.cfg(6)
__BSS_LOAD__ ([linker generated]):
    exehdr.o                  atari/exehdr.s(4)
__BSS_RUN__ ([linker generated]):
    zerobss.o                 common/zerobss.s(8)
__BSS_SIZE__ ([linker generated]):
    zerobss.o                 common/zerobss.s(8)
__CONSTRUCTOR_COUNT__ ([linker generated]):
    condes.o                  runtime/condes.s(18)
__CONSTRUCTOR_TABLE__ ([linker generated]):
    condes.o                  runtime/condes.s(18)
__DESTRUCTOR_COUNT__ ([linker generated]):
    condes.o                  runtime/condes.s(19)
__DESTRUCTOR_TABLE__ ([linker generated]):
    condes.o                  runtime/condes.s(19)
__EXEHDR__ (exehdr.o):
    [linker generated]        src/atari.cfg(5)
__LOWCODE_RUN__ ([linker generated]):
    crt0.o                    atari/crt0.s(18)
__LOWCODE_SIZE__ ([linker generated]):
    crt0.o                    atari/crt0.s(18)
__MAIN_START__ ([linker generated]):
    exehdr.o                  atari/exehdr.s(4)
__RESERVED_MEMORY__ ([linker generated]):
    crt0.o                    atari/crt0.s(16)
    [linker generated]        src/atari.cfg(19)
__STACKSIZE__ ([linker generated]):
    [linker generated]        src/atari.cfg(19)
__STARTUP__ (crt0.o):
    main.o                    src/main.s(13)
__clocks_per_sec (clock.o):
    sleep.o                   ../libwrk/atari/sleep.s(13)
__ctype (ctype.o):
    tolower.o                 common/tolower.s(8)
    isxdigit.o                /home/thomc/Workspace/cc65/asminc/ctype.inc(9)
    isspace.o                 /home/thomc/Workspace/cc65/asminc/ctype.inc(9)
    isdigit.o                 /home/thomc/Workspace/cc65/asminc/ctype.inc(9)
__errno (errno.o):
    _seterrno.o               /home/thomc/Workspace/cc65/asminc/errno.inc(7)
__scanf (_scanf.o):
    vcscanf.o                 conio/../common/_scanf.inc(17)
__seterrno (_seterrno.o):
    _scanf.o                  ../libwrk/atari/_scanf.s(16)
__setjmp (setjmp.o):
    _scanf.o                  ../libwrk/atari/_scanf.s(14)
_cgetc (cgetc.o):
    vcscanf.o                 conio/vcscanf.s(9)
    main.o                    src/main.s(17)
_clock (clock.o):
    sleep.o                   ../libwrk/atari/sleep.s(14)
_clrscr (clrscr.o):
    main.o                    src/main.s(14)
_cputc (cputc.o):
    vcscanf.o                 conio/vcscanf.s(9)
    cputs.o                   conio/cputs.s(9)
_cputs (cputs.o):
    main.o                    src/main.s(16)
_cscanf (cscanf.o):
    main.o                    src/main.s(18)
_cursor (cursor.o):
    main.o                    src/main.s(19)
_exit (crt0.o):
    main.o                    src/main.s(20)
_isdigit (isdigit.o):
    _scanf.o                  ../libwrk/atari/_scanf.s(17)
_isspace (isspace.o):
    _scanf.o                  ../libwrk/atari/_scanf.s(18)
_isxdigit (isxdigit.o):
    _scanf.o                  ../libwrk/atari/_scanf.s(19)
_kbhit (kbhit.o):
    main.o                    src/main.s(15)
_longjmp (longjmp.o):
    _scanf.o                  ../libwrk/atari/_scanf.s(15)
_main (main.o):
    callmain.o                runtime/callmain.s(11)
_mul40 (mul40.o):
    cputc.o                   atari/cputc.s(10)
    setcursor.o               atari/setcursor.s(7)
_revflag (revers.o):
    cputc.o                   atari/cputc.s(12)
_sleep (sleep.o):
    main.o                    src/main.s(23)
_strcpy (strcpy.o):
    main.o                    src/main.s(21)
_tolower (tolower.o):
    _scanf.o                  ../libwrk/atari/_scanf.s(20)
_vcscanf (vcscanf.o):
    cscanf.o                  conio/cscanf.s(10)
addysp (addysp.o):
    incsp4.o                  runtime/incsp4.s(8)
    incsp8.o                  runtime/incsp8.s(8)
    incsp6.o                  runtime/incsp6.s(8)
    cscanf.o                  conio/cscanf.s(10)
addysp1 (addysp.o):
    sub.o                     runtime/sub.s(8)
    lsub.o                    runtime/lsub.s(11)
    lmul.o                    runtime/lmul.s(9)
    ladd.o                    runtime/ladd.s(8)
aulong (along.o):
    _scanf.o                  ../libwrk/atari/_scanf.s(1090)
axulong (axlong.o):
    _scanf.o                  ../libwrk/atari/_scanf.s(1090)
    _scanf.o                  ../libwrk/atari/_scanf.s(1090)
    sleep.o                   ../libwrk/atari/sleep.s(55)
booleq (makebool.o):
    _scanf.o                  ../libwrk/atari/_scanf.s(1090)
boolge (makebool.o):
    lge.o                     runtime/lge.s(8)
callmain (callmain.o):
    crt0.o                    atari/crt0.s(15)
complax (compl.o):
    _scanf.o                  ../libwrk/atari/_scanf.s(1090)
cursor (_cursor.o):
    setcursor.o               atari/setcursor.s(7)
    cursor.o                  conio/cursor.s(8)
decaxy (decaxy.o):
    _scanf.o                  ../libwrk/atari/_scanf.s(1090)
decsp1 (decsp1.o):
    main.o                    src/main.s(336)
decsp4 (decsp4.o):
    lpush.o                   runtime/lpush.s(12)
donelib (condes.o):
    crt0.o                    atari/crt0.s(14)
gotoxy (gotoxy.o):
    cputc.o                   atari/cputc.s(10)
    cputs.o                   conio/cputs.s(9)
incax1 (incax1.o):
    _scanf.o                  ../libwrk/atari/_scanf.s(1090)
incsp1 (incsp1.o):
    _scanf.o                  ../libwrk/atari/_scanf.s(1090)
    _scanf.o                  ../libwrk/atari/_scanf.s(1090)
    _scanf.o                  ../libwrk/atari/_scanf.s(1090)
    _scanf.o                  ../libwrk/atari/_scanf.s(1090)
    _scanf.o                  ../libwrk/atari/_scanf.s(1090)
incsp2 (incsp2.o):
    popptr1.o                 runtime/popptr1.s(8)
    main.o                    src/main.s(336)
incsp4 (incsp4.o):
    lcmp.o                    runtime/lcmp.s(9)
incsp6 (incsp6.o):
    sleep.o                   ../libwrk/atari/sleep.s(55)
incsp8 (incsp8.o):
    _scanf.o                  ../libwrk/atari/_scanf.s(1090)
initlib (condes.o):
    crt0.o                    atari/crt0.s(14)
jmpvec (jmpvec.o):
    _scanf.o                  ../libwrk/atari/_scanf.s(1090)
    _scanf.o                  ../libwrk/atari/_scanf.s(1090)
ldaxi (ldaxi.o):
    _scanf.o                  ../libwrk/atari/_scanf.s(1090)
    _scanf.o                  ../libwrk/atari/_scanf.s(1090)
ldaxysp (ldaxsp.o):
    _scanf.o                  ../libwrk/atari/_scanf.s(1090)
    sleep.o                   ../libwrk/atari/sleep.s(55)
ldeax0sp (ldeaxysp.o):
    sleep.o                   ../libwrk/atari/sleep.s(55)
mulax10 (mulax10.o):
    _scanf.o                  ../libwrk/atari/_scanf.s(1090)
negeax (lneg.o):
    _scanf.o                  ../libwrk/atari/_scanf.s(1090)
popa (popa.o):
    gotoxy.o                  atari/gotoxy.s(10)
popax (incsp2.o):
    vcscanf.o                 conio/vcscanf.s(10)
    strcpy.o                  common/strcpy.s(8)
popptr1 (popptr1.o):
    longjmp.o                 common/longjmp.s(9)
ptr1 (zeropage.o):
    lcmp.o                    runtime/lcmp.s(10)
    setjmp.o                  common/setjmp.s(11)
    popptr1.o                 runtime/popptr1.s(9)
    mulax10.o                 runtime/mulax10.s(9)
    longjmp.o                 common/longjmp.s(10)
    lmul.o                    runtime/lmul.s(10)
    ldaxi.o                   runtime/ldaxi.s(8)
    _scanf.o                  ../libwrk/atari/_scanf.s(11)
    zerobss.o                 common/zerobss.s(9)
    strcpy.o                  common/strcpy.s(9)
    cscanf.o                  /home/thomc/Workspace/cc65/asminc/zeropage.inc(12)
    cputs.o                   conio/cputs.s(10)
    clrscr.o                  atari/clrscr.s(9)
ptr2 (zeropage.o):
    longjmp.o                 common/longjmp.s(10)
    strcpy.o                  common/strcpy.s(9)
ptr3 (zeropage.o):
    lmul.o                    runtime/lmul.s(10)
ptr4 (zeropage.o):
    swap.o                    runtime/swap.s(9)
    lmul.o                    runtime/lmul.s(10)
    cputc.o                   atari/cputc.s(11)
pusha (pusha.o):
    _scanf.o                  ../libwrk/atari/_scanf.s(1090)
    _scanf.o                  ../libwrk/atari/_scanf.s(1090)
    _scanf.o                  ../libwrk/atari/_scanf.s(1090)
    _scanf.o                  ../libwrk/atari/_scanf.s(1090)
    _scanf.o                  ../libwrk/atari/_scanf.s(1090)
    main.o                    src/main.s(336)
pusha0 (pushax.o):
    _scanf.o                  ../libwrk/atari/_scanf.s(1090)
pushax (pushax.o):
    callmain.o                runtime/callmain.s(11)
    _scanf.o                  ../libwrk/atari/_scanf.s(1090)
    _scanf.o                  ../libwrk/atari/_scanf.s(1090)
    vcscanf.o                 conio/vcscanf.s(10)
    sleep.o                   ../libwrk/atari/sleep.s(55)
    cscanf.o                  conio/cscanf.s(10)
    main.o                    src/main.s(336)
    main.o                    src/main.s(336)
pusheax (lpush.o):
    _scanf.o                  ../libwrk/atari/_scanf.s(1090)
    sleep.o                   ../libwrk/atari/sleep.s(55)
regbank (zeropage.o):
    _scanf.o                  ../libwrk/atari/_scanf.s(10)
regsave (zeropage.o):
    _scanf.o                  ../libwrk/atari/_scanf.s(10)
return0 (return0.o):
    setjmp.o                  common/setjmp.s(10)
return1 (return1.o):
    kbhit.o                   atari/kbhit.s(8)
setcursor (setcursor.o):
    cputc.o                   atari/cputc.s(12)
    gotoxy.o                  atari/gotoxy.s(11)
    clrscr.o                  atari/clrscr.s(10)
    cgetc.o                   atari/cgetc.s(10)
sp (zeropage.o):
    lcmp.o                    runtime/lcmp.s(10)
    decsp4.o                  runtime/decsp4.s(8)
    swap.o                    runtime/swap.s(9)
    sub.o                     runtime/sub.s(9)
    setjmp.o                  common/setjmp.s(11)
    popptr1.o                 runtime/popptr1.s(9)
    lsub.o                    runtime/lsub.s(12)
    lpush.o                   runtime/lpush.s(13)
    longjmp.o                 common/longjmp.s(10)
    lmul.o                    runtime/lmul.s(10)
    ldeaxysp.o                runtime/ldeaxysp.s(12)
    ldaxsp.o                  runtime/ldaxsp.s(8)
    ladd.o                    runtime/ladd.s(9)
    incsp1.o                  runtime/incsp1.s(8)
    icmp.o                    runtime/icmp.s(9)
    addysp.o                  runtime/addysp.s(8)
    _scanf.o                  ../libwrk/atari/_scanf.s(10)
    pushax.o                  runtime/pushax.s(8)
    pusha.o                   runtime/pusha.s(8)
    popa.o                    runtime/popa.s(8)
    incsp2.o                  runtime/incsp2.s(8)
    decsp1.o                  runtime/decsp1.s(8)
    cscanf.o                  /home/thomc/Workspace/cc65/asminc/zeropage.inc(11)
    crt0.o                    /home/thomc/Workspace/cc65/asminc/zeropage.inc(11)
    main.o                    src/main.s(10)
sreg (zeropage.o):
    lcmp.o                    runtime/lcmp.s(10)
    lsub.o                    runtime/lsub.s(12)
    lpush.o                   runtime/lpush.s(13)
    lneg.o                    runtime/lneg.s(11)
    lmul.o                    runtime/lmul.s(10)
    ldeaxysp.o                runtime/ldeaxysp.s(12)
    ladd.o                    runtime/ladd.s(9)
    icmp.o                    runtime/icmp.s(9)
    clock.o                   atari/clock.s(10)
    axlong.o                  runtime/axlong.s(9)
    along.o                   runtime/along.s(9)
    _scanf.o                  ../libwrk/atari/_scanf.s(10)
    sleep.o                   ../libwrk/atari/sleep.s(10)
start (crt0.o):
    exetrailer.o              atari/exetrailer.s(4)
swapstk (swap.o):
    vcscanf.o                 conio/vcscanf.s(10)
tmp1 (zeropage.o):
    ladd.o                    runtime/ladd.s(9)
    decaxy.o                  runtime/decaxy.s(8)
    cputs.o                   conio/cputs.s(10)
tmp2 (zeropage.o):
    lmul.o                    runtime/lmul.s(10)
tmp3 (zeropage.o):
    lmul.o                    runtime/lmul.s(10)
tmp4 (zeropage.o):
    mul40.o                   common/mul40.s(16)
    lmul.o                    runtime/lmul.s(10)
tosaddeax (ladd.o):
    _scanf.o                  ../libwrk/atari/_scanf.s(1090)
    sleep.o                   ../libwrk/atari/sleep.s(55)
tosgeeax (lge.o):
    sleep.o                   ../libwrk/atari/sleep.s(55)
tosicmp0 (icmp.o):
    _scanf.o                  ../libwrk/atari/_scanf.s(1090)
toslcmp (lcmp.o):
    lge.o                     runtime/lge.s(8)
tosmuleax (lmul.o):
    _scanf.o                  ../libwrk/atari/_scanf.s(1090)
tossuba0 (sub.o):
    _scanf.o                  ../libwrk/atari/_scanf.s(1090)
tossubeax (lsub.o):
    sleep.o                   ../libwrk/atari/sleep.s(55)
tosumuleax (lmul.o):
    sleep.o                   ../libwrk/atari/sleep.s(55)
zerobss (zerobss.o):
    crt0.o                    atari/crt0.s(15)

