Modules list:
-------------
main.o:
    CODE              Offs=000000  Size=00033A  Align=00001  Fill=0000
    RODATA            Offs=000000  Size=00005B  Align=00001  Fill=0000
    BSS               Offs=000000  Size=000150  Align=00001  Fill=0000
    DATA              Offs=000000  Size=000024  Align=00001  Fill=0000
/home/thomc/Workspace/cc65/lib/atari.lib(_sys.o):
    CODE              Offs=00033A  Size=000044  Align=00001  Fill=0000
/home/thomc/Workspace/cc65/lib/atari.lib(add.o):
    CODE              Offs=00037E  Size=00001C  Align=00001  Fill=0000
/home/thomc/Workspace/cc65/lib/atari.lib(addeqsp.o):
    CODE              Offs=00039A  Size=000011  Align=00001  Fill=0000
/home/thomc/Workspace/cc65/lib/atari.lib(addysp.o):
    CODE              Offs=0003AB  Size=00000E  Align=00001  Fill=0000
/home/thomc/Workspace/cc65/lib/atari.lib(aslax4.o):
    CODE              Offs=0003B9  Size=000011  Align=00001  Fill=0000
/home/thomc/Workspace/cc65/lib/atari.lib(callmain.o):
    CODE              Offs=0003CA  Size=000017  Align=00001  Fill=0000
    DATA              Offs=000024  Size=000004  Align=00001  Fill=0000
/home/thomc/Workspace/cc65/lib/atari.lib(condes.o):
    CODE              Offs=0003E1  Size=00000C  Align=00001  Fill=0000
    DATA              Offs=000028  Size=000025  Align=00001  Fill=0000
    ONCE              Offs=000000  Size=00000C  Align=00001  Fill=0000
/home/thomc/Workspace/cc65/lib/atari.lib(crt0.o):
    BSS               Offs=000150  Size=000005  Align=00001  Fill=0000
    STARTUP           Offs=000000  Size=000063  Align=00001  Fill=0000
/home/thomc/Workspace/cc65/lib/atari.lib(decsp1.o):
    CODE              Offs=0003ED  Size=000009  Align=00001  Fill=0000
/home/thomc/Workspace/cc65/lib/atari.lib(decsp2.o):
    CODE              Offs=0003F6  Size=00000D  Align=00001  Fill=0000
/home/thomc/Workspace/cc65/lib/atari.lib(decsp3.o):
    CODE              Offs=000403  Size=00000D  Align=00001  Fill=0000
/home/thomc/Workspace/cc65/lib/atari.lib(decsp4.o):
    CODE              Offs=000410  Size=00000D  Align=00001  Fill=0000
/home/thomc/Workspace/cc65/lib/atari.lib(decsp6.o):
    CODE              Offs=00041D  Size=00000D  Align=00001  Fill=0000
/home/thomc/Workspace/cc65/lib/atari.lib(exehdr.o):
    EXEHDR            Offs=000000  Size=000002  Align=00001  Fill=0000
    MAINHDR           Offs=000000  Size=000004  Align=00001  Fill=0000
/home/thomc/Workspace/cc65/lib/atari.lib(exetrailer.o):
    AUTOSTRT          Offs=000000  Size=000006  Align=00001  Fill=0000
/home/thomc/Workspace/cc65/lib/atari.lib(incsp1.o):
    CODE              Offs=00042A  Size=000007  Align=00001  Fill=0000
/home/thomc/Workspace/cc65/lib/atari.lib(incsp2.o):
    CODE              Offs=000431  Size=000016  Align=00001  Fill=0000
/home/thomc/Workspace/cc65/lib/atari.lib(incsp4.o):
    CODE              Offs=000447  Size=000005  Align=00001  Fill=0000
/home/thomc/Workspace/cc65/lib/atari.lib(incsp5.o):
    CODE              Offs=00044C  Size=000005  Align=00001  Fill=0000
/home/thomc/Workspace/cc65/lib/atari.lib(incsp6.o):
    CODE              Offs=000451  Size=000005  Align=00001  Fill=0000
/home/thomc/Workspace/cc65/lib/atari.lib(jmpvec.o):
    DATA              Offs=00004D  Size=000003  Align=00001  Fill=0000
/home/thomc/Workspace/cc65/lib/atari.lib(memset.o):
    CODE              Offs=000456  Size=00005D  Align=00001  Fill=0000
/home/thomc/Workspace/cc65/lib/atari.lib(mul8.o):
    CODE              Offs=0004B3  Size=00003A  Align=00001  Fill=0000
/home/thomc/Workspace/cc65/lib/atari.lib(popptr1.o):
    CODE              Offs=0004ED  Size=00000E  Align=00001  Fill=0000
/home/thomc/Workspace/cc65/lib/atari.lib(pusha.o):
    CODE              Offs=0004FB  Size=000016  Align=00001  Fill=0000
/home/thomc/Workspace/cc65/lib/atari.lib(pushax.o):
    CODE              Offs=000511  Size=00001A  Align=00001  Fill=0000
/home/thomc/Workspace/cc65/lib/atari.lib(staspidx.o):
    CODE              Offs=00052B  Size=000016  Align=00001  Fill=0000
/home/thomc/Workspace/cc65/lib/atari.lib(zerobss.o):
    CODE              Offs=000541  Size=000023  Align=00001  Fill=0000
/home/thomc/Workspace/cc65/lib/atari.lib(zeropage.o):
    ZEROPAGE          Offs=000000  Size=00001A  Align=00001  Fill=0000


Segment list:
-------------
Name                   Start     End    Size  Align
----------------------------------------------------
AUTOSTRT              000000  000005  000006  00001
EXEHDR                000000  000001  000002  00001
MAINHDR               000000  000003  000004  00001
ZEROPAGE              000082  00009B  00001A  00001
STARTUP               002000  002062  000063  00001
ONCE                  002063  00206E  00000C  00001
CODE                  00206F  0025D2  000564  00001
RODATA                0025D3  00262D  00005B  00001
DATA                  00262E  00267D  000050  00001
BSS                   00267E  0027D2  000155  00001


Exports list by name:
---------------------
__AUTOSTART__             000001 REA    __BSS_LOAD__              00267E RLA    
__BSS_RUN__               00267E RLA    __BSS_SIZE__              000155 REA    
__CONSTRUCTOR_COUNT__     000000 REA    __CONSTRUCTOR_TABLE__     00206F RLA    
__DESTRUCTOR_COUNT__      000000 REA    __DESTRUCTOR_TABLE__      00262E RLA    
__EXEHDR__                000001 REA    __LOWCODE_RUN__           002063 RLA    
__LOWCODE_SIZE__          000000 REA    __MAIN_START__            002000 RLA    
__RESERVED_MEMORY__       000000 REA    __STACKSIZE__             000800 REA    
__STARTUP__               000001 REA    __bzero                   0024C5 RLA    
__sys                     0023A9 RLA    _main                     002387 RLA    
addeqysp                  00240B RLA    addysp                    00241B RLA    
aslax4                    002428 RLA    callmain                  002439 RLA    
decsp1                    00245C RLA    decsp2                    002465 RLA    
decsp3                    002472 RLA    decsp4                    00247F RLA    
decsp6                    00248C RLA    donelib                   002450 RLA    
incsp1                    002499 RLA    incsp2                    0024A8 RLA    
incsp4                    0024B6 RLA    incsp5                    0024BB RLA    
incsp6                    0024C0 RLA    initlib                   002063 RLA    
jmpvec                    00267B RLA    popax                     0024A0 RLA    
popptr1                   00255C RLA    ptr1                      00008A RLZ    
ptr2                      00008C RLZ    ptr3                      00008E RLZ    
ptr4                      000090 RLZ    pusha                     00256E RLA    
pusha0                    002582 RLA    pushax                    002584 RLA    
sp                        000082 RLZ    sreg                      000084 RLZ    
start                     002001 RLA    staspidx                  00259A RLA    
tmp1                      000092 RLZ    tosaddax                  0023EF RLA    
tosumula0                 002522 RLA    zerobss                   0025B0 RLA    



Exports list by value:
----------------------
__CONSTRUCTOR_COUNT__     000000 REA    __DESTRUCTOR_COUNT__      000000 REA    
__LOWCODE_SIZE__          000000 REA    __RESERVED_MEMORY__       000000 REA    
__STARTUP__               000001 REA    __EXEHDR__                000001 REA    
__AUTOSTART__             000001 REA    sp                        000082 RLZ    
sreg                      000084 RLZ    ptr1                      00008A RLZ    
ptr2                      00008C RLZ    ptr3                      00008E RLZ    
ptr4                      000090 RLZ    tmp1                      000092 RLZ    
__BSS_SIZE__              000155 REA    __STACKSIZE__             000800 REA    
__MAIN_START__            002000 RLA    start                     002001 RLA    
__LOWCODE_RUN__           002063 RLA    initlib                   002063 RLA    
__CONSTRUCTOR_TABLE__     00206F RLA    _main                     002387 RLA    
__sys                     0023A9 RLA    tosaddax                  0023EF RLA    
addeqysp                  00240B RLA    addysp                    00241B RLA    
aslax4                    002428 RLA    callmain                  002439 RLA    
donelib                   002450 RLA    decsp1                    00245C RLA    
decsp2                    002465 RLA    decsp3                    002472 RLA    
decsp4                    00247F RLA    decsp6                    00248C RLA    
incsp1                    002499 RLA    popax                     0024A0 RLA    
incsp2                    0024A8 RLA    incsp4                    0024B6 RLA    
incsp5                    0024BB RLA    incsp6                    0024C0 RLA    
__bzero                   0024C5 RLA    tosumula0                 002522 RLA    
popptr1                   00255C RLA    pusha                     00256E RLA    
pusha0                    002582 RLA    pushax                    002584 RLA    
staspidx                  00259A RLA    zerobss                   0025B0 RLA    
__DESTRUCTOR_TABLE__      00262E RLA    jmpvec                    00267B RLA    
__BSS_LOAD__              00267E RLA    __BSS_RUN__               00267E RLA    



Imports list:
-------------
__AUTOSTART__ (exetrailer.o):
    [linker generated]        src/atari.cfg(6)
__BSS_LOAD__ ([linker generated]):
    exehdr.o                  atari/exehdr.s(4)
__BSS_RUN__ ([linker generated]):
    zerobss.o                 common/zerobss.s(8)
__BSS_SIZE__ ([linker generated]):
    zerobss.o                 common/zerobss.s(8)
__CONSTRUCTOR_COUNT__ ([linker generated]):
    condes.o                  runtime/condes.s(18)
__CONSTRUCTOR_TABLE__ ([linker generated]):
    condes.o                  runtime/condes.s(18)
__DESTRUCTOR_COUNT__ ([linker generated]):
    condes.o                  runtime/condes.s(19)
__DESTRUCTOR_TABLE__ ([linker generated]):
    condes.o                  runtime/condes.s(19)
__EXEHDR__ (exehdr.o):
    [linker generated]        src/atari.cfg(5)
__LOWCODE_RUN__ ([linker generated]):
    crt0.o                    atari/crt0.s(18)
__LOWCODE_SIZE__ ([linker generated]):
    crt0.o                    atari/crt0.s(18)
__MAIN_START__ ([linker generated]):
    exehdr.o                  atari/exehdr.s(4)
__RESERVED_MEMORY__ ([linker generated]):
    crt0.o                    atari/crt0.s(16)
    [linker generated]        src/atari.cfg(19)
__STACKSIZE__ ([linker generated]):
    [linker generated]        src/atari.cfg(19)
__STARTUP__ (crt0.o):
    main.o                    src/main.s(13)
__bzero (memset.o):
    main.o                    src/main.s(624)
__sys (_sys.o):
    main.o                    src/main.s(14)
_main (main.o):
    callmain.o                runtime/callmain.s(11)
addeqysp (addeqsp.o):
    main.o                    src/main.s(624)
addysp (addysp.o):
    incsp6.o                  runtime/incsp6.s(8)
    incsp5.o                  runtime/incsp5.s(8)
    incsp4.o                  runtime/incsp4.s(8)
aslax4 (aslax4.o):
    main.o                    src/main.s(624)
callmain (callmain.o):
    crt0.o                    atari/crt0.s(15)
decsp1 (decsp1.o):
    main.o                    src/main.s(624)
    main.o                    src/main.s(624)
decsp2 (decsp2.o):
    main.o                    src/main.s(624)
    main.o                    src/main.s(624)
    main.o                    src/main.s(624)
    main.o                    src/main.s(624)
    main.o                    src/main.s(624)
decsp3 (decsp3.o):
    main.o                    src/main.s(624)
decsp4 (decsp4.o):
    main.o                    src/main.s(624)
decsp6 (decsp6.o):
    main.o                    src/main.s(624)
donelib (condes.o):
    crt0.o                    atari/crt0.s(14)
incsp1 (incsp1.o):
    main.o                    src/main.s(624)
    main.o                    src/main.s(624)
    main.o                    src/main.s(624)
incsp2 (incsp2.o):
    staspidx.o                runtime/staspidx.s(8)
    popptr1.o                 runtime/popptr1.s(8)
incsp4 (incsp4.o):
    main.o                    src/main.s(624)
incsp5 (incsp5.o):
    main.o                    src/main.s(624)
incsp6 (incsp6.o):
    main.o                    src/main.s(624)
    main.o                    src/main.s(624)
initlib (condes.o):
    crt0.o                    atari/crt0.s(14)
jmpvec (jmpvec.o):
    _sys.o                    atari/../common/_sys.s(8)
popax (incsp2.o):
    memset.o                  common/memset.s(19)
popptr1 (popptr1.o):
    mul8.o                    runtime/mul8.s(9)
ptr1 (zeropage.o):
    zerobss.o                 common/zerobss.s(9)
    staspidx.o                runtime/staspidx.s(9)
    popptr1.o                 runtime/popptr1.s(9)
    mul8.o                    runtime/mul8.s(10)
    memset.o                  common/memset.s(20)
    _sys.o                    atari/../common/_sys.s(9)
    main.o                    src/main.s(11)
ptr2 (zeropage.o):
    memset.o                  common/memset.s(20)
ptr3 (zeropage.o):
    memset.o                  common/memset.s(20)
ptr4 (zeropage.o):
    mul8.o                    runtime/mul8.s(10)
pusha (pusha.o):
    main.o                    src/main.s(624)
    main.o                    src/main.s(624)
    main.o                    src/main.s(624)
pusha0 (pushax.o):
    main.o                    src/main.s(624)
pushax (pushax.o):
    callmain.o                runtime/callmain.s(11)
    main.o                    src/main.s(624)
    main.o                    src/main.s(624)
sp (zeropage.o):
    incsp2.o                  runtime/incsp2.s(8)
    addysp.o                  runtime/addysp.s(8)
    staspidx.o                runtime/staspidx.s(9)
    pushax.o                  runtime/pushax.s(8)
    pusha.o                   runtime/pusha.s(8)
    popptr1.o                 runtime/popptr1.s(9)
    memset.o                  common/memset.s(20)
    incsp1.o                  runtime/incsp1.s(8)
    decsp6.o                  runtime/decsp6.s(8)
    decsp4.o                  runtime/decsp4.s(8)
    decsp3.o                  runtime/decsp3.s(8)
    decsp2.o                  runtime/decsp2.s(8)
    decsp1.o                  runtime/decsp1.s(8)
    crt0.o                    /home/thomc/Workspace/cc65/asminc/zeropage.inc(11)
    addeqsp.o                 runtime/addeqsp.s(8)
    add.o                     runtime/add.s(12)
    main.o                    src/main.s(10)
sreg (zeropage.o):
    main.o                    src/main.s(10)
start (crt0.o):
    exetrailer.o              atari/exetrailer.s(4)
staspidx (staspidx.o):
    main.o                    src/main.s(624)
tmp1 (zeropage.o):
    staspidx.o                runtime/staspidx.s(9)
    aslax4.o                  runtime/aslax4.s(8)
    add.o                     runtime/add.s(12)
    main.o                    src/main.s(11)
tosaddax (add.o):
    main.o                    src/main.s(624)
tosumula0 (mul8.o):
    main.o                    src/main.s(624)
zerobss (zerobss.o):
    crt0.o                    atari/crt0.s(15)

