Modules list:
-------------
main.o:
    CODE              Offs=000000  Size=000383  Align=00001  Fill=0000
    RODATA            Offs=000000  Size=000070  Align=00001  Fill=0000
    BSS               Offs=000000  Size=00002A  Align=00001  Fill=0000
    DATA              Offs=000000  Size=00003C  Align=00001  Fill=0000
/home/thomc/Workspace/cc65/lib/atari.lib(add.o):
    CODE              Offs=000383  Size=00001C  Align=00001  Fill=0000
/home/thomc/Workspace/cc65/lib/atari.lib(addeqsp.o):
    CODE              Offs=00039F  Size=000011  Align=00001  Fill=0000
/home/thomc/Workspace/cc65/lib/atari.lib(addysp.o):
    CODE              Offs=0003B0  Size=00000E  Align=00001  Fill=0000
/home/thomc/Workspace/cc65/lib/atari.lib(callmain.o):
    CODE              Offs=0003BE  Size=000017  Align=00001  Fill=0000
    DATA              Offs=00003C  Size=000004  Align=00001  Fill=0000
/home/thomc/Workspace/cc65/lib/atari.lib(condes.o):
    CODE              Offs=0003D5  Size=00000C  Align=00001  Fill=0000
    DATA              Offs=000040  Size=000025  Align=00001  Fill=0000
    ONCE              Offs=000000  Size=00000C  Align=00001  Fill=0000
/home/thomc/Workspace/cc65/lib/atari.lib(crt0.o):
    BSS               Offs=00002A  Size=000005  Align=00001  Fill=0000
    STARTUP           Offs=000000  Size=000063  Align=00001  Fill=0000
/home/thomc/Workspace/cc65/lib/atari.lib(decsp1.o):
    CODE              Offs=0003E1  Size=000009  Align=00001  Fill=0000
/home/thomc/Workspace/cc65/lib/atari.lib(decsp2.o):
    CODE              Offs=0003EA  Size=00000D  Align=00001  Fill=0000
/home/thomc/Workspace/cc65/lib/atari.lib(decsp3.o):
    CODE              Offs=0003F7  Size=00000D  Align=00001  Fill=0000
/home/thomc/Workspace/cc65/lib/atari.lib(decsp4.o):
    CODE              Offs=000404  Size=00000D  Align=00001  Fill=0000
/home/thomc/Workspace/cc65/lib/atari.lib(exehdr.o):
    EXEHDR            Offs=000000  Size=000002  Align=00001  Fill=0000
    MAINHDR           Offs=000000  Size=000004  Align=00001  Fill=0000
/home/thomc/Workspace/cc65/lib/atari.lib(exetrailer.o):
    AUTOSTRT          Offs=000000  Size=000006  Align=00001  Fill=0000
/home/thomc/Workspace/cc65/lib/atari.lib(incsp1.o):
    CODE              Offs=000411  Size=000007  Align=00001  Fill=0000
/home/thomc/Workspace/cc65/lib/atari.lib(incsp2.o):
    CODE              Offs=000418  Size=000016  Align=00001  Fill=0000
/home/thomc/Workspace/cc65/lib/atari.lib(incsp4.o):
    CODE              Offs=00042E  Size=000005  Align=00001  Fill=0000
/home/thomc/Workspace/cc65/lib/atari.lib(incsp5.o):
    CODE              Offs=000433  Size=000005  Align=00001  Fill=0000
/home/thomc/Workspace/cc65/lib/atari.lib(incsp6.o):
    CODE              Offs=000438  Size=000005  Align=00001  Fill=0000
/home/thomc/Workspace/cc65/lib/atari.lib(kbhit.o):
    CODE              Offs=00043D  Size=00000B  Align=00001  Fill=0000
/home/thomc/Workspace/cc65/lib/atari.lib(memcpy.o):
    CODE              Offs=000448  Size=00003C  Align=00001  Fill=0000
/home/thomc/Workspace/cc65/lib/atari.lib(memset.o):
    CODE              Offs=000484  Size=00005D  Align=00001  Fill=0000
/home/thomc/Workspace/cc65/lib/atari.lib(mul8.o):
    CODE              Offs=0004E1  Size=00003A  Align=00001  Fill=0000
/home/thomc/Workspace/cc65/lib/atari.lib(popptr1.o):
    CODE              Offs=00051B  Size=00000E  Align=00001  Fill=0000
/home/thomc/Workspace/cc65/lib/atari.lib(pusha.o):
    CODE              Offs=000529  Size=000016  Align=00001  Fill=0000
/home/thomc/Workspace/cc65/lib/atari.lib(pushax.o):
    CODE              Offs=00053F  Size=00001A  Align=00001  Fill=0000
/home/thomc/Workspace/cc65/lib/atari.lib(return1.o):
    CODE              Offs=000559  Size=000005  Align=00001  Fill=0000
/home/thomc/Workspace/cc65/lib/atari.lib(staspidx.o):
    CODE              Offs=00055E  Size=000016  Align=00001  Fill=0000
/home/thomc/Workspace/cc65/lib/atari.lib(zerobss.o):
    CODE              Offs=000574  Size=000023  Align=00001  Fill=0000
/home/thomc/Workspace/cc65/lib/atari.lib(zeropage.o):
    ZEROPAGE          Offs=000000  Size=00001A  Align=00001  Fill=0000


Segment list:
-------------
Name                   Start     End    Size  Align
----------------------------------------------------
AUTOSTRT              000000  000005  000006  00001
EXEHDR                000000  000001  000002  00001
MAINHDR               000000  000003  000004  00001
ZEROPAGE              000082  00009B  00001A  00001
STARTUP               002000  002062  000063  00001
ONCE                  002063  00206E  00000C  00001
CODE                  00206F  002605  000597  00001
RODATA                002606  002675  000070  00001
DATA                  002676  0026DA  000065  00001
BSS                   0026DB  002709  00002F  00001


Exports list by name:
---------------------
__AUTOSTART__             000001 REA    __BSS_LOAD__              0026DB RLA    
__BSS_RUN__               0026DB RLA    __BSS_SIZE__              00002F REA    
__CONSTRUCTOR_COUNT__     000000 REA    __CONSTRUCTOR_TABLE__     00206F RLA    
__DESTRUCTOR_COUNT__      000000 REA    __DESTRUCTOR_TABLE__      002676 RLA    
__EXEHDR__                000001 REA    __LOWCODE_RUN__           002063 RLA    
__LOWCODE_SIZE__          000000 REA    __MAIN_START__            002000 RLA    
__RESERVED_MEMORY__       000000 REA    __STACKSIZE__             000800 REA    
__STARTUP__               000001 REA    __bzero                   0024F3 RLA    
_kbhit                    0024AC RLA    _main                     002393 RLA    
_memcpy                   0024B7 RLA    addeqysp                  002410 RLA    
addysp                    002420 RLA    callmain                  00242D RLA    
decsp1                    002450 RLA    decsp2                    002459 RLA    
decsp3                    002466 RLA    decsp4                    002473 RLA    
donelib                   002444 RLA    incsp1                    002480 RLA    
incsp2                    00248F RLA    incsp4                    00249D RLA    
incsp5                    0024A2 RLA    incsp6                    0024A7 RLA    
initlib                   002063 RLA    popax                     002487 RLA    
popptr1                   00258A RLA    ptr1                      00008A RLZ    
ptr2                      00008C RLZ    ptr3                      00008E RLZ    
ptr4                      000090 RLZ    pusha                     00259C RLA    
pusha0                    0025B0 RLA    pushax                    0025B2 RLA    
return1                   0025C8 RLA    sp                        000082 RLZ    
sreg                      000084 RLZ    start                     002001 RLA    
staspidx                  0025CD RLA    tmp1                      000092 RLZ    
tosaddax                  0023F4 RLA    tosumula0                 002550 RLA    
zerobss                   0025E3 RLA    


Exports list by value:
----------------------
__LOWCODE_SIZE__          000000 REA    __CONSTRUCTOR_COUNT__     000000 REA    
__RESERVED_MEMORY__       000000 REA    __DESTRUCTOR_COUNT__      000000 REA    
__EXEHDR__                000001 REA    __AUTOSTART__             000001 REA    
__STARTUP__               000001 REA    __BSS_SIZE__              00002F REA    
sp                        000082 RLZ    sreg                      000084 RLZ    
ptr1                      00008A RLZ    ptr2                      00008C RLZ    
ptr3                      00008E RLZ    ptr4                      000090 RLZ    
tmp1                      000092 RLZ    __STACKSIZE__             000800 REA    
__MAIN_START__            002000 RLA    start                     002001 RLA    
__LOWCODE_RUN__           002063 RLA    initlib                   002063 RLA    
__CONSTRUCTOR_TABLE__     00206F RLA    _main                     002393 RLA    
tosaddax                  0023F4 RLA    addeqysp                  002410 RLA    
addysp                    002420 RLA    callmain                  00242D RLA    
donelib                   002444 RLA    decsp1                    002450 RLA    
decsp2                    002459 RLA    decsp3                    002466 RLA    
decsp4                    002473 RLA    incsp1                    002480 RLA    
popax                     002487 RLA    incsp2                    00248F RLA    
incsp4                    00249D RLA    incsp5                    0024A2 RLA    
incsp6                    0024A7 RLA    _kbhit                    0024AC RLA    
_memcpy                   0024B7 RLA    __bzero                   0024F3 RLA    
tosumula0                 002550 RLA    popptr1                   00258A RLA    
pusha                     00259C RLA    pusha0                    0025B0 RLA    
pushax                    0025B2 RLA    return1                   0025C8 RLA    
staspidx                  0025CD RLA    zerobss                   0025E3 RLA    
__DESTRUCTOR_TABLE__      002676 RLA    __BSS_RUN__               0026DB RLA    
__BSS_LOAD__              0026DB RLA    


Imports list:
-------------
__AUTOSTART__ (exetrailer.o):
    [linker generated]        src/atari.cfg(6)
__BSS_LOAD__ ([linker generated]):
    exehdr.o                  atari/exehdr.s(4)
__BSS_RUN__ ([linker generated]):
    zerobss.o                 common/zerobss.s(8)
__BSS_SIZE__ ([linker generated]):
    zerobss.o                 common/zerobss.s(8)
__CONSTRUCTOR_COUNT__ ([linker generated]):
    condes.o                  runtime/condes.s(18)
__CONSTRUCTOR_TABLE__ ([linker generated]):
    condes.o                  runtime/condes.s(18)
__DESTRUCTOR_COUNT__ ([linker generated]):
    condes.o                  runtime/condes.s(19)
__DESTRUCTOR_TABLE__ ([linker generated]):
    condes.o                  runtime/condes.s(19)
__EXEHDR__ (exehdr.o):
    [linker generated]        src/atari.cfg(5)
__LOWCODE_RUN__ ([linker generated]):
    crt0.o                    atari/crt0.s(18)
__LOWCODE_SIZE__ ([linker generated]):
    crt0.o                    atari/crt0.s(18)
__MAIN_START__ ([linker generated]):
    exehdr.o                  atari/exehdr.s(4)
__RESERVED_MEMORY__ ([linker generated]):
    crt0.o                    atari/crt0.s(16)
    [linker generated]        src/atari.cfg(19)
__STACKSIZE__ ([linker generated]):
    [linker generated]        src/atari.cfg(19)
__STARTUP__ (crt0.o):
    main.o                    src/main.s(13)
__bzero (memset.o):
    main.o                    src/main.s(688)
_kbhit (kbhit.o):
    main.o                    src/main.s(16)
_main (main.o):
    callmain.o                runtime/callmain.s(11)
_memcpy (memcpy.o):
    main.o                    src/main.s(14)
addeqysp (addeqsp.o):
    main.o                    src/main.s(688)
addysp (addysp.o):
    incsp6.o                  runtime/incsp6.s(8)
    incsp5.o                  runtime/incsp5.s(8)
    incsp4.o                  runtime/incsp4.s(8)
callmain (callmain.o):
    crt0.o                    atari/crt0.s(15)
decsp1 (decsp1.o):
    main.o                    src/main.s(688)
    main.o                    src/main.s(688)
decsp2 (decsp2.o):
    main.o                    src/main.s(688)
    main.o                    src/main.s(688)
    main.o                    src/main.s(688)
    main.o                    src/main.s(688)
    main.o                    src/main.s(688)
    main.o                    src/main.s(688)
decsp3 (decsp3.o):
    main.o                    src/main.s(688)
decsp4 (decsp4.o):
    main.o                    src/main.s(688)
donelib (condes.o):
    crt0.o                    atari/crt0.s(14)
incsp1 (incsp1.o):
    main.o                    src/main.s(688)
    main.o                    src/main.s(688)
incsp2 (incsp2.o):
    staspidx.o                runtime/staspidx.s(8)
    popptr1.o                 runtime/popptr1.s(8)
    main.o                    src/main.s(688)
incsp4 (incsp4.o):
    main.o                    src/main.s(688)
incsp5 (incsp5.o):
    main.o                    src/main.s(688)
incsp6 (incsp6.o):
    main.o                    src/main.s(688)
initlib (condes.o):
    crt0.o                    atari/crt0.s(14)
popax (incsp2.o):
    memset.o                  common/memset.s(19)
    memcpy.o                  common/memcpy.s(14)
popptr1 (popptr1.o):
    mul8.o                    runtime/mul8.s(9)
    memcpy.o                  common/memcpy.s(14)
ptr1 (zeropage.o):
    zerobss.o                 common/zerobss.s(9)
    staspidx.o                runtime/staspidx.s(9)
    popptr1.o                 runtime/popptr1.s(9)
    mul8.o                    runtime/mul8.s(10)
    memset.o                  common/memset.s(20)
    memcpy.o                  common/memcpy.s(15)
    main.o                    src/main.s(11)
ptr2 (zeropage.o):
    memset.o                  common/memset.s(20)
    memcpy.o                  common/memcpy.s(15)
ptr3 (zeropage.o):
    memset.o                  common/memset.s(20)
    memcpy.o                  common/memcpy.s(15)
ptr4 (zeropage.o):
    mul8.o                    runtime/mul8.s(10)
pusha (pusha.o):
    main.o                    src/main.s(688)
    main.o                    src/main.s(688)
    main.o                    src/main.s(688)
    main.o                    src/main.s(688)
    main.o                    src/main.s(688)
pusha0 (pushax.o):
    main.o                    src/main.s(688)
pushax (pushax.o):
    callmain.o                runtime/callmain.s(11)
    main.o                    src/main.s(688)
    main.o                    src/main.s(688)
    main.o                    src/main.s(688)
return1 (return1.o):
    kbhit.o                   atari/kbhit.s(8)
sp (zeropage.o):
    addysp.o                  runtime/addysp.s(8)
    staspidx.o                runtime/staspidx.s(9)
    pushax.o                  runtime/pushax.s(8)
    pusha.o                   runtime/pusha.s(8)
    popptr1.o                 runtime/popptr1.s(9)
    memset.o                  common/memset.s(20)
    memcpy.o                  common/memcpy.s(15)
    incsp2.o                  runtime/incsp2.s(8)
    incsp1.o                  runtime/incsp1.s(8)
    decsp4.o                  runtime/decsp4.s(8)
    decsp3.o                  runtime/decsp3.s(8)
    decsp2.o                  runtime/decsp2.s(8)
    decsp1.o                  runtime/decsp1.s(8)
    crt0.o                    /home/thomc/Workspace/cc65/asminc/zeropage.inc(11)
    addeqsp.o                 runtime/addeqsp.s(8)
    add.o                     runtime/add.s(12)
    main.o                    src/main.s(10)
sreg (zeropage.o):
    main.o                    src/main.s(10)
start (crt0.o):
    exetrailer.o              atari/exetrailer.s(4)
staspidx (staspidx.o):
    main.o                    src/main.s(688)
tmp1 (zeropage.o):
    staspidx.o                runtime/staspidx.s(9)
    add.o                     runtime/add.s(12)
tosaddax (add.o):
    main.o                    src/main.s(688)
tosumula0 (mul8.o):
    main.o                    src/main.s(688)
zerobss (zerobss.o):
    crt0.o                    atari/crt0.s(15)

